ERROR: 2020/02/23 13:12:16 workcli.go:396: Reply Message Invalid!
ERROR: 2020/02/23 13:12:16 workcli.go:396: Reply Message Invalid!
ERROR: 2020/02/23 13:12:16 workcli.go:396: Reply Message Invalid!
ERROR: 2020/02/23 13:12:16 workcli.go:396: Reply Message Invalid!
ERROR: 2020/02/23 13:12:16 workcli.go:396: Reply Message Invalid!
ERROR: 2020/02/23 13:12:16 workcli.go:396: Reply Message Invalid!
ERROR: 2020/02/23 13:12:16 workcli.go:396: Reply Message Invalid!
ERROR: 2020/02/23 13:12:16 workcli.go:396: Reply Message Invalid!
ERROR: 2020/02/23 13:12:16 workcli.go:396: Reply Message Invalid!
ERROR: 2020/02/23 13:12:16 workcli.go:396: Reply Message Invalid!
ERROR: 2020/02/23 13:12:16 workcli.go:396: Reply Message Invalid!
ERROR: 2020/02/23 13:12:16 workcli.go:396: Reply Message Invalid!
ERROR: 2020/02/23 13:12:16 workcli.go:396: Reply Message Invalid!
ERROR: 2020/02/23 13:12:16 workcli.go:396: Reply Message Invalid!
ERROR: 2020/02/23 13:12:16 workcli.go:396: Reply Message Invalid!
ERROR: 2020/02/23 13:12:16 workcli.go:396: Reply Message Invalid!
ERROR: 2020/02/23 13:12:16 workcli.go:396: Reply Message Invalid!
ERROR: 2020/02/23 13:12:16 workcli.go:396: Reply Message Invalid!
ERROR: 2020/02/23 13:12:16 workcli.go:396: Reply Message Invalid!
ERROR: 2020/02/23 13:12:16 workcli.go:396: Reply Message Invalid!
ERROR: 2020/02/23 13:12:16 workcli.go:396: Reply Message Invalid!
ERROR: 2020/02/23 13:12:16 workcli.go:396: Reply Message Invalid!
ERROR: 2020/02/23 13:12:16 workcli.go:396: Reply Message Invalid!
ERROR: 2020/02/23 13:12:16 workcli.go:396: Reply Message Invalid!
ERROR: 2020/02/23 13:12:16 workcli.go:396: Reply Message Invalid!
ERROR: 2020/02/23 13:12:16 workcli.go:396: Reply Message Invalid!
ERROR: 2020/02/23 13:12:16 workcli.go:396: Reply Message Invalid!
ERROR: 2020/02/23 13:12:16 workcli.go:396: Reply Message Invalid!
ERROR: 2020/02/23 13:12:16 workcli.go:396: Reply Message Invalid!
ERROR: 2020/02/23 13:12:16 workcli.go:396: Reply Message Invalid!
ERROR: 2020/02/23 13:12:16 workcli.go:396: Reply Message Invalid!
ERROR: 2020/02/23 13:12:16 workcli.go:396: Reply Message Invalid!
ERROR: 2020/02/23 13:12:16 workcli.go:396: Reply Message Invalid!
ERROR: 2020/02/23 13:12:16 workcli.go:396: Reply Message Invalid!
ERROR: 2020/02/23 13:12:16 workcli.go:396: Reply Message Invalid!
ERROR: 2020/02/23 13:12:16 workcli.go:396: Reply Message Invalid!
ERROR: 2020/02/23 13:12:16 workcli.go:396: Reply Message Invalid!
ERROR: 2020/02/23 13:12:16 workcli.go:396: Reply Message Invalid!
ERROR: 2020/02/23 13:12:16 workcli.go:396: Reply Message Invalid!
ERROR: 2020/02/23 13:12:16 workcli.go:396: Reply Message Invalid!
ERROR: 2020/02/23 13:12:16 workcli.go:396: Reply Message Invalid!
ERROR: 2020/02/23 13:12:16 workcli.go:396: Reply Message Invalid!
ERROR: 2020/02/23 13:12:16 workcli.go:396: Reply Message Invalid!
ERROR: 2020/02/23 13:12:16 workcli.go:396: Reply Message Invalid!
ERROR: 2020/02/23 13:12:16 workcli.go:396: Reply Message Invalid!
ERROR: 2020/02/23 13:12:16 workcli.go:396: Reply Message Invalid!
ERROR: 2020/02/23 13:12:16 workcli.go:396: Reply Message Invalid!
ERROR: 2020/02/23 13:12:16 workcli.go:396: Reply Message Invalid!
ERROR: 2020/02/23 13:12:16 workcli.go:396: Reply Message Invalid!
ERROR: 2020/02/23 13:12:16 workcli.go:396: Reply Message Invalid!
ERROR: 2020/02/23 13:12:16 workcli.go:396: Reply Message Invalid!
ERROR: 2020/02/23 13:12:16 workcli.go:396: Reply Message Invalid!
ERROR: 2020/02/23 13:12:16 workcli.go:396: Reply Message Invalid!
ERROR: 2020/02/23 13:12:16 workcli.go:396: Reply Message Invalid!
ERROR: 2020/02/23 13:12:16 workcli.go:396: Reply Message Invalid!
ERROR: 2020/02/23 13:12:16 workcli.go:396: Reply Message Invalid!
ERROR: 2020/02/23 13:12:16 workcli.go:396: Reply Message Invalid!
ERROR: 2020/02/23 13:12:16 workcli.go:396: Reply Message Invalid!
ERROR: 2020/02/23 13:12:16 workcli.go:396: Reply Message Invalid!
ERROR: 2020/02/23 13:12:16 workcli.go:396: Reply Message Invalid!
ERROR: 2020/02/23 13:12:16 workcli.go:396: Reply Message Invalid!
ERROR: 2020/02/23 13:12:16 workcli.go:396: Reply Message Invalid!
ERROR: 2020/02/23 13:12:16 workcli.go:396: Reply Message Invalid!
ERROR: 2020/02/23 13:12:16 workcli.go:396: Reply Message Invalid!
ERROR: 2020/02/23 13:12:16 workcli.go:396: Reply Message Invalid!
ERROR: 2020/02/23 13:12:16 workcli.go:396: Reply Message Invalid!
ERROR: 2020/02/23 13:12:16 workcli.go:396: Reply Message Invalid!
ERROR: 2020/02/23 13:12:16 workcli.go:396: Reply Message Invalid!
ERROR: 2020/02/23 13:12:16 workcli.go:396: Reply Message Invalid!
ERROR: 2020/02/23 13:12:16 workcli.go:396: Reply Message Invalid!
ERROR: 2020/02/23 13:12:16 workcli.go:396: Reply Message Invalid!
ERROR: 2020/02/23 13:12:16 workcli.go:396: Reply Message Invalid!
ERROR: 2020/02/23 13:12:16 workcli.go:396: Reply Message Invalid!
ERROR: 2020/02/23 13:12:16 workcli.go:396: Reply Message Invalid!
ERROR: 2020/02/23 13:12:16 workcli.go:396: Reply Message Invalid!
ERROR: 2020/02/23 13:12:16 workcli.go:396: Reply Message Invalid!
ERROR: 2020/02/23 13:12:16 workcli.go:396: Reply Message Invalid!
ERROR: 2020/02/23 13:12:16 workcli.go:396: Reply Message Invalid!
ERROR: 2020/02/23 13:12:16 workcli.go:396: Reply Message Invalid!
ERROR: 2020/02/23 13:12:16 workcli.go:396: Reply Message Invalid!
ERROR: 2020/02/23 13:12:16 workcli.go:396: Reply Message Invalid!
ERROR: 2020/02/23 13:12:16 workcli.go:396: Reply Message Invalid!
ERROR: 2020/02/23 13:12:16 workcli.go:396: Reply Message Invalid!
ERROR: 2020/02/23 13:12:16 workcli.go:396: Reply Message Invalid!
ERROR: 2020/02/23 13:12:16 workcli.go:396: Reply Message Invalid!
ERROR: 2020/02/23 13:12:16 workcli.go:396: Reply Message Invalid!
ERROR: 2020/02/23 13:12:16 workcli.go:396: Reply Message Invalid!
ERROR: 2020/02/23 13:12:16 workcli.go:396: Reply Message Invalid!
ERROR: 2020/02/23 13:12:16 workcli.go:396: Reply Message Invalid!
ERROR: 2020/02/23 13:12:16 workcli.go:396: Reply Message Invalid!
ERROR: 2020/02/23 13:12:16 workcli.go:396: Reply Message Invalid!
ERROR: 2020/02/23 13:12:16 workcli.go:396: Reply Message Invalid!
ERROR: 2020/02/23 13:12:16 workcli.go:396: Reply Message Invalid!
ERROR: 2020/02/23 13:12:16 workcli.go:396: Reply Message Invalid!
ERROR: 2020/02/23 13:12:16 workcli.go:396: Reply Message Invalid!
ERROR: 2020/02/23 13:12:16 workcli.go:396: Reply Message Invalid!
ERROR: 2020/02/23 13:12:16 workcli.go:396: Reply Message Invalid!
ERROR: 2020/02/23 13:12:16 workcli.go:396: Reply Message Invalid!
ERROR: 2020/02/23 13:12:16 workcli.go:396: Reply Message Invalid!
ERROR: 2020/02/23 13:12:16 workcli.go:396: Reply Message Invalid!
ERROR: 2020/02/23 13:12:16 workcli.go:396: Reply Message Invalid!
ERROR: 2020/02/23 13:12:16 workcli.go:396: Reply Message Invalid!
ERROR: 2020/02/23 13:12:16 workcli.go:396: Reply Message Invalid!
ERROR: 2020/02/23 13:12:16 workcli.go:396: Reply Message Invalid!
ERROR: 2020/02/23 13:12:16 workcli.go:396: Reply Message Invalid!
ERROR: 2020/02/23 13:12:16 workcli.go:396: Reply Message Invalid!
ERROR: 2020/02/23 13:12:16 workcli.go:396: Reply Message Invalid!
ERROR: 2020/02/23 13:12:16 workcli.go:396: Reply Message Invalid!
ERROR: 2020/02/23 13:12:16 workcli.go:396: Reply Message Invalid!
ERROR: 2020/02/23 13:12:16 workcli.go:396: Reply Message Invalid!
ERROR: 2020/02/23 13:12:16 workcli.go:396: Reply Message Invalid!
ERROR: 2020/02/23 13:12:16 workcli.go:396: Reply Message Invalid!
ERROR: 2020/02/23 13:12:16 workcli.go:396: Reply Message Invalid!
ERROR: 2020/02/23 13:12:16 workcli.go:396: Reply Message Invalid!
ERROR: 2020/02/23 13:12:16 workcli.go:396: Reply Message Invalid!
ERROR: 2020/02/23 13:12:16 workcli.go:396: Reply Message Invalid!
ERROR: 2020/02/23 13:12:16 workcli.go:396: Reply Message Invalid!
ERROR: 2020/02/23 13:12:16 workcli.go:396: Reply Message Invalid!
ERROR: 2020/02/23 13:12:16 workcli.go:396: Reply Message Invalid!
ERROR: 2020/02/23 13:12:16 workcli.go:396: Reply Message Invalid!
ERROR: 2020/02/23 13:12:16 workcli.go:396: Reply Message Invalid!
ERROR: 2020/02/23 13:12:16 workcli.go:396: Reply Message Invalid!
ERROR: 2020/02/23 13:12:17 workcli.go:396: Reply Message Invalid!
ERROR: 2020/02/23 13:12:17 workcli.go:396: Reply Message Invalid!
ERROR: 2020/02/23 13:12:17 workcli.go:396: Reply Message Invalid!
ERROR: 2020/02/23 13:12:17 workcli.go:396: Reply Message Invalid!
ERROR: 2020/02/23 13:12:17 workcli.go:396: Reply Message Invalid!
ERROR: 2020/02/23 13:12:17 workcli.go:396: Reply Message Invalid!
ERROR: 2020/02/23 13:12:17 workcli.go:396: Reply Message Invalid!
ERROR: 2020/02/23 13:12:17 workcli.go:396: Reply Message Invalid!
ERROR: 2020/02/23 13:12:17 workcli.go:396: Reply Message Invalid!
ERROR: 2020/02/23 13:12:17 workcli.go:396: Reply Message Invalid!
ERROR: 2020/02/23 13:12:17 workcli.go:396: Reply Message Invalid!
ERROR: 2020/02/23 13:12:17 workcli.go:396: Reply Message Invalid!
ERROR: 2020/02/23 13:12:17 workcli.go:396: Reply Message Invalid!
ERROR: 2020/02/23 13:12:17 workcli.go:396: Reply Message Invalid!
ERROR: 2020/02/23 13:12:17 workcli.go:396: Reply Message Invalid!
ERROR: 2020/02/23 13:12:17 workcli.go:396: Reply Message Invalid!
ERROR: 2020/02/23 13:12:17 workcli.go:396: Reply Message Invalid!
ERROR: 2020/02/23 13:12:17 workcli.go:396: Reply Message Invalid!
ERROR: 2020/02/23 13:12:17 workcli.go:396: Reply Message Invalid!
ERROR: 2020/02/23 13:12:17 workcli.go:396: Reply Message Invalid!
ERROR: 2020/02/23 13:12:17 workcli.go:396: Reply Message Invalid!
ERROR: 2020/02/23 13:12:17 workcli.go:396: Reply Message Invalid!
ERROR: 2020/02/23 13:12:17 workcli.go:396: Reply Message Invalid!
ERROR: 2020/02/23 13:12:17 workcli.go:396: Reply Message Invalid!
ERROR: 2020/02/23 13:12:17 workcli.go:396: Reply Message Invalid!
ERROR: 2020/02/23 13:12:17 workcli.go:396: Reply Message Invalid!
ERROR: 2020/02/23 13:12:17 workcli.go:396: Reply Message Invalid!
ERROR: 2020/02/23 13:12:17 workcli.go:396: Reply Message Invalid!
ERROR: 2020/02/23 13:12:17 workcli.go:396: Reply Message Invalid!
ERROR: 2020/02/23 13:12:17 workcli.go:396: Reply Message Invalid!
ERROR: 2020/02/23 13:12:17 workcli.go:396: Reply Message Invalid!
ERROR: 2020/02/23 13:12:17 workcli.go:396: Reply Message Invalid!
ERROR: 2020/02/23 13:12:17 workcli.go:396: Reply Message Invalid!
ERROR: 2020/02/23 13:12:17 workcli.go:396: Reply Message Invalid!
ERROR: 2020/02/23 13:12:17 workcli.go:396: Reply Message Invalid!
ERROR: 2020/02/23 13:12:17 workcli.go:396: Reply Message Invalid!
ERROR: 2020/02/23 13:12:17 workcli.go:396: Reply Message Invalid!
ERROR: 2020/02/23 13:12:17 workcli.go:396: Reply Message Invalid!
ERROR: 2020/02/23 13:12:17 workcli.go:396: Reply Message Invalid!
ERROR: 2020/02/23 13:12:17 workcli.go:396: Reply Message Invalid!
ERROR: 2020/02/23 13:12:17 workcli.go:396: Reply Message Invalid!
ERROR: 2020/02/23 13:12:17 workcli.go:396: Reply Message Invalid!
ERROR: 2020/02/23 13:12:17 workcli.go:396: Reply Message Invalid!
ERROR: 2020/02/23 13:12:17 workcli.go:396: Reply Message Invalid!
ERROR: 2020/02/23 13:12:17 workcli.go:396: Reply Message Invalid!
ERROR: 2020/02/23 13:12:17 workcli.go:396: Reply Message Invalid!
ERROR: 2020/02/23 13:12:17 workcli.go:396: Reply Message Invalid!
ERROR: 2020/02/23 13:12:17 workcli.go:396: Reply Message Invalid!
ERROR: 2020/02/23 13:12:17 workcli.go:396: Reply Message Invalid!
ERROR: 2020/02/23 13:12:17 workcli.go:396: Reply Message Invalid!
ERROR: 2020/02/23 13:12:17 workcli.go:396: Reply Message Invalid!
ERROR: 2020/02/23 13:12:17 workcli.go:396: Reply Message Invalid!
ERROR: 2020/02/23 13:12:17 workcli.go:396: Reply Message Invalid!
ERROR: 2020/02/23 13:12:17 workcli.go:396: Reply Message Invalid!
ERROR: 2020/02/23 13:12:17 workcli.go:396: Reply Message Invalid!
ERROR: 2020/02/23 13:12:17 workcli.go:396: Reply Message Invalid!
ERROR: 2020/02/23 13:12:17 workcli.go:396: Reply Message Invalid!
ERROR: 2020/02/23 13:12:17 workcli.go:396: Reply Message Invalid!
ERROR: 2020/02/23 13:12:17 workcli.go:396: Reply Message Invalid!
ERROR: 2020/02/23 13:12:17 workcli.go:396: Reply Message Invalid!
ERROR: 2020/02/23 13:12:17 workcli.go:396: Reply Message Invalid!
ERROR: 2020/02/23 13:12:17 workcli.go:396: Reply Message Invalid!
ERROR: 2020/02/23 13:12:17 workcli.go:396: Reply Message Invalid!
ERROR: 2020/02/23 13:12:17 workcli.go:396: Reply Message Invalid!
ERROR: 2020/02/23 13:12:17 workcli.go:396: Reply Message Invalid!
ERROR: 2020/02/23 13:12:17 workcli.go:396: Reply Message Invalid!
ERROR: 2020/02/23 13:12:17 workcli.go:396: Reply Message Invalid!
ERROR: 2020/02/23 13:12:17 workcli.go:396: Reply Message Invalid!
ERROR: 2020/02/23 13:12:17 workcli.go:396: Reply Message Invalid!
ERROR: 2020/02/23 13:12:17 workcli.go:396: Reply Message Invalid!
ERROR: 2020/02/23 13:12:17 workcli.go:396: Reply Message Invalid!
ERROR: 2020/02/23 13:12:17 workcli.go:396: Reply Message Invalid!
ERROR: 2020/02/23 13:12:17 workcli.go:396: Reply Message Invalid!
ERROR: 2020/02/23 13:12:17 workcli.go:396: Reply Message Invalid!
ERROR: 2020/02/23 13:12:17 workcli.go:396: Reply Message Invalid!
ERROR: 2020/02/23 13:12:17 workcli.go:396: Reply Message Invalid!
ERROR: 2020/02/23 13:12:17 workcli.go:396: Reply Message Invalid!
ERROR: 2020/02/23 13:12:17 workcli.go:396: Reply Message Invalid!
ERROR: 2020/02/23 13:12:17 workcli.go:396: Reply Message Invalid!
ERROR: 2020/02/23 13:12:17 workcli.go:396: Reply Message Invalid!
ERROR: 2020/02/23 13:12:17 workcli.go:396: Reply Message Invalid!
ERROR: 2020/02/23 13:12:17 workcli.go:396: Reply Message Invalid!
ERROR: 2020/02/23 13:12:17 workcli.go:396: Reply Message Invalid!
ERROR: 2020/02/23 13:12:17 workcli.go:396: Reply Message Invalid!
ERROR: 2020/02/23 13:12:17 workcli.go:396: Reply Message Invalid!
ERROR: 2020/02/23 13:12:17 workcli.go:396: Reply Message Invalid!
ERROR: 2020/02/23 13:12:17 workcli.go:396: Reply Message Invalid!
ERROR: 2020/02/23 13:12:17 workcli.go:396: Reply Message Invalid!
ERROR: 2020/02/23 13:12:17 workcli.go:396: Reply Message Invalid!
ERROR: 2020/02/23 13:12:17 workcli.go:396: Reply Message Invalid!
ERROR: 2020/02/23 13:12:17 workcli.go:396: Reply Message Invalid!
ERROR: 2020/02/23 13:12:17 workcli.go:396: Reply Message Invalid!
ERROR: 2020/02/23 13:12:17 workcli.go:396: Reply Message Invalid!
ERROR: 2020/02/23 13:12:17 workcli.go:396: Reply Message Invalid!
ERROR: 2020/02/23 13:12:17 workcli.go:396: Reply Message Invalid!
ERROR: 2020/02/23 13:12:17 workcli.go:396: Reply Message Invalid!
ERROR: 2020/02/23 13:12:17 workcli.go:396: Reply Message Invalid!
ERROR: 2020/02/23 13:12:17 workcli.go:396: Reply Message Invalid!
ERROR: 2020/02/23 13:12:17 workcli.go:396: Reply Message Invalid!
ERROR: 2020/02/23 13:12:17 workcli.go:396: Reply Message Invalid!
ERROR: 2020/02/23 13:12:17 workcli.go:396: Reply Message Invalid!
ERROR: 2020/02/23 13:12:17 workcli.go:396: Reply Message Invalid!
ERROR: 2020/02/23 13:12:17 workcli.go:396: Reply Message Invalid!
ERROR: 2020/02/23 13:12:17 workcli.go:396: Reply Message Invalid!
ERROR: 2020/02/23 13:12:17 workcli.go:396: Reply Message Invalid!
ERROR: 2020/02/23 13:12:17 workcli.go:396: Reply Message Invalid!
ERROR: 2020/02/23 13:12:17 workcli.go:396: Reply Message Invalid!
ERROR: 2020/02/23 13:12:17 workcli.go:396: Reply Message Invalid!
ERROR: 2020/02/23 13:12:17 workcli.go:396: Reply Message Invalid!
ERROR: 2020/02/23 13:12:17 workcli.go:396: Reply Message Invalid!
ERROR: 2020/02/23 13:12:17 workcli.go:396: Reply Message Invalid!
ERROR: 2020/02/23 13:12:17 workcli.go:396: Reply Message Invalid!
ERROR: 2020/02/23 13:12:17 workcli.go:396: Reply Message Invalid!
ERROR: 2020/02/23 13:12:17 workcli.go:396: Reply Message Invalid!
ERROR: 2020/02/23 13:12:17 workcli.go:396: Reply Message Invalid!
ERROR: 2020/02/23 13:12:17 workcli.go:396: Reply Message Invalid!
ERROR: 2020/02/23 13:12:17 workcli.go:396: Reply Message Invalid!
ERROR: 2020/02/23 13:12:17 workcli.go:396: Reply Message Invalid!
ERROR: 2020/02/23 13:12:17 workcli.go:396: Reply Message Invalid!
ERROR: 2020/02/23 13:12:17 workcli.go:396: Reply Message Invalid!
ERROR: 2020/02/23 13:12:17 workcli.go:396: Reply Message Invalid!
ERROR: 2020/02/23 13:12:17 workcli.go:396: Reply Message Invalid!
ERROR: 2020/02/23 13:12:17 workcli.go:396: Reply Message Invalid!
ERROR: 2020/02/23 13:12:17 workcli.go:396: Reply Message Invalid!
ERROR: 2020/02/23 13:12:17 workcli.go:396: Reply Message Invalid!
ERROR: 2020/02/23 13:12:17 workcli.go:396: Reply Message Invalid!
ERROR: 2020/02/23 13:12:17 workcli.go:396: Reply Message Invalid!
ERROR: 2020/02/23 13:12:17 workcli.go:396: Reply Message Invalid!
ERROR: 2020/02/23 13:12:17 workcli.go:396: Reply Message Invalid!
ERROR: 2020/02/23 13:12:17 workcli.go:396: Reply Message Invalid!
ERROR: 2020/02/23 13:12:17 workcli.go:396: Reply Message Invalid!
ERROR: 2020/02/23 13:12:17 workcli.go:396: Reply Message Invalid!
ERROR: 2020/02/23 13:12:17 workcli.go:396: Reply Message Invalid!
ERROR: 2020/02/23 13:12:17 workcli.go:396: Reply Message Invalid!
ERROR: 2020/02/23 13:12:17 workcli.go:396: Reply Message Invalid!
ERROR: 2020/02/23 13:12:17 workcli.go:396: Reply Message Invalid!
ERROR: 2020/02/23 13:12:17 workcli.go:396: Reply Message Invalid!
ERROR: 2020/02/23 13:12:17 workcli.go:396: Reply Message Invalid!
ERROR: 2020/02/23 13:12:17 workcli.go:396: Reply Message Invalid!
ERROR: 2020/02/23 13:12:17 workcli.go:396: Reply Message Invalid!
ERROR: 2020/02/23 13:12:17 workcli.go:396: Reply Message Invalid!
ERROR: 2020/02/23 13:12:17 workcli.go:396: Reply Message Invalid!
ERROR: 2020/02/23 13:12:17 workcli.go:396: Reply Message Invalid!
ERROR: 2020/02/23 13:12:17 workcli.go:396: Reply Message Invalid!
ERROR: 2020/02/23 13:12:17 workcli.go:396: Reply Message Invalid!
ERROR: 2020/02/23 13:12:17 workcli.go:396: Reply Message Invalid!
ERROR: 2020/02/23 13:12:17 workcli.go:396: Reply Message Invalid!
ERROR: 2020/02/23 13:12:17 workcli.go:396: Reply Message Invalid!
ERROR: 2020/02/23 13:12:17 workcli.go:396: Reply Message Invalid!
ERROR: 2020/02/23 13:12:17 workcli.go:396: Reply Message Invalid!
ERROR: 2020/02/23 13:12:17 workcli.go:396: Reply Message Invalid!
ERROR: 2020/02/23 13:12:17 workcli.go:396: Reply Message Invalid!
ERROR: 2020/02/23 13:12:17 workcli.go:396: Reply Message Invalid!
ERROR: 2020/02/23 13:12:17 workcli.go:396: Reply Message Invalid!
ERROR: 2020/02/23 13:12:17 workcli.go:396: Reply Message Invalid!
ERROR: 2020/02/23 13:12:17 workcli.go:396: Reply Message Invalid!
ERROR: 2020/02/23 13:12:17 workcli.go:396: Reply Message Invalid!
ERROR: 2020/02/23 13:12:17 workcli.go:396: Reply Message Invalid!
ERROR: 2020/02/23 13:12:17 workcli.go:396: Reply Message Invalid!
ERROR: 2020/02/23 13:12:17 workcli.go:396: Reply Message Invalid!
ERROR: 2020/02/23 13:12:17 workcli.go:396: Reply Message Invalid!
ERROR: 2020/02/23 13:12:17 workcli.go:396: Reply Message Invalid!
ERROR: 2020/02/23 13:12:17 workcli.go:396: Reply Message Invalid!
ERROR: 2020/02/23 13:12:17 workcli.go:396: Reply Message Invalid!
ERROR: 2020/02/23 13:12:17 workcli.go:396: Reply Message Invalid!
ERROR: 2020/02/23 13:12:17 workcli.go:396: Reply Message Invalid!
ERROR: 2020/02/23 13:12:17 workcli.go:396: Reply Message Invalid!
ERROR: 2020/02/23 13:12:17 workcli.go:396: Reply Message Invalid!
ERROR: 2020/02/23 13:12:17 workcli.go:396: Reply Message Invalid!
ERROR: 2020/02/23 13:12:17 workcli.go:396: Reply Message Invalid!
ERROR: 2020/02/23 13:12:17 workcli.go:396: Reply Message Invalid!
ERROR: 2020/02/23 13:12:17 workcli.go:396: Reply Message Invalid!
ERROR: 2020/02/23 13:12:17 workcli.go:396: Reply Message Invalid!
ERROR: 2020/02/23 13:12:17 workcli.go:396: Reply Message Invalid!
ERROR: 2020/02/23 13:12:17 workcli.go:396: Reply Message Invalid!
ERROR: 2020/02/23 13:12:17 workcli.go:396: Reply Message Invalid!
ERROR: 2020/02/23 13:12:17 workcli.go:396: Reply Message Invalid!
ERROR: 2020/02/23 13:12:17 workcli.go:396: Reply Message Invalid!
ERROR: 2020/02/23 13:12:17 workcli.go:396: Reply Message Invalid!
ERROR: 2020/02/23 13:12:17 workcli.go:396: Reply Message Invalid!
ERROR: 2020/02/23 13:12:17 workcli.go:396: Reply Message Invalid!
ERROR: 2020/02/23 13:12:17 workcli.go:396: Reply Message Invalid!
ERROR: 2020/02/23 13:12:17 workcli.go:396: Reply Message Invalid!
ERROR: 2020/02/23 13:12:17 workcli.go:396: Reply Message Invalid!
ERROR: 2020/02/23 13:12:17 workcli.go:396: Reply Message Invalid!
ERROR: 2020/02/23 13:12:17 workcli.go:396: Reply Message Invalid!
ERROR: 2020/02/23 13:12:17 workcli.go:396: Reply Message Invalid!
ERROR: 2020/02/23 13:12:17 workcli.go:396: Reply Message Invalid!
ERROR: 2020/02/23 13:12:17 workcli.go:396: Reply Message Invalid!
ERROR: 2020/02/23 13:12:17 workcli.go:396: Reply Message Invalid!
ERROR: 2020/02/23 13:12:17 workcli.go:396: Reply Message Invalid!
ERROR: 2020/02/23 13:12:17 workcli.go:396: Reply Message Invalid!
ERROR: 2020/02/23 13:12:17 workcli.go:396: Reply Message Invalid!
ERROR: 2020/02/23 13:12:17 workcli.go:396: Reply Message Invalid!
ERROR: 2020/02/23 13:12:17 workcli.go:396: Reply Message Invalid!
ERROR: 2020/02/23 13:12:17 workcli.go:396: Reply Message Invalid!
ERROR: 2020/02/23 13:12:17 workcli.go:396: Reply Message Invalid!
ERROR: 2020/02/23 13:12:17 workcli.go:396: Reply Message Invalid!
ERROR: 2020/02/23 13:12:17 workcli.go:396: Reply Message Invalid!
ERROR: 2020/02/23 13:12:17 workcli.go:396: Reply Message Invalid!
ERROR: 2020/02/23 13:12:17 workcli.go:396: Reply Message Invalid!
ERROR: 2020/02/23 13:12:17 workcli.go:396: Reply Message Invalid!
ERROR: 2020/02/23 13:12:17 workcli.go:396: Reply Message Invalid!
ERROR: 2020/02/23 13:12:17 workcli.go:396: Reply Message Invalid!
ERROR: 2020/02/23 13:12:17 workcli.go:396: Reply Message Invalid!
ERROR: 2020/02/23 13:12:17 workcli.go:396: Reply Message Invalid!
ERROR: 2020/02/23 13:12:17 workcli.go:396: Reply Message Invalid!
ERROR: 2020/02/23 13:12:17 workcli.go:396: Reply Message Invalid!
ERROR: 2020/02/23 13:12:17 workcli.go:396: Reply Message Invalid!
ERROR: 2020/02/23 13:12:17 workcli.go:396: Reply Message Invalid!
ERROR: 2020/02/23 13:12:17 workcli.go:396: Reply Message Invalid!
ERROR: 2020/02/23 13:12:17 workcli.go:396: Reply Message Invalid!
ERROR: 2020/02/23 13:12:17 workcli.go:396: Reply Message Invalid!
ERROR: 2020/02/23 13:12:17 workcli.go:396: Reply Message Invalid!
ERROR: 2020/02/23 13:12:17 workcli.go:396: Reply Message Invalid!
ERROR: 2020/02/23 13:12:17 workcli.go:396: Reply Message Invalid!
ERROR: 2020/02/23 13:12:17 workcli.go:396: Reply Message Invalid!
ERROR: 2020/02/23 13:12:17 workcli.go:396: Reply Message Invalid!
ERROR: 2020/02/23 13:12:17 workcli.go:396: Reply Message Invalid!
ERROR: 2020/02/23 13:12:17 workcli.go:396: Reply Message Invalid!
ERROR: 2020/02/23 13:12:17 workcli.go:396: Reply Message Invalid!
ERROR: 2020/02/23 13:12:17 workcli.go:396: Reply Message Invalid!
ERROR: 2020/02/23 13:12:17 workcli.go:396: Reply Message Invalid!
ERROR: 2020/02/23 13:12:17 workcli.go:396: Reply Message Invalid!
ERROR: 2020/02/23 13:12:17 workcli.go:396: Reply Message Invalid!
ERROR: 2020/02/23 13:12:17 workcli.go:396: Reply Message Invalid!
ERROR: 2020/02/23 13:12:17 workcli.go:396: Reply Message Invalid!
ERROR: 2020/02/23 13:12:17 workcli.go:396: Reply Message Invalid!
ERROR: 2020/02/23 13:12:17 workcli.go:396: Reply Message Invalid!
ERROR: 2020/02/23 13:12:17 workcli.go:396: Reply Message Invalid!
ERROR: 2020/02/23 13:12:17 workcli.go:396: Reply Message Invalid!
ERROR: 2020/02/23 13:12:17 workcli.go:396: Reply Message Invalid!
ERROR: 2020/02/23 13:12:17 workcli.go:396: Reply Message Invalid!
ERROR: 2020/02/23 13:12:17 workcli.go:396: Reply Message Invalid!
ERROR: 2020/02/23 13:12:17 workcli.go:396: Reply Message Invalid!
ERROR: 2020/02/23 13:12:17 workcli.go:396: Reply Message Invalid!
ERROR: 2020/02/23 13:12:17 workcli.go:396: Reply Message Invalid!
ERROR: 2020/02/23 13:12:17 workcli.go:396: Reply Message Invalid!
ERROR: 2020/02/23 13:12:17 workcli.go:396: Reply Message Invalid!
ERROR: 2020/02/23 13:12:17 workcli.go:396: Reply Message Invalid!
ERROR: 2020/02/23 13:12:17 workcli.go:396: Reply Message Invalid!
ERROR: 2020/02/23 13:12:17 workcli.go:396: Reply Message Invalid!
ERROR: 2020/02/23 13:12:17 workcli.go:396: Reply Message Invalid!
ERROR: 2020/02/23 13:12:17 workcli.go:396: Reply Message Invalid!
ERROR: 2020/02/23 13:12:17 workcli.go:396: Reply Message Invalid!
ERROR: 2020/02/23 13:12:17 workcli.go:396: Reply Message Invalid!
ERROR: 2020/02/23 13:12:17 workcli.go:396: Reply Message Invalid!
ERROR: 2020/02/23 13:12:17 workcli.go:396: Reply Message Invalid!
ERROR: 2020/02/23 13:12:17 workcli.go:396: Reply Message Invalid!
ERROR: 2020/02/23 13:12:17 workcli.go:396: Reply Message Invalid!
ERROR: 2020/02/23 13:12:17 workcli.go:396: Reply Message Invalid!
ERROR: 2020/02/23 13:12:17 workcli.go:396: Reply Message Invalid!
ERROR: 2020/02/23 13:12:17 workcli.go:396: Reply Message Invalid!
ERROR: 2020/02/23 13:12:17 workcli.go:396: Reply Message Invalid!
ERROR: 2020/02/23 13:12:17 workcli.go:396: Reply Message Invalid!
ERROR: 2020/02/23 13:12:17 workcli.go:396: Reply Message Invalid!
ERROR: 2020/02/23 13:12:17 workcli.go:396: Reply Message Invalid!
ERROR: 2020/02/23 13:12:17 workcli.go:396: Reply Message Invalid!
ERROR: 2020/02/23 13:12:17 workcli.go:396: Reply Message Invalid!
ERROR: 2020/02/23 13:12:17 workcli.go:396: Reply Message Invalid!
ERROR: 2020/02/23 13:12:17 workcli.go:396: Reply Message Invalid!
ERROR: 2020/02/23 13:12:17 workcli.go:396: Reply Message Invalid!
ERROR: 2020/02/23 13:12:17 workcli.go:396: Reply Message Invalid!
ERROR: 2020/02/23 13:12:17 workcli.go:396: Reply Message Invalid!
ERROR: 2020/02/23 13:12:17 workcli.go:396: Reply Message Invalid!
ERROR: 2020/02/23 13:12:17 workcli.go:396: Reply Message Invalid!
ERROR: 2020/02/23 13:12:17 workcli.go:396: Reply Message Invalid!
ERROR: 2020/02/23 13:12:17 workcli.go:396: Reply Message Invalid!
ERROR: 2020/02/23 13:12:17 workcli.go:396: Reply Message Invalid!
ERROR: 2020/02/23 13:12:17 workcli.go:396: Reply Message Invalid!
ERROR: 2020/02/23 13:12:17 workcli.go:396: Reply Message Invalid!
ERROR: 2020/02/23 13:12:17 workcli.go:396: Reply Message Invalid!
ERROR: 2020/02/23 13:12:17 workcli.go:396: Reply Message Invalid!
ERROR: 2020/02/23 13:12:17 workcli.go:396: Reply Message Invalid!
ERROR: 2020/02/23 13:12:17 workcli.go:396: Reply Message Invalid!
ERROR: 2020/02/23 13:12:17 workcli.go:396: Reply Message Invalid!
ERROR: 2020/02/23 13:12:17 workcli.go:396: Reply Message Invalid!
ERROR: 2020/02/23 13:12:17 workcli.go:396: Reply Message Invalid!
ERROR: 2020/02/23 13:12:17 workcli.go:396: Reply Message Invalid!
ERROR: 2020/02/23 13:12:17 workcli.go:396: Reply Message Invalid!
ERROR: 2020/02/23 13:12:17 workcli.go:396: Reply Message Invalid!
ERROR: 2020/02/23 13:12:17 workcli.go:396: Reply Message Invalid!
ERROR: 2020/02/23 13:12:17 workcli.go:396: Reply Message Invalid!
ERROR: 2020/02/23 13:12:17 workcli.go:396: Reply Message Invalid!
ERROR: 2020/02/23 13:12:17 workcli.go:396: Reply Message Invalid!
ERROR: 2020/02/23 13:12:17 workcli.go:396: Reply Message Invalid!
ERROR: 2020/02/23 13:12:17 workcli.go:396: Reply Message Invalid!
ERROR: 2020/02/23 13:12:17 workcli.go:396: Reply Message Invalid!
ERROR: 2020/02/23 13:12:17 workcli.go:396: Reply Message Invalid!
ERROR: 2020/02/23 13:12:17 workcli.go:396: Reply Message Invalid!
ERROR: 2020/02/23 13:12:17 workcli.go:396: Reply Message Invalid!
ERROR: 2020/02/23 13:12:17 workcli.go:396: Reply Message Invalid!
ERROR: 2020/02/23 13:12:17 workcli.go:396: Reply Message Invalid!
ERROR: 2020/02/23 13:12:17 workcli.go:396: Reply Message Invalid!
ERROR: 2020/02/23 13:12:17 workcli.go:396: Reply Message Invalid!
ERROR: 2020/02/23 13:12:17 workcli.go:396: Reply Message Invalid!
ERROR: 2020/02/23 13:12:17 workcli.go:396: Reply Message Invalid!
ERROR: 2020/02/23 13:12:17 workcli.go:396: Reply Message Invalid!
ERROR: 2020/02/23 13:12:17 workcli.go:396: Reply Message Invalid!
ERROR: 2020/02/23 13:12:17 workcli.go:396: Reply Message Invalid!
ERROR: 2020/02/23 13:12:17 workcli.go:396: Reply Message Invalid!
ERROR: 2020/02/23 13:12:17 workcli.go:396: Reply Message Invalid!
ERROR: 2020/02/23 13:12:17 workcli.go:396: Reply Message Invalid!
ERROR: 2020/02/23 13:12:17 workcli.go:396: Reply Message Invalid!
ERROR: 2020/02/23 13:12:17 workcli.go:396: Reply Message Invalid!
ERROR: 2020/02/23 13:12:17 workcli.go:396: Reply Message Invalid!
ERROR: 2020/02/23 13:12:17 workcli.go:396: Reply Message Invalid!
ERROR: 2020/02/23 13:12:17 workcli.go:396: Reply Message Invalid!
ERROR: 2020/02/23 13:12:17 workcli.go:396: Reply Message Invalid!
ERROR: 2020/02/23 13:12:17 workcli.go:396: Reply Message Invalid!
ERROR: 2020/02/23 13:12:17 workcli.go:396: Reply Message Invalid!
ERROR: 2020/02/23 13:12:17 workcli.go:396: Reply Message Invalid!
ERROR: 2020/02/23 13:12:17 workcli.go:396: Reply Message Invalid!
ERROR: 2020/02/23 13:12:17 workcli.go:396: Reply Message Invalid!
ERROR: 2020/02/23 13:12:17 workcli.go:396: Reply Message Invalid!
ERROR: 2020/02/23 13:12:17 workcli.go:396: Reply Message Invalid!
ERROR: 2020/02/23 13:12:17 workcli.go:396: Reply Message Invalid!
ERROR: 2020/02/23 13:12:17 workcli.go:396: Reply Message Invalid!
ERROR: 2020/02/23 13:12:17 workcli.go:396: Reply Message Invalid!
ERROR: 2020/02/23 13:12:17 workcli.go:396: Reply Message Invalid!
ERROR: 2020/02/23 13:12:17 workcli.go:396: Reply Message Invalid!
ERROR: 2020/02/23 13:12:17 workcli.go:396: Reply Message Invalid!
ERROR: 2020/02/23 13:12:17 workcli.go:396: Reply Message Invalid!
ERROR: 2020/02/23 13:12:17 workcli.go:396: Reply Message Invalid!
ERROR: 2020/02/23 13:12:17 workcli.go:396: Reply Message Invalid!
ERROR: 2020/02/23 13:12:17 workcli.go:396: Reply Message Invalid!
ERROR: 2020/02/23 13:12:17 workcli.go:396: Reply Message Invalid!
ERROR: 2020/02/23 13:12:17 workcli.go:396: Reply Message Invalid!
ERROR: 2020/02/23 13:12:17 workcli.go:396: Reply Message Invalid!
ERROR: 2020/02/23 13:12:17 workcli.go:396: Reply Message Invalid!
ERROR: 2020/02/23 13:12:17 workcli.go:396: Reply Message Invalid!
ERROR: 2020/02/23 13:12:17 workcli.go:396: Reply Message Invalid!
ERROR: 2020/02/23 13:12:17 workcli.go:396: Reply Message Invalid!
ERROR: 2020/02/23 13:12:17 workcli.go:396: Reply Message Invalid!
ERROR: 2020/02/23 13:12:17 workcli.go:396: Reply Message Invalid!
ERROR: 2020/02/23 13:12:17 workcli.go:396: Reply Message Invalid!
ERROR: 2020/02/23 13:12:17 workcli.go:396: Reply Message Invalid!
ERROR: 2020/02/23 13:12:17 workcli.go:396: Reply Message Invalid!
ERROR: 2020/02/23 13:12:17 workcli.go:396: Reply Message Invalid!
ERROR: 2020/02/23 13:12:17 workcli.go:396: Reply Message Invalid!
ERROR: 2020/02/23 13:12:17 workcli.go:396: Reply Message Invalid!
ERROR: 2020/02/23 13:12:17 workcli.go:396: Reply Message Invalid!
ERROR: 2020/02/23 13:12:17 workcli.go:396: Reply Message Invalid!
ERROR: 2020/02/23 13:12:17 workcli.go:396: Reply Message Invalid!
ERROR: 2020/02/23 13:12:17 workcli.go:396: Reply Message Invalid!
ERROR: 2020/02/23 13:12:17 workcli.go:396: Reply Message Invalid!
ERROR: 2020/02/23 13:12:17 workcli.go:396: Reply Message Invalid!
ERROR: 2020/02/23 13:12:17 workcli.go:396: Reply Message Invalid!
ERROR: 2020/02/23 13:12:17 workcli.go:396: Reply Message Invalid!
ERROR: 2020/02/23 13:12:17 workcli.go:396: Reply Message Invalid!
ERROR: 2020/02/23 13:12:17 workcli.go:396: Reply Message Invalid!
ERROR: 2020/02/23 13:12:17 workcli.go:396: Reply Message Invalid!
ERROR: 2020/02/23 13:12:17 workcli.go:396: Reply Message Invalid!
ERROR: 2020/02/23 13:12:17 workcli.go:396: Reply Message Invalid!
ERROR: 2020/02/23 13:12:17 workcli.go:396: Reply Message Invalid!
ERROR: 2020/02/23 13:12:17 workcli.go:396: Reply Message Invalid!
ERROR: 2020/02/23 13:12:17 workcli.go:396: Reply Message Invalid!
ERROR: 2020/02/23 13:12:17 workcli.go:396: Reply Message Invalid!
ERROR: 2020/02/23 13:12:17 workcli.go:396: Reply Message Invalid!
ERROR: 2020/02/23 13:12:17 workcli.go:396: Reply Message Invalid!
ERROR: 2020/02/23 13:12:17 workcli.go:396: Reply Message Invalid!
ERROR: 2020/02/23 13:12:17 workcli.go:396: Reply Message Invalid!
ERROR: 2020/02/23 13:12:17 workcli.go:396: Reply Message Invalid!
ERROR: 2020/02/23 13:12:17 workcli.go:396: Reply Message Invalid!
ERROR: 2020/02/23 13:12:17 workcli.go:396: Reply Message Invalid!
ERROR: 2020/02/23 13:12:17 workcli.go:396: Reply Message Invalid!
ERROR: 2020/02/23 13:12:17 workcli.go:396: Reply Message Invalid!
ERROR: 2020/02/23 13:12:17 workcli.go:396: Reply Message Invalid!
ERROR: 2020/02/23 13:12:17 workcli.go:396: Reply Message Invalid!
ERROR: 2020/02/23 13:12:17 workcli.go:396: Reply Message Invalid!
ERROR: 2020/02/23 13:12:17 workcli.go:396: Reply Message Invalid!
ERROR: 2020/02/23 13:12:17 workcli.go:396: Reply Message Invalid!
ERROR: 2020/02/23 13:12:17 workcli.go:396: Reply Message Invalid!
ERROR: 2020/02/23 13:12:17 workcli.go:396: Reply Message Invalid!
ERROR: 2020/02/23 13:12:17 workcli.go:396: Reply Message Invalid!
ERROR: 2020/02/23 13:12:17 workcli.go:396: Reply Message Invalid!
ERROR: 2020/02/23 13:12:17 workcli.go:396: Reply Message Invalid!
ERROR: 2020/02/23 13:12:17 workcli.go:396: Reply Message Invalid!
ERROR: 2020/02/23 13:12:17 workcli.go:396: Reply Message Invalid!
ERROR: 2020/02/23 13:12:17 workcli.go:396: Reply Message Invalid!
ERROR: 2020/02/23 13:12:17 workcli.go:396: Reply Message Invalid!
ERROR: 2020/02/23 13:12:17 workcli.go:396: Reply Message Invalid!
ERROR: 2020/02/23 13:12:17 workcli.go:396: Reply Message Invalid!
ERROR: 2020/02/23 13:12:17 workcli.go:396: Reply Message Invalid!
ERROR: 2020/02/23 13:12:17 workcli.go:396: Reply Message Invalid!
ERROR: 2020/02/23 13:12:17 workcli.go:396: Reply Message Invalid!
ERROR: 2020/02/23 13:12:17 workcli.go:396: Reply Message Invalid!
ERROR: 2020/02/23 13:12:17 workcli.go:396: Reply Message Invalid!
ERROR: 2020/02/23 13:12:17 workcli.go:396: Reply Message Invalid!
ERROR: 2020/02/23 13:12:17 workcli.go:396: Reply Message Invalid!
ERROR: 2020/02/23 13:12:17 workcli.go:396: Reply Message Invalid!
ERROR: 2020/02/23 13:12:17 workcli.go:396: Reply Message Invalid!
ERROR: 2020/02/23 13:12:17 workcli.go:396: Reply Message Invalid!
ERROR: 2020/02/23 13:12:17 workcli.go:396: Reply Message Invalid!
ERROR: 2020/02/23 13:12:17 workcli.go:396: Reply Message Invalid!
ERROR: 2020/02/23 13:12:17 workcli.go:396: Reply Message Invalid!
ERROR: 2020/02/23 13:12:17 workcli.go:396: Reply Message Invalid!
ERROR: 2020/02/23 13:12:17 workcli.go:396: Reply Message Invalid!
ERROR: 2020/02/23 13:12:17 workcli.go:396: Reply Message Invalid!
ERROR: 2020/02/23 13:12:17 workcli.go:396: Reply Message Invalid!
ERROR: 2020/02/23 13:12:17 workcli.go:396: Reply Message Invalid!
ERROR: 2020/02/23 13:12:17 workcli.go:396: Reply Message Invalid!
ERROR: 2020/02/23 13:12:17 workcli.go:396: Reply Message Invalid!
ERROR: 2020/02/23 13:12:17 workcli.go:396: Reply Message Invalid!
ERROR: 2020/02/23 13:12:17 workcli.go:396: Reply Message Invalid!
ERROR: 2020/02/23 13:12:17 workcli.go:396: Reply Message Invalid!
ERROR: 2020/02/23 13:12:17 workcli.go:396: Reply Message Invalid!
ERROR: 2020/02/23 13:12:17 workcli.go:396: Reply Message Invalid!
ERROR: 2020/02/23 13:12:17 workcli.go:396: Reply Message Invalid!
ERROR: 2020/02/23 13:12:17 workcli.go:396: Reply Message Invalid!
ERROR: 2020/02/23 13:12:17 workcli.go:396: Reply Message Invalid!
ERROR: 2020/02/23 13:12:17 workcli.go:396: Reply Message Invalid!
ERROR: 2020/02/23 13:12:17 workcli.go:396: Reply Message Invalid!
ERROR: 2020/02/23 13:12:17 workcli.go:396: Reply Message Invalid!
ERROR: 2020/02/23 13:12:17 workcli.go:396: Reply Message Invalid!
ERROR: 2020/02/23 13:12:17 workcli.go:396: Reply Message Invalid!
ERROR: 2020/02/23 13:12:17 workcli.go:396: Reply Message Invalid!
ERROR: 2020/02/23 13:12:17 workcli.go:396: Reply Message Invalid!
ERROR: 2020/02/23 13:12:17 workcli.go:396: Reply Message Invalid!
ERROR: 2020/02/23 13:12:17 workcli.go:396: Reply Message Invalid!
ERROR: 2020/02/23 13:12:17 workcli.go:396: Reply Message Invalid!
ERROR: 2020/02/23 13:12:17 workcli.go:396: Reply Message Invalid!
ERROR: 2020/02/23 13:12:17 workcli.go:396: Reply Message Invalid!
ERROR: 2020/02/23 13:12:17 workcli.go:396: Reply Message Invalid!
ERROR: 2020/02/23 13:12:17 workcli.go:396: Reply Message Invalid!
ERROR: 2020/02/23 13:12:17 workcli.go:396: Reply Message Invalid!
ERROR: 2020/02/23 13:12:17 workcli.go:396: Reply Message Invalid!
ERROR: 2020/02/23 13:12:17 workcli.go:396: Reply Message Invalid!
ERROR: 2020/02/23 13:12:17 workcli.go:396: Reply Message Invalid!
ERROR: 2020/02/23 13:12:17 workcli.go:396: Reply Message Invalid!
ERROR: 2020/02/23 13:12:17 workcli.go:396: Reply Message Invalid!
ERROR: 2020/02/23 13:12:17 workcli.go:396: Reply Message Invalid!
ERROR: 2020/02/23 13:12:17 workcli.go:396: Reply Message Invalid!
ERROR: 2020/02/23 13:12:17 workcli.go:396: Reply Message Invalid!
ERROR: 2020/02/23 13:12:17 workcli.go:396: Reply Message Invalid!
ERROR: 2020/02/23 13:12:17 workcli.go:396: Reply Message Invalid!
ERROR: 2020/02/23 13:12:17 workcli.go:396: Reply Message Invalid!
ERROR: 2020/02/23 13:12:17 workcli.go:396: Reply Message Invalid!
ERROR: 2020/02/23 13:12:17 workcli.go:396: Reply Message Invalid!
ERROR: 2020/02/23 13:12:17 workcli.go:396: Reply Message Invalid!
ERROR: 2020/02/23 13:12:17 workcli.go:396: Reply Message Invalid!
ERROR: 2020/02/23 13:12:17 workcli.go:396: Reply Message Invalid!
ERROR: 2020/02/23 13:12:17 workcli.go:396: Reply Message Invalid!
ERROR: 2020/02/23 13:12:17 workcli.go:396: Reply Message Invalid!
ERROR: 2020/02/23 13:12:17 workcli.go:396: Reply Message Invalid!
ERROR: 2020/02/23 13:12:17 workcli.go:396: Reply Message Invalid!
ERROR: 2020/02/23 13:12:17 workcli.go:396: Reply Message Invalid!
ERROR: 2020/02/23 13:12:17 workcli.go:396: Reply Message Invalid!
ERROR: 2020/02/23 13:12:17 workcli.go:396: Reply Message Invalid!
ERROR: 2020/02/23 13:12:17 workcli.go:396: Reply Message Invalid!
ERROR: 2020/02/23 13:12:17 workcli.go:396: Reply Message Invalid!
ERROR: 2020/02/23 13:12:17 workcli.go:396: Reply Message Invalid!
ERROR: 2020/02/23 13:12:17 workcli.go:396: Reply Message Invalid!
ERROR: 2020/02/23 13:12:17 workcli.go:396: Reply Message Invalid!
ERROR: 2020/02/23 13:12:17 workcli.go:396: Reply Message Invalid!
ERROR: 2020/02/23 13:12:17 workcli.go:396: Reply Message Invalid!
ERROR: 2020/02/23 13:12:17 workcli.go:396: Reply Message Invalid!
ERROR: 2020/02/23 13:12:17 workcli.go:396: Reply Message Invalid!
ERROR: 2020/02/23 13:12:17 workcli.go:396: Reply Message Invalid!
ERROR: 2020/02/23 13:12:17 workcli.go:396: Reply Message Invalid!
ERROR: 2020/02/23 13:12:17 workcli.go:396: Reply Message Invalid!
ERROR: 2020/02/23 13:12:17 workcli.go:396: Reply Message Invalid!
ERROR: 2020/02/23 13:12:17 workcli.go:396: Reply Message Invalid!
ERROR: 2020/02/23 13:12:17 workcli.go:396: Reply Message Invalid!
ERROR: 2020/02/23 13:12:17 workcli.go:396: Reply Message Invalid!
ERROR: 2020/02/23 13:12:17 workcli.go:396: Reply Message Invalid!
ERROR: 2020/02/23 13:12:17 workcli.go:396: Reply Message Invalid!
ERROR: 2020/02/23 13:12:17 workcli.go:396: Reply Message Invalid!
ERROR: 2020/02/23 13:12:17 workcli.go:396: Reply Message Invalid!
ERROR: 2020/02/23 13:12:17 workcli.go:396: Reply Message Invalid!
ERROR: 2020/02/23 13:12:17 workcli.go:396: Reply Message Invalid!
ERROR: 2020/02/23 13:12:17 workcli.go:396: Reply Message Invalid!
ERROR: 2020/02/23 13:12:17 workcli.go:396: Reply Message Invalid!
ERROR: 2020/02/23 13:12:17 workcli.go:396: Reply Message Invalid!
ERROR: 2020/02/23 13:12:17 workcli.go:396: Reply Message Invalid!
ERROR: 2020/02/23 13:12:17 workcli.go:396: Reply Message Invalid!
ERROR: 2020/02/23 13:12:17 workcli.go:396: Reply Message Invalid!
ERROR: 2020/02/23 13:12:17 workcli.go:396: Reply Message Invalid!
ERROR: 2020/02/23 13:12:17 workcli.go:396: Reply Message Invalid!
ERROR: 2020/02/23 13:12:17 workcli.go:396: Reply Message Invalid!
ERROR: 2020/02/23 13:12:17 workcli.go:396: Reply Message Invalid!
ERROR: 2020/02/23 13:12:17 workcli.go:396: Reply Message Invalid!
ERROR: 2020/02/23 13:12:17 workcli.go:396: Reply Message Invalid!
ERROR: 2020/02/23 13:12:17 workcli.go:396: Reply Message Invalid!
ERROR: 2020/02/23 13:12:17 workcli.go:396: Reply Message Invalid!
ERROR: 2020/02/23 13:12:17 workcli.go:396: Reply Message Invalid!
ERROR: 2020/02/23 13:12:17 workcli.go:396: Reply Message Invalid!
ERROR: 2020/02/23 13:12:17 workcli.go:396: Reply Message Invalid!
ERROR: 2020/02/23 13:12:17 workcli.go:396: Reply Message Invalid!
ERROR: 2020/02/23 13:12:17 workcli.go:396: Reply Message Invalid!
ERROR: 2020/02/23 13:12:17 workcli.go:396: Reply Message Invalid!
ERROR: 2020/02/23 13:12:17 workcli.go:396: Reply Message Invalid!
ERROR: 2020/02/23 13:12:17 workcli.go:396: Reply Message Invalid!
ERROR: 2020/02/23 13:12:17 workcli.go:396: Reply Message Invalid!
ERROR: 2020/02/23 13:12:17 workcli.go:396: Reply Message Invalid!
ERROR: 2020/02/23 13:12:17 workcli.go:396: Reply Message Invalid!
ERROR: 2020/02/23 13:12:17 workcli.go:396: Reply Message Invalid!
ERROR: 2020/02/23 13:12:17 workcli.go:396: Reply Message Invalid!
ERROR: 2020/02/23 13:12:17 workcli.go:396: Reply Message Invalid!
ERROR: 2020/02/23 13:12:17 workcli.go:396: Reply Message Invalid!
ERROR: 2020/02/23 13:12:17 workcli.go:396: Reply Message Invalid!
ERROR: 2020/02/23 13:12:17 workcli.go:396: Reply Message Invalid!
ERROR: 2020/02/23 13:12:17 workcli.go:396: Reply Message Invalid!
ERROR: 2020/02/23 13:12:17 workcli.go:396: Reply Message Invalid!
ERROR: 2020/02/23 13:12:17 workcli.go:396: Reply Message Invalid!
ERROR: 2020/02/23 13:12:17 workcli.go:396: Reply Message Invalid!
ERROR: 2020/02/23 13:12:17 workcli.go:396: Reply Message Invalid!
ERROR: 2020/02/23 13:12:17 workcli.go:396: Reply Message Invalid!
ERROR: 2020/02/23 13:12:17 workcli.go:396: Reply Message Invalid!
ERROR: 2020/02/23 13:12:17 workcli.go:396: Reply Message Invalid!
ERROR: 2020/02/23 13:12:17 workcli.go:396: Reply Message Invalid!
ERROR: 2020/02/23 13:12:17 workcli.go:396: Reply Message Invalid!
ERROR: 2020/02/23 13:12:17 workcli.go:396: Reply Message Invalid!
ERROR: 2020/02/23 13:12:17 workcli.go:396: Reply Message Invalid!
ERROR: 2020/02/23 13:12:17 workcli.go:396: Reply Message Invalid!
ERROR: 2020/02/23 13:12:17 workcli.go:396: Reply Message Invalid!
ERROR: 2020/02/23 13:12:17 workcli.go:396: Reply Message Invalid!
ERROR: 2020/02/23 13:12:17 workcli.go:396: Reply Message Invalid!
ERROR: 2020/02/23 13:12:17 workcli.go:396: Reply Message Invalid!
ERROR: 2020/02/23 13:12:17 workcli.go:396: Reply Message Invalid!
ERROR: 2020/02/23 13:12:17 workcli.go:396: Reply Message Invalid!
ERROR: 2020/02/23 13:12:17 workcli.go:396: Reply Message Invalid!
ERROR: 2020/02/23 13:12:17 workcli.go:396: Reply Message Invalid!
ERROR: 2020/02/23 13:12:17 workcli.go:396: Reply Message Invalid!
ERROR: 2020/02/23 13:12:17 workcli.go:396: Reply Message Invalid!
ERROR: 2020/02/23 13:12:17 workcli.go:396: Reply Message Invalid!
ERROR: 2020/02/23 13:12:17 workcli.go:396: Reply Message Invalid!
ERROR: 2020/02/23 13:12:17 workcli.go:396: Reply Message Invalid!
ERROR: 2020/02/23 13:12:17 workcli.go:396: Reply Message Invalid!
ERROR: 2020/02/23 13:12:17 workcli.go:396: Reply Message Invalid!
ERROR: 2020/02/23 13:12:17 workcli.go:396: Reply Message Invalid!
ERROR: 2020/02/23 13:12:17 workcli.go:396: Reply Message Invalid!
ERROR: 2020/02/23 13:12:17 workcli.go:396: Reply Message Invalid!
ERROR: 2020/02/23 13:12:17 workcli.go:396: Reply Message Invalid!
ERROR: 2020/02/23 13:12:17 workcli.go:396: Reply Message Invalid!
ERROR: 2020/02/23 13:12:17 workcli.go:396: Reply Message Invalid!
ERROR: 2020/02/23 13:12:17 workcli.go:396: Reply Message Invalid!
ERROR: 2020/02/23 13:12:17 workcli.go:396: Reply Message Invalid!
ERROR: 2020/02/23 13:12:17 workcli.go:396: Reply Message Invalid!
ERROR: 2020/02/23 13:12:17 workcli.go:396: Reply Message Invalid!
ERROR: 2020/02/23 13:12:17 workcli.go:396: Reply Message Invalid!
ERROR: 2020/02/23 13:12:17 workcli.go:396: Reply Message Invalid!
ERROR: 2020/02/23 13:12:17 workcli.go:396: Reply Message Invalid!
ERROR: 2020/02/23 13:12:17 workcli.go:396: Reply Message Invalid!
ERROR: 2020/02/23 13:12:17 workcli.go:396: Reply Message Invalid!
ERROR: 2020/02/23 13:12:17 workcli.go:396: Reply Message Invalid!
ERROR: 2020/02/23 13:12:17 workcli.go:396: Reply Message Invalid!
ERROR: 2020/02/23 13:12:17 workcli.go:396: Reply Message Invalid!
ERROR: 2020/02/23 13:12:17 workcli.go:396: Reply Message Invalid!
ERROR: 2020/02/23 13:12:17 workcli.go:396: Reply Message Invalid!
ERROR: 2020/02/23 13:12:17 workcli.go:396: Reply Message Invalid!
ERROR: 2020/02/23 13:12:17 workcli.go:396: Reply Message Invalid!
ERROR: 2020/02/23 13:12:17 workcli.go:396: Reply Message Invalid!
ERROR: 2020/02/23 13:12:17 workcli.go:396: Reply Message Invalid!
ERROR: 2020/02/23 13:12:17 workcli.go:396: Reply Message Invalid!
ERROR: 2020/02/23 13:12:17 workcli.go:396: Reply Message Invalid!
ERROR: 2020/02/23 13:12:17 workcli.go:396: Reply Message Invalid!
ERROR: 2020/02/23 13:12:17 workcli.go:396: Reply Message Invalid!
ERROR: 2020/02/23 13:12:17 workcli.go:396: Reply Message Invalid!
ERROR: 2020/02/23 13:12:17 workcli.go:396: Reply Message Invalid!
ERROR: 2020/02/23 13:12:17 workcli.go:396: Reply Message Invalid!
ERROR: 2020/02/23 13:12:17 workcli.go:396: Reply Message Invalid!
ERROR: 2020/02/23 13:12:17 workcli.go:396: Reply Message Invalid!
ERROR: 2020/02/23 13:12:17 workcli.go:396: Reply Message Invalid!
ERROR: 2020/02/23 13:12:17 workcli.go:396: Reply Message Invalid!
ERROR: 2020/02/23 13:12:17 workcli.go:396: Reply Message Invalid!
ERROR: 2020/02/23 13:12:17 workcli.go:396: Reply Message Invalid!
ERROR: 2020/02/23 13:12:17 workcli.go:396: Reply Message Invalid!
ERROR: 2020/02/23 13:12:17 workcli.go:396: Reply Message Invalid!
ERROR: 2020/02/23 13:12:17 workcli.go:396: Reply Message Invalid!
ERROR: 2020/02/23 13:12:17 workcli.go:396: Reply Message Invalid!
ERROR: 2020/02/23 13:12:17 workcli.go:396: Reply Message Invalid!
ERROR: 2020/02/23 13:12:17 workcli.go:396: Reply Message Invalid!
ERROR: 2020/02/23 13:12:17 workcli.go:396: Reply Message Invalid!
ERROR: 2020/02/23 13:12:17 workcli.go:396: Reply Message Invalid!
ERROR: 2020/02/23 13:12:17 workcli.go:396: Reply Message Invalid!
ERROR: 2020/02/23 13:12:17 workcli.go:396: Reply Message Invalid!
ERROR: 2020/02/23 13:12:17 workcli.go:396: Reply Message Invalid!
ERROR: 2020/02/23 13:12:17 workcli.go:396: Reply Message Invalid!
ERROR: 2020/02/23 13:12:17 workcli.go:396: Reply Message Invalid!
ERROR: 2020/02/23 13:12:17 workcli.go:396: Reply Message Invalid!
ERROR: 2020/02/23 13:12:17 workcli.go:396: Reply Message Invalid!
ERROR: 2020/02/23 13:12:17 workcli.go:396: Reply Message Invalid!
ERROR: 2020/02/23 13:12:17 workcli.go:396: Reply Message Invalid!
ERROR: 2020/02/23 13:12:17 workcli.go:396: Reply Message Invalid!
ERROR: 2020/02/23 13:12:17 workcli.go:396: Reply Message Invalid!
ERROR: 2020/02/23 13:12:17 workcli.go:396: Reply Message Invalid!
ERROR: 2020/02/23 13:12:17 workcli.go:396: Reply Message Invalid!
ERROR: 2020/02/23 13:12:17 workcli.go:396: Reply Message Invalid!
ERROR: 2020/02/23 13:12:17 workcli.go:396: Reply Message Invalid!
ERROR: 2020/02/23 13:12:17 workcli.go:396: Reply Message Invalid!
ERROR: 2020/02/23 13:12:17 workcli.go:396: Reply Message Invalid!
ERROR: 2020/02/23 13:12:17 workcli.go:396: Reply Message Invalid!
ERROR: 2020/02/23 13:12:17 workcli.go:396: Reply Message Invalid!
ERROR: 2020/02/23 13:12:17 workcli.go:396: Reply Message Invalid!
ERROR: 2020/02/23 13:12:17 workcli.go:396: Reply Message Invalid!
ERROR: 2020/02/23 13:12:17 workcli.go:396: Reply Message Invalid!
ERROR: 2020/02/23 13:12:17 workcli.go:396: Reply Message Invalid!
ERROR: 2020/02/23 13:12:17 workcli.go:396: Reply Message Invalid!
ERROR: 2020/02/23 13:12:17 workcli.go:396: Reply Message Invalid!
ERROR: 2020/02/23 13:12:17 workcli.go:396: Reply Message Invalid!
ERROR: 2020/02/23 13:12:17 workcli.go:396: Reply Message Invalid!
ERROR: 2020/02/23 13:12:17 workcli.go:396: Reply Message Invalid!
ERROR: 2020/02/23 13:12:17 workcli.go:396: Reply Message Invalid!
ERROR: 2020/02/23 13:12:17 workcli.go:396: Reply Message Invalid!
ERROR: 2020/02/23 13:12:17 workcli.go:396: Reply Message Invalid!
ERROR: 2020/02/23 13:12:17 workcli.go:396: Reply Message Invalid!
ERROR: 2020/02/23 13:12:17 workcli.go:396: Reply Message Invalid!
ERROR: 2020/02/23 13:12:17 workcli.go:396: Reply Message Invalid!
ERROR: 2020/02/23 13:12:17 workcli.go:396: Reply Message Invalid!
ERROR: 2020/02/23 13:12:17 workcli.go:396: Reply Message Invalid!
ERROR: 2020/02/23 13:12:17 workcli.go:396: Reply Message Invalid!
ERROR: 2020/02/23 13:12:17 workcli.go:396: Reply Message Invalid!
ERROR: 2020/02/23 13:12:17 workcli.go:396: Reply Message Invalid!
ERROR: 2020/02/23 13:12:17 workcli.go:396: Reply Message Invalid!
ERROR: 2020/02/23 13:12:17 workcli.go:396: Reply Message Invalid!
ERROR: 2020/02/23 13:12:17 workcli.go:396: Reply Message Invalid!
ERROR: 2020/02/23 13:12:17 workcli.go:396: Reply Message Invalid!
ERROR: 2020/02/23 13:12:17 workcli.go:396: Reply Message Invalid!
ERROR: 2020/02/23 13:12:17 workcli.go:396: Reply Message Invalid!
ERROR: 2020/02/23 13:12:17 workcli.go:396: Reply Message Invalid!
ERROR: 2020/02/23 13:12:17 workcli.go:396: Reply Message Invalid!
ERROR: 2020/02/23 13:12:17 workcli.go:396: Reply Message Invalid!
ERROR: 2020/02/23 13:12:17 workcli.go:396: Reply Message Invalid!
ERROR: 2020/02/23 13:12:17 workcli.go:396: Reply Message Invalid!
ERROR: 2020/02/23 13:12:17 workcli.go:396: Reply Message Invalid!
ERROR: 2020/02/23 13:12:17 workcli.go:396: Reply Message Invalid!
ERROR: 2020/02/23 13:12:17 workcli.go:396: Reply Message Invalid!
ERROR: 2020/02/23 13:12:17 workcli.go:396: Reply Message Invalid!
ERROR: 2020/02/23 13:12:17 workcli.go:396: Reply Message Invalid!
ERROR: 2020/02/23 13:12:17 workcli.go:396: Reply Message Invalid!
ERROR: 2020/02/23 13:12:17 workcli.go:396: Reply Message Invalid!
ERROR: 2020/02/23 13:12:17 workcli.go:396: Reply Message Invalid!
ERROR: 2020/02/23 13:12:17 workcli.go:396: Reply Message Invalid!
ERROR: 2020/02/23 13:12:17 workcli.go:396: Reply Message Invalid!
ERROR: 2020/02/23 13:12:17 workcli.go:396: Reply Message Invalid!
ERROR: 2020/02/23 13:12:17 workcli.go:396: Reply Message Invalid!
ERROR: 2020/02/23 13:12:17 workcli.go:396: Reply Message Invalid!
ERROR: 2020/02/23 13:12:17 workcli.go:396: Reply Message Invalid!
ERROR: 2020/02/23 13:12:17 workcli.go:396: Reply Message Invalid!
ERROR: 2020/02/23 13:12:17 workcli.go:396: Reply Message Invalid!
ERROR: 2020/02/23 13:12:17 workcli.go:396: Reply Message Invalid!
ERROR: 2020/02/23 13:12:17 workcli.go:396: Reply Message Invalid!
ERROR: 2020/02/23 13:12:17 workcli.go:396: Reply Message Invalid!
ERROR: 2020/02/23 13:12:17 workcli.go:396: Reply Message Invalid!
ERROR: 2020/02/23 13:12:17 workcli.go:396: Reply Message Invalid!
ERROR: 2020/02/23 13:12:17 workcli.go:396: Reply Message Invalid!
ERROR: 2020/02/23 13:12:17 workcli.go:396: Reply Message Invalid!
ERROR: 2020/02/23 13:12:17 workcli.go:396: Reply Message Invalid!
ERROR: 2020/02/23 13:12:17 workcli.go:396: Reply Message Invalid!
ERROR: 2020/02/23 13:12:17 workcli.go:396: Reply Message Invalid!
ERROR: 2020/02/23 13:12:17 workcli.go:396: Reply Message Invalid!
ERROR: 2020/02/23 13:12:17 workcli.go:396: Reply Message Invalid!
ERROR: 2020/02/23 13:12:17 workcli.go:396: Reply Message Invalid!
ERROR: 2020/02/23 13:12:17 workcli.go:396: Reply Message Invalid!
ERROR: 2020/02/23 13:12:17 workcli.go:396: Reply Message Invalid!
ERROR: 2020/02/23 13:12:17 workcli.go:396: Reply Message Invalid!
ERROR: 2020/02/23 13:12:17 workcli.go:396: Reply Message Invalid!
ERROR: 2020/02/23 13:12:17 workcli.go:396: Reply Message Invalid!
ERROR: 2020/02/23 13:12:17 workcli.go:396: Reply Message Invalid!
ERROR: 2020/02/23 13:12:17 workcli.go:396: Reply Message Invalid!
ERROR: 2020/02/23 13:12:17 workcli.go:396: Reply Message Invalid!
ERROR: 2020/02/23 13:12:17 workcli.go:396: Reply Message Invalid!
ERROR: 2020/02/23 13:12:17 workcli.go:396: Reply Message Invalid!
ERROR: 2020/02/23 13:12:17 workcli.go:396: Reply Message Invalid!
ERROR: 2020/02/23 13:12:17 workcli.go:396: Reply Message Invalid!
ERROR: 2020/02/23 13:12:17 workcli.go:396: Reply Message Invalid!
ERROR: 2020/02/23 13:12:17 workcli.go:396: Reply Message Invalid!
ERROR: 2020/02/23 13:12:17 workcli.go:396: Reply Message Invalid!
ERROR: 2020/02/23 13:12:17 workcli.go:396: Reply Message Invalid!
ERROR: 2020/02/23 13:12:17 workcli.go:396: Reply Message Invalid!
ERROR: 2020/02/23 13:12:17 workcli.go:396: Reply Message Invalid!
ERROR: 2020/02/23 13:12:17 workcli.go:396: Reply Message Invalid!
ERROR: 2020/02/23 13:12:17 workcli.go:396: Reply Message Invalid!
ERROR: 2020/02/23 13:12:17 workcli.go:396: Reply Message Invalid!
ERROR: 2020/02/23 13:12:17 workcli.go:396: Reply Message Invalid!
ERROR: 2020/02/23 13:12:17 workcli.go:396: Reply Message Invalid!
ERROR: 2020/02/23 13:12:17 workcli.go:396: Reply Message Invalid!
ERROR: 2020/02/23 13:12:17 workcli.go:396: Reply Message Invalid!
ERROR: 2020/02/23 13:12:17 workcli.go:396: Reply Message Invalid!
ERROR: 2020/02/23 13:12:17 workcli.go:396: Reply Message Invalid!
ERROR: 2020/02/23 13:12:17 workcli.go:396: Reply Message Invalid!
ERROR: 2020/02/23 13:12:17 workcli.go:396: Reply Message Invalid!
ERROR: 2020/02/23 13:12:17 workcli.go:396: Reply Message Invalid!
ERROR: 2020/02/23 13:12:17 workcli.go:396: Reply Message Invalid!
ERROR: 2020/02/23 13:12:17 workcli.go:396: Reply Message Invalid!
ERROR: 2020/02/23 13:12:17 workcli.go:396: Reply Message Invalid!
ERROR: 2020/02/23 13:12:17 workcli.go:396: Reply Message Invalid!
ERROR: 2020/02/23 13:12:17 workcli.go:396: Reply Message Invalid!
ERROR: 2020/02/23 13:12:17 workcli.go:396: Reply Message Invalid!
ERROR: 2020/02/23 13:12:17 workcli.go:396: Reply Message Invalid!
ERROR: 2020/02/23 13:12:17 workcli.go:396: Reply Message Invalid!
ERROR: 2020/02/23 13:12:17 workcli.go:396: Reply Message Invalid!
ERROR: 2020/02/23 13:12:17 workcli.go:396: Reply Message Invalid!
ERROR: 2020/02/23 13:12:17 workcli.go:396: Reply Message Invalid!
ERROR: 2020/02/23 13:12:17 workcli.go:396: Reply Message Invalid!
ERROR: 2020/02/23 13:12:17 workcli.go:396: Reply Message Invalid!
ERROR: 2020/02/23 13:12:17 workcli.go:396: Reply Message Invalid!
ERROR: 2020/02/23 13:12:17 workcli.go:396: Reply Message Invalid!
ERROR: 2020/02/23 13:12:17 workcli.go:396: Reply Message Invalid!
ERROR: 2020/02/23 13:12:17 workcli.go:396: Reply Message Invalid!
ERROR: 2020/02/23 13:12:17 workcli.go:396: Reply Message Invalid!
ERROR: 2020/02/23 13:12:17 workcli.go:396: Reply Message Invalid!
ERROR: 2020/02/23 13:12:17 workcli.go:396: Reply Message Invalid!
ERROR: 2020/02/23 13:12:17 workcli.go:396: Reply Message Invalid!
ERROR: 2020/02/23 13:12:17 workcli.go:396: Reply Message Invalid!
ERROR: 2020/02/23 13:12:17 workcli.go:396: Reply Message Invalid!
ERROR: 2020/02/23 13:12:17 workcli.go:396: Reply Message Invalid!
ERROR: 2020/02/23 13:12:17 workcli.go:396: Reply Message Invalid!
ERROR: 2020/02/23 13:12:17 workcli.go:396: Reply Message Invalid!
ERROR: 2020/02/23 13:12:17 workcli.go:396: Reply Message Invalid!
ERROR: 2020/02/23 13:12:17 workcli.go:396: Reply Message Invalid!
ERROR: 2020/02/23 13:12:17 workcli.go:396: Reply Message Invalid!
ERROR: 2020/02/23 13:12:17 workcli.go:396: Reply Message Invalid!
ERROR: 2020/02/23 13:12:17 workcli.go:396: Reply Message Invalid!
ERROR: 2020/02/23 13:12:17 workcli.go:396: Reply Message Invalid!
ERROR: 2020/02/23 13:12:17 workcli.go:396: Reply Message Invalid!
ERROR: 2020/02/23 13:12:17 workcli.go:396: Reply Message Invalid!
ERROR: 2020/02/23 13:12:17 workcli.go:396: Reply Message Invalid!
ERROR: 2020/02/23 13:12:17 workcli.go:396: Reply Message Invalid!
ERROR: 2020/02/23 13:12:17 workcli.go:396: Reply Message Invalid!
ERROR: 2020/02/23 13:12:17 workcli.go:396: Reply Message Invalid!
ERROR: 2020/02/23 13:12:17 workcli.go:396: Reply Message Invalid!
ERROR: 2020/02/23 13:12:17 workcli.go:396: Reply Message Invalid!
ERROR: 2020/02/23 13:12:17 workcli.go:396: Reply Message Invalid!
ERROR: 2020/02/23 13:12:17 workcli.go:396: Reply Message Invalid!
ERROR: 2020/02/23 13:12:17 workcli.go:396: Reply Message Invalid!
ERROR: 2020/02/23 13:12:17 workcli.go:396: Reply Message Invalid!
ERROR: 2020/02/23 13:12:17 workcli.go:396: Reply Message Invalid!
ERROR: 2020/02/23 13:12:17 workcli.go:396: Reply Message Invalid!
ERROR: 2020/02/23 13:12:17 workcli.go:396: Reply Message Invalid!
ERROR: 2020/02/23 13:12:17 workcli.go:396: Reply Message Invalid!
ERROR: 2020/02/23 13:12:17 workcli.go:396: Reply Message Invalid!
ERROR: 2020/02/23 13:12:17 workcli.go:396: Reply Message Invalid!
ERROR: 2020/02/23 13:12:17 workcli.go:396: Reply Message Invalid!
ERROR: 2020/02/23 13:12:17 workcli.go:396: Reply Message Invalid!
ERROR: 2020/02/23 13:12:17 workcli.go:396: Reply Message Invalid!
ERROR: 2020/02/23 13:12:17 workcli.go:396: Reply Message Invalid!
ERROR: 2020/02/23 13:12:17 workcli.go:396: Reply Message Invalid!
ERROR: 2020/02/23 13:12:17 workcli.go:396: Reply Message Invalid!
ERROR: 2020/02/23 13:12:17 workcli.go:396: Reply Message Invalid!
ERROR: 2020/02/23 13:12:17 workcli.go:396: Reply Message Invalid!
ERROR: 2020/02/23 13:12:17 workcli.go:396: Reply Message Invalid!
ERROR: 2020/02/23 13:12:17 workcli.go:396: Reply Message Invalid!
ERROR: 2020/02/23 13:12:17 workcli.go:396: Reply Message Invalid!
ERROR: 2020/02/23 13:12:17 workcli.go:396: Reply Message Invalid!
ERROR: 2020/02/23 13:12:17 workcli.go:396: Reply Message Invalid!
ERROR: 2020/02/23 13:12:17 workcli.go:396: Reply Message Invalid!
ERROR: 2020/02/23 13:12:17 workcli.go:396: Reply Message Invalid!
ERROR: 2020/02/23 13:12:17 workcli.go:396: Reply Message Invalid!
ERROR: 2020/02/23 13:12:17 workcli.go:396: Reply Message Invalid!
ERROR: 2020/02/23 13:12:17 workcli.go:396: Reply Message Invalid!
ERROR: 2020/02/23 13:12:17 workcli.go:396: Reply Message Invalid!
ERROR: 2020/02/23 13:12:17 workcli.go:396: Reply Message Invalid!
ERROR: 2020/02/23 13:12:17 workcli.go:396: Reply Message Invalid!
ERROR: 2020/02/23 13:12:17 workcli.go:396: Reply Message Invalid!
ERROR: 2020/02/23 13:12:17 workcli.go:396: Reply Message Invalid!
ERROR: 2020/02/23 13:12:17 workcli.go:396: Reply Message Invalid!
ERROR: 2020/02/23 13:12:17 workcli.go:396: Reply Message Invalid!
ERROR: 2020/02/23 13:12:17 workcli.go:396: Reply Message Invalid!
ERROR: 2020/02/23 13:12:17 workcli.go:396: Reply Message Invalid!
ERROR: 2020/02/23 13:12:17 workcli.go:396: Reply Message Invalid!
ERROR: 2020/02/23 13:12:17 workcli.go:396: Reply Message Invalid!
ERROR: 2020/02/23 13:12:17 workcli.go:396: Reply Message Invalid!
ERROR: 2020/02/23 13:12:17 workcli.go:396: Reply Message Invalid!
ERROR: 2020/02/23 13:12:17 workcli.go:396: Reply Message Invalid!
ERROR: 2020/02/23 13:12:17 workcli.go:396: Reply Message Invalid!
ERROR: 2020/02/23 13:12:17 workcli.go:396: Reply Message Invalid!
ERROR: 2020/02/23 13:12:17 workcli.go:396: Reply Message Invalid!
ERROR: 2020/02/23 13:12:17 workcli.go:396: Reply Message Invalid!
ERROR: 2020/02/23 13:12:17 workcli.go:396: Reply Message Invalid!
ERROR: 2020/02/23 13:12:17 workcli.go:396: Reply Message Invalid!
ERROR: 2020/02/23 13:12:17 workcli.go:396: Reply Message Invalid!
ERROR: 2020/02/23 13:12:17 workcli.go:396: Reply Message Invalid!
ERROR: 2020/02/23 13:12:17 workcli.go:396: Reply Message Invalid!
ERROR: 2020/02/23 13:12:17 workcli.go:396: Reply Message Invalid!
ERROR: 2020/02/23 13:12:17 workcli.go:396: Reply Message Invalid!
ERROR: 2020/02/23 13:12:17 workcli.go:396: Reply Message Invalid!
ERROR: 2020/02/23 13:12:17 workcli.go:396: Reply Message Invalid!
ERROR: 2020/02/23 13:12:17 workcli.go:396: Reply Message Invalid!
ERROR: 2020/02/23 13:12:17 workcli.go:396: Reply Message Invalid!
ERROR: 2020/02/23 13:12:17 workcli.go:396: Reply Message Invalid!
ERROR: 2020/02/23 13:12:17 workcli.go:396: Reply Message Invalid!
ERROR: 2020/02/23 13:12:17 workcli.go:396: Reply Message Invalid!
ERROR: 2020/02/23 13:12:17 workcli.go:396: Reply Message Invalid!
ERROR: 2020/02/23 13:12:17 workcli.go:396: Reply Message Invalid!
ERROR: 2020/02/23 13:12:17 workcli.go:396: Reply Message Invalid!
ERROR: 2020/02/23 13:12:17 workcli.go:396: Reply Message Invalid!
ERROR: 2020/02/23 13:12:17 workcli.go:396: Reply Message Invalid!
ERROR: 2020/02/23 13:12:17 workcli.go:396: Reply Message Invalid!
ERROR: 2020/02/23 13:12:17 workcli.go:396: Reply Message Invalid!
ERROR: 2020/02/23 13:12:17 workcli.go:396: Reply Message Invalid!
ERROR: 2020/02/23 13:12:17 workcli.go:396: Reply Message Invalid!
ERROR: 2020/02/23 13:12:17 workcli.go:396: Reply Message Invalid!
ERROR: 2020/02/23 13:12:17 workcli.go:396: Reply Message Invalid!
ERROR: 2020/02/23 13:12:17 workcli.go:396: Reply Message Invalid!
ERROR: 2020/02/23 13:12:17 workcli.go:396: Reply Message Invalid!
ERROR: 2020/02/23 13:12:17 workcli.go:396: Reply Message Invalid!
ERROR: 2020/02/23 13:12:17 workcli.go:396: Reply Message Invalid!
ERROR: 2020/02/23 13:12:17 workcli.go:396: Reply Message Invalid!
ERROR: 2020/02/23 13:12:17 workcli.go:396: Reply Message Invalid!
ERROR: 2020/02/23 13:12:17 workcli.go:396: Reply Message Invalid!
ERROR: 2020/02/23 13:12:17 workcli.go:396: Reply Message Invalid!
ERROR: 2020/02/23 13:12:17 workcli.go:396: Reply Message Invalid!
ERROR: 2020/02/23 13:12:17 workcli.go:396: Reply Message Invalid!
ERROR: 2020/02/23 13:12:17 workcli.go:396: Reply Message Invalid!
ERROR: 2020/02/23 13:12:17 workcli.go:396: Reply Message Invalid!
ERROR: 2020/02/23 13:12:17 workcli.go:396: Reply Message Invalid!
ERROR: 2020/02/23 13:12:17 workcli.go:396: Reply Message Invalid!
ERROR: 2020/02/23 13:12:17 workcli.go:396: Reply Message Invalid!
ERROR: 2020/02/23 13:12:17 workcli.go:396: Reply Message Invalid!
ERROR: 2020/02/23 13:12:17 workcli.go:396: Reply Message Invalid!
ERROR: 2020/02/23 13:12:17 workcli.go:396: Reply Message Invalid!
ERROR: 2020/02/23 13:12:17 workcli.go:396: Reply Message Invalid!
ERROR: 2020/02/23 13:12:17 workcli.go:396: Reply Message Invalid!
ERROR: 2020/02/23 13:12:17 workcli.go:396: Reply Message Invalid!
ERROR: 2020/02/23 13:12:17 workcli.go:396: Reply Message Invalid!
ERROR: 2020/02/23 13:12:17 workcli.go:396: Reply Message Invalid!
ERROR: 2020/02/23 13:12:17 workcli.go:396: Reply Message Invalid!
ERROR: 2020/02/23 13:12:17 workcli.go:396: Reply Message Invalid!
ERROR: 2020/02/23 13:12:17 workcli.go:396: Reply Message Invalid!
ERROR: 2020/02/23 13:12:17 workcli.go:396: Reply Message Invalid!
ERROR: 2020/02/23 13:12:17 workcli.go:396: Reply Message Invalid!
ERROR: 2020/02/23 13:12:17 workcli.go:396: Reply Message Invalid!
ERROR: 2020/02/23 13:12:17 workcli.go:396: Reply Message Invalid!
ERROR: 2020/02/23 13:12:17 workcli.go:396: Reply Message Invalid!
ERROR: 2020/02/23 13:12:17 workcli.go:396: Reply Message Invalid!
ERROR: 2020/02/23 13:12:17 workcli.go:396: Reply Message Invalid!
ERROR: 2020/02/23 13:12:17 workcli.go:396: Reply Message Invalid!
ERROR: 2020/02/23 13:12:17 workcli.go:396: Reply Message Invalid!
ERROR: 2020/02/23 13:12:17 workcli.go:396: Reply Message Invalid!
ERROR: 2020/02/23 13:12:17 workcli.go:396: Reply Message Invalid!
ERROR: 2020/02/23 13:12:17 workcli.go:396: Reply Message Invalid!
ERROR: 2020/02/23 13:12:17 workcli.go:396: Reply Message Invalid!
ERROR: 2020/02/23 13:12:17 workcli.go:396: Reply Message Invalid!
ERROR: 2020/02/23 13:12:17 workcli.go:396: Reply Message Invalid!
ERROR: 2020/02/23 13:12:17 workcli.go:396: Reply Message Invalid!
ERROR: 2020/02/23 13:12:17 workcli.go:396: Reply Message Invalid!
ERROR: 2020/02/23 13:12:17 workcli.go:396: Reply Message Invalid!
ERROR: 2020/02/23 13:12:17 workcli.go:396: Reply Message Invalid!
ERROR: 2020/02/23 13:12:17 workcli.go:396: Reply Message Invalid!
ERROR: 2020/02/23 13:12:17 workcli.go:396: Reply Message Invalid!
ERROR: 2020/02/23 13:12:17 workcli.go:396: Reply Message Invalid!
ERROR: 2020/02/23 13:12:17 workcli.go:396: Reply Message Invalid!
ERROR: 2020/02/23 13:12:17 workcli.go:396: Reply Message Invalid!
ERROR: 2020/02/23 13:12:17 workcli.go:396: Reply Message Invalid!
ERROR: 2020/02/23 13:12:17 workcli.go:396: Reply Message Invalid!
ERROR: 2020/02/23 13:12:17 workcli.go:396: Reply Message Invalid!
ERROR: 2020/02/23 13:12:17 workcli.go:396: Reply Message Invalid!
ERROR: 2020/02/23 13:12:17 workcli.go:396: Reply Message Invalid!
ERROR: 2020/02/23 13:12:17 workcli.go:396: Reply Message Invalid!
ERROR: 2020/02/23 13:12:17 workcli.go:396: Reply Message Invalid!
ERROR: 2020/02/23 13:12:17 workcli.go:396: Reply Message Invalid!
ERROR: 2020/02/23 13:12:17 workcli.go:396: Reply Message Invalid!
ERROR: 2020/02/23 13:12:17 workcli.go:396: Reply Message Invalid!
ERROR: 2020/02/23 13:12:17 workcli.go:396: Reply Message Invalid!
ERROR: 2020/02/23 13:12:17 workcli.go:396: Reply Message Invalid!
ERROR: 2020/02/23 13:12:17 workcli.go:396: Reply Message Invalid!
ERROR: 2020/02/23 13:12:17 workcli.go:396: Reply Message Invalid!
ERROR: 2020/02/23 13:12:17 workcli.go:396: Reply Message Invalid!
ERROR: 2020/02/23 13:12:17 workcli.go:396: Reply Message Invalid!
ERROR: 2020/02/23 13:12:17 workcli.go:396: Reply Message Invalid!
ERROR: 2020/02/23 13:12:17 workcli.go:396: Reply Message Invalid!
ERROR: 2020/02/23 13:12:17 workcli.go:396: Reply Message Invalid!
ERROR: 2020/02/23 13:12:17 workcli.go:396: Reply Message Invalid!
ERROR: 2020/02/23 13:12:17 workcli.go:396: Reply Message Invalid!
ERROR: 2020/02/23 13:12:17 workcli.go:396: Reply Message Invalid!
ERROR: 2020/02/23 13:12:17 workcli.go:396: Reply Message Invalid!
ERROR: 2020/02/23 13:12:17 workcli.go:396: Reply Message Invalid!
ERROR: 2020/02/23 13:12:17 workcli.go:396: Reply Message Invalid!
ERROR: 2020/02/23 13:12:17 workcli.go:396: Reply Message Invalid!
ERROR: 2020/02/23 13:12:17 workcli.go:396: Reply Message Invalid!
ERROR: 2020/02/23 13:12:17 workcli.go:396: Reply Message Invalid!
ERROR: 2020/02/23 13:12:17 workcli.go:396: Reply Message Invalid!
ERROR: 2020/02/23 13:12:17 workcli.go:396: Reply Message Invalid!
ERROR: 2020/02/23 13:12:17 workcli.go:396: Reply Message Invalid!
ERROR: 2020/02/23 13:12:17 workcli.go:396: Reply Message Invalid!
ERROR: 2020/02/23 13:12:17 workcli.go:396: Reply Message Invalid!
ERROR: 2020/02/23 13:12:17 workcli.go:396: Reply Message Invalid!
ERROR: 2020/02/23 13:12:17 workcli.go:396: Reply Message Invalid!
ERROR: 2020/02/23 13:12:17 workcli.go:396: Reply Message Invalid!
ERROR: 2020/02/23 13:12:17 workcli.go:396: Reply Message Invalid!
ERROR: 2020/02/23 13:12:17 workcli.go:396: Reply Message Invalid!
ERROR: 2020/02/23 13:12:17 workcli.go:396: Reply Message Invalid!
ERROR: 2020/02/23 13:12:17 workcli.go:396: Reply Message Invalid!
ERROR: 2020/02/23 13:12:17 workcli.go:396: Reply Message Invalid!
ERROR: 2020/02/23 13:12:17 workcli.go:396: Reply Message Invalid!
ERROR: 2020/02/23 13:12:17 workcli.go:396: Reply Message Invalid!
ERROR: 2020/02/23 13:12:17 workcli.go:396: Reply Message Invalid!
ERROR: 2020/02/23 13:12:17 workcli.go:396: Reply Message Invalid!
ERROR: 2020/02/23 13:12:17 workcli.go:396: Reply Message Invalid!
ERROR: 2020/02/23 13:12:17 workcli.go:396: Reply Message Invalid!
ERROR: 2020/02/23 13:12:17 workcli.go:396: Reply Message Invalid!
ERROR: 2020/02/23 13:12:17 workcli.go:396: Reply Message Invalid!
ERROR: 2020/02/23 13:12:17 workcli.go:396: Reply Message Invalid!
ERROR: 2020/02/23 13:12:17 workcli.go:396: Reply Message Invalid!
ERROR: 2020/02/23 13:12:17 workcli.go:396: Reply Message Invalid!
ERROR: 2020/02/23 13:12:17 workcli.go:396: Reply Message Invalid!
ERROR: 2020/02/23 13:12:17 workcli.go:396: Reply Message Invalid!
ERROR: 2020/02/23 13:12:17 workcli.go:396: Reply Message Invalid!
ERROR: 2020/02/23 13:12:17 workcli.go:396: Reply Message Invalid!
ERROR: 2020/02/23 13:12:17 workcli.go:396: Reply Message Invalid!
ERROR: 2020/02/23 13:12:17 workcli.go:396: Reply Message Invalid!
ERROR: 2020/02/23 13:12:17 workcli.go:396: Reply Message Invalid!
ERROR: 2020/02/23 13:12:17 workcli.go:396: Reply Message Invalid!
ERROR: 2020/02/23 13:12:17 workcli.go:396: Reply Message Invalid!
ERROR: 2020/02/23 13:12:17 workcli.go:396: Reply Message Invalid!
ERROR: 2020/02/23 13:12:17 workcli.go:396: Reply Message Invalid!
ERROR: 2020/02/23 13:12:17 workcli.go:396: Reply Message Invalid!
ERROR: 2020/02/23 13:12:17 workcli.go:396: Reply Message Invalid!
ERROR: 2020/02/23 13:12:17 workcli.go:396: Reply Message Invalid!
ERROR: 2020/02/23 13:12:17 workcli.go:396: Reply Message Invalid!
ERROR: 2020/02/23 13:12:17 workcli.go:396: Reply Message Invalid!
ERROR: 2020/02/23 13:12:17 workcli.go:396: Reply Message Invalid!
ERROR: 2020/02/23 13:12:17 workcli.go:396: Reply Message Invalid!
ERROR: 2020/02/23 13:12:17 workcli.go:396: Reply Message Invalid!
ERROR: 2020/02/23 13:12:17 workcli.go:396: Reply Message Invalid!
ERROR: 2020/02/23 13:12:17 workcli.go:396: Reply Message Invalid!
ERROR: 2020/02/23 13:12:17 workcli.go:396: Reply Message Invalid!
ERROR: 2020/02/23 13:12:17 workcli.go:396: Reply Message Invalid!
ERROR: 2020/02/23 13:12:17 workcli.go:396: Reply Message Invalid!
ERROR: 2020/02/23 13:12:17 workcli.go:396: Reply Message Invalid!
ERROR: 2020/02/23 13:12:17 workcli.go:396: Reply Message Invalid!
ERROR: 2020/02/23 13:12:17 workcli.go:396: Reply Message Invalid!
ERROR: 2020/02/23 13:12:17 workcli.go:396: Reply Message Invalid!
ERROR: 2020/02/23 13:12:17 workcli.go:396: Reply Message Invalid!
ERROR: 2020/02/23 13:12:17 workcli.go:396: Reply Message Invalid!
ERROR: 2020/02/23 13:12:17 workcli.go:396: Reply Message Invalid!
ERROR: 2020/02/23 13:12:17 workcli.go:396: Reply Message Invalid!
ERROR: 2020/02/23 13:12:17 workcli.go:396: Reply Message Invalid!
ERROR: 2020/02/23 13:12:17 workcli.go:396: Reply Message Invalid!
ERROR: 2020/02/23 13:12:17 workcli.go:396: Reply Message Invalid!
ERROR: 2020/02/23 13:12:17 workcli.go:396: Reply Message Invalid!
ERROR: 2020/02/23 13:12:17 workcli.go:396: Reply Message Invalid!
ERROR: 2020/02/23 13:12:17 workcli.go:396: Reply Message Invalid!
ERROR: 2020/02/23 13:12:17 workcli.go:396: Reply Message Invalid!
ERROR: 2020/02/23 13:12:17 workcli.go:396: Reply Message Invalid!
ERROR: 2020/02/23 13:12:17 workcli.go:396: Reply Message Invalid!
ERROR: 2020/02/23 13:12:17 workcli.go:396: Reply Message Invalid!
ERROR: 2020/02/23 13:12:17 workcli.go:396: Reply Message Invalid!
ERROR: 2020/02/23 13:12:17 workcli.go:396: Reply Message Invalid!
ERROR: 2020/02/23 13:12:17 workcli.go:396: Reply Message Invalid!
ERROR: 2020/02/23 13:12:17 workcli.go:396: Reply Message Invalid!
ERROR: 2020/02/23 13:12:17 workcli.go:396: Reply Message Invalid!
ERROR: 2020/02/23 13:12:17 workcli.go:396: Reply Message Invalid!
ERROR: 2020/02/23 13:12:17 workcli.go:396: Reply Message Invalid!
ERROR: 2020/02/23 13:12:17 workcli.go:396: Reply Message Invalid!
ERROR: 2020/02/23 13:12:17 workcli.go:396: Reply Message Invalid!
ERROR: 2020/02/23 13:12:17 workcli.go:396: Reply Message Invalid!
ERROR: 2020/02/23 13:12:17 workcli.go:396: Reply Message Invalid!
ERROR: 2020/02/23 13:12:17 workcli.go:396: Reply Message Invalid!
ERROR: 2020/02/23 13:12:17 workcli.go:396: Reply Message Invalid!
ERROR: 2020/02/23 13:12:17 workcli.go:396: Reply Message Invalid!
ERROR: 2020/02/23 13:12:17 workcli.go:396: Reply Message Invalid!
ERROR: 2020/02/23 13:12:17 workcli.go:396: Reply Message Invalid!
ERROR: 2020/02/23 13:12:17 workcli.go:396: Reply Message Invalid!
ERROR: 2020/02/23 13:12:17 workcli.go:396: Reply Message Invalid!
ERROR: 2020/02/23 13:12:17 workcli.go:396: Reply Message Invalid!
ERROR: 2020/02/23 13:12:17 workcli.go:396: Reply Message Invalid!
ERROR: 2020/02/23 13:12:17 workcli.go:396: Reply Message Invalid!
ERROR: 2020/02/23 13:12:17 workcli.go:396: Reply Message Invalid!
ERROR: 2020/02/23 13:12:17 workcli.go:396: Reply Message Invalid!
ERROR: 2020/02/23 13:12:17 workcli.go:396: Reply Message Invalid!
ERROR: 2020/02/23 13:12:17 workcli.go:396: Reply Message Invalid!
ERROR: 2020/02/23 13:12:17 workcli.go:396: Reply Message Invalid!
ERROR: 2020/02/23 13:12:17 workcli.go:396: Reply Message Invalid!
ERROR: 2020/02/23 13:12:17 workcli.go:396: Reply Message Invalid!
ERROR: 2020/02/23 13:12:17 workcli.go:396: Reply Message Invalid!
ERROR: 2020/02/23 13:12:17 workcli.go:396: Reply Message Invalid!
ERROR: 2020/02/23 13:12:17 workcli.go:396: Reply Message Invalid!
ERROR: 2020/02/23 13:12:17 workcli.go:396: Reply Message Invalid!
ERROR: 2020/02/23 13:12:17 workcli.go:396: Reply Message Invalid!
ERROR: 2020/02/23 13:12:17 workcli.go:396: Reply Message Invalid!
ERROR: 2020/02/23 13:12:17 workcli.go:396: Reply Message Invalid!
ERROR: 2020/02/23 13:12:17 workcli.go:396: Reply Message Invalid!
ERROR: 2020/02/23 13:12:17 workcli.go:396: Reply Message Invalid!
ERROR: 2020/02/23 13:12:17 workcli.go:396: Reply Message Invalid!
ERROR: 2020/02/23 13:12:17 workcli.go:396: Reply Message Invalid!
ERROR: 2020/02/23 13:12:17 workcli.go:396: Reply Message Invalid!
ERROR: 2020/02/23 13:12:17 workcli.go:396: Reply Message Invalid!
ERROR: 2020/02/23 13:12:17 workcli.go:396: Reply Message Invalid!
ERROR: 2020/02/23 13:12:17 workcli.go:396: Reply Message Invalid!
ERROR: 2020/02/23 13:12:17 workcli.go:396: Reply Message Invalid!
ERROR: 2020/02/23 13:12:17 workcli.go:396: Reply Message Invalid!
ERROR: 2020/02/23 13:12:17 workcli.go:396: Reply Message Invalid!
ERROR: 2020/02/23 13:12:17 workcli.go:396: Reply Message Invalid!
ERROR: 2020/02/23 13:12:17 workcli.go:396: Reply Message Invalid!
ERROR: 2020/02/23 13:12:17 workcli.go:396: Reply Message Invalid!
ERROR: 2020/02/23 13:12:17 workcli.go:396: Reply Message Invalid!
ERROR: 2020/02/23 13:12:17 workcli.go:396: Reply Message Invalid!
ERROR: 2020/02/23 13:12:17 workcli.go:396: Reply Message Invalid!
ERROR: 2020/02/23 13:12:17 workcli.go:396: Reply Message Invalid!
ERROR: 2020/02/23 13:12:17 workcli.go:396: Reply Message Invalid!
ERROR: 2020/02/23 13:12:17 workcli.go:396: Reply Message Invalid!
ERROR: 2020/02/23 13:12:17 workcli.go:396: Reply Message Invalid!
ERROR: 2020/02/23 13:12:17 workcli.go:396: Reply Message Invalid!
ERROR: 2020/02/23 13:12:17 workcli.go:396: Reply Message Invalid!
ERROR: 2020/02/23 13:12:17 workcli.go:396: Reply Message Invalid!
ERROR: 2020/02/23 13:12:17 workcli.go:396: Reply Message Invalid!
ERROR: 2020/02/23 13:12:17 workcli.go:396: Reply Message Invalid!
ERROR: 2020/02/23 13:12:17 workcli.go:396: Reply Message Invalid!
ERROR: 2020/02/23 13:12:17 workcli.go:396: Reply Message Invalid!
ERROR: 2020/02/23 13:12:17 workcli.go:396: Reply Message Invalid!
ERROR: 2020/02/23 13:12:17 workcli.go:396: Reply Message Invalid!
ERROR: 2020/02/23 13:12:17 workcli.go:396: Reply Message Invalid!
ERROR: 2020/02/23 13:12:17 workcli.go:396: Reply Message Invalid!
ERROR: 2020/02/23 13:12:17 workcli.go:396: Reply Message Invalid!
ERROR: 2020/02/23 13:12:17 workcli.go:396: Reply Message Invalid!
ERROR: 2020/02/23 13:12:17 workcli.go:396: Reply Message Invalid!
ERROR: 2020/02/23 13:12:17 workcli.go:396: Reply Message Invalid!
ERROR: 2020/02/23 13:12:17 workcli.go:396: Reply Message Invalid!
ERROR: 2020/02/23 13:12:17 workcli.go:396: Reply Message Invalid!
ERROR: 2020/02/23 13:12:17 workcli.go:396: Reply Message Invalid!
ERROR: 2020/02/23 13:12:17 workcli.go:396: Reply Message Invalid!
ERROR: 2020/02/23 13:12:17 workcli.go:396: Reply Message Invalid!
ERROR: 2020/02/23 13:12:17 workcli.go:396: Reply Message Invalid!
ERROR: 2020/02/23 13:12:17 workcli.go:396: Reply Message Invalid!
ERROR: 2020/02/23 13:12:17 workcli.go:396: Reply Message Invalid!
ERROR: 2020/02/23 13:12:17 workcli.go:396: Reply Message Invalid!
ERROR: 2020/02/23 13:12:17 workcli.go:396: Reply Message Invalid!
ERROR: 2020/02/23 13:12:17 workcli.go:396: Reply Message Invalid!
ERROR: 2020/02/23 13:12:17 workcli.go:396: Reply Message Invalid!
ERROR: 2020/02/23 13:12:17 workcli.go:396: Reply Message Invalid!
ERROR: 2020/02/23 13:12:17 workcli.go:396: Reply Message Invalid!
ERROR: 2020/02/23 13:12:17 workcli.go:396: Reply Message Invalid!
ERROR: 2020/02/23 13:12:17 workcli.go:396: Reply Message Invalid!
ERROR: 2020/02/23 13:12:17 workcli.go:396: Reply Message Invalid!
ERROR: 2020/02/23 13:12:17 workcli.go:396: Reply Message Invalid!
ERROR: 2020/02/23 13:12:17 workcli.go:396: Reply Message Invalid!
ERROR: 2020/02/23 13:12:17 workcli.go:396: Reply Message Invalid!
ERROR: 2020/02/23 13:12:17 workcli.go:396: Reply Message Invalid!
ERROR: 2020/02/23 13:12:17 workcli.go:396: Reply Message Invalid!
ERROR: 2020/02/23 13:12:17 workcli.go:396: Reply Message Invalid!
ERROR: 2020/02/23 13:12:17 workcli.go:396: Reply Message Invalid!
ERROR: 2020/02/23 13:12:17 workcli.go:396: Reply Message Invalid!
ERROR: 2020/02/23 13:12:17 workcli.go:396: Reply Message Invalid!
ERROR: 2020/02/23 13:12:17 workcli.go:396: Reply Message Invalid!
ERROR: 2020/02/23 13:12:17 workcli.go:396: Reply Message Invalid!
ERROR: 2020/02/23 13:12:17 workcli.go:396: Reply Message Invalid!
ERROR: 2020/02/23 13:12:17 workcli.go:396: Reply Message Invalid!
ERROR: 2020/02/23 13:12:17 workcli.go:396: Reply Message Invalid!
ERROR: 2020/02/23 13:12:17 workcli.go:396: Reply Message Invalid!
ERROR: 2020/02/23 13:12:17 workcli.go:396: Reply Message Invalid!
ERROR: 2020/02/23 13:12:17 workcli.go:396: Reply Message Invalid!
ERROR: 2020/02/23 13:12:17 workcli.go:396: Reply Message Invalid!
ERROR: 2020/02/23 13:12:17 workcli.go:396: Reply Message Invalid!
ERROR: 2020/02/23 13:12:17 workcli.go:396: Reply Message Invalid!
ERROR: 2020/02/23 13:12:17 workcli.go:396: Reply Message Invalid!
ERROR: 2020/02/23 13:12:17 workcli.go:396: Reply Message Invalid!
ERROR: 2020/02/23 13:12:17 workcli.go:396: Reply Message Invalid!
ERROR: 2020/02/23 13:12:17 workcli.go:396: Reply Message Invalid!
ERROR: 2020/02/23 13:12:17 workcli.go:396: Reply Message Invalid!
ERROR: 2020/02/23 13:12:17 workcli.go:396: Reply Message Invalid!
ERROR: 2020/02/23 13:12:17 workcli.go:396: Reply Message Invalid!
ERROR: 2020/02/23 13:12:17 workcli.go:396: Reply Message Invalid!
ERROR: 2020/02/23 13:12:17 workcli.go:396: Reply Message Invalid!
ERROR: 2020/02/23 13:12:17 workcli.go:396: Reply Message Invalid!
ERROR: 2020/02/23 13:12:17 workcli.go:396: Reply Message Invalid!
ERROR: 2020/02/23 13:12:17 workcli.go:396: Reply Message Invalid!
ERROR: 2020/02/23 13:12:17 workcli.go:396: Reply Message Invalid!
ERROR: 2020/02/23 13:12:17 workcli.go:396: Reply Message Invalid!
ERROR: 2020/02/23 13:12:17 workcli.go:396: Reply Message Invalid!
ERROR: 2020/02/23 13:12:17 workcli.go:396: Reply Message Invalid!
ERROR: 2020/02/23 13:12:17 workcli.go:396: Reply Message Invalid!
ERROR: 2020/02/23 13:12:17 workcli.go:396: Reply Message Invalid!
ERROR: 2020/02/23 13:12:17 workcli.go:396: Reply Message Invalid!
ERROR: 2020/02/23 13:12:17 workcli.go:396: Reply Message Invalid!
ERROR: 2020/02/23 13:12:17 workcli.go:396: Reply Message Invalid!
ERROR: 2020/02/23 13:12:17 workcli.go:396: Reply Message Invalid!
ERROR: 2020/02/23 13:12:17 workcli.go:396: Reply Message Invalid!
ERROR: 2020/02/23 13:12:17 workcli.go:396: Reply Message Invalid!
ERROR: 2020/02/23 13:12:17 workcli.go:396: Reply Message Invalid!
ERROR: 2020/02/23 13:12:17 workcli.go:396: Reply Message Invalid!
ERROR: 2020/02/23 13:12:17 workcli.go:396: Reply Message Invalid!
ERROR: 2020/02/23 13:12:17 workcli.go:396: Reply Message Invalid!
ERROR: 2020/02/23 13:12:17 workcli.go:396: Reply Message Invalid!
ERROR: 2020/02/23 13:12:17 workcli.go:396: Reply Message Invalid!
ERROR: 2020/02/23 13:12:17 workcli.go:396: Reply Message Invalid!
ERROR: 2020/02/23 13:12:17 workcli.go:396: Reply Message Invalid!
ERROR: 2020/02/23 13:12:17 workcli.go:396: Reply Message Invalid!
ERROR: 2020/02/23 13:12:17 workcli.go:396: Reply Message Invalid!
ERROR: 2020/02/23 13:12:17 workcli.go:396: Reply Message Invalid!
ERROR: 2020/02/23 13:12:17 workcli.go:396: Reply Message Invalid!
ERROR: 2020/02/23 13:12:17 workcli.go:396: Reply Message Invalid!
ERROR: 2020/02/23 13:12:17 workcli.go:396: Reply Message Invalid!
ERROR: 2020/02/23 13:12:17 workcli.go:396: Reply Message Invalid!
ERROR: 2020/02/23 13:12:17 workcli.go:396: Reply Message Invalid!
ERROR: 2020/02/23 13:12:17 workcli.go:396: Reply Message Invalid!
ERROR: 2020/02/23 13:12:17 workcli.go:396: Reply Message Invalid!
ERROR: 2020/02/23 13:12:17 workcli.go:396: Reply Message Invalid!
ERROR: 2020/02/23 13:12:17 workcli.go:396: Reply Message Invalid!
ERROR: 2020/02/23 13:12:17 workcli.go:396: Reply Message Invalid!
ERROR: 2020/02/23 13:12:17 workcli.go:396: Reply Message Invalid!
ERROR: 2020/02/23 13:12:17 workcli.go:396: Reply Message Invalid!
ERROR: 2020/02/23 13:12:17 workcli.go:396: Reply Message Invalid!
ERROR: 2020/02/23 13:12:17 workcli.go:396: Reply Message Invalid!
ERROR: 2020/02/23 13:12:17 workcli.go:396: Reply Message Invalid!
ERROR: 2020/02/23 13:12:17 workcli.go:396: Reply Message Invalid!
ERROR: 2020/02/23 13:12:17 workcli.go:396: Reply Message Invalid!
ERROR: 2020/02/23 13:12:17 workcli.go:396: Reply Message Invalid!
ERROR: 2020/02/23 13:12:17 workcli.go:396: Reply Message Invalid!
ERROR: 2020/02/23 13:12:17 workcli.go:396: Reply Message Invalid!
ERROR: 2020/02/23 13:12:17 workcli.go:396: Reply Message Invalid!
ERROR: 2020/02/23 13:12:17 workcli.go:396: Reply Message Invalid!
ERROR: 2020/02/23 13:12:17 workcli.go:396: Reply Message Invalid!
ERROR: 2020/02/23 13:12:17 workcli.go:396: Reply Message Invalid!
ERROR: 2020/02/23 13:12:17 workcli.go:396: Reply Message Invalid!
ERROR: 2020/02/23 13:12:17 workcli.go:396: Reply Message Invalid!
ERROR: 2020/02/23 13:12:17 workcli.go:396: Reply Message Invalid!
ERROR: 2020/02/23 13:12:17 workcli.go:396: Reply Message Invalid!
ERROR: 2020/02/23 13:12:17 workcli.go:396: Reply Message Invalid!
ERROR: 2020/02/23 13:12:17 workcli.go:396: Reply Message Invalid!
ERROR: 2020/02/23 13:12:17 workcli.go:396: Reply Message Invalid!
ERROR: 2020/02/23 13:12:17 workcli.go:396: Reply Message Invalid!
ERROR: 2020/02/23 13:12:17 workcli.go:396: Reply Message Invalid!
ERROR: 2020/02/23 13:12:17 workcli.go:396: Reply Message Invalid!
ERROR: 2020/02/23 13:12:17 workcli.go:396: Reply Message Invalid!
ERROR: 2020/02/23 13:12:17 workcli.go:396: Reply Message Invalid!
ERROR: 2020/02/23 13:12:17 workcli.go:396: Reply Message Invalid!
ERROR: 2020/02/23 13:12:17 workcli.go:396: Reply Message Invalid!
ERROR: 2020/02/23 13:12:17 workcli.go:396: Reply Message Invalid!
ERROR: 2020/02/23 13:12:17 workcli.go:396: Reply Message Invalid!
ERROR: 2020/02/23 13:12:17 workcli.go:396: Reply Message Invalid!
ERROR: 2020/02/23 13:12:17 workcli.go:396: Reply Message Invalid!
ERROR: 2020/02/23 13:12:17 workcli.go:396: Reply Message Invalid!
ERROR: 2020/02/23 13:12:17 workcli.go:396: Reply Message Invalid!
ERROR: 2020/02/23 13:12:17 workcli.go:396: Reply Message Invalid!
ERROR: 2020/02/23 13:12:17 workcli.go:396: Reply Message Invalid!
ERROR: 2020/02/23 13:12:17 workcli.go:396: Reply Message Invalid!
ERROR: 2020/02/23 13:12:17 workcli.go:396: Reply Message Invalid!
ERROR: 2020/02/23 13:12:17 workcli.go:396: Reply Message Invalid!
ERROR: 2020/02/23 13:12:17 workcli.go:396: Reply Message Invalid!
ERROR: 2020/02/23 13:12:17 workcli.go:396: Reply Message Invalid!
ERROR: 2020/02/23 13:12:17 workcli.go:396: Reply Message Invalid!
ERROR: 2020/02/23 13:12:17 workcli.go:396: Reply Message Invalid!
ERROR: 2020/02/23 13:12:17 workcli.go:396: Reply Message Invalid!
ERROR: 2020/02/23 13:12:17 workcli.go:396: Reply Message Invalid!
ERROR: 2020/02/23 13:12:17 workcli.go:396: Reply Message Invalid!
ERROR: 2020/02/23 13:12:17 workcli.go:396: Reply Message Invalid!
ERROR: 2020/02/23 13:12:17 workcli.go:396: Reply Message Invalid!
ERROR: 2020/02/23 13:12:17 workcli.go:396: Reply Message Invalid!
ERROR: 2020/02/23 13:12:17 workcli.go:396: Reply Message Invalid!
ERROR: 2020/02/23 13:12:17 workcli.go:396: Reply Message Invalid!
ERROR: 2020/02/23 13:12:17 workcli.go:396: Reply Message Invalid!
ERROR: 2020/02/23 13:12:17 workcli.go:396: Reply Message Invalid!
ERROR: 2020/02/23 13:12:17 workcli.go:396: Reply Message Invalid!
ERROR: 2020/02/23 13:12:17 workcli.go:396: Reply Message Invalid!
ERROR: 2020/02/23 13:12:17 workcli.go:396: Reply Message Invalid!
ERROR: 2020/02/23 13:12:17 workcli.go:396: Reply Message Invalid!
ERROR: 2020/02/23 13:12:17 workcli.go:396: Reply Message Invalid!
ERROR: 2020/02/23 13:12:17 workcli.go:396: Reply Message Invalid!
ERROR: 2020/02/23 13:12:17 workcli.go:396: Reply Message Invalid!
ERROR: 2020/02/23 13:12:17 workcli.go:396: Reply Message Invalid!
ERROR: 2020/02/23 13:12:17 workcli.go:396: Reply Message Invalid!
ERROR: 2020/02/23 13:12:17 workcli.go:396: Reply Message Invalid!
ERROR: 2020/02/23 13:12:17 workcli.go:396: Reply Message Invalid!
ERROR: 2020/02/23 13:12:17 workcli.go:396: Reply Message Invalid!
ERROR: 2020/02/23 13:12:17 workcli.go:396: Reply Message Invalid!
ERROR: 2020/02/23 13:12:17 workcli.go:396: Reply Message Invalid!
ERROR: 2020/02/23 13:12:17 workcli.go:396: Reply Message Invalid!
ERROR: 2020/02/23 13:12:17 workcli.go:396: Reply Message Invalid!
ERROR: 2020/02/23 13:12:17 workcli.go:396: Reply Message Invalid!
ERROR: 2020/02/23 13:12:17 workcli.go:396: Reply Message Invalid!
ERROR: 2020/02/23 13:12:17 workcli.go:396: Reply Message Invalid!
ERROR: 2020/02/23 13:12:17 workcli.go:396: Reply Message Invalid!
ERROR: 2020/02/23 13:12:17 workcli.go:396: Reply Message Invalid!
ERROR: 2020/02/23 13:12:17 workcli.go:396: Reply Message Invalid!
ERROR: 2020/02/23 13:12:17 workcli.go:396: Reply Message Invalid!
ERROR: 2020/02/23 13:12:17 workcli.go:396: Reply Message Invalid!
ERROR: 2020/02/23 13:12:17 workcli.go:396: Reply Message Invalid!
ERROR: 2020/02/23 13:12:17 workcli.go:396: Reply Message Invalid!
ERROR: 2020/02/23 13:12:17 workcli.go:396: Reply Message Invalid!
ERROR: 2020/02/23 13:12:17 workcli.go:396: Reply Message Invalid!
ERROR: 2020/02/23 13:12:17 workcli.go:396: Reply Message Invalid!
ERROR: 2020/02/23 13:12:17 workcli.go:396: Reply Message Invalid!
ERROR: 2020/02/23 13:12:17 workcli.go:396: Reply Message Invalid!
ERROR: 2020/02/23 13:12:17 workcli.go:396: Reply Message Invalid!
ERROR: 2020/02/23 13:12:17 workcli.go:396: Reply Message Invalid!
ERROR: 2020/02/23 13:12:17 workcli.go:396: Reply Message Invalid!
ERROR: 2020/02/23 13:12:17 workcli.go:396: Reply Message Invalid!
ERROR: 2020/02/23 13:12:17 workcli.go:396: Reply Message Invalid!
ERROR: 2020/02/23 13:12:17 workcli.go:396: Reply Message Invalid!
ERROR: 2020/02/23 13:12:17 workcli.go:396: Reply Message Invalid!
ERROR: 2020/02/23 13:12:17 workcli.go:396: Reply Message Invalid!
ERROR: 2020/02/23 13:12:17 workcli.go:396: Reply Message Invalid!
ERROR: 2020/02/23 13:12:17 workcli.go:396: Reply Message Invalid!
ERROR: 2020/02/23 13:12:17 workcli.go:396: Reply Message Invalid!
ERROR: 2020/02/23 13:12:17 workcli.go:396: Reply Message Invalid!
ERROR: 2020/02/23 13:12:17 workcli.go:396: Reply Message Invalid!
ERROR: 2020/02/23 13:12:17 workcli.go:396: Reply Message Invalid!
ERROR: 2020/02/23 13:12:17 workcli.go:396: Reply Message Invalid!
ERROR: 2020/02/23 13:12:17 workcli.go:396: Reply Message Invalid!
ERROR: 2020/02/23 13:12:17 workcli.go:396: Reply Message Invalid!
ERROR: 2020/02/23 13:12:17 workcli.go:396: Reply Message Invalid!
ERROR: 2020/02/23 13:12:17 workcli.go:396: Reply Message Invalid!
ERROR: 2020/02/23 13:12:17 workcli.go:396: Reply Message Invalid!
ERROR: 2020/02/23 13:12:17 workcli.go:396: Reply Message Invalid!
ERROR: 2020/02/23 13:12:17 workcli.go:396: Reply Message Invalid!
ERROR: 2020/02/23 13:12:17 workcli.go:396: Reply Message Invalid!
ERROR: 2020/02/23 13:12:17 workcli.go:396: Reply Message Invalid!
ERROR: 2020/02/23 13:12:17 workcli.go:396: Reply Message Invalid!
ERROR: 2020/02/23 13:12:17 workcli.go:396: Reply Message Invalid!
ERROR: 2020/02/23 13:12:17 workcli.go:396: Reply Message Invalid!
ERROR: 2020/02/23 13:12:17 workcli.go:396: Reply Message Invalid!
ERROR: 2020/02/23 13:12:17 workcli.go:396: Reply Message Invalid!
ERROR: 2020/02/23 13:12:17 workcli.go:396: Reply Message Invalid!
ERROR: 2020/02/23 13:12:17 workcli.go:396: Reply Message Invalid!
ERROR: 2020/02/23 13:12:17 workcli.go:396: Reply Message Invalid!
ERROR: 2020/02/23 13:12:17 workcli.go:396: Reply Message Invalid!
ERROR: 2020/02/23 13:12:17 workcli.go:396: Reply Message Invalid!
ERROR: 2020/02/23 13:12:17 workcli.go:396: Reply Message Invalid!
ERROR: 2020/02/23 13:12:17 workcli.go:396: Reply Message Invalid!
ERROR: 2020/02/23 13:12:17 workcli.go:396: Reply Message Invalid!
ERROR: 2020/02/23 13:12:17 workcli.go:396: Reply Message Invalid!
ERROR: 2020/02/23 13:12:17 workcli.go:396: Reply Message Invalid!
ERROR: 2020/02/23 13:12:17 workcli.go:396: Reply Message Invalid!
ERROR: 2020/02/23 13:12:17 workcli.go:396: Reply Message Invalid!
ERROR: 2020/02/23 13:12:17 workcli.go:396: Reply Message Invalid!
ERROR: 2020/02/23 13:12:17 workcli.go:396: Reply Message Invalid!
ERROR: 2020/02/23 13:12:17 workcli.go:396: Reply Message Invalid!
ERROR: 2020/02/23 13:12:17 workcli.go:396: Reply Message Invalid!
ERROR: 2020/02/23 13:12:17 workcli.go:396: Reply Message Invalid!
ERROR: 2020/02/23 13:12:17 workcli.go:396: Reply Message Invalid!
ERROR: 2020/02/23 13:12:17 workcli.go:396: Reply Message Invalid!
ERROR: 2020/02/23 13:12:17 workcli.go:396: Reply Message Invalid!
ERROR: 2020/02/23 13:12:17 workcli.go:396: Reply Message Invalid!
ERROR: 2020/02/23 13:12:17 workcli.go:396: Reply Message Invalid!
ERROR: 2020/02/23 13:12:17 workcli.go:396: Reply Message Invalid!
ERROR: 2020/02/23 13:12:17 workcli.go:396: Reply Message Invalid!
ERROR: 2020/02/23 13:12:17 workcli.go:396: Reply Message Invalid!
ERROR: 2020/02/23 13:12:17 workcli.go:396: Reply Message Invalid!
ERROR: 2020/02/23 13:12:17 workcli.go:396: Reply Message Invalid!
ERROR: 2020/02/23 13:12:17 workcli.go:396: Reply Message Invalid!
ERROR: 2020/02/23 13:12:17 workcli.go:396: Reply Message Invalid!
ERROR: 2020/02/23 13:12:17 workcli.go:396: Reply Message Invalid!
ERROR: 2020/02/23 13:12:17 workcli.go:396: Reply Message Invalid!
ERROR: 2020/02/23 13:12:17 workcli.go:396: Reply Message Invalid!
ERROR: 2020/02/23 13:12:17 workcli.go:396: Reply Message Invalid!
ERROR: 2020/02/23 13:12:17 workcli.go:396: Reply Message Invalid!
ERROR: 2020/02/23 13:12:17 workcli.go:396: Reply Message Invalid!
ERROR: 2020/02/23 13:12:17 workcli.go:396: Reply Message Invalid!
ERROR: 2020/02/23 13:12:17 workcli.go:396: Reply Message Invalid!
ERROR: 2020/02/23 13:12:17 workcli.go:396: Reply Message Invalid!
ERROR: 2020/02/23 13:12:17 workcli.go:396: Reply Message Invalid!
ERROR: 2020/02/23 13:12:17 workcli.go:396: Reply Message Invalid!
ERROR: 2020/02/23 13:12:17 workcli.go:396: Reply Message Invalid!
ERROR: 2020/02/23 13:12:17 workcli.go:396: Reply Message Invalid!
ERROR: 2020/02/23 13:12:17 workcli.go:396: Reply Message Invalid!
ERROR: 2020/02/23 13:12:17 workcli.go:396: Reply Message Invalid!
ERROR: 2020/02/23 13:12:17 workcli.go:396: Reply Message Invalid!
ERROR: 2020/02/23 13:12:17 workcli.go:396: Reply Message Invalid!
ERROR: 2020/02/23 13:12:17 workcli.go:396: Reply Message Invalid!
ERROR: 2020/02/23 13:12:17 workcli.go:396: Reply Message Invalid!
ERROR: 2020/02/23 13:12:17 workcli.go:396: Reply Message Invalid!
ERROR: 2020/02/23 13:12:17 workcli.go:396: Reply Message Invalid!
ERROR: 2020/02/23 13:12:17 workcli.go:396: Reply Message Invalid!
ERROR: 2020/02/23 13:12:17 workcli.go:396: Reply Message Invalid!
ERROR: 2020/02/23 13:12:17 workcli.go:396: Reply Message Invalid!
ERROR: 2020/02/23 13:12:17 workcli.go:396: Reply Message Invalid!
ERROR: 2020/02/23 13:12:17 workcli.go:396: Reply Message Invalid!
ERROR: 2020/02/23 13:12:17 workcli.go:396: Reply Message Invalid!
ERROR: 2020/02/23 13:12:17 workcli.go:396: Reply Message Invalid!
ERROR: 2020/02/23 13:12:17 workcli.go:396: Reply Message Invalid!
ERROR: 2020/02/23 13:12:17 workcli.go:396: Reply Message Invalid!
ERROR: 2020/02/23 13:12:17 workcli.go:396: Reply Message Invalid!
ERROR: 2020/02/23 13:12:17 workcli.go:396: Reply Message Invalid!
ERROR: 2020/02/23 13:12:17 workcli.go:396: Reply Message Invalid!
ERROR: 2020/02/23 13:12:17 workcli.go:396: Reply Message Invalid!
ERROR: 2020/02/23 13:12:17 workcli.go:396: Reply Message Invalid!
ERROR: 2020/02/23 13:12:17 workcli.go:396: Reply Message Invalid!
ERROR: 2020/02/23 13:12:17 workcli.go:396: Reply Message Invalid!
ERROR: 2020/02/23 13:12:17 workcli.go:396: Reply Message Invalid!
ERROR: 2020/02/23 13:12:17 workcli.go:396: Reply Message Invalid!
ERROR: 2020/02/23 13:12:17 workcli.go:396: Reply Message Invalid!
ERROR: 2020/02/23 13:12:17 workcli.go:396: Reply Message Invalid!
ERROR: 2020/02/23 13:12:17 workcli.go:396: Reply Message Invalid!
ERROR: 2020/02/23 13:12:17 workcli.go:396: Reply Message Invalid!
ERROR: 2020/02/23 13:12:17 workcli.go:396: Reply Message Invalid!
ERROR: 2020/02/23 13:12:17 workcli.go:396: Reply Message Invalid!
ERROR: 2020/02/23 13:12:17 workcli.go:396: Reply Message Invalid!
ERROR: 2020/02/23 13:12:17 workcli.go:396: Reply Message Invalid!
ERROR: 2020/02/23 13:12:17 workcli.go:396: Reply Message Invalid!
ERROR: 2020/02/23 13:12:17 workcli.go:396: Reply Message Invalid!
ERROR: 2020/02/23 13:12:17 workcli.go:396: Reply Message Invalid!
ERROR: 2020/02/23 13:12:17 workcli.go:396: Reply Message Invalid!
ERROR: 2020/02/23 13:12:17 workcli.go:396: Reply Message Invalid!
ERROR: 2020/02/23 13:12:17 workcli.go:396: Reply Message Invalid!
ERROR: 2020/02/23 13:12:17 workcli.go:396: Reply Message Invalid!
ERROR: 2020/02/23 13:12:17 workcli.go:396: Reply Message Invalid!
ERROR: 2020/02/23 13:12:17 workcli.go:396: Reply Message Invalid!
ERROR: 2020/02/23 13:12:17 workcli.go:396: Reply Message Invalid!
ERROR: 2020/02/23 13:12:17 workcli.go:396: Reply Message Invalid!
ERROR: 2020/02/23 13:12:17 workcli.go:396: Reply Message Invalid!
ERROR: 2020/02/23 13:12:17 workcli.go:396: Reply Message Invalid!
ERROR: 2020/02/23 13:12:17 workcli.go:396: Reply Message Invalid!
ERROR: 2020/02/23 13:12:17 workcli.go:396: Reply Message Invalid!
ERROR: 2020/02/23 13:12:17 workcli.go:396: Reply Message Invalid!
ERROR: 2020/02/23 13:12:17 workcli.go:396: Reply Message Invalid!
ERROR: 2020/02/23 13:12:17 workcli.go:396: Reply Message Invalid!
ERROR: 2020/02/23 13:12:17 workcli.go:396: Reply Message Invalid!
ERROR: 2020/02/23 13:12:17 workcli.go:396: Reply Message Invalid!
ERROR: 2020/02/23 13:12:17 workcli.go:396: Reply Message Invalid!
ERROR: 2020/02/23 13:12:17 workcli.go:396: Reply Message Invalid!
ERROR: 2020/02/23 13:12:17 workcli.go:396: Reply Message Invalid!
ERROR: 2020/02/23 13:12:17 workcli.go:396: Reply Message Invalid!
ERROR: 2020/02/23 13:12:17 workcli.go:396: Reply Message Invalid!
ERROR: 2020/02/23 13:12:17 workcli.go:396: Reply Message Invalid!
ERROR: 2020/02/23 13:12:17 workcli.go:396: Reply Message Invalid!
ERROR: 2020/02/23 13:12:17 workcli.go:396: Reply Message Invalid!
ERROR: 2020/02/23 13:12:17 workcli.go:396: Reply Message Invalid!
ERROR: 2020/02/23 13:12:17 workcli.go:396: Reply Message Invalid!
ERROR: 2020/02/23 13:12:17 workcli.go:396: Reply Message Invalid!
ERROR: 2020/02/23 13:12:17 workcli.go:396: Reply Message Invalid!
ERROR: 2020/02/23 13:12:17 workcli.go:396: Reply Message Invalid!
ERROR: 2020/02/23 13:12:17 workcli.go:396: Reply Message Invalid!
ERROR: 2020/02/23 13:12:17 workcli.go:396: Reply Message Invalid!
ERROR: 2020/02/23 13:12:17 workcli.go:396: Reply Message Invalid!
ERROR: 2020/02/23 13:12:17 workcli.go:396: Reply Message Invalid!
ERROR: 2020/02/23 13:12:17 workcli.go:396: Reply Message Invalid!
ERROR: 2020/02/23 13:12:17 workcli.go:396: Reply Message Invalid!
ERROR: 2020/02/23 13:12:17 workcli.go:396: Reply Message Invalid!
ERROR: 2020/02/23 13:12:17 workcli.go:396: Reply Message Invalid!
ERROR: 2020/02/23 13:12:17 workcli.go:396: Reply Message Invalid!
ERROR: 2020/02/23 13:12:17 workcli.go:396: Reply Message Invalid!
ERROR: 2020/02/23 13:12:17 workcli.go:396: Reply Message Invalid!
ERROR: 2020/02/23 13:12:17 workcli.go:396: Reply Message Invalid!
ERROR: 2020/02/23 13:12:17 workcli.go:396: Reply Message Invalid!
ERROR: 2020/02/23 13:12:17 workcli.go:396: Reply Message Invalid!
ERROR: 2020/02/23 13:12:17 workcli.go:396: Reply Message Invalid!
ERROR: 2020/02/23 13:12:17 workcli.go:396: Reply Message Invalid!
ERROR: 2020/02/23 13:12:17 workcli.go:396: Reply Message Invalid!
ERROR: 2020/02/23 13:12:17 workcli.go:396: Reply Message Invalid!
ERROR: 2020/02/23 13:12:17 workcli.go:396: Reply Message Invalid!
ERROR: 2020/02/23 13:12:17 workcli.go:396: Reply Message Invalid!
ERROR: 2020/02/23 13:12:17 workcli.go:396: Reply Message Invalid!
ERROR: 2020/02/23 13:12:17 workcli.go:396: Reply Message Invalid!
ERROR: 2020/02/23 13:12:17 workcli.go:396: Reply Message Invalid!
ERROR: 2020/02/23 13:12:17 workcli.go:396: Reply Message Invalid!
ERROR: 2020/02/23 13:12:17 workcli.go:396: Reply Message Invalid!
ERROR: 2020/02/23 13:12:17 workcli.go:396: Reply Message Invalid!
ERROR: 2020/02/23 13:12:17 workcli.go:396: Reply Message Invalid!
ERROR: 2020/02/23 13:12:17 workcli.go:396: Reply Message Invalid!
ERROR: 2020/02/23 13:12:17 workcli.go:396: Reply Message Invalid!
ERROR: 2020/02/23 13:12:17 workcli.go:396: Reply Message Invalid!
ERROR: 2020/02/23 13:12:17 workcli.go:396: Reply Message Invalid!
ERROR: 2020/02/23 13:12:17 workcli.go:396: Reply Message Invalid!
ERROR: 2020/02/23 13:12:17 workcli.go:396: Reply Message Invalid!
ERROR: 2020/02/23 13:12:17 workcli.go:396: Reply Message Invalid!
ERROR: 2020/02/23 13:12:17 workcli.go:396: Reply Message Invalid!
ERROR: 2020/02/23 13:12:17 workcli.go:396: Reply Message Invalid!
ERROR: 2020/02/23 13:12:17 workcli.go:396: Reply Message Invalid!
ERROR: 2020/02/23 13:12:17 workcli.go:396: Reply Message Invalid!
ERROR: 2020/02/23 13:12:17 workcli.go:396: Reply Message Invalid!
ERROR: 2020/02/23 13:12:17 workcli.go:396: Reply Message Invalid!
ERROR: 2020/02/23 13:12:17 workcli.go:396: Reply Message Invalid!
ERROR: 2020/02/23 13:12:17 workcli.go:396: Reply Message Invalid!
ERROR: 2020/02/23 13:12:17 workcli.go:396: Reply Message Invalid!
ERROR: 2020/02/23 13:12:17 workcli.go:396: Reply Message Invalid!
ERROR: 2020/02/23 13:12:17 workcli.go:396: Reply Message Invalid!
ERROR: 2020/02/23 13:12:17 workcli.go:396: Reply Message Invalid!
ERROR: 2020/02/23 13:12:17 workcli.go:396: Reply Message Invalid!
ERROR: 2020/02/23 13:12:17 workcli.go:396: Reply Message Invalid!
ERROR: 2020/02/23 13:12:17 workcli.go:396: Reply Message Invalid!
ERROR: 2020/02/23 13:12:17 workcli.go:396: Reply Message Invalid!
ERROR: 2020/02/23 13:12:17 workcli.go:396: Reply Message Invalid!
ERROR: 2020/02/23 13:12:17 workcli.go:396: Reply Message Invalid!
ERROR: 2020/02/23 13:12:17 workcli.go:396: Reply Message Invalid!
ERROR: 2020/02/23 13:12:17 workcli.go:396: Reply Message Invalid!
ERROR: 2020/02/23 13:12:17 workcli.go:396: Reply Message Invalid!
ERROR: 2020/02/23 13:12:17 workcli.go:396: Reply Message Invalid!
ERROR: 2020/02/23 13:12:17 workcli.go:396: Reply Message Invalid!
ERROR: 2020/02/23 13:12:17 workcli.go:396: Reply Message Invalid!
ERROR: 2020/02/23 13:12:17 workcli.go:396: Reply Message Invalid!
ERROR: 2020/02/23 13:12:17 workcli.go:396: Reply Message Invalid!
ERROR: 2020/02/23 13:12:17 workcli.go:396: Reply Message Invalid!
ERROR: 2020/02/23 13:12:17 workcli.go:396: Reply Message Invalid!
ERROR: 2020/02/23 13:12:17 workcli.go:396: Reply Message Invalid!
ERROR: 2020/02/23 13:12:17 workcli.go:396: Reply Message Invalid!
ERROR: 2020/02/23 13:12:17 workcli.go:396: Reply Message Invalid!
ERROR: 2020/02/23 13:12:17 workcli.go:396: Reply Message Invalid!
ERROR: 2020/02/23 13:12:17 workcli.go:396: Reply Message Invalid!
ERROR: 2020/02/23 13:12:17 workcli.go:396: Reply Message Invalid!
ERROR: 2020/02/23 13:12:17 workcli.go:396: Reply Message Invalid!
ERROR: 2020/02/23 13:12:17 workcli.go:396: Reply Message Invalid!
ERROR: 2020/02/23 13:12:17 workcli.go:396: Reply Message Invalid!
ERROR: 2020/02/23 13:12:17 workcli.go:396: Reply Message Invalid!
ERROR: 2020/02/23 13:12:17 workcli.go:396: Reply Message Invalid!
ERROR: 2020/02/23 13:12:17 workcli.go:396: Reply Message Invalid!
ERROR: 2020/02/23 13:12:17 workcli.go:396: Reply Message Invalid!
ERROR: 2020/02/23 13:12:17 workcli.go:396: Reply Message Invalid!
ERROR: 2020/02/23 13:12:17 workcli.go:396: Reply Message Invalid!
ERROR: 2020/02/23 13:12:17 workcli.go:396: Reply Message Invalid!
ERROR: 2020/02/23 13:12:17 workcli.go:396: Reply Message Invalid!
ERROR: 2020/02/23 13:12:17 workcli.go:396: Reply Message Invalid!
ERROR: 2020/02/23 13:12:17 workcli.go:396: Reply Message Invalid!
ERROR: 2020/02/23 13:12:17 workcli.go:396: Reply Message Invalid!
ERROR: 2020/02/23 13:12:17 workcli.go:396: Reply Message Invalid!
ERROR: 2020/02/23 13:12:17 workcli.go:396: Reply Message Invalid!
ERROR: 2020/02/23 13:12:17 workcli.go:396: Reply Message Invalid!
ERROR: 2020/02/23 13:12:17 workcli.go:396: Reply Message Invalid!
ERROR: 2020/02/23 13:12:17 workcli.go:396: Reply Message Invalid!
ERROR: 2020/02/23 13:12:17 workcli.go:396: Reply Message Invalid!
ERROR: 2020/02/23 13:12:17 workcli.go:396: Reply Message Invalid!
ERROR: 2020/02/23 13:12:17 workcli.go:396: Reply Message Invalid!
ERROR: 2020/02/23 13:12:17 workcli.go:396: Reply Message Invalid!
ERROR: 2020/02/23 13:12:17 workcli.go:396: Reply Message Invalid!
ERROR: 2020/02/23 13:12:17 workcli.go:396: Reply Message Invalid!
ERROR: 2020/02/23 13:12:17 workcli.go:396: Reply Message Invalid!
ERROR: 2020/02/23 13:12:17 workcli.go:396: Reply Message Invalid!
ERROR: 2020/02/23 13:12:17 workcli.go:396: Reply Message Invalid!
ERROR: 2020/02/23 13:12:17 workcli.go:396: Reply Message Invalid!
ERROR: 2020/02/23 13:12:17 workcli.go:396: Reply Message Invalid!
ERROR: 2020/02/23 13:12:17 workcli.go:396: Reply Message Invalid!
ERROR: 2020/02/23 13:12:17 workcli.go:396: Reply Message Invalid!
ERROR: 2020/02/23 13:12:17 workcli.go:396: Reply Message Invalid!
ERROR: 2020/02/23 13:12:17 workcli.go:396: Reply Message Invalid!
ERROR: 2020/02/23 13:12:17 workcli.go:396: Reply Message Invalid!
ERROR: 2020/02/23 13:12:17 workcli.go:396: Reply Message Invalid!
ERROR: 2020/02/23 13:12:17 workcli.go:396: Reply Message Invalid!
ERROR: 2020/02/23 13:12:17 workcli.go:396: Reply Message Invalid!
ERROR: 2020/02/23 13:12:17 workcli.go:396: Reply Message Invalid!
ERROR: 2020/02/23 13:12:17 workcli.go:396: Reply Message Invalid!
ERROR: 2020/02/23 13:12:17 workcli.go:396: Reply Message Invalid!
ERROR: 2020/02/23 13:12:17 workcli.go:396: Reply Message Invalid!
ERROR: 2020/02/23 13:12:17 workcli.go:396: Reply Message Invalid!
ERROR: 2020/02/23 13:12:17 workcli.go:396: Reply Message Invalid!
ERROR: 2020/02/23 13:12:17 workcli.go:396: Reply Message Invalid!
ERROR: 2020/02/23 13:12:17 workcli.go:396: Reply Message Invalid!
ERROR: 2020/02/23 13:12:17 workcli.go:396: Reply Message Invalid!
ERROR: 2020/02/23 13:12:17 workcli.go:396: Reply Message Invalid!
ERROR: 2020/02/23 13:12:17 workcli.go:396: Reply Message Invalid!
ERROR: 2020/02/23 13:12:17 workcli.go:396: Reply Message Invalid!
ERROR: 2020/02/23 13:12:17 workcli.go:396: Reply Message Invalid!
ERROR: 2020/02/23 13:12:17 workcli.go:396: Reply Message Invalid!
ERROR: 2020/02/23 13:12:17 workcli.go:396: Reply Message Invalid!
ERROR: 2020/02/23 13:12:17 workcli.go:396: Reply Message Invalid!
ERROR: 2020/02/23 13:12:17 workcli.go:396: Reply Message Invalid!
ERROR: 2020/02/23 13:12:17 workcli.go:396: Reply Message Invalid!
ERROR: 2020/02/23 13:12:17 workcli.go:396: Reply Message Invalid!
ERROR: 2020/02/23 13:12:17 workcli.go:396: Reply Message Invalid!
ERROR: 2020/02/23 13:12:17 workcli.go:396: Reply Message Invalid!
ERROR: 2020/02/23 13:12:17 workcli.go:396: Reply Message Invalid!
ERROR: 2020/02/23 13:12:17 workcli.go:396: Reply Message Invalid!
ERROR: 2020/02/23 13:12:17 workcli.go:396: Reply Message Invalid!
ERROR: 2020/02/23 13:12:17 workcli.go:396: Reply Message Invalid!
ERROR: 2020/02/23 13:12:17 workcli.go:396: Reply Message Invalid!
ERROR: 2020/02/23 13:12:17 workcli.go:396: Reply Message Invalid!
ERROR: 2020/02/23 13:12:17 workcli.go:396: Reply Message Invalid!
ERROR: 2020/02/23 13:12:17 workcli.go:396: Reply Message Invalid!
ERROR: 2020/02/23 13:12:17 workcli.go:396: Reply Message Invalid!
ERROR: 2020/02/23 13:12:17 workcli.go:396: Reply Message Invalid!
ERROR: 2020/02/23 13:12:17 workcli.go:396: Reply Message Invalid!
ERROR: 2020/02/23 13:12:17 workcli.go:396: Reply Message Invalid!
ERROR: 2020/02/23 13:12:17 workcli.go:396: Reply Message Invalid!
ERROR: 2020/02/23 13:12:17 workcli.go:396: Reply Message Invalid!
ERROR: 2020/02/23 13:12:17 workcli.go:396: Reply Message Invalid!
ERROR: 2020/02/23 13:12:17 workcli.go:396: Reply Message Invalid!
ERROR: 2020/02/23 13:12:17 workcli.go:396: Reply Message Invalid!
ERROR: 2020/02/23 13:12:17 workcli.go:396: Reply Message Invalid!
ERROR: 2020/02/23 13:12:17 workcli.go:396: Reply Message Invalid!
ERROR: 2020/02/23 13:12:17 workcli.go:396: Reply Message Invalid!
ERROR: 2020/02/23 13:12:17 workcli.go:396: Reply Message Invalid!
ERROR: 2020/02/23 13:12:17 workcli.go:396: Reply Message Invalid!
ERROR: 2020/02/23 13:12:17 workcli.go:396: Reply Message Invalid!
ERROR: 2020/02/23 13:12:17 workcli.go:396: Reply Message Invalid!
ERROR: 2020/02/23 13:12:17 workcli.go:396: Reply Message Invalid!
ERROR: 2020/02/23 13:12:17 workcli.go:396: Reply Message Invalid!
ERROR: 2020/02/23 13:12:17 workcli.go:396: Reply Message Invalid!
ERROR: 2020/02/23 13:12:17 workcli.go:396: Reply Message Invalid!
ERROR: 2020/02/23 13:12:17 workcli.go:396: Reply Message Invalid!
ERROR: 2020/02/23 13:12:17 workcli.go:396: Reply Message Invalid!
ERROR: 2020/02/23 13:12:17 workcli.go:396: Reply Message Invalid!
ERROR: 2020/02/23 13:12:17 workcli.go:396: Reply Message Invalid!
ERROR: 2020/02/23 13:12:17 workcli.go:396: Reply Message Invalid!
ERROR: 2020/02/23 13:12:17 workcli.go:396: Reply Message Invalid!
ERROR: 2020/02/23 13:12:17 workcli.go:396: Reply Message Invalid!
ERROR: 2020/02/23 13:12:17 workcli.go:396: Reply Message Invalid!
ERROR: 2020/02/23 13:12:17 workcli.go:396: Reply Message Invalid!
ERROR: 2020/02/23 13:12:17 workcli.go:396: Reply Message Invalid!
ERROR: 2020/02/23 13:12:17 workcli.go:396: Reply Message Invalid!
ERROR: 2020/02/23 13:12:17 workcli.go:396: Reply Message Invalid!
ERROR: 2020/02/23 13:12:17 workcli.go:396: Reply Message Invalid!
ERROR: 2020/02/23 13:12:17 workcli.go:396: Reply Message Invalid!
ERROR: 2020/02/23 13:12:17 workcli.go:396: Reply Message Invalid!
ERROR: 2020/02/23 13:12:17 workcli.go:396: Reply Message Invalid!
ERROR: 2020/02/23 13:12:17 workcli.go:396: Reply Message Invalid!
ERROR: 2020/02/23 13:12:17 workcli.go:396: Reply Message Invalid!
ERROR: 2020/02/23 13:12:17 workcli.go:396: Reply Message Invalid!
ERROR: 2020/02/23 13:12:17 workcli.go:396: Reply Message Invalid!
ERROR: 2020/02/23 13:12:17 workcli.go:396: Reply Message Invalid!
ERROR: 2020/02/23 13:12:17 workcli.go:396: Reply Message Invalid!
ERROR: 2020/02/23 13:12:17 workcli.go:396: Reply Message Invalid!
ERROR: 2020/02/23 13:12:17 workcli.go:396: Reply Message Invalid!
ERROR: 2020/02/23 13:12:17 workcli.go:396: Reply Message Invalid!
ERROR: 2020/02/23 13:12:17 workcli.go:396: Reply Message Invalid!
ERROR: 2020/02/23 13:12:17 workcli.go:396: Reply Message Invalid!
ERROR: 2020/02/23 13:12:17 workcli.go:396: Reply Message Invalid!
ERROR: 2020/02/23 13:12:17 workcli.go:396: Reply Message Invalid!
ERROR: 2020/02/23 13:12:17 workcli.go:396: Reply Message Invalid!
ERROR: 2020/02/23 13:12:17 workcli.go:396: Reply Message Invalid!
ERROR: 2020/02/23 13:12:17 workcli.go:396: Reply Message Invalid!
ERROR: 2020/02/23 13:12:17 workcli.go:396: Reply Message Invalid!
ERROR: 2020/02/23 13:12:17 workcli.go:396: Reply Message Invalid!
ERROR: 2020/02/23 13:12:17 workcli.go:396: Reply Message Invalid!
ERROR: 2020/02/23 13:12:17 workcli.go:396: Reply Message Invalid!
ERROR: 2020/02/23 13:12:17 workcli.go:396: Reply Message Invalid!
ERROR: 2020/02/23 13:12:17 workcli.go:396: Reply Message Invalid!
ERROR: 2020/02/23 13:12:17 workcli.go:396: Reply Message Invalid!
ERROR: 2020/02/23 13:12:17 workcli.go:396: Reply Message Invalid!
ERROR: 2020/02/23 13:12:17 workcli.go:396: Reply Message Invalid!
ERROR: 2020/02/23 13:12:17 workcli.go:396: Reply Message Invalid!
ERROR: 2020/02/23 13:12:17 workcli.go:396: Reply Message Invalid!
ERROR: 2020/02/23 13:12:17 workcli.go:396: Reply Message Invalid!
ERROR: 2020/02/23 13:12:17 workcli.go:396: Reply Message Invalid!
ERROR: 2020/02/23 13:12:17 workcli.go:396: Reply Message Invalid!
ERROR: 2020/02/23 13:12:17 workcli.go:396: Reply Message Invalid!
ERROR: 2020/02/23 13:12:17 workcli.go:396: Reply Message Invalid!
ERROR: 2020/02/23 13:12:17 workcli.go:396: Reply Message Invalid!
ERROR: 2020/02/23 13:12:17 workcli.go:396: Reply Message Invalid!
ERROR: 2020/02/23 13:12:17 workcli.go:396: Reply Message Invalid!
ERROR: 2020/02/23 13:12:17 workcli.go:396: Reply Message Invalid!
ERROR: 2020/02/23 13:12:17 workcli.go:396: Reply Message Invalid!
ERROR: 2020/02/23 13:12:17 workcli.go:396: Reply Message Invalid!
ERROR: 2020/02/23 13:12:17 workcli.go:396: Reply Message Invalid!
ERROR: 2020/02/23 13:12:17 workcli.go:396: Reply Message Invalid!
ERROR: 2020/02/23 13:12:17 workcli.go:396: Reply Message Invalid!
ERROR: 2020/02/23 13:12:17 workcli.go:396: Reply Message Invalid!
ERROR: 2020/02/23 13:12:17 workcli.go:396: Reply Message Invalid!
ERROR: 2020/02/23 13:12:17 workcli.go:396: Reply Message Invalid!
ERROR: 2020/02/23 13:12:17 workcli.go:396: Reply Message Invalid!
ERROR: 2020/02/23 13:12:17 workcli.go:396: Reply Message Invalid!
ERROR: 2020/02/23 13:12:17 workcli.go:396: Reply Message Invalid!
ERROR: 2020/02/23 13:12:17 workcli.go:396: Reply Message Invalid!
ERROR: 2020/02/23 13:12:17 workcli.go:396: Reply Message Invalid!
ERROR: 2020/02/23 13:12:17 workcli.go:396: Reply Message Invalid!
ERROR: 2020/02/23 13:12:17 workcli.go:396: Reply Message Invalid!
ERROR: 2020/02/23 13:12:17 workcli.go:396: Reply Message Invalid!
ERROR: 2020/02/23 13:12:17 workcli.go:396: Reply Message Invalid!
ERROR: 2020/02/23 13:12:17 workcli.go:396: Reply Message Invalid!
ERROR: 2020/02/23 13:12:17 workcli.go:396: Reply Message Invalid!
ERROR: 2020/02/23 13:12:17 workcli.go:396: Reply Message Invalid!
ERROR: 2020/02/23 13:12:17 workcli.go:396: Reply Message Invalid!
ERROR: 2020/02/23 13:12:17 workcli.go:396: Reply Message Invalid!
ERROR: 2020/02/23 13:12:17 workcli.go:396: Reply Message Invalid!
ERROR: 2020/02/23 13:12:17 workcli.go:396: Reply Message Invalid!
ERROR: 2020/02/23 13:12:17 workcli.go:396: Reply Message Invalid!
ERROR: 2020/02/23 13:12:17 workcli.go:396: Reply Message Invalid!
ERROR: 2020/02/23 13:12:17 workcli.go:396: Reply Message Invalid!
ERROR: 2020/02/23 13:12:17 workcli.go:396: Reply Message Invalid!
ERROR: 2020/02/23 13:12:17 workcli.go:396: Reply Message Invalid!
ERROR: 2020/02/23 13:12:17 workcli.go:396: Reply Message Invalid!
ERROR: 2020/02/23 13:12:17 workcli.go:396: Reply Message Invalid!
ERROR: 2020/02/23 13:12:17 workcli.go:396: Reply Message Invalid!
ERROR: 2020/02/23 13:12:17 workcli.go:396: Reply Message Invalid!
ERROR: 2020/02/23 13:12:17 workcli.go:396: Reply Message Invalid!
ERROR: 2020/02/23 13:12:17 workcli.go:396: Reply Message Invalid!
ERROR: 2020/02/23 13:12:17 workcli.go:396: Reply Message Invalid!
ERROR: 2020/02/23 13:12:17 workcli.go:396: Reply Message Invalid!
ERROR: 2020/02/23 13:12:17 workcli.go:396: Reply Message Invalid!
ERROR: 2020/02/23 13:12:17 workcli.go:396: Reply Message Invalid!
ERROR: 2020/02/23 13:12:17 workcli.go:396: Reply Message Invalid!
ERROR: 2020/02/23 13:12:17 workcli.go:396: Reply Message Invalid!
ERROR: 2020/02/23 13:12:17 workcli.go:396: Reply Message Invalid!
ERROR: 2020/02/23 13:12:17 workcli.go:396: Reply Message Invalid!
ERROR: 2020/02/23 13:12:17 workcli.go:396: Reply Message Invalid!
ERROR: 2020/02/23 13:12:17 workcli.go:396: Reply Message Invalid!
ERROR: 2020/02/23 13:12:17 workcli.go:396: Reply Message Invalid!
ERROR: 2020/02/23 13:12:17 workcli.go:396: Reply Message Invalid!
ERROR: 2020/02/23 13:12:17 workcli.go:396: Reply Message Invalid!
ERROR: 2020/02/23 13:12:17 workcli.go:396: Reply Message Invalid!
ERROR: 2020/02/23 13:12:17 workcli.go:396: Reply Message Invalid!
ERROR: 2020/02/23 13:12:17 workcli.go:396: Reply Message Invalid!
ERROR: 2020/02/23 13:12:17 workcli.go:396: Reply Message Invalid!
ERROR: 2020/02/23 13:12:17 workcli.go:396: Reply Message Invalid!
ERROR: 2020/02/23 13:12:17 workcli.go:396: Reply Message Invalid!
ERROR: 2020/02/23 13:12:17 workcli.go:396: Reply Message Invalid!
ERROR: 2020/02/23 13:12:17 workcli.go:396: Reply Message Invalid!
ERROR: 2020/02/23 13:12:17 workcli.go:396: Reply Message Invalid!
ERROR: 2020/02/23 13:12:17 workcli.go:396: Reply Message Invalid!
ERROR: 2020/02/23 13:12:17 workcli.go:396: Reply Message Invalid!
ERROR: 2020/02/23 13:12:17 workcli.go:396: Reply Message Invalid!
ERROR: 2020/02/23 13:12:17 workcli.go:396: Reply Message Invalid!
ERROR: 2020/02/23 13:12:17 workcli.go:396: Reply Message Invalid!
ERROR: 2020/02/23 13:12:17 workcli.go:396: Reply Message Invalid!
ERROR: 2020/02/23 13:12:17 workcli.go:396: Reply Message Invalid!
ERROR: 2020/02/23 13:12:17 workcli.go:396: Reply Message Invalid!
ERROR: 2020/02/23 13:12:17 workcli.go:396: Reply Message Invalid!
ERROR: 2020/02/23 13:12:17 workcli.go:396: Reply Message Invalid!
ERROR: 2020/02/23 13:12:17 workcli.go:396: Reply Message Invalid!
ERROR: 2020/02/23 13:12:17 workcli.go:396: Reply Message Invalid!
ERROR: 2020/02/23 13:12:17 workcli.go:396: Reply Message Invalid!
ERROR: 2020/02/23 13:12:17 workcli.go:396: Reply Message Invalid!
ERROR: 2020/02/23 13:12:17 workcli.go:396: Reply Message Invalid!
ERROR: 2020/02/23 13:12:17 workcli.go:396: Reply Message Invalid!
ERROR: 2020/02/23 13:12:17 workcli.go:396: Reply Message Invalid!
ERROR: 2020/02/23 13:12:17 workcli.go:396: Reply Message Invalid!
ERROR: 2020/02/23 13:12:17 workcli.go:396: Reply Message Invalid!
ERROR: 2020/02/23 13:12:17 workcli.go:396: Reply Message Invalid!
ERROR: 2020/02/23 13:12:17 workcli.go:396: Reply Message Invalid!
ERROR: 2020/02/23 13:12:17 workcli.go:396: Reply Message Invalid!
ERROR: 2020/02/23 13:12:17 workcli.go:396: Reply Message Invalid!
ERROR: 2020/02/23 13:12:17 workcli.go:396: Reply Message Invalid!
ERROR: 2020/02/23 13:12:17 workcli.go:396: Reply Message Invalid!
ERROR: 2020/02/23 13:12:17 workcli.go:396: Reply Message Invalid!
ERROR: 2020/02/23 13:12:17 workcli.go:396: Reply Message Invalid!
ERROR: 2020/02/23 13:12:17 workcli.go:396: Reply Message Invalid!
ERROR: 2020/02/23 13:12:17 workcli.go:396: Reply Message Invalid!
ERROR: 2020/02/23 13:12:17 workcli.go:396: Reply Message Invalid!
ERROR: 2020/02/23 13:12:17 workcli.go:396: Reply Message Invalid!
ERROR: 2020/02/23 13:12:17 workcli.go:396: Reply Message Invalid!
ERROR: 2020/02/23 13:12:17 workcli.go:396: Reply Message Invalid!
ERROR: 2020/02/23 13:12:17 workcli.go:396: Reply Message Invalid!
ERROR: 2020/02/23 13:12:17 workcli.go:396: Reply Message Invalid!
ERROR: 2020/02/23 13:12:17 workcli.go:396: Reply Message Invalid!
ERROR: 2020/02/23 13:12:17 workcli.go:396: Reply Message Invalid!
ERROR: 2020/02/23 13:12:17 workcli.go:396: Reply Message Invalid!
ERROR: 2020/02/23 13:12:17 workcli.go:396: Reply Message Invalid!
ERROR: 2020/02/23 13:12:17 workcli.go:396: Reply Message Invalid!
ERROR: 2020/02/23 13:12:17 workcli.go:396: Reply Message Invalid!
ERROR: 2020/02/23 13:12:17 workcli.go:396: Reply Message Invalid!
ERROR: 2020/02/23 13:12:17 workcli.go:396: Reply Message Invalid!
ERROR: 2020/02/23 13:12:17 workcli.go:396: Reply Message Invalid!
ERROR: 2020/02/23 13:12:17 workcli.go:396: Reply Message Invalid!
ERROR: 2020/02/23 13:12:17 workcli.go:396: Reply Message Invalid!
ERROR: 2020/02/23 13:12:17 workcli.go:396: Reply Message Invalid!
ERROR: 2020/02/23 13:12:17 workcli.go:396: Reply Message Invalid!
ERROR: 2020/02/23 13:12:17 workcli.go:396: Reply Message Invalid!
ERROR: 2020/02/23 13:12:17 workcli.go:396: Reply Message Invalid!
ERROR: 2020/02/23 13:12:17 workcli.go:396: Reply Message Invalid!
ERROR: 2020/02/23 13:12:17 workcli.go:396: Reply Message Invalid!
ERROR: 2020/02/23 13:12:17 workcli.go:396: Reply Message Invalid!
ERROR: 2020/02/23 13:12:17 workcli.go:396: Reply Message Invalid!
ERROR: 2020/02/23 13:12:17 workcli.go:396: Reply Message Invalid!
ERROR: 2020/02/23 13:12:17 workcli.go:396: Reply Message Invalid!
ERROR: 2020/02/23 13:12:17 workcli.go:396: Reply Message Invalid!
ERROR: 2020/02/23 13:12:17 workcli.go:396: Reply Message Invalid!
ERROR: 2020/02/23 13:12:17 workcli.go:396: Reply Message Invalid!
ERROR: 2020/02/23 13:12:17 workcli.go:396: Reply Message Invalid!
ERROR: 2020/02/23 13:12:17 workcli.go:396: Reply Message Invalid!
ERROR: 2020/02/23 13:12:17 workcli.go:396: Reply Message Invalid!
ERROR: 2020/02/23 13:12:17 workcli.go:396: Reply Message Invalid!
ERROR: 2020/02/23 13:12:17 workcli.go:396: Reply Message Invalid!
ERROR: 2020/02/23 13:12:17 workcli.go:396: Reply Message Invalid!
ERROR: 2020/02/23 13:12:17 workcli.go:396: Reply Message Invalid!
ERROR: 2020/02/23 13:12:17 workcli.go:396: Reply Message Invalid!
ERROR: 2020/02/23 13:12:17 workcli.go:396: Reply Message Invalid!
ERROR: 2020/02/23 13:12:17 workcli.go:396: Reply Message Invalid!
ERROR: 2020/02/23 13:12:17 workcli.go:396: Reply Message Invalid!
ERROR: 2020/02/23 13:12:17 workcli.go:396: Reply Message Invalid!
ERROR: 2020/02/23 13:12:17 workcli.go:396: Reply Message Invalid!
ERROR: 2020/02/23 13:12:17 workcli.go:396: Reply Message Invalid!
ERROR: 2020/02/23 13:12:17 workcli.go:396: Reply Message Invalid!
ERROR: 2020/02/23 13:12:17 workcli.go:396: Reply Message Invalid!
ERROR: 2020/02/23 13:12:17 workcli.go:396: Reply Message Invalid!
ERROR: 2020/02/23 13:12:17 workcli.go:396: Reply Message Invalid!
ERROR: 2020/02/23 13:12:17 workcli.go:396: Reply Message Invalid!
ERROR: 2020/02/23 13:12:17 workcli.go:396: Reply Message Invalid!
ERROR: 2020/02/23 13:12:17 workcli.go:396: Reply Message Invalid!
ERROR: 2020/02/23 13:12:17 workcli.go:396: Reply Message Invalid!
ERROR: 2020/02/23 13:12:17 workcli.go:396: Reply Message Invalid!
ERROR: 2020/02/23 13:12:17 workcli.go:396: Reply Message Invalid!
ERROR: 2020/02/23 13:12:17 workcli.go:396: Reply Message Invalid!
ERROR: 2020/02/23 13:12:17 workcli.go:396: Reply Message Invalid!
ERROR: 2020/02/23 13:12:17 workcli.go:396: Reply Message Invalid!
ERROR: 2020/02/23 13:12:17 workcli.go:396: Reply Message Invalid!
ERROR: 2020/02/23 13:12:17 workcli.go:396: Reply Message Invalid!
ERROR: 2020/02/23 13:12:17 workcli.go:396: Reply Message Invalid!
ERROR: 2020/02/23 13:12:17 workcli.go:396: Reply Message Invalid!
ERROR: 2020/02/23 13:12:17 workcli.go:396: Reply Message Invalid!
ERROR: 2020/02/23 13:12:17 workcli.go:396: Reply Message Invalid!
ERROR: 2020/02/23 13:12:17 workcli.go:396: Reply Message Invalid!
ERROR: 2020/02/23 13:12:17 workcli.go:396: Reply Message Invalid!
ERROR: 2020/02/23 13:12:17 workcli.go:396: Reply Message Invalid!
ERROR: 2020/02/23 13:12:17 workcli.go:396: Reply Message Invalid!
ERROR: 2020/02/23 13:12:17 workcli.go:396: Reply Message Invalid!
ERROR: 2020/02/23 13:12:17 workcli.go:396: Reply Message Invalid!
ERROR: 2020/02/23 13:12:17 workcli.go:396: Reply Message Invalid!
ERROR: 2020/02/23 13:12:17 workcli.go:396: Reply Message Invalid!
ERROR: 2020/02/23 13:12:17 workcli.go:396: Reply Message Invalid!
ERROR: 2020/02/23 13:12:17 workcli.go:396: Reply Message Invalid!
ERROR: 2020/02/23 13:12:17 workcli.go:396: Reply Message Invalid!
ERROR: 2020/02/23 13:12:17 workcli.go:396: Reply Message Invalid!
ERROR: 2020/02/23 13:12:17 workcli.go:396: Reply Message Invalid!
ERROR: 2020/02/23 13:12:17 workcli.go:396: Reply Message Invalid!
ERROR: 2020/02/23 13:12:17 workcli.go:396: Reply Message Invalid!
ERROR: 2020/02/23 13:12:17 workcli.go:396: Reply Message Invalid!
ERROR: 2020/02/23 13:12:17 workcli.go:396: Reply Message Invalid!
ERROR: 2020/02/23 13:12:17 workcli.go:396: Reply Message Invalid!
ERROR: 2020/02/23 13:12:17 workcli.go:396: Reply Message Invalid!
ERROR: 2020/02/23 13:12:17 workcli.go:396: Reply Message Invalid!
ERROR: 2020/02/23 13:12:17 workcli.go:396: Reply Message Invalid!
ERROR: 2020/02/23 13:12:17 workcli.go:396: Reply Message Invalid!
ERROR: 2020/02/23 13:12:17 workcli.go:396: Reply Message Invalid!
ERROR: 2020/02/23 13:12:17 workcli.go:396: Reply Message Invalid!
ERROR: 2020/02/23 13:12:17 workcli.go:396: Reply Message Invalid!
ERROR: 2020/02/23 13:12:17 workcli.go:396: Reply Message Invalid!
ERROR: 2020/02/23 13:12:17 workcli.go:396: Reply Message Invalid!
ERROR: 2020/02/23 13:12:17 workcli.go:396: Reply Message Invalid!
ERROR: 2020/02/23 13:12:17 workcli.go:396: Reply Message Invalid!
ERROR: 2020/02/23 13:12:17 workcli.go:396: Reply Message Invalid!
ERROR: 2020/02/23 13:12:17 workcli.go:396: Reply Message Invalid!
ERROR: 2020/02/23 13:12:17 workcli.go:396: Reply Message Invalid!
ERROR: 2020/02/23 13:12:17 workcli.go:396: Reply Message Invalid!
ERROR: 2020/02/23 13:12:17 workcli.go:396: Reply Message Invalid!
ERROR: 2020/02/23 13:12:17 workcli.go:396: Reply Message Invalid!
ERROR: 2020/02/23 13:12:17 workcli.go:396: Reply Message Invalid!
ERROR: 2020/02/23 13:12:17 workcli.go:396: Reply Message Invalid!
ERROR: 2020/02/23 13:12:17 workcli.go:396: Reply Message Invalid!
ERROR: 2020/02/23 13:12:17 workcli.go:396: Reply Message Invalid!
ERROR: 2020/02/23 13:12:17 workcli.go:396: Reply Message Invalid!
ERROR: 2020/02/23 13:12:17 workcli.go:396: Reply Message Invalid!
ERROR: 2020/02/23 13:12:17 workcli.go:396: Reply Message Invalid!
ERROR: 2020/02/23 13:12:17 workcli.go:396: Reply Message Invalid!
ERROR: 2020/02/23 13:12:17 workcli.go:396: Reply Message Invalid!
ERROR: 2020/02/23 13:12:17 workcli.go:396: Reply Message Invalid!
ERROR: 2020/02/23 13:12:17 workcli.go:396: Reply Message Invalid!
ERROR: 2020/02/23 13:12:17 workcli.go:396: Reply Message Invalid!
ERROR: 2020/02/23 13:12:17 workcli.go:396: Reply Message Invalid!
ERROR: 2020/02/23 13:12:17 workcli.go:396: Reply Message Invalid!
ERROR: 2020/02/23 13:12:17 workcli.go:396: Reply Message Invalid!
ERROR: 2020/02/23 13:12:17 workcli.go:396: Reply Message Invalid!
ERROR: 2020/02/23 13:12:17 workcli.go:396: Reply Message Invalid!
ERROR: 2020/02/23 13:12:17 workcli.go:396: Reply Message Invalid!
ERROR: 2020/02/23 13:12:17 workcli.go:396: Reply Message Invalid!
ERROR: 2020/02/23 13:12:17 workcli.go:396: Reply Message Invalid!
ERROR: 2020/02/23 13:12:17 workcli.go:396: Reply Message Invalid!
ERROR: 2020/02/23 13:12:17 workcli.go:396: Reply Message Invalid!
ERROR: 2020/02/23 13:12:17 workcli.go:396: Reply Message Invalid!
ERROR: 2020/02/23 13:12:17 workcli.go:396: Reply Message Invalid!
ERROR: 2020/02/23 13:12:17 workcli.go:396: Reply Message Invalid!
ERROR: 2020/02/23 13:12:17 workcli.go:396: Reply Message Invalid!
ERROR: 2020/02/23 13:12:17 workcli.go:396: Reply Message Invalid!
ERROR: 2020/02/23 13:12:17 workcli.go:396: Reply Message Invalid!
ERROR: 2020/02/23 13:12:17 workcli.go:396: Reply Message Invalid!
ERROR: 2020/02/23 13:12:17 workcli.go:396: Reply Message Invalid!
ERROR: 2020/02/23 13:12:17 workcli.go:396: Reply Message Invalid!
ERROR: 2020/02/23 13:12:17 workcli.go:396: Reply Message Invalid!
ERROR: 2020/02/23 13:12:17 workcli.go:396: Reply Message Invalid!
ERROR: 2020/02/23 13:12:17 workcli.go:396: Reply Message Invalid!
ERROR: 2020/02/23 13:12:17 workcli.go:396: Reply Message Invalid!
ERROR: 2020/02/23 13:12:17 workcli.go:396: Reply Message Invalid!
ERROR: 2020/02/23 13:12:17 workcli.go:396: Reply Message Invalid!
ERROR: 2020/02/23 13:12:17 workcli.go:396: Reply Message Invalid!
ERROR: 2020/02/23 13:12:17 workcli.go:396: Reply Message Invalid!
ERROR: 2020/02/23 13:12:17 workcli.go:396: Reply Message Invalid!
ERROR: 2020/02/23 13:12:17 workcli.go:396: Reply Message Invalid!
ERROR: 2020/02/23 13:12:17 workcli.go:396: Reply Message Invalid!
ERROR: 2020/02/23 13:12:17 workcli.go:396: Reply Message Invalid!
ERROR: 2020/02/23 13:12:17 workcli.go:396: Reply Message Invalid!
ERROR: 2020/02/23 13:12:17 workcli.go:396: Reply Message Invalid!
ERROR: 2020/02/23 13:12:17 workcli.go:396: Reply Message Invalid!
ERROR: 2020/02/23 13:12:17 workcli.go:396: Reply Message Invalid!
ERROR: 2020/02/23 13:12:17 workcli.go:396: Reply Message Invalid!
ERROR: 2020/02/23 13:12:17 workcli.go:396: Reply Message Invalid!
ERROR: 2020/02/23 13:12:17 workcli.go:396: Reply Message Invalid!
ERROR: 2020/02/23 13:12:17 workcli.go:396: Reply Message Invalid!
ERROR: 2020/02/23 13:12:17 workcli.go:396: Reply Message Invalid!
ERROR: 2020/02/23 13:12:17 workcli.go:396: Reply Message Invalid!
ERROR: 2020/02/23 13:12:17 workcli.go:396: Reply Message Invalid!
ERROR: 2020/02/23 13:12:17 workcli.go:396: Reply Message Invalid!
ERROR: 2020/02/23 13:12:17 workcli.go:396: Reply Message Invalid!
ERROR: 2020/02/23 13:12:17 workcli.go:396: Reply Message Invalid!
ERROR: 2020/02/23 13:12:17 workcli.go:396: Reply Message Invalid!
ERROR: 2020/02/23 13:12:17 workcli.go:396: Reply Message Invalid!
ERROR: 2020/02/23 13:12:17 workcli.go:396: Reply Message Invalid!
ERROR: 2020/02/23 13:12:17 workcli.go:396: Reply Message Invalid!
ERROR: 2020/02/23 13:12:17 workcli.go:396: Reply Message Invalid!
ERROR: 2020/02/23 13:12:17 workcli.go:396: Reply Message Invalid!
ERROR: 2020/02/23 13:12:17 workcli.go:396: Reply Message Invalid!
ERROR: 2020/02/23 13:12:17 workcli.go:396: Reply Message Invalid!
ERROR: 2020/02/23 13:12:17 workcli.go:396: Reply Message Invalid!
ERROR: 2020/02/23 13:12:17 workcli.go:396: Reply Message Invalid!
ERROR: 2020/02/23 13:12:17 workcli.go:396: Reply Message Invalid!
ERROR: 2020/02/23 13:12:17 workcli.go:396: Reply Message Invalid!
ERROR: 2020/02/23 13:12:17 workcli.go:396: Reply Message Invalid!
ERROR: 2020/02/23 13:12:17 workcli.go:396: Reply Message Invalid!
ERROR: 2020/02/23 13:12:17 workcli.go:396: Reply Message Invalid!
ERROR: 2020/02/23 13:12:17 workcli.go:396: Reply Message Invalid!
ERROR: 2020/02/23 13:12:17 workcli.go:396: Reply Message Invalid!
ERROR: 2020/02/23 13:12:17 workcli.go:396: Reply Message Invalid!
ERROR: 2020/02/23 13:12:17 workcli.go:396: Reply Message Invalid!
ERROR: 2020/02/23 13:12:17 workcli.go:396: Reply Message Invalid!
ERROR: 2020/02/23 13:12:17 workcli.go:396: Reply Message Invalid!
ERROR: 2020/02/23 13:12:17 workcli.go:396: Reply Message Invalid!
ERROR: 2020/02/23 13:12:17 workcli.go:396: Reply Message Invalid!
ERROR: 2020/02/23 13:12:17 workcli.go:396: Reply Message Invalid!
ERROR: 2020/02/23 13:12:17 workcli.go:396: Reply Message Invalid!
ERROR: 2020/02/23 13:12:17 workcli.go:396: Reply Message Invalid!
ERROR: 2020/02/23 13:12:17 workcli.go:396: Reply Message Invalid!
ERROR: 2020/02/23 13:12:17 workcli.go:396: Reply Message Invalid!
ERROR: 2020/02/23 13:12:17 workcli.go:396: Reply Message Invalid!
ERROR: 2020/02/23 13:12:17 workcli.go:396: Reply Message Invalid!
ERROR: 2020/02/23 13:12:17 workcli.go:396: Reply Message Invalid!
ERROR: 2020/02/23 13:12:17 workcli.go:396: Reply Message Invalid!
ERROR: 2020/02/23 13:12:17 workcli.go:396: Reply Message Invalid!
ERROR: 2020/02/23 13:12:17 workcli.go:396: Reply Message Invalid!
ERROR: 2020/02/23 13:12:17 workcli.go:396: Reply Message Invalid!
ERROR: 2020/02/23 13:12:17 workcli.go:396: Reply Message Invalid!
ERROR: 2020/02/23 13:12:17 workcli.go:396: Reply Message Invalid!
ERROR: 2020/02/23 13:12:17 workcli.go:396: Reply Message Invalid!
ERROR: 2020/02/23 13:12:17 workcli.go:396: Reply Message Invalid!
ERROR: 2020/02/23 13:12:17 workcli.go:396: Reply Message Invalid!
ERROR: 2020/02/23 13:12:17 workcli.go:396: Reply Message Invalid!
ERROR: 2020/02/23 13:12:17 workcli.go:396: Reply Message Invalid!
ERROR: 2020/02/23 13:12:17 workcli.go:396: Reply Message Invalid!
ERROR: 2020/02/23 13:12:17 workcli.go:396: Reply Message Invalid!
ERROR: 2020/02/23 13:12:17 workcli.go:396: Reply Message Invalid!
ERROR: 2020/02/23 13:12:17 workcli.go:396: Reply Message Invalid!
ERROR: 2020/02/23 13:12:17 workcli.go:396: Reply Message Invalid!
ERROR: 2020/02/23 13:12:17 workcli.go:396: Reply Message Invalid!
ERROR: 2020/02/23 13:12:17 workcli.go:396: Reply Message Invalid!
ERROR: 2020/02/23 13:12:17 workcli.go:396: Reply Message Invalid!
ERROR: 2020/02/23 13:12:17 workcli.go:396: Reply Message Invalid!
ERROR: 2020/02/23 13:12:17 workcli.go:396: Reply Message Invalid!
ERROR: 2020/02/23 13:12:17 workcli.go:396: Reply Message Invalid!
ERROR: 2020/02/23 13:12:17 workcli.go:396: Reply Message Invalid!
ERROR: 2020/02/23 13:12:17 workcli.go:396: Reply Message Invalid!
ERROR: 2020/02/23 13:12:17 workcli.go:396: Reply Message Invalid!
ERROR: 2020/02/23 13:12:17 workcli.go:396: Reply Message Invalid!
ERROR: 2020/02/23 13:12:17 workcli.go:396: Reply Message Invalid!
ERROR: 2020/02/23 13:12:17 workcli.go:396: Reply Message Invalid!
ERROR: 2020/02/23 13:12:17 workcli.go:396: Reply Message Invalid!
ERROR: 2020/02/23 13:12:17 workcli.go:396: Reply Message Invalid!
ERROR: 2020/02/23 13:12:17 workcli.go:396: Reply Message Invalid!
ERROR: 2020/02/23 13:12:17 workcli.go:396: Reply Message Invalid!
ERROR: 2020/02/23 13:12:17 workcli.go:396: Reply Message Invalid!
ERROR: 2020/02/23 13:12:17 workcli.go:396: Reply Message Invalid!
ERROR: 2020/02/23 13:12:17 workcli.go:396: Reply Message Invalid!
ERROR: 2020/02/23 13:12:17 workcli.go:396: Reply Message Invalid!
ERROR: 2020/02/23 13:12:17 workcli.go:396: Reply Message Invalid!
ERROR: 2020/02/23 13:12:17 workcli.go:396: Reply Message Invalid!
ERROR: 2020/02/23 13:12:17 workcli.go:396: Reply Message Invalid!
ERROR: 2020/02/23 13:12:17 workcli.go:396: Reply Message Invalid!
ERROR: 2020/02/23 13:12:17 workcli.go:396: Reply Message Invalid!
ERROR: 2020/02/23 13:12:17 workcli.go:396: Reply Message Invalid!
ERROR: 2020/02/23 13:12:17 workcli.go:396: Reply Message Invalid!
ERROR: 2020/02/23 13:12:17 workcli.go:396: Reply Message Invalid!
ERROR: 2020/02/23 13:12:17 workcli.go:396: Reply Message Invalid!
ERROR: 2020/02/23 13:12:17 workcli.go:396: Reply Message Invalid!
ERROR: 2020/02/23 13:12:17 workcli.go:396: Reply Message Invalid!
ERROR: 2020/02/23 13:12:17 workcli.go:396: Reply Message Invalid!
ERROR: 2020/02/23 13:12:17 workcli.go:396: Reply Message Invalid!
ERROR: 2020/02/23 13:12:17 workcli.go:396: Reply Message Invalid!
ERROR: 2020/02/23 13:12:17 workcli.go:396: Reply Message Invalid!
ERROR: 2020/02/23 13:12:17 workcli.go:396: Reply Message Invalid!
ERROR: 2020/02/23 13:12:17 workcli.go:396: Reply Message Invalid!
ERROR: 2020/02/23 13:12:17 workcli.go:396: Reply Message Invalid!
ERROR: 2020/02/23 13:12:17 workcli.go:396: Reply Message Invalid!
ERROR: 2020/02/23 13:12:17 workcli.go:396: Reply Message Invalid!
ERROR: 2020/02/23 13:12:17 workcli.go:396: Reply Message Invalid!
ERROR: 2020/02/23 13:12:17 workcli.go:396: Reply Message Invalid!
ERROR: 2020/02/23 13:12:17 workcli.go:396: Reply Message Invalid!
ERROR: 2020/02/23 13:12:17 workcli.go:396: Reply Message Invalid!
ERROR: 2020/02/23 13:12:17 workcli.go:396: Reply Message Invalid!
ERROR: 2020/02/23 13:12:17 workcli.go:396: Reply Message Invalid!
ERROR: 2020/02/23 13:12:17 workcli.go:396: Reply Message Invalid!
ERROR: 2020/02/23 13:12:17 workcli.go:396: Reply Message Invalid!
ERROR: 2020/02/23 13:12:17 workcli.go:396: Reply Message Invalid!
ERROR: 2020/02/23 13:12:17 workcli.go:396: Reply Message Invalid!
ERROR: 2020/02/23 13:12:17 workcli.go:396: Reply Message Invalid!
ERROR: 2020/02/23 13:12:17 workcli.go:396: Reply Message Invalid!
ERROR: 2020/02/23 13:12:17 workcli.go:396: Reply Message Invalid!
ERROR: 2020/02/23 13:12:17 workcli.go:396: Reply Message Invalid!
ERROR: 2020/02/23 13:12:17 workcli.go:396: Reply Message Invalid!
ERROR: 2020/02/23 13:12:17 workcli.go:396: Reply Message Invalid!
ERROR: 2020/02/23 13:12:17 workcli.go:396: Reply Message Invalid!
ERROR: 2020/02/23 13:12:17 workcli.go:396: Reply Message Invalid!
ERROR: 2020/02/23 13:12:17 workcli.go:396: Reply Message Invalid!
ERROR: 2020/02/23 13:12:17 workcli.go:396: Reply Message Invalid!
ERROR: 2020/02/23 13:12:17 workcli.go:396: Reply Message Invalid!
ERROR: 2020/02/23 13:12:17 workcli.go:396: Reply Message Invalid!
ERROR: 2020/02/23 13:12:17 workcli.go:396: Reply Message Invalid!
ERROR: 2020/02/23 13:12:17 workcli.go:396: Reply Message Invalid!
ERROR: 2020/02/23 13:12:17 workcli.go:396: Reply Message Invalid!
ERROR: 2020/02/23 13:12:17 workcli.go:396: Reply Message Invalid!
ERROR: 2020/02/23 13:12:17 workcli.go:396: Reply Message Invalid!
ERROR: 2020/02/23 13:12:17 workcli.go:396: Reply Message Invalid!
ERROR: 2020/02/23 13:12:17 workcli.go:396: Reply Message Invalid!
ERROR: 2020/02/23 13:12:17 workcli.go:396: Reply Message Invalid!
ERROR: 2020/02/23 13:12:17 workcli.go:396: Reply Message Invalid!
ERROR: 2020/02/23 13:12:17 workcli.go:396: Reply Message Invalid!
ERROR: 2020/02/23 13:12:17 workcli.go:396: Reply Message Invalid!
ERROR: 2020/02/23 13:12:17 workcli.go:396: Reply Message Invalid!
ERROR: 2020/02/23 13:12:17 workcli.go:396: Reply Message Invalid!
ERROR: 2020/02/23 13:12:17 workcli.go:396: Reply Message Invalid!
ERROR: 2020/02/23 13:12:17 workcli.go:396: Reply Message Invalid!
ERROR: 2020/02/23 13:12:17 workcli.go:396: Reply Message Invalid!
ERROR: 2020/02/23 13:12:17 workcli.go:396: Reply Message Invalid!
ERROR: 2020/02/23 13:12:17 workcli.go:396: Reply Message Invalid!
ERROR: 2020/02/23 13:12:17 workcli.go:396: Reply Message Invalid!
ERROR: 2020/02/23 13:12:17 workcli.go:396: Reply Message Invalid!
ERROR: 2020/02/23 13:12:17 workcli.go:396: Reply Message Invalid!
ERROR: 2020/02/23 13:12:17 workcli.go:396: Reply Message Invalid!
ERROR: 2020/02/23 13:12:17 workcli.go:396: Reply Message Invalid!
ERROR: 2020/02/23 13:12:17 workcli.go:396: Reply Message Invalid!
ERROR: 2020/02/23 13:12:17 workcli.go:396: Reply Message Invalid!
ERROR: 2020/02/23 13:12:17 workcli.go:396: Reply Message Invalid!
ERROR: 2020/02/23 13:12:17 workcli.go:396: Reply Message Invalid!
ERROR: 2020/02/23 13:12:17 workcli.go:396: Reply Message Invalid!
ERROR: 2020/02/23 13:12:17 workcli.go:396: Reply Message Invalid!
ERROR: 2020/02/23 13:12:17 workcli.go:396: Reply Message Invalid!
ERROR: 2020/02/23 13:12:17 workcli.go:396: Reply Message Invalid!
ERROR: 2020/02/23 13:12:17 workcli.go:396: Reply Message Invalid!
ERROR: 2020/02/23 13:12:17 workcli.go:396: Reply Message Invalid!
ERROR: 2020/02/23 13:12:17 workcli.go:396: Reply Message Invalid!
ERROR: 2020/02/23 13:12:17 workcli.go:396: Reply Message Invalid!
ERROR: 2020/02/23 13:12:17 workcli.go:396: Reply Message Invalid!
ERROR: 2020/02/23 13:12:17 workcli.go:396: Reply Message Invalid!
ERROR: 2020/02/23 13:12:17 workcli.go:396: Reply Message Invalid!
ERROR: 2020/02/23 13:12:17 workcli.go:396: Reply Message Invalid!
ERROR: 2020/02/23 13:12:17 workcli.go:396: Reply Message Invalid!
ERROR: 2020/02/23 13:12:17 workcli.go:396: Reply Message Invalid!
ERROR: 2020/02/23 13:12:17 workcli.go:396: Reply Message Invalid!
ERROR: 2020/02/23 13:12:17 workcli.go:396: Reply Message Invalid!
ERROR: 2020/02/23 13:12:17 workcli.go:396: Reply Message Invalid!
ERROR: 2020/02/23 13:12:17 workcli.go:396: Reply Message Invalid!
ERROR: 2020/02/23 13:12:17 workcli.go:396: Reply Message Invalid!
ERROR: 2020/02/23 13:12:17 workcli.go:396: Reply Message Invalid!
ERROR: 2020/02/23 13:12:17 workcli.go:396: Reply Message Invalid!
ERROR: 2020/02/23 13:12:17 workcli.go:396: Reply Message Invalid!
ERROR: 2020/02/23 13:12:17 workcli.go:396: Reply Message Invalid!
ERROR: 2020/02/23 13:12:17 workcli.go:396: Reply Message Invalid!
ERROR: 2020/02/23 13:12:17 workcli.go:396: Reply Message Invalid!
ERROR: 2020/02/23 13:12:17 workcli.go:396: Reply Message Invalid!
ERROR: 2020/02/23 13:12:17 workcli.go:396: Reply Message Invalid!
ERROR: 2020/02/23 13:12:17 workcli.go:396: Reply Message Invalid!
ERROR: 2020/02/23 13:12:17 workcli.go:396: Reply Message Invalid!
ERROR: 2020/02/23 13:12:17 workcli.go:396: Reply Message Invalid!
ERROR: 2020/02/23 13:12:17 workcli.go:396: Reply Message Invalid!
ERROR: 2020/02/23 13:12:17 workcli.go:396: Reply Message Invalid!
ERROR: 2020/02/23 13:12:17 workcli.go:396: Reply Message Invalid!
ERROR: 2020/02/23 13:12:17 workcli.go:396: Reply Message Invalid!
ERROR: 2020/02/23 13:12:17 workcli.go:396: Reply Message Invalid!
ERROR: 2020/02/23 13:12:17 workcli.go:396: Reply Message Invalid!
ERROR: 2020/02/23 13:12:17 workcli.go:396: Reply Message Invalid!
ERROR: 2020/02/23 13:12:17 workcli.go:396: Reply Message Invalid!
ERROR: 2020/02/23 13:12:17 workcli.go:396: Reply Message Invalid!
ERROR: 2020/02/23 13:12:17 workcli.go:396: Reply Message Invalid!
ERROR: 2020/02/23 13:12:17 workcli.go:396: Reply Message Invalid!
ERROR: 2020/02/23 13:12:17 workcli.go:396: Reply Message Invalid!
ERROR: 2020/02/23 13:12:17 workcli.go:396: Reply Message Invalid!
ERROR: 2020/02/23 13:12:17 workcli.go:396: Reply Message Invalid!
ERROR: 2020/02/23 13:12:17 workcli.go:396: Reply Message Invalid!
ERROR: 2020/02/23 13:12:17 workcli.go:396: Reply Message Invalid!
ERROR: 2020/02/23 13:12:17 workcli.go:396: Reply Message Invalid!
ERROR: 2020/02/23 13:12:17 workcli.go:396: Reply Message Invalid!
ERROR: 2020/02/23 13:12:17 workcli.go:396: Reply Message Invalid!
ERROR: 2020/02/23 13:12:17 workcli.go:396: Reply Message Invalid!
ERROR: 2020/02/23 13:12:17 workcli.go:396: Reply Message Invalid!
ERROR: 2020/02/23 13:12:17 workcli.go:396: Reply Message Invalid!
ERROR: 2020/02/23 13:12:17 workcli.go:396: Reply Message Invalid!
ERROR: 2020/02/23 13:12:17 workcli.go:396: Reply Message Invalid!
ERROR: 2020/02/23 13:12:17 workcli.go:396: Reply Message Invalid!
ERROR: 2020/02/23 13:12:17 workcli.go:396: Reply Message Invalid!
ERROR: 2020/02/23 13:12:17 workcli.go:396: Reply Message Invalid!
ERROR: 2020/02/23 13:12:17 workcli.go:396: Reply Message Invalid!
ERROR: 2020/02/23 13:12:17 workcli.go:396: Reply Message Invalid!
ERROR: 2020/02/23 13:12:17 workcli.go:396: Reply Message Invalid!
ERROR: 2020/02/23 13:12:17 workcli.go:396: Reply Message Invalid!
ERROR: 2020/02/23 13:12:17 workcli.go:396: Reply Message Invalid!
ERROR: 2020/02/23 13:12:17 workcli.go:396: Reply Message Invalid!
ERROR: 2020/02/23 13:12:17 workcli.go:396: Reply Message Invalid!
ERROR: 2020/02/23 13:12:17 workcli.go:396: Reply Message Invalid!
ERROR: 2020/02/23 13:12:17 workcli.go:396: Reply Message Invalid!
ERROR: 2020/02/23 13:12:17 workcli.go:396: Reply Message Invalid!
ERROR: 2020/02/23 13:12:17 workcli.go:396: Reply Message Invalid!
ERROR: 2020/02/23 13:12:17 workcli.go:396: Reply Message Invalid!
ERROR: 2020/02/23 13:12:17 workcli.go:396: Reply Message Invalid!
ERROR: 2020/02/23 13:12:17 workcli.go:396: Reply Message Invalid!
ERROR: 2020/02/23 13:12:17 workcli.go:396: Reply Message Invalid!
ERROR: 2020/02/23 13:12:17 workcli.go:396: Reply Message Invalid!
ERROR: 2020/02/23 13:12:17 workcli.go:396: Reply Message Invalid!
ERROR: 2020/02/23 13:12:17 workcli.go:396: Reply Message Invalid!
ERROR: 2020/02/23 13:12:17 workcli.go:396: Reply Message Invalid!
ERROR: 2020/02/23 13:12:17 workcli.go:396: Reply Message Invalid!
ERROR: 2020/02/23 13:12:17 workcli.go:396: Reply Message Invalid!
ERROR: 2020/02/23 13:12:17 workcli.go:396: Reply Message Invalid!
ERROR: 2020/02/23 13:12:17 workcli.go:396: Reply Message Invalid!
ERROR: 2020/02/23 13:12:17 workcli.go:396: Reply Message Invalid!
ERROR: 2020/02/23 13:12:17 workcli.go:396: Reply Message Invalid!
ERROR: 2020/02/23 13:12:17 workcli.go:396: Reply Message Invalid!
ERROR: 2020/02/23 13:12:17 workcli.go:396: Reply Message Invalid!
ERROR: 2020/02/23 13:12:17 workcli.go:396: Reply Message Invalid!
ERROR: 2020/02/23 13:12:17 workcli.go:396: Reply Message Invalid!
ERROR: 2020/02/23 13:12:17 workcli.go:396: Reply Message Invalid!
ERROR: 2020/02/23 13:12:17 workcli.go:396: Reply Message Invalid!
ERROR: 2020/02/23 13:12:17 workcli.go:396: Reply Message Invalid!
ERROR: 2020/02/23 13:12:17 workcli.go:396: Reply Message Invalid!
ERROR: 2020/02/23 13:12:17 workcli.go:396: Reply Message Invalid!
ERROR: 2020/02/23 13:12:17 workcli.go:396: Reply Message Invalid!
ERROR: 2020/02/23 13:12:17 workcli.go:396: Reply Message Invalid!
ERROR: 2020/02/23 13:12:17 workcli.go:396: Reply Message Invalid!
ERROR: 2020/02/23 13:12:17 workcli.go:396: Reply Message Invalid!
ERROR: 2020/02/23 13:12:17 workcli.go:396: Reply Message Invalid!
ERROR: 2020/02/23 13:12:17 workcli.go:396: Reply Message Invalid!
ERROR: 2020/02/23 13:12:17 workcli.go:396: Reply Message Invalid!
ERROR: 2020/02/23 13:12:17 workcli.go:396: Reply Message Invalid!
ERROR: 2020/02/23 13:12:17 workcli.go:396: Reply Message Invalid!
ERROR: 2020/02/23 13:12:17 workcli.go:396: Reply Message Invalid!
ERROR: 2020/02/23 13:12:17 workcli.go:396: Reply Message Invalid!
ERROR: 2020/02/23 13:12:17 workcli.go:396: Reply Message Invalid!
ERROR: 2020/02/23 13:12:17 workcli.go:396: Reply Message Invalid!
ERROR: 2020/02/23 13:12:17 workcli.go:396: Reply Message Invalid!
ERROR: 2020/02/23 13:12:17 workcli.go:396: Reply Message Invalid!
ERROR: 2020/02/23 13:12:17 workcli.go:396: Reply Message Invalid!
ERROR: 2020/02/23 13:12:17 workcli.go:396: Reply Message Invalid!
ERROR: 2020/02/23 13:12:17 workcli.go:396: Reply Message Invalid!
ERROR: 2020/02/23 13:12:17 workcli.go:396: Reply Message Invalid!
ERROR: 2020/02/23 13:12:17 workcli.go:396: Reply Message Invalid!
ERROR: 2020/02/23 13:12:17 workcli.go:396: Reply Message Invalid!
ERROR: 2020/02/23 13:12:17 workcli.go:396: Reply Message Invalid!
ERROR: 2020/02/23 13:12:17 workcli.go:396: Reply Message Invalid!
ERROR: 2020/02/23 13:12:17 workcli.go:396: Reply Message Invalid!
ERROR: 2020/02/23 13:12:17 workcli.go:396: Reply Message Invalid!
ERROR: 2020/02/23 13:12:17 workcli.go:396: Reply Message Invalid!
ERROR: 2020/02/23 13:12:17 workcli.go:396: Reply Message Invalid!
ERROR: 2020/02/23 13:12:17 workcli.go:396: Reply Message Invalid!
ERROR: 2020/02/23 13:12:17 workcli.go:396: Reply Message Invalid!
ERROR: 2020/02/23 13:12:17 workcli.go:396: Reply Message Invalid!
ERROR: 2020/02/23 13:12:17 workcli.go:396: Reply Message Invalid!
ERROR: 2020/02/23 13:12:17 workcli.go:396: Reply Message Invalid!
ERROR: 2020/02/23 13:12:17 workcli.go:396: Reply Message Invalid!
ERROR: 2020/02/23 13:12:17 workcli.go:396: Reply Message Invalid!
ERROR: 2020/02/23 13:12:17 workcli.go:396: Reply Message Invalid!
ERROR: 2020/02/23 13:12:17 workcli.go:396: Reply Message Invalid!
ERROR: 2020/02/23 13:12:17 workcli.go:396: Reply Message Invalid!
ERROR: 2020/02/23 13:12:17 workcli.go:396: Reply Message Invalid!
ERROR: 2020/02/23 13:12:17 workcli.go:396: Reply Message Invalid!
ERROR: 2020/02/23 13:12:17 workcli.go:396: Reply Message Invalid!
ERROR: 2020/02/23 13:12:17 workcli.go:396: Reply Message Invalid!
ERROR: 2020/02/23 13:12:17 workcli.go:396: Reply Message Invalid!
ERROR: 2020/02/23 13:12:17 workcli.go:396: Reply Message Invalid!
ERROR: 2020/02/23 13:12:17 workcli.go:396: Reply Message Invalid!
ERROR: 2020/02/23 13:12:17 workcli.go:396: Reply Message Invalid!
ERROR: 2020/02/23 13:12:17 workcli.go:396: Reply Message Invalid!
ERROR: 2020/02/23 13:12:17 workcli.go:396: Reply Message Invalid!
ERROR: 2020/02/23 13:12:17 workcli.go:396: Reply Message Invalid!
ERROR: 2020/02/23 13:12:17 workcli.go:396: Reply Message Invalid!
ERROR: 2020/02/23 13:12:17 workcli.go:396: Reply Message Invalid!
ERROR: 2020/02/23 13:12:17 workcli.go:396: Reply Message Invalid!
ERROR: 2020/02/23 13:12:17 workcli.go:396: Reply Message Invalid!
ERROR: 2020/02/23 13:12:17 workcli.go:396: Reply Message Invalid!
ERROR: 2020/02/23 13:12:17 workcli.go:396: Reply Message Invalid!
ERROR: 2020/02/23 13:12:17 workcli.go:396: Reply Message Invalid!
ERROR: 2020/02/23 13:12:17 workcli.go:396: Reply Message Invalid!
ERROR: 2020/02/23 13:12:17 workcli.go:396: Reply Message Invalid!
ERROR: 2020/02/23 13:12:17 workcli.go:396: Reply Message Invalid!
ERROR: 2020/02/23 13:12:17 workcli.go:396: Reply Message Invalid!
ERROR: 2020/02/23 13:12:17 workcli.go:396: Reply Message Invalid!
ERROR: 2020/02/23 13:12:17 workcli.go:396: Reply Message Invalid!
ERROR: 2020/02/23 13:12:17 workcli.go:396: Reply Message Invalid!
ERROR: 2020/02/23 13:12:17 workcli.go:396: Reply Message Invalid!
ERROR: 2020/02/23 13:12:17 workcli.go:396: Reply Message Invalid!
ERROR: 2020/02/23 13:12:17 workcli.go:396: Reply Message Invalid!
ERROR: 2020/02/23 13:12:17 workcli.go:396: Reply Message Invalid!
ERROR: 2020/02/23 13:12:17 workcli.go:396: Reply Message Invalid!
ERROR: 2020/02/23 13:12:17 workcli.go:396: Reply Message Invalid!
ERROR: 2020/02/23 13:12:17 workcli.go:396: Reply Message Invalid!
ERROR: 2020/02/23 13:12:17 workcli.go:396: Reply Message Invalid!
ERROR: 2020/02/23 13:12:17 workcli.go:396: Reply Message Invalid!
ERROR: 2020/02/23 13:12:17 workcli.go:396: Reply Message Invalid!
ERROR: 2020/02/23 13:12:17 workcli.go:396: Reply Message Invalid!
ERROR: 2020/02/23 13:12:17 workcli.go:396: Reply Message Invalid!
ERROR: 2020/02/23 13:12:17 workcli.go:396: Reply Message Invalid!
ERROR: 2020/02/23 13:12:17 workcli.go:396: Reply Message Invalid!
ERROR: 2020/02/23 13:12:17 workcli.go:396: Reply Message Invalid!
ERROR: 2020/02/23 13:12:17 workcli.go:396: Reply Message Invalid!
ERROR: 2020/02/23 13:12:17 workcli.go:396: Reply Message Invalid!
ERROR: 2020/02/23 13:12:17 workcli.go:396: Reply Message Invalid!
ERROR: 2020/02/23 13:12:17 workcli.go:396: Reply Message Invalid!
ERROR: 2020/02/23 13:12:17 workcli.go:396: Reply Message Invalid!
ERROR: 2020/02/23 13:12:17 workcli.go:396: Reply Message Invalid!
ERROR: 2020/02/23 13:12:17 workcli.go:396: Reply Message Invalid!
ERROR: 2020/02/23 13:12:17 workcli.go:396: Reply Message Invalid!
ERROR: 2020/02/23 13:12:17 workcli.go:396: Reply Message Invalid!
ERROR: 2020/02/23 13:12:17 workcli.go:396: Reply Message Invalid!
ERROR: 2020/02/23 13:12:17 workcli.go:396: Reply Message Invalid!
ERROR: 2020/02/23 13:12:17 workcli.go:396: Reply Message Invalid!
ERROR: 2020/02/23 13:12:17 workcli.go:396: Reply Message Invalid!
ERROR: 2020/02/23 13:12:17 workcli.go:396: Reply Message Invalid!
ERROR: 2020/02/23 13:12:17 workcli.go:396: Reply Message Invalid!
ERROR: 2020/02/23 13:12:17 workcli.go:396: Reply Message Invalid!
ERROR: 2020/02/23 13:12:17 workcli.go:396: Reply Message Invalid!
ERROR: 2020/02/23 13:12:17 workcli.go:396: Reply Message Invalid!
ERROR: 2020/02/23 13:12:17 workcli.go:396: Reply Message Invalid!
ERROR: 2020/02/23 13:12:17 workcli.go:396: Reply Message Invalid!
ERROR: 2020/02/23 13:12:17 workcli.go:396: Reply Message Invalid!
ERROR: 2020/02/23 13:12:17 workcli.go:396: Reply Message Invalid!
ERROR: 2020/02/23 13:12:17 workcli.go:396: Reply Message Invalid!
ERROR: 2020/02/23 13:12:17 workcli.go:396: Reply Message Invalid!
ERROR: 2020/02/23 13:12:17 workcli.go:396: Reply Message Invalid!
ERROR: 2020/02/23 13:12:17 workcli.go:396: Reply Message Invalid!
ERROR: 2020/02/23 13:12:17 workcli.go:396: Reply Message Invalid!
ERROR: 2020/02/23 13:12:17 workcli.go:396: Reply Message Invalid!
ERROR: 2020/02/23 13:12:17 workcli.go:396: Reply Message Invalid!
ERROR: 2020/02/23 13:12:17 workcli.go:396: Reply Message Invalid!
ERROR: 2020/02/23 13:12:17 workcli.go:396: Reply Message Invalid!
ERROR: 2020/02/23 13:12:17 workcli.go:396: Reply Message Invalid!
ERROR: 2020/02/23 13:12:18 workcli.go:396: Reply Message Invalid!
ERROR: 2020/02/23 13:12:18 workcli.go:396: Reply Message Invalid!
ERROR: 2020/02/23 13:12:18 workcli.go:396: Reply Message Invalid!
ERROR: 2020/02/23 13:12:18 workcli.go:396: Reply Message Invalid!
ERROR: 2020/02/23 13:12:18 workcli.go:396: Reply Message Invalid!
ERROR: 2020/02/23 13:12:18 workcli.go:396: Reply Message Invalid!
ERROR: 2020/02/23 13:12:18 workcli.go:396: Reply Message Invalid!
ERROR: 2020/02/23 13:12:18 workcli.go:396: Reply Message Invalid!
ERROR: 2020/02/23 13:12:18 workcli.go:396: Reply Message Invalid!
ERROR: 2020/02/23 13:12:18 workcli.go:396: Reply Message Invalid!
ERROR: 2020/02/23 13:12:18 workcli.go:396: Reply Message Invalid!
ERROR: 2020/02/23 13:12:18 workcli.go:396: Reply Message Invalid!
ERROR: 2020/02/23 13:12:18 workcli.go:396: Reply Message Invalid!
ERROR: 2020/02/23 13:12:18 workcli.go:396: Reply Message Invalid!
ERROR: 2020/02/23 13:12:18 workcli.go:396: Reply Message Invalid!
ERROR: 2020/02/23 13:12:18 workcli.go:396: Reply Message Invalid!
ERROR: 2020/02/23 13:12:18 workcli.go:396: Reply Message Invalid!
ERROR: 2020/02/23 13:12:18 workcli.go:396: Reply Message Invalid!
ERROR: 2020/02/23 13:12:18 workcli.go:396: Reply Message Invalid!
ERROR: 2020/02/23 13:12:18 workcli.go:396: Reply Message Invalid!
ERROR: 2020/02/23 13:12:18 workcli.go:396: Reply Message Invalid!
ERROR: 2020/02/23 13:12:18 workcli.go:396: Reply Message Invalid!
ERROR: 2020/02/23 13:12:18 workcli.go:396: Reply Message Invalid!
ERROR: 2020/02/23 13:12:18 workcli.go:396: Reply Message Invalid!
ERROR: 2020/02/23 13:12:18 workcli.go:396: Reply Message Invalid!
ERROR: 2020/02/23 13:12:18 workcli.go:396: Reply Message Invalid!
ERROR: 2020/02/23 13:12:18 workcli.go:396: Reply Message Invalid!
ERROR: 2020/02/23 13:12:18 workcli.go:396: Reply Message Invalid!
ERROR: 2020/02/23 13:12:18 workcli.go:396: Reply Message Invalid!
ERROR: 2020/02/23 13:12:18 workcli.go:396: Reply Message Invalid!
ERROR: 2020/02/23 13:12:18 workcli.go:396: Reply Message Invalid!
ERROR: 2020/02/23 13:12:18 workcli.go:396: Reply Message Invalid!
ERROR: 2020/02/23 13:12:18 workcli.go:396: Reply Message Invalid!
ERROR: 2020/02/23 13:12:18 workcli.go:396: Reply Message Invalid!
ERROR: 2020/02/23 13:12:18 workcli.go:396: Reply Message Invalid!
ERROR: 2020/02/23 13:12:18 workcli.go:396: Reply Message Invalid!
ERROR: 2020/02/23 13:12:18 workcli.go:396: Reply Message Invalid!
ERROR: 2020/02/23 13:12:18 workcli.go:396: Reply Message Invalid!
ERROR: 2020/02/23 13:12:18 workcli.go:396: Reply Message Invalid!
ERROR: 2020/02/23 13:12:18 workcli.go:396: Reply Message Invalid!
ERROR: 2020/02/23 13:12:18 workcli.go:396: Reply Message Invalid!
ERROR: 2020/02/23 13:12:18 workcli.go:396: Reply Message Invalid!
ERROR: 2020/02/23 13:12:18 workcli.go:396: Reply Message Invalid!
ERROR: 2020/02/23 13:12:18 workcli.go:396: Reply Message Invalid!
ERROR: 2020/02/23 13:12:18 workcli.go:396: Reply Message Invalid!
ERROR: 2020/02/23 13:12:18 workcli.go:396: Reply Message Invalid!
ERROR: 2020/02/23 13:12:18 workcli.go:396: Reply Message Invalid!
ERROR: 2020/02/23 13:12:18 workcli.go:396: Reply Message Invalid!
ERROR: 2020/02/23 13:12:18 workcli.go:396: Reply Message Invalid!
ERROR: 2020/02/23 13:12:18 workcli.go:396: Reply Message Invalid!
ERROR: 2020/02/23 13:12:18 workcli.go:396: Reply Message Invalid!
ERROR: 2020/02/23 13:12:18 workcli.go:396: Reply Message Invalid!
ERROR: 2020/02/23 13:12:18 workcli.go:396: Reply Message Invalid!
ERROR: 2020/02/23 13:12:18 workcli.go:396: Reply Message Invalid!
ERROR: 2020/02/23 13:12:18 workcli.go:396: Reply Message Invalid!
ERROR: 2020/02/23 13:12:18 workcli.go:396: Reply Message Invalid!
ERROR: 2020/02/23 13:12:18 workcli.go:396: Reply Message Invalid!
ERROR: 2020/02/23 13:12:18 workcli.go:396: Reply Message Invalid!
ERROR: 2020/02/23 13:12:18 workcli.go:396: Reply Message Invalid!
ERROR: 2020/02/23 13:12:18 workcli.go:396: Reply Message Invalid!
ERROR: 2020/02/23 13:12:18 workcli.go:396: Reply Message Invalid!
ERROR: 2020/02/23 13:12:18 workcli.go:396: Reply Message Invalid!
ERROR: 2020/02/23 13:12:18 workcli.go:396: Reply Message Invalid!
ERROR: 2020/02/23 13:12:18 workcli.go:396: Reply Message Invalid!
ERROR: 2020/02/23 13:12:18 workcli.go:396: Reply Message Invalid!
ERROR: 2020/02/23 13:12:18 workcli.go:396: Reply Message Invalid!
ERROR: 2020/02/23 13:12:18 workcli.go:396: Reply Message Invalid!
ERROR: 2020/02/23 13:12:18 workcli.go:396: Reply Message Invalid!
ERROR: 2020/02/23 13:12:18 workcli.go:396: Reply Message Invalid!
ERROR: 2020/02/23 13:12:18 workcli.go:396: Reply Message Invalid!
ERROR: 2020/02/23 13:12:18 workcli.go:396: Reply Message Invalid!
ERROR: 2020/02/23 13:12:18 workcli.go:396: Reply Message Invalid!
ERROR: 2020/02/23 13:12:18 workcli.go:396: Reply Message Invalid!
ERROR: 2020/02/23 13:12:18 workcli.go:396: Reply Message Invalid!
ERROR: 2020/02/23 13:12:18 workcli.go:396: Reply Message Invalid!
ERROR: 2020/02/23 13:12:18 workcli.go:396: Reply Message Invalid!
ERROR: 2020/02/23 13:12:18 workcli.go:396: Reply Message Invalid!
ERROR: 2020/02/23 13:12:18 workcli.go:396: Reply Message Invalid!
ERROR: 2020/02/23 13:12:18 workcli.go:396: Reply Message Invalid!
ERROR: 2020/02/23 13:12:18 workcli.go:396: Reply Message Invalid!
ERROR: 2020/02/23 13:12:18 workcli.go:396: Reply Message Invalid!
ERROR: 2020/02/23 13:12:18 workcli.go:396: Reply Message Invalid!
ERROR: 2020/02/23 13:12:18 workcli.go:396: Reply Message Invalid!
ERROR: 2020/02/23 13:12:18 workcli.go:396: Reply Message Invalid!
ERROR: 2020/02/23 13:12:18 workcli.go:396: Reply Message Invalid!
ERROR: 2020/02/23 13:12:18 workcli.go:396: Reply Message Invalid!
ERROR: 2020/02/23 13:12:18 workcli.go:396: Reply Message Invalid!
ERROR: 2020/02/23 13:12:18 workcli.go:396: Reply Message Invalid!
ERROR: 2020/02/23 13:12:18 workcli.go:396: Reply Message Invalid!
ERROR: 2020/02/23 13:12:18 workcli.go:396: Reply Message Invalid!
ERROR: 2020/02/23 13:12:18 workcli.go:396: Reply Message Invalid!
ERROR: 2020/02/23 13:12:18 workcli.go:396: Reply Message Invalid!
ERROR: 2020/02/23 13:12:18 workcli.go:396: Reply Message Invalid!
ERROR: 2020/02/23 13:12:18 workcli.go:396: Reply Message Invalid!
ERROR: 2020/02/23 13:12:18 workcli.go:396: Reply Message Invalid!
ERROR: 2020/02/23 13:12:18 workcli.go:396: Reply Message Invalid!
ERROR: 2020/02/23 13:12:18 workcli.go:396: Reply Message Invalid!
ERROR: 2020/02/23 13:12:18 workcli.go:396: Reply Message Invalid!
ERROR: 2020/02/23 13:12:18 workcli.go:396: Reply Message Invalid!
ERROR: 2020/02/23 13:12:18 workcli.go:396: Reply Message Invalid!
ERROR: 2020/02/23 13:12:18 workcli.go:396: Reply Message Invalid!
ERROR: 2020/02/23 13:12:18 workcli.go:396: Reply Message Invalid!
ERROR: 2020/02/23 13:12:18 workcli.go:396: Reply Message Invalid!
ERROR: 2020/02/23 13:12:18 workcli.go:396: Reply Message Invalid!
ERROR: 2020/02/23 13:12:18 workcli.go:396: Reply Message Invalid!
ERROR: 2020/02/23 13:12:18 workcli.go:396: Reply Message Invalid!
ERROR: 2020/02/23 13:12:18 workcli.go:396: Reply Message Invalid!
ERROR: 2020/02/23 13:12:18 workcli.go:396: Reply Message Invalid!
ERROR: 2020/02/23 13:12:18 workcli.go:396: Reply Message Invalid!
ERROR: 2020/02/23 13:12:18 workcli.go:396: Reply Message Invalid!
ERROR: 2020/02/23 13:12:18 workcli.go:396: Reply Message Invalid!
ERROR: 2020/02/23 13:12:18 workcli.go:396: Reply Message Invalid!
ERROR: 2020/02/23 13:12:18 workcli.go:396: Reply Message Invalid!
ERROR: 2020/02/23 13:12:18 workcli.go:396: Reply Message Invalid!
ERROR: 2020/02/23 13:12:18 workcli.go:396: Reply Message Invalid!
ERROR: 2020/02/23 13:12:18 workcli.go:396: Reply Message Invalid!
ERROR: 2020/02/23 13:12:18 workcli.go:396: Reply Message Invalid!
ERROR: 2020/02/23 13:12:18 workcli.go:396: Reply Message Invalid!
ERROR: 2020/02/23 13:12:18 workcli.go:396: Reply Message Invalid!
ERROR: 2020/02/23 13:12:18 workcli.go:396: Reply Message Invalid!
ERROR: 2020/02/23 13:12:18 workcli.go:396: Reply Message Invalid!
ERROR: 2020/02/23 13:12:18 workcli.go:396: Reply Message Invalid!
ERROR: 2020/02/23 13:12:18 workcli.go:396: Reply Message Invalid!
ERROR: 2020/02/23 13:12:18 workcli.go:396: Reply Message Invalid!
ERROR: 2020/02/23 13:12:18 workcli.go:396: Reply Message Invalid!
ERROR: 2020/02/23 13:12:18 workcli.go:396: Reply Message Invalid!
ERROR: 2020/02/23 13:12:18 workcli.go:396: Reply Message Invalid!
ERROR: 2020/02/23 13:12:18 workcli.go:396: Reply Message Invalid!
ERROR: 2020/02/23 13:12:18 workcli.go:396: Reply Message Invalid!
ERROR: 2020/02/23 13:12:18 workcli.go:396: Reply Message Invalid!
ERROR: 2020/02/23 13:12:18 workcli.go:396: Reply Message Invalid!
ERROR: 2020/02/23 13:12:18 workcli.go:396: Reply Message Invalid!
ERROR: 2020/02/23 13:12:18 workcli.go:396: Reply Message Invalid!
ERROR: 2020/02/23 13:12:18 workcli.go:396: Reply Message Invalid!
ERROR: 2020/02/23 13:12:18 workcli.go:396: Reply Message Invalid!
ERROR: 2020/02/23 13:12:18 workcli.go:396: Reply Message Invalid!
ERROR: 2020/02/23 13:12:18 workcli.go:396: Reply Message Invalid!
ERROR: 2020/02/23 13:12:18 workcli.go:396: Reply Message Invalid!
ERROR: 2020/02/23 13:12:18 workcli.go:396: Reply Message Invalid!
ERROR: 2020/02/23 13:12:18 workcli.go:396: Reply Message Invalid!
ERROR: 2020/02/23 13:12:18 workcli.go:396: Reply Message Invalid!
ERROR: 2020/02/23 13:12:18 workcli.go:396: Reply Message Invalid!
ERROR: 2020/02/23 13:12:18 workcli.go:396: Reply Message Invalid!
ERROR: 2020/02/23 13:12:18 workcli.go:396: Reply Message Invalid!
ERROR: 2020/02/23 13:12:18 workcli.go:396: Reply Message Invalid!
ERROR: 2020/02/23 13:12:18 workcli.go:396: Reply Message Invalid!
ERROR: 2020/02/23 13:12:18 workcli.go:396: Reply Message Invalid!
ERROR: 2020/02/23 13:12:18 workcli.go:396: Reply Message Invalid!
ERROR: 2020/02/23 13:12:18 workcli.go:396: Reply Message Invalid!
ERROR: 2020/02/23 13:12:18 workcli.go:396: Reply Message Invalid!
ERROR: 2020/02/23 13:12:18 workcli.go:396: Reply Message Invalid!
ERROR: 2020/02/23 13:12:18 workcli.go:396: Reply Message Invalid!
ERROR: 2020/02/23 13:12:18 workcli.go:396: Reply Message Invalid!
ERROR: 2020/02/23 13:12:18 workcli.go:396: Reply Message Invalid!
ERROR: 2020/02/23 13:12:18 workcli.go:396: Reply Message Invalid!
ERROR: 2020/02/23 13:12:18 workcli.go:396: Reply Message Invalid!
ERROR: 2020/02/23 13:12:18 workcli.go:396: Reply Message Invalid!
ERROR: 2020/02/23 13:12:18 workcli.go:396: Reply Message Invalid!
ERROR: 2020/02/23 13:12:18 workcli.go:396: Reply Message Invalid!
ERROR: 2020/02/23 13:12:18 workcli.go:396: Reply Message Invalid!
ERROR: 2020/02/23 13:12:18 workcli.go:396: Reply Message Invalid!
ERROR: 2020/02/23 13:12:18 workcli.go:396: Reply Message Invalid!
ERROR: 2020/02/23 13:12:18 workcli.go:396: Reply Message Invalid!
ERROR: 2020/02/23 13:12:18 workcli.go:396: Reply Message Invalid!
ERROR: 2020/02/23 13:12:18 workcli.go:396: Reply Message Invalid!
ERROR: 2020/02/23 13:12:18 workcli.go:396: Reply Message Invalid!
ERROR: 2020/02/23 13:12:18 workcli.go:396: Reply Message Invalid!
ERROR: 2020/02/23 13:12:18 workcli.go:396: Reply Message Invalid!
ERROR: 2020/02/23 13:12:18 workcli.go:396: Reply Message Invalid!
ERROR: 2020/02/23 13:12:18 workcli.go:396: Reply Message Invalid!
ERROR: 2020/02/23 13:12:18 workcli.go:396: Reply Message Invalid!
ERROR: 2020/02/23 13:12:18 workcli.go:396: Reply Message Invalid!
ERROR: 2020/02/23 13:12:18 workcli.go:396: Reply Message Invalid!
ERROR: 2020/02/23 13:12:18 workcli.go:396: Reply Message Invalid!
ERROR: 2020/02/23 13:12:18 workcli.go:396: Reply Message Invalid!
ERROR: 2020/02/23 13:12:18 workcli.go:396: Reply Message Invalid!
ERROR: 2020/02/23 13:12:18 workcli.go:396: Reply Message Invalid!
ERROR: 2020/02/23 13:12:18 workcli.go:396: Reply Message Invalid!
ERROR: 2020/02/23 13:12:18 workcli.go:396: Reply Message Invalid!
ERROR: 2020/02/23 13:12:18 workcli.go:396: Reply Message Invalid!
ERROR: 2020/02/23 13:12:18 workcli.go:396: Reply Message Invalid!
ERROR: 2020/02/23 13:12:18 workcli.go:396: Reply Message Invalid!
ERROR: 2020/02/23 13:12:18 workcli.go:396: Reply Message Invalid!
ERROR: 2020/02/23 13:12:18 workcli.go:396: Reply Message Invalid!
ERROR: 2020/02/23 13:12:18 workcli.go:396: Reply Message Invalid!
ERROR: 2020/02/23 13:12:18 workcli.go:396: Reply Message Invalid!
ERROR: 2020/02/23 13:12:18 workcli.go:396: Reply Message Invalid!
ERROR: 2020/02/23 13:12:18 workcli.go:396: Reply Message Invalid!
ERROR: 2020/02/23 13:12:18 workcli.go:396: Reply Message Invalid!
ERROR: 2020/02/23 13:12:18 workcli.go:396: Reply Message Invalid!
ERROR: 2020/02/23 13:12:18 workcli.go:396: Reply Message Invalid!
ERROR: 2020/02/23 13:12:18 workcli.go:396: Reply Message Invalid!
ERROR: 2020/02/23 13:12:18 workcli.go:396: Reply Message Invalid!
ERROR: 2020/02/23 13:12:18 workcli.go:396: Reply Message Invalid!
ERROR: 2020/02/23 13:12:18 workcli.go:396: Reply Message Invalid!
ERROR: 2020/02/23 13:12:18 workcli.go:396: Reply Message Invalid!
ERROR: 2020/02/23 13:12:18 workcli.go:396: Reply Message Invalid!
ERROR: 2020/02/23 13:12:18 workcli.go:396: Reply Message Invalid!
ERROR: 2020/02/23 13:12:18 workcli.go:396: Reply Message Invalid!
ERROR: 2020/02/23 13:12:18 workcli.go:396: Reply Message Invalid!
ERROR: 2020/02/23 13:12:18 workcli.go:396: Reply Message Invalid!
ERROR: 2020/02/23 13:12:18 workcli.go:396: Reply Message Invalid!
ERROR: 2020/02/23 13:12:18 workcli.go:396: Reply Message Invalid!
ERROR: 2020/02/23 13:12:18 workcli.go:396: Reply Message Invalid!
ERROR: 2020/02/23 13:12:18 workcli.go:396: Reply Message Invalid!
ERROR: 2020/02/23 13:12:18 workcli.go:396: Reply Message Invalid!
ERROR: 2020/02/23 13:12:18 workcli.go:396: Reply Message Invalid!
ERROR: 2020/02/23 13:12:18 workcli.go:396: Reply Message Invalid!
ERROR: 2020/02/23 13:12:18 workcli.go:396: Reply Message Invalid!
ERROR: 2020/02/23 13:12:18 workcli.go:396: Reply Message Invalid!
ERROR: 2020/02/23 13:12:18 workcli.go:396: Reply Message Invalid!
ERROR: 2020/02/23 13:12:18 workcli.go:396: Reply Message Invalid!
ERROR: 2020/02/23 13:12:18 workcli.go:396: Reply Message Invalid!
ERROR: 2020/02/23 13:12:18 workcli.go:396: Reply Message Invalid!
ERROR: 2020/02/23 13:12:18 workcli.go:396: Reply Message Invalid!
ERROR: 2020/02/23 13:12:18 workcli.go:396: Reply Message Invalid!
ERROR: 2020/02/23 13:12:18 workcli.go:396: Reply Message Invalid!
ERROR: 2020/02/23 13:12:18 workcli.go:396: Reply Message Invalid!
ERROR: 2020/02/23 13:12:18 workcli.go:396: Reply Message Invalid!
ERROR: 2020/02/23 13:12:18 workcli.go:396: Reply Message Invalid!
ERROR: 2020/02/23 13:12:18 workcli.go:396: Reply Message Invalid!
ERROR: 2020/02/23 13:12:18 workcli.go:396: Reply Message Invalid!
ERROR: 2020/02/23 13:12:18 workcli.go:396: Reply Message Invalid!
ERROR: 2020/02/23 13:12:18 workcli.go:396: Reply Message Invalid!
ERROR: 2020/02/23 13:12:18 workcli.go:396: Reply Message Invalid!
ERROR: 2020/02/23 13:12:18 workcli.go:396: Reply Message Invalid!
ERROR: 2020/02/23 13:12:18 workcli.go:396: Reply Message Invalid!
ERROR: 2020/02/23 13:12:18 workcli.go:396: Reply Message Invalid!
ERROR: 2020/02/23 13:12:18 workcli.go:396: Reply Message Invalid!
ERROR: 2020/02/23 13:12:18 workcli.go:396: Reply Message Invalid!
ERROR: 2020/02/23 13:12:18 workcli.go:396: Reply Message Invalid!
ERROR: 2020/02/23 13:12:18 workcli.go:396: Reply Message Invalid!
ERROR: 2020/02/23 13:12:18 workcli.go:396: Reply Message Invalid!
ERROR: 2020/02/23 13:12:18 workcli.go:396: Reply Message Invalid!
ERROR: 2020/02/23 13:12:18 workcli.go:396: Reply Message Invalid!
ERROR: 2020/02/23 13:12:18 workcli.go:396: Reply Message Invalid!
ERROR: 2020/02/23 13:12:18 workcli.go:396: Reply Message Invalid!
ERROR: 2020/02/23 13:12:18 workcli.go:396: Reply Message Invalid!
ERROR: 2020/02/23 13:12:18 workcli.go:396: Reply Message Invalid!
ERROR: 2020/02/23 13:12:18 workcli.go:396: Reply Message Invalid!
ERROR: 2020/02/23 13:12:18 workcli.go:396: Reply Message Invalid!
ERROR: 2020/02/23 13:12:18 workcli.go:396: Reply Message Invalid!
ERROR: 2020/02/23 13:12:18 workcli.go:396: Reply Message Invalid!
ERROR: 2020/02/23 13:12:18 workcli.go:396: Reply Message Invalid!
ERROR: 2020/02/23 13:12:18 workcli.go:396: Reply Message Invalid!
ERROR: 2020/02/23 13:12:18 workcli.go:396: Reply Message Invalid!
ERROR: 2020/02/23 13:12:18 workcli.go:396: Reply Message Invalid!
ERROR: 2020/02/23 13:12:18 workcli.go:396: Reply Message Invalid!
ERROR: 2020/02/23 13:12:18 workcli.go:396: Reply Message Invalid!
ERROR: 2020/02/23 13:12:18 workcli.go:396: Reply Message Invalid!
ERROR: 2020/02/23 13:12:18 workcli.go:396: Reply Message Invalid!
ERROR: 2020/02/23 13:12:18 workcli.go:396: Reply Message Invalid!
ERROR: 2020/02/23 13:12:18 workcli.go:396: Reply Message Invalid!
ERROR: 2020/02/23 13:12:18 workcli.go:396: Reply Message Invalid!
ERROR: 2020/02/23 13:12:18 workcli.go:396: Reply Message Invalid!
ERROR: 2020/02/23 13:12:18 workcli.go:396: Reply Message Invalid!
ERROR: 2020/02/23 13:12:18 workcli.go:396: Reply Message Invalid!
ERROR: 2020/02/23 13:12:18 workcli.go:396: Reply Message Invalid!
ERROR: 2020/02/23 13:12:18 workcli.go:396: Reply Message Invalid!
ERROR: 2020/02/23 13:12:18 workcli.go:396: Reply Message Invalid!
ERROR: 2020/02/23 13:12:18 workcli.go:396: Reply Message Invalid!
ERROR: 2020/02/23 13:12:18 workcli.go:396: Reply Message Invalid!
ERROR: 2020/02/23 13:12:18 workcli.go:396: Reply Message Invalid!
ERROR: 2020/02/23 13:12:18 workcli.go:396: Reply Message Invalid!
ERROR: 2020/02/23 13:12:18 workcli.go:396: Reply Message Invalid!
ERROR: 2020/02/23 13:12:18 workcli.go:396: Reply Message Invalid!
ERROR: 2020/02/23 13:12:18 workcli.go:396: Reply Message Invalid!
ERROR: 2020/02/23 13:12:18 workcli.go:396: Reply Message Invalid!
ERROR: 2020/02/23 13:12:18 workcli.go:396: Reply Message Invalid!
ERROR: 2020/02/23 13:12:18 workcli.go:396: Reply Message Invalid!
ERROR: 2020/02/23 13:12:18 workcli.go:396: Reply Message Invalid!
ERROR: 2020/02/23 13:12:18 workcli.go:396: Reply Message Invalid!
ERROR: 2020/02/23 13:12:18 workcli.go:396: Reply Message Invalid!
ERROR: 2020/02/23 13:12:18 workcli.go:396: Reply Message Invalid!
ERROR: 2020/02/23 13:12:18 workcli.go:396: Reply Message Invalid!
ERROR: 2020/02/23 13:12:18 workcli.go:396: Reply Message Invalid!
ERROR: 2020/02/23 13:12:18 workcli.go:396: Reply Message Invalid!
ERROR: 2020/02/23 13:12:18 workcli.go:396: Reply Message Invalid!
ERROR: 2020/02/23 13:12:18 workcli.go:396: Reply Message Invalid!
ERROR: 2020/02/23 13:12:18 workcli.go:396: Reply Message Invalid!
ERROR: 2020/02/23 13:12:18 workcli.go:396: Reply Message Invalid!
ERROR: 2020/02/23 13:12:18 workcli.go:396: Reply Message Invalid!
ERROR: 2020/02/23 13:12:18 workcli.go:396: Reply Message Invalid!
ERROR: 2020/02/23 13:12:18 workcli.go:396: Reply Message Invalid!
ERROR: 2020/02/23 13:12:18 workcli.go:396: Reply Message Invalid!
ERROR: 2020/02/23 13:12:18 workcli.go:396: Reply Message Invalid!
ERROR: 2020/02/23 13:12:18 workcli.go:396: Reply Message Invalid!
ERROR: 2020/02/23 13:12:18 workcli.go:396: Reply Message Invalid!
ERROR: 2020/02/23 13:12:18 workcli.go:396: Reply Message Invalid!
ERROR: 2020/02/23 13:12:18 workcli.go:396: Reply Message Invalid!
ERROR: 2020/02/23 13:12:18 workcli.go:396: Reply Message Invalid!
ERROR: 2020/02/23 13:12:18 workcli.go:396: Reply Message Invalid!
ERROR: 2020/02/23 13:12:18 workcli.go:396: Reply Message Invalid!
ERROR: 2020/02/23 13:12:18 workcli.go:396: Reply Message Invalid!
ERROR: 2020/02/23 13:12:18 workcli.go:396: Reply Message Invalid!
ERROR: 2020/02/23 13:12:18 workcli.go:396: Reply Message Invalid!
ERROR: 2020/02/23 13:12:18 workcli.go:396: Reply Message Invalid!
ERROR: 2020/02/23 13:12:18 workcli.go:396: Reply Message Invalid!
ERROR: 2020/02/23 13:12:18 workcli.go:396: Reply Message Invalid!
ERROR: 2020/02/23 13:12:18 workcli.go:396: Reply Message Invalid!
ERROR: 2020/02/23 13:12:18 workcli.go:396: Reply Message Invalid!
ERROR: 2020/02/23 13:12:18 workcli.go:396: Reply Message Invalid!
ERROR: 2020/02/23 13:12:18 workcli.go:396: Reply Message Invalid!
ERROR: 2020/02/23 13:12:18 workcli.go:396: Reply Message Invalid!
ERROR: 2020/02/23 13:12:18 workcli.go:396: Reply Message Invalid!
ERROR: 2020/02/23 13:12:18 workcli.go:396: Reply Message Invalid!
ERROR: 2020/02/23 13:12:18 workcli.go:396: Reply Message Invalid!
ERROR: 2020/02/23 13:12:18 workcli.go:396: Reply Message Invalid!
ERROR: 2020/02/23 13:12:18 workcli.go:396: Reply Message Invalid!
ERROR: 2020/02/23 13:12:18 workcli.go:396: Reply Message Invalid!
ERROR: 2020/02/23 13:12:18 workcli.go:396: Reply Message Invalid!
ERROR: 2020/02/23 13:12:18 workcli.go:396: Reply Message Invalid!
ERROR: 2020/02/23 13:12:18 workcli.go:396: Reply Message Invalid!
ERROR: 2020/02/23 13:12:18 workcli.go:396: Reply Message Invalid!
ERROR: 2020/02/23 13:12:18 workcli.go:396: Reply Message Invalid!
ERROR: 2020/02/23 13:12:18 workcli.go:396: Reply Message Invalid!
ERROR: 2020/02/23 13:12:18 workcli.go:396: Reply Message Invalid!
ERROR: 2020/02/23 13:12:18 workcli.go:396: Reply Message Invalid!
ERROR: 2020/02/23 13:12:18 workcli.go:396: Reply Message Invalid!
ERROR: 2020/02/23 13:12:18 workcli.go:396: Reply Message Invalid!
ERROR: 2020/02/23 13:12:18 workcli.go:396: Reply Message Invalid!
ERROR: 2020/02/23 13:12:18 workcli.go:396: Reply Message Invalid!
ERROR: 2020/02/23 13:12:18 workcli.go:396: Reply Message Invalid!
ERROR: 2020/02/23 13:12:18 workcli.go:396: Reply Message Invalid!
ERROR: 2020/02/23 13:12:18 workcli.go:396: Reply Message Invalid!
ERROR: 2020/02/23 13:12:18 workcli.go:396: Reply Message Invalid!
ERROR: 2020/02/23 13:12:18 workcli.go:396: Reply Message Invalid!
ERROR: 2020/02/23 13:12:18 workcli.go:396: Reply Message Invalid!
ERROR: 2020/02/23 13:12:18 workcli.go:396: Reply Message Invalid!
ERROR: 2020/02/23 13:12:18 workcli.go:396: Reply Message Invalid!
ERROR: 2020/02/23 13:12:18 workcli.go:396: Reply Message Invalid!
ERROR: 2020/02/23 13:12:18 workcli.go:396: Reply Message Invalid!
ERROR: 2020/02/23 13:12:18 workcli.go:396: Reply Message Invalid!
ERROR: 2020/02/23 13:12:18 workcli.go:396: Reply Message Invalid!
ERROR: 2020/02/23 13:12:18 workcli.go:396: Reply Message Invalid!
ERROR: 2020/02/23 13:12:18 workcli.go:396: Reply Message Invalid!
ERROR: 2020/02/23 13:12:18 workcli.go:396: Reply Message Invalid!
ERROR: 2020/02/23 13:12:18 workcli.go:396: Reply Message Invalid!
ERROR: 2020/02/23 13:12:18 workcli.go:396: Reply Message Invalid!
ERROR: 2020/02/23 13:12:18 workcli.go:396: Reply Message Invalid!
ERROR: 2020/02/23 13:12:18 workcli.go:396: Reply Message Invalid!
ERROR: 2020/02/23 13:12:18 workcli.go:396: Reply Message Invalid!
ERROR: 2020/02/23 13:12:18 workcli.go:396: Reply Message Invalid!
ERROR: 2020/02/23 13:12:18 workcli.go:396: Reply Message Invalid!
ERROR: 2020/02/23 13:12:18 workcli.go:396: Reply Message Invalid!
ERROR: 2020/02/23 13:12:18 workcli.go:396: Reply Message Invalid!
ERROR: 2020/02/23 13:12:18 workcli.go:396: Reply Message Invalid!
ERROR: 2020/02/23 13:12:18 workcli.go:396: Reply Message Invalid!
ERROR: 2020/02/23 13:12:18 workcli.go:396: Reply Message Invalid!
ERROR: 2020/02/23 13:12:18 workcli.go:396: Reply Message Invalid!
ERROR: 2020/02/23 13:12:18 workcli.go:396: Reply Message Invalid!
ERROR: 2020/02/23 13:12:18 workcli.go:396: Reply Message Invalid!
ERROR: 2020/02/23 13:12:18 workcli.go:396: Reply Message Invalid!
ERROR: 2020/02/23 13:12:18 workcli.go:396: Reply Message Invalid!
ERROR: 2020/02/23 13:12:18 workcli.go:396: Reply Message Invalid!
ERROR: 2020/02/23 13:12:18 workcli.go:396: Reply Message Invalid!
ERROR: 2020/02/23 13:12:18 workcli.go:396: Reply Message Invalid!
ERROR: 2020/02/23 13:12:18 workcli.go:396: Reply Message Invalid!
ERROR: 2020/02/23 13:12:18 workcli.go:396: Reply Message Invalid!
ERROR: 2020/02/23 13:12:18 workcli.go:396: Reply Message Invalid!
ERROR: 2020/02/23 13:12:18 workcli.go:396: Reply Message Invalid!
ERROR: 2020/02/23 13:12:18 workcli.go:396: Reply Message Invalid!
ERROR: 2020/02/23 13:12:18 workcli.go:396: Reply Message Invalid!
ERROR: 2020/02/23 13:12:18 workcli.go:396: Reply Message Invalid!
ERROR: 2020/02/23 13:12:18 workcli.go:396: Reply Message Invalid!
ERROR: 2020/02/23 13:12:18 workcli.go:396: Reply Message Invalid!
ERROR: 2020/02/23 13:12:18 workcli.go:396: Reply Message Invalid!
ERROR: 2020/02/23 13:12:18 workcli.go:396: Reply Message Invalid!
ERROR: 2020/02/23 13:12:18 workcli.go:396: Reply Message Invalid!
ERROR: 2020/02/23 13:12:18 workcli.go:396: Reply Message Invalid!
ERROR: 2020/02/23 13:12:18 workcli.go:396: Reply Message Invalid!
ERROR: 2020/02/23 13:12:18 workcli.go:396: Reply Message Invalid!
ERROR: 2020/02/23 13:12:18 workcli.go:396: Reply Message Invalid!
ERROR: 2020/02/23 13:12:18 workcli.go:396: Reply Message Invalid!
ERROR: 2020/02/23 13:12:18 workcli.go:396: Reply Message Invalid!
ERROR: 2020/02/23 13:12:18 workcli.go:396: Reply Message Invalid!
ERROR: 2020/02/23 13:12:18 workcli.go:396: Reply Message Invalid!
ERROR: 2020/02/23 13:12:18 workcli.go:396: Reply Message Invalid!
ERROR: 2020/02/23 13:12:18 workcli.go:396: Reply Message Invalid!
ERROR: 2020/02/23 13:12:18 workcli.go:396: Reply Message Invalid!
ERROR: 2020/02/23 13:12:18 workcli.go:396: Reply Message Invalid!
ERROR: 2020/02/23 13:12:18 workcli.go:396: Reply Message Invalid!
ERROR: 2020/02/23 13:12:18 workcli.go:396: Reply Message Invalid!
ERROR: 2020/02/23 13:12:18 workcli.go:396: Reply Message Invalid!
ERROR: 2020/02/23 13:12:18 workcli.go:396: Reply Message Invalid!
ERROR: 2020/02/23 13:12:18 workcli.go:396: Reply Message Invalid!
ERROR: 2020/02/23 13:12:18 workcli.go:396: Reply Message Invalid!
ERROR: 2020/02/23 13:12:18 workcli.go:396: Reply Message Invalid!
ERROR: 2020/02/23 13:12:18 workcli.go:396: Reply Message Invalid!
ERROR: 2020/02/23 13:12:18 workcli.go:396: Reply Message Invalid!
ERROR: 2020/02/23 13:12:18 workcli.go:396: Reply Message Invalid!
ERROR: 2020/02/23 13:12:18 workcli.go:396: Reply Message Invalid!
ERROR: 2020/02/23 13:12:18 workcli.go:396: Reply Message Invalid!
ERROR: 2020/02/23 13:12:18 workcli.go:396: Reply Message Invalid!
ERROR: 2020/02/23 13:12:18 workcli.go:396: Reply Message Invalid!
ERROR: 2020/02/23 13:12:18 workcli.go:396: Reply Message Invalid!
ERROR: 2020/02/23 13:12:18 workcli.go:396: Reply Message Invalid!
ERROR: 2020/02/23 13:12:18 workcli.go:396: Reply Message Invalid!
ERROR: 2020/02/23 13:12:18 workcli.go:396: Reply Message Invalid!
ERROR: 2020/02/23 13:12:18 workcli.go:396: Reply Message Invalid!
ERROR: 2020/02/23 13:12:18 workcli.go:396: Reply Message Invalid!
ERROR: 2020/02/23 13:12:18 workcli.go:396: Reply Message Invalid!
ERROR: 2020/02/23 13:12:18 workcli.go:396: Reply Message Invalid!
ERROR: 2020/02/23 13:12:18 workcli.go:396: Reply Message Invalid!
ERROR: 2020/02/23 13:12:18 workcli.go:396: Reply Message Invalid!
ERROR: 2020/02/23 13:12:18 workcli.go:396: Reply Message Invalid!
ERROR: 2020/02/23 13:12:18 workcli.go:396: Reply Message Invalid!
ERROR: 2020/02/23 13:12:18 workcli.go:396: Reply Message Invalid!
ERROR: 2020/02/23 13:12:18 workcli.go:396: Reply Message Invalid!
ERROR: 2020/02/23 13:12:18 workcli.go:396: Reply Message Invalid!
ERROR: 2020/02/23 13:12:18 workcli.go:396: Reply Message Invalid!
ERROR: 2020/02/23 13:12:18 workcli.go:396: Reply Message Invalid!
ERROR: 2020/02/23 13:12:18 workcli.go:396: Reply Message Invalid!
ERROR: 2020/02/23 13:12:18 workcli.go:396: Reply Message Invalid!
ERROR: 2020/02/23 13:12:18 workcli.go:396: Reply Message Invalid!
ERROR: 2020/02/23 13:12:18 workcli.go:396: Reply Message Invalid!
ERROR: 2020/02/23 13:12:18 workcli.go:396: Reply Message Invalid!
ERROR: 2020/02/23 13:12:18 workcli.go:396: Reply Message Invalid!
ERROR: 2020/02/23 13:12:18 workcli.go:396: Reply Message Invalid!
ERROR: 2020/02/23 13:12:18 workcli.go:396: Reply Message Invalid!
ERROR: 2020/02/23 13:12:18 workcli.go:396: Reply Message Invalid!
ERROR: 2020/02/23 13:12:18 workcli.go:396: Reply Message Invalid!
ERROR: 2020/02/23 13:12:18 workcli.go:396: Reply Message Invalid!
ERROR: 2020/02/23 13:12:18 workcli.go:396: Reply Message Invalid!
ERROR: 2020/02/23 13:12:18 workcli.go:396: Reply Message Invalid!
ERROR: 2020/02/23 13:12:18 workcli.go:396: Reply Message Invalid!
ERROR: 2020/02/23 13:12:18 workcli.go:396: Reply Message Invalid!
ERROR: 2020/02/23 13:12:18 workcli.go:396: Reply Message Invalid!
ERROR: 2020/02/23 13:12:18 workcli.go:396: Reply Message Invalid!
ERROR: 2020/02/23 13:12:18 workcli.go:396: Reply Message Invalid!
ERROR: 2020/02/23 13:12:18 workcli.go:396: Reply Message Invalid!
ERROR: 2020/02/23 13:12:18 workcli.go:396: Reply Message Invalid!
ERROR: 2020/02/23 13:12:18 workcli.go:396: Reply Message Invalid!
ERROR: 2020/02/23 13:12:18 workcli.go:396: Reply Message Invalid!
ERROR: 2020/02/23 13:12:18 workcli.go:396: Reply Message Invalid!
ERROR: 2020/02/23 13:12:18 workcli.go:396: Reply Message Invalid!
ERROR: 2020/02/23 13:12:18 workcli.go:396: Reply Message Invalid!
ERROR: 2020/02/23 13:12:18 workcli.go:396: Reply Message Invalid!
ERROR: 2020/02/23 13:12:18 workcli.go:396: Reply Message Invalid!
ERROR: 2020/02/23 13:12:18 workcli.go:396: Reply Message Invalid!
ERROR: 2020/02/23 13:12:18 workcli.go:396: Reply Message Invalid!
ERROR: 2020/02/23 13:12:18 workcli.go:396: Reply Message Invalid!
ERROR: 2020/02/23 13:12:18 workcli.go:396: Reply Message Invalid!
ERROR: 2020/02/23 13:12:18 workcli.go:396: Reply Message Invalid!
ERROR: 2020/02/23 13:12:18 workcli.go:396: Reply Message Invalid!
ERROR: 2020/02/23 13:12:18 workcli.go:396: Reply Message Invalid!
ERROR: 2020/02/23 13:12:18 workcli.go:396: Reply Message Invalid!
ERROR: 2020/02/23 13:12:18 workcli.go:396: Reply Message Invalid!
ERROR: 2020/02/23 13:12:18 workcli.go:396: Reply Message Invalid!
ERROR: 2020/02/23 13:12:18 workcli.go:396: Reply Message Invalid!
ERROR: 2020/02/23 13:12:18 workcli.go:396: Reply Message Invalid!
ERROR: 2020/02/23 13:12:18 workcli.go:396: Reply Message Invalid!
ERROR: 2020/02/23 13:12:18 workcli.go:396: Reply Message Invalid!
ERROR: 2020/02/23 13:12:18 workcli.go:396: Reply Message Invalid!
ERROR: 2020/02/23 13:12:18 workcli.go:396: Reply Message Invalid!
ERROR: 2020/02/23 13:12:18 workcli.go:396: Reply Message Invalid!
ERROR: 2020/02/23 13:12:18 workcli.go:396: Reply Message Invalid!
ERROR: 2020/02/23 13:12:18 workcli.go:396: Reply Message Invalid!
ERROR: 2020/02/23 13:12:18 workcli.go:396: Reply Message Invalid!
ERROR: 2020/02/23 13:12:18 workcli.go:396: Reply Message Invalid!
ERROR: 2020/02/23 13:12:18 workcli.go:396: Reply Message Invalid!
ERROR: 2020/02/23 13:12:18 workcli.go:396: Reply Message Invalid!
ERROR: 2020/02/23 13:12:18 workcli.go:396: Reply Message Invalid!
ERROR: 2020/02/23 13:12:18 workcli.go:396: Reply Message Invalid!
ERROR: 2020/02/23 13:12:18 workcli.go:396: Reply Message Invalid!
ERROR: 2020/02/23 13:12:18 workcli.go:396: Reply Message Invalid!
ERROR: 2020/02/23 13:12:18 workcli.go:396: Reply Message Invalid!
ERROR: 2020/02/23 13:12:18 workcli.go:396: Reply Message Invalid!
ERROR: 2020/02/23 13:12:18 workcli.go:396: Reply Message Invalid!
ERROR: 2020/02/23 13:12:18 workcli.go:396: Reply Message Invalid!
ERROR: 2020/02/23 13:12:18 workcli.go:396: Reply Message Invalid!
ERROR: 2020/02/23 13:12:18 workcli.go:396: Reply Message Invalid!
ERROR: 2020/02/23 13:12:18 workcli.go:396: Reply Message Invalid!
ERROR: 2020/02/23 13:12:18 workcli.go:396: Reply Message Invalid!
ERROR: 2020/02/23 13:12:18 workcli.go:396: Reply Message Invalid!
ERROR: 2020/02/23 13:12:18 workcli.go:396: Reply Message Invalid!
ERROR: 2020/02/23 13:12:18 workcli.go:396: Reply Message Invalid!
ERROR: 2020/02/23 13:12:18 workcli.go:396: Reply Message Invalid!
ERROR: 2020/02/23 13:12:18 workcli.go:396: Reply Message Invalid!
ERROR: 2020/02/23 13:12:18 workcli.go:396: Reply Message Invalid!
ERROR: 2020/02/23 13:12:18 workcli.go:396: Reply Message Invalid!
ERROR: 2020/02/23 13:12:18 workcli.go:396: Reply Message Invalid!
ERROR: 2020/02/23 13:12:18 workcli.go:396: Reply Message Invalid!
ERROR: 2020/02/23 13:12:18 workcli.go:396: Reply Message Invalid!
ERROR: 2020/02/23 13:12:18 workcli.go:396: Reply Message Invalid!
ERROR: 2020/02/23 13:12:18 workcli.go:396: Reply Message Invalid!
ERROR: 2020/02/23 13:12:18 workcli.go:396: Reply Message Invalid!
ERROR: 2020/02/23 13:12:18 workcli.go:396: Reply Message Invalid!
ERROR: 2020/02/23 13:12:18 workcli.go:396: Reply Message Invalid!
ERROR: 2020/02/23 13:12:18 workcli.go:396: Reply Message Invalid!
ERROR: 2020/02/23 13:12:18 workcli.go:396: Reply Message Invalid!
ERROR: 2020/02/23 13:12:18 workcli.go:396: Reply Message Invalid!
ERROR: 2020/02/23 13:12:18 workcli.go:396: Reply Message Invalid!
ERROR: 2020/02/23 13:12:18 workcli.go:396: Reply Message Invalid!
ERROR: 2020/02/23 13:12:18 workcli.go:396: Reply Message Invalid!
ERROR: 2020/02/23 13:12:18 workcli.go:396: Reply Message Invalid!
ERROR: 2020/02/23 13:12:18 workcli.go:396: Reply Message Invalid!
ERROR: 2020/02/23 13:12:18 workcli.go:396: Reply Message Invalid!
ERROR: 2020/02/23 13:12:18 workcli.go:396: Reply Message Invalid!
ERROR: 2020/02/23 13:12:18 workcli.go:396: Reply Message Invalid!
ERROR: 2020/02/23 13:12:18 workcli.go:396: Reply Message Invalid!
ERROR: 2020/02/23 13:12:18 workcli.go:396: Reply Message Invalid!
ERROR: 2020/02/23 13:12:18 workcli.go:396: Reply Message Invalid!
ERROR: 2020/02/23 13:12:18 workcli.go:396: Reply Message Invalid!
ERROR: 2020/02/23 13:12:18 workcli.go:396: Reply Message Invalid!
ERROR: 2020/02/23 13:12:18 workcli.go:396: Reply Message Invalid!
ERROR: 2020/02/23 13:12:18 workcli.go:396: Reply Message Invalid!
ERROR: 2020/02/23 13:12:18 workcli.go:396: Reply Message Invalid!
ERROR: 2020/02/23 13:12:18 workcli.go:396: Reply Message Invalid!
ERROR: 2020/02/23 13:12:18 workcli.go:396: Reply Message Invalid!
ERROR: 2020/02/23 13:12:18 workcli.go:396: Reply Message Invalid!
ERROR: 2020/02/23 13:12:18 workcli.go:396: Reply Message Invalid!
ERROR: 2020/02/23 13:12:18 workcli.go:396: Reply Message Invalid!
ERROR: 2020/02/23 13:12:18 workcli.go:396: Reply Message Invalid!
ERROR: 2020/02/23 13:12:18 workcli.go:396: Reply Message Invalid!
ERROR: 2020/02/23 13:12:18 workcli.go:396: Reply Message Invalid!
ERROR: 2020/02/23 13:12:18 workcli.go:396: Reply Message Invalid!
ERROR: 2020/02/23 13:12:18 workcli.go:396: Reply Message Invalid!
ERROR: 2020/02/23 13:12:18 workcli.go:396: Reply Message Invalid!
ERROR: 2020/02/23 13:12:18 workcli.go:396: Reply Message Invalid!
ERROR: 2020/02/23 13:12:18 workcli.go:396: Reply Message Invalid!
ERROR: 2020/02/23 13:12:18 workcli.go:396: Reply Message Invalid!
ERROR: 2020/02/23 13:12:18 workcli.go:396: Reply Message Invalid!
ERROR: 2020/02/23 13:12:18 workcli.go:396: Reply Message Invalid!
ERROR: 2020/02/23 13:12:18 workcli.go:396: Reply Message Invalid!
ERROR: 2020/02/23 13:12:18 workcli.go:396: Reply Message Invalid!
ERROR: 2020/02/23 13:12:18 workcli.go:396: Reply Message Invalid!
ERROR: 2020/02/23 13:12:18 workcli.go:396: Reply Message Invalid!
ERROR: 2020/02/23 13:12:18 workcli.go:396: Reply Message Invalid!
ERROR: 2020/02/23 13:12:18 workcli.go:396: Reply Message Invalid!
ERROR: 2020/02/23 13:12:18 workcli.go:396: Reply Message Invalid!
ERROR: 2020/02/23 13:12:18 workcli.go:396: Reply Message Invalid!
ERROR: 2020/02/23 13:12:18 workcli.go:396: Reply Message Invalid!
ERROR: 2020/02/23 13:12:18 workcli.go:396: Reply Message Invalid!
ERROR: 2020/02/23 13:12:18 workcli.go:396: Reply Message Invalid!
ERROR: 2020/02/23 13:12:18 workcli.go:396: Reply Message Invalid!
ERROR: 2020/02/23 13:12:18 workcli.go:396: Reply Message Invalid!
ERROR: 2020/02/23 13:12:18 workcli.go:396: Reply Message Invalid!
ERROR: 2020/02/23 13:12:18 workcli.go:396: Reply Message Invalid!
ERROR: 2020/02/23 13:12:18 workcli.go:396: Reply Message Invalid!
ERROR: 2020/02/23 13:12:18 workcli.go:396: Reply Message Invalid!
ERROR: 2020/02/23 13:12:18 workcli.go:396: Reply Message Invalid!
ERROR: 2020/02/23 13:12:18 workcli.go:396: Reply Message Invalid!
ERROR: 2020/02/23 13:12:18 workcli.go:396: Reply Message Invalid!
ERROR: 2020/02/23 13:12:18 workcli.go:396: Reply Message Invalid!
ERROR: 2020/02/23 13:12:18 workcli.go:396: Reply Message Invalid!
ERROR: 2020/02/23 13:12:18 workcli.go:396: Reply Message Invalid!
ERROR: 2020/02/23 13:12:18 workcli.go:396: Reply Message Invalid!
ERROR: 2020/02/23 13:12:18 workcli.go:396: Reply Message Invalid!
ERROR: 2020/02/23 13:12:18 workcli.go:396: Reply Message Invalid!
ERROR: 2020/02/23 13:12:18 workcli.go:396: Reply Message Invalid!
ERROR: 2020/02/23 13:12:18 workcli.go:396: Reply Message Invalid!
ERROR: 2020/02/23 13:12:18 workcli.go:396: Reply Message Invalid!
ERROR: 2020/02/23 13:12:18 workcli.go:396: Reply Message Invalid!
ERROR: 2020/02/23 13:12:18 workcli.go:396: Reply Message Invalid!
ERROR: 2020/02/23 13:12:18 workcli.go:396: Reply Message Invalid!
ERROR: 2020/02/23 13:12:18 workcli.go:396: Reply Message Invalid!
ERROR: 2020/02/23 13:12:18 workcli.go:396: Reply Message Invalid!
ERROR: 2020/02/23 13:12:18 workcli.go:396: Reply Message Invalid!
ERROR: 2020/02/23 13:12:18 workcli.go:396: Reply Message Invalid!
ERROR: 2020/02/23 13:12:18 workcli.go:396: Reply Message Invalid!
ERROR: 2020/02/23 13:12:18 workcli.go:396: Reply Message Invalid!
ERROR: 2020/02/23 13:12:18 workcli.go:396: Reply Message Invalid!
ERROR: 2020/02/23 13:12:18 workcli.go:396: Reply Message Invalid!
ERROR: 2020/02/23 13:12:18 workcli.go:396: Reply Message Invalid!
ERROR: 2020/02/23 13:12:18 workcli.go:396: Reply Message Invalid!
ERROR: 2020/02/23 13:12:18 workcli.go:396: Reply Message Invalid!
ERROR: 2020/02/23 13:12:18 workcli.go:396: Reply Message Invalid!
ERROR: 2020/02/23 13:12:18 workcli.go:396: Reply Message Invalid!
ERROR: 2020/02/23 13:12:18 workcli.go:396: Reply Message Invalid!
ERROR: 2020/02/23 13:12:18 workcli.go:396: Reply Message Invalid!
ERROR: 2020/02/23 13:12:18 workcli.go:396: Reply Message Invalid!
ERROR: 2020/02/23 13:12:18 workcli.go:396: Reply Message Invalid!
ERROR: 2020/02/23 13:12:18 workcli.go:396: Reply Message Invalid!
ERROR: 2020/02/23 13:12:18 workcli.go:396: Reply Message Invalid!
ERROR: 2020/02/23 13:12:18 workcli.go:396: Reply Message Invalid!
ERROR: 2020/02/23 13:12:18 workcli.go:396: Reply Message Invalid!
ERROR: 2020/02/23 13:12:18 workcli.go:396: Reply Message Invalid!
ERROR: 2020/02/23 13:12:18 workcli.go:396: Reply Message Invalid!
ERROR: 2020/02/23 13:12:18 workcli.go:396: Reply Message Invalid!
ERROR: 2020/02/23 13:12:18 workcli.go:396: Reply Message Invalid!
ERROR: 2020/02/23 13:12:18 workcli.go:396: Reply Message Invalid!
ERROR: 2020/02/23 13:12:18 workcli.go:396: Reply Message Invalid!
ERROR: 2020/02/23 13:12:18 workcli.go:396: Reply Message Invalid!
ERROR: 2020/02/23 13:12:18 workcli.go:396: Reply Message Invalid!
ERROR: 2020/02/23 13:12:18 workcli.go:396: Reply Message Invalid!
ERROR: 2020/02/23 13:12:18 workcli.go:396: Reply Message Invalid!
ERROR: 2020/02/23 13:12:18 workcli.go:396: Reply Message Invalid!
ERROR: 2020/02/23 13:12:18 workcli.go:396: Reply Message Invalid!
ERROR: 2020/02/23 13:12:18 workcli.go:396: Reply Message Invalid!
ERROR: 2020/02/23 13:12:18 workcli.go:396: Reply Message Invalid!
ERROR: 2020/02/23 13:12:18 workcli.go:396: Reply Message Invalid!
ERROR: 2020/02/23 13:12:18 workcli.go:396: Reply Message Invalid!
ERROR: 2020/02/23 13:12:18 workcli.go:396: Reply Message Invalid!
ERROR: 2020/02/23 13:12:18 workcli.go:396: Reply Message Invalid!
ERROR: 2020/02/23 13:12:18 workcli.go:396: Reply Message Invalid!
ERROR: 2020/02/23 13:12:18 workcli.go:396: Reply Message Invalid!
ERROR: 2020/02/23 13:12:18 workcli.go:396: Reply Message Invalid!
ERROR: 2020/02/23 13:12:18 workcli.go:396: Reply Message Invalid!
ERROR: 2020/02/23 13:12:18 workcli.go:396: Reply Message Invalid!
ERROR: 2020/02/23 13:12:18 workcli.go:396: Reply Message Invalid!
ERROR: 2020/02/23 13:12:18 workcli.go:396: Reply Message Invalid!
ERROR: 2020/02/23 13:12:18 workcli.go:396: Reply Message Invalid!
ERROR: 2020/02/23 13:12:18 workcli.go:396: Reply Message Invalid!
ERROR: 2020/02/23 13:12:18 workcli.go:396: Reply Message Invalid!
ERROR: 2020/02/23 13:12:18 workcli.go:396: Reply Message Invalid!
ERROR: 2020/02/23 13:12:18 workcli.go:396: Reply Message Invalid!
ERROR: 2020/02/23 13:12:18 workcli.go:396: Reply Message Invalid!
ERROR: 2020/02/23 13:12:18 workcli.go:396: Reply Message Invalid!
ERROR: 2020/02/23 13:12:18 workcli.go:396: Reply Message Invalid!
ERROR: 2020/02/23 13:12:18 workcli.go:396: Reply Message Invalid!
ERROR: 2020/02/23 13:12:18 workcli.go:396: Reply Message Invalid!
ERROR: 2020/02/23 13:12:18 workcli.go:396: Reply Message Invalid!
ERROR: 2020/02/23 13:12:18 workcli.go:396: Reply Message Invalid!
ERROR: 2020/02/23 13:12:18 workcli.go:396: Reply Message Invalid!
ERROR: 2020/02/23 13:12:18 workcli.go:396: Reply Message Invalid!
ERROR: 2020/02/23 13:12:18 workcli.go:396: Reply Message Invalid!
ERROR: 2020/02/23 13:12:18 workcli.go:396: Reply Message Invalid!
ERROR: 2020/02/23 13:12:18 workcli.go:396: Reply Message Invalid!
ERROR: 2020/02/23 13:12:18 workcli.go:396: Reply Message Invalid!
ERROR: 2020/02/23 13:12:18 workcli.go:396: Reply Message Invalid!
ERROR: 2020/02/23 13:12:18 workcli.go:396: Reply Message Invalid!
ERROR: 2020/02/23 13:12:18 workcli.go:396: Reply Message Invalid!
ERROR: 2020/02/23 13:12:18 workcli.go:396: Reply Message Invalid!
ERROR: 2020/02/23 13:12:18 workcli.go:396: Reply Message Invalid!
ERROR: 2020/02/23 13:12:18 workcli.go:396: Reply Message Invalid!
ERROR: 2020/02/23 13:12:18 workcli.go:396: Reply Message Invalid!
ERROR: 2020/02/23 13:12:18 workcli.go:396: Reply Message Invalid!
ERROR: 2020/02/23 13:12:18 workcli.go:396: Reply Message Invalid!
ERROR: 2020/02/23 13:12:18 workcli.go:396: Reply Message Invalid!
ERROR: 2020/02/23 13:12:18 workcli.go:396: Reply Message Invalid!
ERROR: 2020/02/23 13:12:18 workcli.go:396: Reply Message Invalid!
ERROR: 2020/02/23 13:12:18 workcli.go:396: Reply Message Invalid!
ERROR: 2020/02/23 13:12:18 workcli.go:396: Reply Message Invalid!
ERROR: 2020/02/23 13:12:18 workcli.go:396: Reply Message Invalid!
ERROR: 2020/02/23 13:12:18 workcli.go:396: Reply Message Invalid!
ERROR: 2020/02/23 13:12:18 workcli.go:396: Reply Message Invalid!
ERROR: 2020/02/23 13:12:18 workcli.go:396: Reply Message Invalid!
ERROR: 2020/02/23 13:12:18 workcli.go:396: Reply Message Invalid!
ERROR: 2020/02/23 13:12:18 workcli.go:396: Reply Message Invalid!
ERROR: 2020/02/23 13:12:18 workcli.go:396: Reply Message Invalid!
ERROR: 2020/02/23 13:12:18 workcli.go:396: Reply Message Invalid!
ERROR: 2020/02/23 13:12:18 workcli.go:396: Reply Message Invalid!
ERROR: 2020/02/23 13:12:18 workcli.go:396: Reply Message Invalid!
ERROR: 2020/02/23 13:12:18 workcli.go:396: Reply Message Invalid!
ERROR: 2020/02/23 13:12:18 workcli.go:396: Reply Message Invalid!
ERROR: 2020/02/23 13:12:18 workcli.go:396: Reply Message Invalid!
ERROR: 2020/02/23 13:12:18 workcli.go:396: Reply Message Invalid!
ERROR: 2020/02/23 13:12:18 workcli.go:396: Reply Message Invalid!
ERROR: 2020/02/23 13:12:18 workcli.go:396: Reply Message Invalid!
ERROR: 2020/02/23 13:12:18 workcli.go:396: Reply Message Invalid!
ERROR: 2020/02/23 13:12:18 workcli.go:396: Reply Message Invalid!
ERROR: 2020/02/23 13:12:18 workcli.go:396: Reply Message Invalid!
ERROR: 2020/02/23 13:12:18 workcli.go:396: Reply Message Invalid!
ERROR: 2020/02/23 13:12:18 workcli.go:396: Reply Message Invalid!
ERROR: 2020/02/23 13:12:18 workcli.go:396: Reply Message Invalid!
ERROR: 2020/02/23 13:12:18 workcli.go:396: Reply Message Invalid!
ERROR: 2020/02/23 13:12:18 workcli.go:396: Reply Message Invalid!
ERROR: 2020/02/23 13:12:18 workcli.go:396: Reply Message Invalid!
ERROR: 2020/02/23 13:12:18 workcli.go:396: Reply Message Invalid!
ERROR: 2020/02/23 13:12:18 workcli.go:396: Reply Message Invalid!
ERROR: 2020/02/23 13:12:18 workcli.go:396: Reply Message Invalid!
ERROR: 2020/02/23 13:12:18 workcli.go:396: Reply Message Invalid!
ERROR: 2020/02/23 13:12:18 workcli.go:396: Reply Message Invalid!
ERROR: 2020/02/23 13:12:18 workcli.go:396: Reply Message Invalid!
ERROR: 2020/02/23 13:12:18 workcli.go:396: Reply Message Invalid!
ERROR: 2020/02/23 13:12:18 workcli.go:396: Reply Message Invalid!
ERROR: 2020/02/23 13:12:18 workcli.go:396: Reply Message Invalid!
ERROR: 2020/02/23 13:12:18 workcli.go:396: Reply Message Invalid!
ERROR: 2020/02/23 13:12:18 workcli.go:396: Reply Message Invalid!
ERROR: 2020/02/23 13:12:18 workcli.go:396: Reply Message Invalid!
ERROR: 2020/02/23 13:12:18 workcli.go:396: Reply Message Invalid!
ERROR: 2020/02/23 13:12:18 workcli.go:396: Reply Message Invalid!
ERROR: 2020/02/23 13:12:18 workcli.go:396: Reply Message Invalid!
ERROR: 2020/02/23 13:12:18 workcli.go:396: Reply Message Invalid!
ERROR: 2020/02/23 13:12:18 workcli.go:396: Reply Message Invalid!
ERROR: 2020/02/23 13:12:18 workcli.go:396: Reply Message Invalid!
ERROR: 2020/02/23 13:12:18 workcli.go:396: Reply Message Invalid!
ERROR: 2020/02/23 13:12:18 workcli.go:396: Reply Message Invalid!
ERROR: 2020/02/23 13:12:18 workcli.go:396: Reply Message Invalid!
ERROR: 2020/02/23 13:12:18 workcli.go:396: Reply Message Invalid!
ERROR: 2020/02/23 13:12:18 workcli.go:396: Reply Message Invalid!
ERROR: 2020/02/23 13:12:18 workcli.go:396: Reply Message Invalid!
ERROR: 2020/02/23 13:12:18 workcli.go:396: Reply Message Invalid!
ERROR: 2020/02/23 13:12:18 workcli.go:396: Reply Message Invalid!
ERROR: 2020/02/23 13:12:18 workcli.go:396: Reply Message Invalid!
ERROR: 2020/02/23 13:12:18 workcli.go:396: Reply Message Invalid!
ERROR: 2020/02/23 13:12:18 workcli.go:396: Reply Message Invalid!
ERROR: 2020/02/23 13:12:18 workcli.go:396: Reply Message Invalid!
ERROR: 2020/02/23 13:12:18 workcli.go:396: Reply Message Invalid!
ERROR: 2020/02/23 13:12:18 workcli.go:396: Reply Message Invalid!
ERROR: 2020/02/23 13:12:18 workcli.go:396: Reply Message Invalid!
ERROR: 2020/02/23 13:12:18 workcli.go:396: Reply Message Invalid!
ERROR: 2020/02/23 13:12:18 workcli.go:396: Reply Message Invalid!
ERROR: 2020/02/23 13:12:18 workcli.go:396: Reply Message Invalid!
ERROR: 2020/02/23 13:12:18 workcli.go:396: Reply Message Invalid!
ERROR: 2020/02/23 13:12:18 workcli.go:396: Reply Message Invalid!
ERROR: 2020/02/23 13:12:18 workcli.go:396: Reply Message Invalid!
ERROR: 2020/02/23 13:12:18 workcli.go:396: Reply Message Invalid!
ERROR: 2020/02/23 13:12:18 workcli.go:396: Reply Message Invalid!
ERROR: 2020/02/23 13:12:18 workcli.go:396: Reply Message Invalid!
ERROR: 2020/02/23 13:12:18 workcli.go:396: Reply Message Invalid!
ERROR: 2020/02/23 13:12:18 workcli.go:396: Reply Message Invalid!
ERROR: 2020/02/23 13:12:18 workcli.go:396: Reply Message Invalid!
ERROR: 2020/02/23 13:12:18 workcli.go:396: Reply Message Invalid!
ERROR: 2020/02/23 13:12:18 workcli.go:396: Reply Message Invalid!
ERROR: 2020/02/23 13:12:18 workcli.go:396: Reply Message Invalid!
ERROR: 2020/02/23 13:12:18 workcli.go:396: Reply Message Invalid!
ERROR: 2020/02/23 13:12:18 workcli.go:396: Reply Message Invalid!
ERROR: 2020/02/23 13:12:18 workcli.go:396: Reply Message Invalid!
ERROR: 2020/02/23 13:12:18 workcli.go:396: Reply Message Invalid!
ERROR: 2020/02/23 13:12:18 workcli.go:396: Reply Message Invalid!
ERROR: 2020/02/23 13:12:18 workcli.go:396: Reply Message Invalid!
ERROR: 2020/02/23 13:12:18 workcli.go:396: Reply Message Invalid!
ERROR: 2020/02/23 13:12:18 workcli.go:396: Reply Message Invalid!
ERROR: 2020/02/23 13:12:18 workcli.go:396: Reply Message Invalid!
ERROR: 2020/02/23 13:12:18 workcli.go:396: Reply Message Invalid!
ERROR: 2020/02/23 13:12:18 workcli.go:396: Reply Message Invalid!
ERROR: 2020/02/23 13:12:18 workcli.go:396: Reply Message Invalid!
ERROR: 2020/02/23 13:12:18 workcli.go:396: Reply Message Invalid!
ERROR: 2020/02/23 13:12:18 workcli.go:396: Reply Message Invalid!
ERROR: 2020/02/23 13:12:18 workcli.go:396: Reply Message Invalid!
ERROR: 2020/02/23 13:12:18 workcli.go:396: Reply Message Invalid!
ERROR: 2020/02/23 13:12:18 workcli.go:396: Reply Message Invalid!
ERROR: 2020/02/23 13:12:18 workcli.go:396: Reply Message Invalid!
ERROR: 2020/02/23 13:12:18 workcli.go:396: Reply Message Invalid!
ERROR: 2020/02/23 13:12:18 workcli.go:396: Reply Message Invalid!
ERROR: 2020/02/23 13:12:18 workcli.go:396: Reply Message Invalid!
ERROR: 2020/02/23 13:12:18 workcli.go:396: Reply Message Invalid!
ERROR: 2020/02/23 13:12:18 workcli.go:396: Reply Message Invalid!
ERROR: 2020/02/23 13:12:18 workcli.go:396: Reply Message Invalid!
ERROR: 2020/02/23 13:12:18 workcli.go:396: Reply Message Invalid!
ERROR: 2020/02/23 13:12:18 workcli.go:396: Reply Message Invalid!
ERROR: 2020/02/23 13:12:18 workcli.go:396: Reply Message Invalid!
ERROR: 2020/02/23 13:12:18 workcli.go:396: Reply Message Invalid!
ERROR: 2020/02/23 13:12:18 workcli.go:396: Reply Message Invalid!
ERROR: 2020/02/23 13:12:18 workcli.go:396: Reply Message Invalid!
ERROR: 2020/02/23 13:12:18 workcli.go:396: Reply Message Invalid!
ERROR: 2020/02/23 13:12:18 workcli.go:396: Reply Message Invalid!
ERROR: 2020/02/23 13:12:18 workcli.go:396: Reply Message Invalid!
ERROR: 2020/02/23 13:12:18 workcli.go:396: Reply Message Invalid!
ERROR: 2020/02/23 13:12:18 workcli.go:396: Reply Message Invalid!
ERROR: 2020/02/23 13:12:18 workcli.go:396: Reply Message Invalid!
ERROR: 2020/02/23 13:12:18 workcli.go:396: Reply Message Invalid!
ERROR: 2020/02/23 13:12:18 workcli.go:396: Reply Message Invalid!
ERROR: 2020/02/23 13:12:18 workcli.go:396: Reply Message Invalid!
ERROR: 2020/02/23 13:12:18 workcli.go:396: Reply Message Invalid!
ERROR: 2020/02/23 13:12:18 workcli.go:396: Reply Message Invalid!
ERROR: 2020/02/23 13:12:18 workcli.go:396: Reply Message Invalid!
ERROR: 2020/02/23 13:12:18 workcli.go:396: Reply Message Invalid!
ERROR: 2020/02/23 13:12:18 workcli.go:396: Reply Message Invalid!
ERROR: 2020/02/23 13:12:18 workcli.go:396: Reply Message Invalid!
ERROR: 2020/02/23 13:12:18 workcli.go:396: Reply Message Invalid!
ERROR: 2020/02/23 13:12:18 workcli.go:396: Reply Message Invalid!
ERROR: 2020/02/23 13:12:18 workcli.go:396: Reply Message Invalid!
ERROR: 2020/02/23 13:12:18 workcli.go:396: Reply Message Invalid!
ERROR: 2020/02/23 13:12:18 workcli.go:396: Reply Message Invalid!
ERROR: 2020/02/23 13:12:18 workcli.go:396: Reply Message Invalid!
ERROR: 2020/02/23 13:12:18 workcli.go:396: Reply Message Invalid!
ERROR: 2020/02/23 13:12:18 workcli.go:396: Reply Message Invalid!
ERROR: 2020/02/23 13:12:18 workcli.go:396: Reply Message Invalid!
ERROR: 2020/02/23 13:12:18 workcli.go:396: Reply Message Invalid!
ERROR: 2020/02/23 13:12:18 workcli.go:396: Reply Message Invalid!
ERROR: 2020/02/23 13:12:18 workcli.go:396: Reply Message Invalid!
ERROR: 2020/02/23 13:12:18 workcli.go:396: Reply Message Invalid!
ERROR: 2020/02/23 13:12:18 workcli.go:396: Reply Message Invalid!
ERROR: 2020/02/23 13:12:18 workcli.go:396: Reply Message Invalid!
ERROR: 2020/02/23 13:12:18 workcli.go:396: Reply Message Invalid!
ERROR: 2020/02/23 13:12:18 workcli.go:396: Reply Message Invalid!
ERROR: 2020/02/23 13:12:18 workcli.go:396: Reply Message Invalid!
ERROR: 2020/02/23 13:12:18 workcli.go:396: Reply Message Invalid!
ERROR: 2020/02/23 13:12:18 workcli.go:396: Reply Message Invalid!
ERROR: 2020/02/23 13:12:18 workcli.go:396: Reply Message Invalid!
ERROR: 2020/02/23 13:12:18 workcli.go:396: Reply Message Invalid!
ERROR: 2020/02/23 13:12:18 workcli.go:396: Reply Message Invalid!
ERROR: 2020/02/23 13:12:18 workcli.go:396: Reply Message Invalid!
ERROR: 2020/02/23 13:12:18 workcli.go:396: Reply Message Invalid!
ERROR: 2020/02/23 13:12:18 workcli.go:396: Reply Message Invalid!
ERROR: 2020/02/23 13:12:18 workcli.go:396: Reply Message Invalid!
ERROR: 2020/02/23 13:12:18 workcli.go:396: Reply Message Invalid!
ERROR: 2020/02/23 13:12:18 workcli.go:396: Reply Message Invalid!
ERROR: 2020/02/23 13:12:18 workcli.go:396: Reply Message Invalid!
ERROR: 2020/02/23 13:12:18 workcli.go:396: Reply Message Invalid!
ERROR: 2020/02/23 13:12:18 workcli.go:396: Reply Message Invalid!
ERROR: 2020/02/23 13:12:18 workcli.go:396: Reply Message Invalid!
ERROR: 2020/02/23 13:12:18 workcli.go:396: Reply Message Invalid!
ERROR: 2020/02/23 13:12:18 workcli.go:396: Reply Message Invalid!
ERROR: 2020/02/23 13:12:18 workcli.go:396: Reply Message Invalid!
ERROR: 2020/02/23 13:12:18 workcli.go:396: Reply Message Invalid!
ERROR: 2020/02/23 13:12:18 workcli.go:396: Reply Message Invalid!
ERROR: 2020/02/23 13:12:18 workcli.go:396: Reply Message Invalid!
ERROR: 2020/02/23 13:12:18 workcli.go:396: Reply Message Invalid!
ERROR: 2020/02/23 13:12:18 workcli.go:396: Reply Message Invalid!
ERROR: 2020/02/23 13:12:18 workcli.go:396: Reply Message Invalid!
ERROR: 2020/02/23 13:12:18 workcli.go:396: Reply Message Invalid!
ERROR: 2020/02/23 13:12:18 workcli.go:396: Reply Message Invalid!
ERROR: 2020/02/23 13:12:18 workcli.go:396: Reply Message Invalid!
ERROR: 2020/02/23 13:12:18 workcli.go:396: Reply Message Invalid!
ERROR: 2020/02/23 13:12:18 workcli.go:396: Reply Message Invalid!
ERROR: 2020/02/23 13:12:18 workcli.go:396: Reply Message Invalid!
ERROR: 2020/02/23 13:12:18 workcli.go:396: Reply Message Invalid!
ERROR: 2020/02/23 13:12:18 workcli.go:396: Reply Message Invalid!
ERROR: 2020/02/23 13:12:18 workcli.go:396: Reply Message Invalid!
ERROR: 2020/02/23 13:12:18 workcli.go:396: Reply Message Invalid!
ERROR: 2020/02/23 13:12:18 workcli.go:396: Reply Message Invalid!
ERROR: 2020/02/23 13:12:18 workcli.go:396: Reply Message Invalid!
ERROR: 2020/02/23 13:12:18 workcli.go:396: Reply Message Invalid!
ERROR: 2020/02/23 13:12:18 workcli.go:396: Reply Message Invalid!
ERROR: 2020/02/23 13:12:18 workcli.go:396: Reply Message Invalid!
ERROR: 2020/02/23 13:12:18 workcli.go:396: Reply Message Invalid!
ERROR: 2020/02/23 13:12:18 workcli.go:396: Reply Message Invalid!
ERROR: 2020/02/23 13:12:18 workcli.go:396: Reply Message Invalid!
ERROR: 2020/02/23 13:12:18 workcli.go:396: Reply Message Invalid!
ERROR: 2020/02/23 13:12:18 workcli.go:396: Reply Message Invalid!
ERROR: 2020/02/23 13:12:18 workcli.go:396: Reply Message Invalid!
ERROR: 2020/02/23 13:12:18 workcli.go:396: Reply Message Invalid!
ERROR: 2020/02/23 13:12:18 workcli.go:396: Reply Message Invalid!
ERROR: 2020/02/23 13:12:18 workcli.go:396: Reply Message Invalid!
ERROR: 2020/02/23 13:12:18 workcli.go:396: Reply Message Invalid!
ERROR: 2020/02/23 13:12:18 workcli.go:396: Reply Message Invalid!
ERROR: 2020/02/23 13:12:18 workcli.go:396: Reply Message Invalid!
ERROR: 2020/02/23 13:12:18 workcli.go:396: Reply Message Invalid!
ERROR: 2020/02/23 13:12:18 workcli.go:396: Reply Message Invalid!
ERROR: 2020/02/23 13:12:18 workcli.go:396: Reply Message Invalid!
ERROR: 2020/02/23 13:12:18 workcli.go:396: Reply Message Invalid!
ERROR: 2020/02/23 13:12:18 workcli.go:396: Reply Message Invalid!
ERROR: 2020/02/23 13:12:18 workcli.go:396: Reply Message Invalid!
ERROR: 2020/02/23 13:12:18 workcli.go:396: Reply Message Invalid!
ERROR: 2020/02/23 13:12:18 workcli.go:396: Reply Message Invalid!
ERROR: 2020/02/23 13:12:18 workcli.go:396: Reply Message Invalid!
ERROR: 2020/02/23 13:12:18 workcli.go:396: Reply Message Invalid!
ERROR: 2020/02/23 13:12:18 workcli.go:396: Reply Message Invalid!
ERROR: 2020/02/23 13:12:18 workcli.go:396: Reply Message Invalid!
ERROR: 2020/02/23 13:12:18 workcli.go:396: Reply Message Invalid!
ERROR: 2020/02/23 13:12:18 workcli.go:396: Reply Message Invalid!
ERROR: 2020/02/23 13:12:18 workcli.go:396: Reply Message Invalid!
ERROR: 2020/02/23 13:12:18 workcli.go:396: Reply Message Invalid!
ERROR: 2020/02/23 13:12:18 workcli.go:396: Reply Message Invalid!
ERROR: 2020/02/23 13:12:18 workcli.go:396: Reply Message Invalid!
ERROR: 2020/02/23 13:12:18 workcli.go:396: Reply Message Invalid!
ERROR: 2020/02/23 13:12:18 workcli.go:396: Reply Message Invalid!
ERROR: 2020/02/23 13:12:18 workcli.go:396: Reply Message Invalid!
ERROR: 2020/02/23 13:12:18 workcli.go:396: Reply Message Invalid!
ERROR: 2020/02/23 13:12:18 workcli.go:396: Reply Message Invalid!
ERROR: 2020/02/23 13:12:18 workcli.go:396: Reply Message Invalid!
ERROR: 2020/02/23 13:12:18 workcli.go:396: Reply Message Invalid!
ERROR: 2020/02/23 13:12:18 workcli.go:396: Reply Message Invalid!
ERROR: 2020/02/23 13:12:18 workcli.go:396: Reply Message Invalid!
ERROR: 2020/02/23 13:12:18 workcli.go:396: Reply Message Invalid!
ERROR: 2020/02/23 13:12:18 workcli.go:396: Reply Message Invalid!
ERROR: 2020/02/23 13:12:18 workcli.go:396: Reply Message Invalid!
ERROR: 2020/02/23 13:12:18 workcli.go:396: Reply Message Invalid!
ERROR: 2020/02/23 13:12:18 workcli.go:396: Reply Message Invalid!
ERROR: 2020/02/23 13:12:18 workcli.go:396: Reply Message Invalid!
ERROR: 2020/02/23 13:12:18 workcli.go:396: Reply Message Invalid!
ERROR: 2020/02/23 13:12:18 workcli.go:396: Reply Message Invalid!
ERROR: 2020/02/23 13:12:18 workcli.go:396: Reply Message Invalid!
ERROR: 2020/02/23 13:12:18 workcli.go:396: Reply Message Invalid!
ERROR: 2020/02/23 13:12:18 workcli.go:396: Reply Message Invalid!
ERROR: 2020/02/23 13:12:18 workcli.go:396: Reply Message Invalid!
ERROR: 2020/02/23 13:12:18 workcli.go:396: Reply Message Invalid!
ERROR: 2020/02/23 13:12:18 workcli.go:396: Reply Message Invalid!
ERROR: 2020/02/23 13:12:18 workcli.go:396: Reply Message Invalid!
ERROR: 2020/02/23 13:12:18 workcli.go:396: Reply Message Invalid!
ERROR: 2020/02/23 13:12:18 workcli.go:396: Reply Message Invalid!
ERROR: 2020/02/23 13:12:18 workcli.go:396: Reply Message Invalid!
ERROR: 2020/02/23 13:12:18 workcli.go:396: Reply Message Invalid!
ERROR: 2020/02/23 13:12:18 workcli.go:396: Reply Message Invalid!
ERROR: 2020/02/23 13:12:18 workcli.go:396: Reply Message Invalid!
ERROR: 2020/02/23 13:12:18 workcli.go:396: Reply Message Invalid!
ERROR: 2020/02/23 13:12:18 workcli.go:396: Reply Message Invalid!
ERROR: 2020/02/23 13:12:18 workcli.go:396: Reply Message Invalid!
ERROR: 2020/02/23 13:12:18 workcli.go:396: Reply Message Invalid!
ERROR: 2020/02/23 13:12:18 workcli.go:396: Reply Message Invalid!
ERROR: 2020/02/23 13:12:18 workcli.go:396: Reply Message Invalid!
ERROR: 2020/02/23 13:12:18 workcli.go:396: Reply Message Invalid!
ERROR: 2020/02/23 13:12:18 workcli.go:396: Reply Message Invalid!
ERROR: 2020/02/23 13:12:18 workcli.go:396: Reply Message Invalid!
ERROR: 2020/02/23 13:12:18 workcli.go:396: Reply Message Invalid!
ERROR: 2020/02/23 13:12:18 workcli.go:396: Reply Message Invalid!
ERROR: 2020/02/23 13:12:18 workcli.go:396: Reply Message Invalid!
ERROR: 2020/02/23 13:12:18 workcli.go:396: Reply Message Invalid!
ERROR: 2020/02/23 13:12:18 workcli.go:396: Reply Message Invalid!
ERROR: 2020/02/23 13:12:18 workcli.go:396: Reply Message Invalid!
ERROR: 2020/02/23 13:12:18 workcli.go:396: Reply Message Invalid!
ERROR: 2020/02/23 13:12:18 workcli.go:396: Reply Message Invalid!
ERROR: 2020/02/23 13:12:18 workcli.go:396: Reply Message Invalid!
ERROR: 2020/02/23 13:12:18 workcli.go:396: Reply Message Invalid!
ERROR: 2020/02/23 13:12:18 workcli.go:396: Reply Message Invalid!
ERROR: 2020/02/23 13:12:18 workcli.go:396: Reply Message Invalid!
ERROR: 2020/02/23 13:12:18 workcli.go:396: Reply Message Invalid!
ERROR: 2020/02/23 13:12:18 workcli.go:396: Reply Message Invalid!
ERROR: 2020/02/23 13:12:18 workcli.go:396: Reply Message Invalid!
ERROR: 2020/02/23 13:12:18 workcli.go:396: Reply Message Invalid!
ERROR: 2020/02/23 13:12:18 workcli.go:396: Reply Message Invalid!
ERROR: 2020/02/23 13:12:18 workcli.go:396: Reply Message Invalid!
ERROR: 2020/02/23 13:12:18 workcli.go:396: Reply Message Invalid!
ERROR: 2020/02/23 13:12:18 workcli.go:396: Reply Message Invalid!
ERROR: 2020/02/23 13:12:18 workcli.go:396: Reply Message Invalid!
ERROR: 2020/02/23 13:12:18 workcli.go:396: Reply Message Invalid!
ERROR: 2020/02/23 13:12:18 workcli.go:396: Reply Message Invalid!
ERROR: 2020/02/23 13:12:18 workcli.go:396: Reply Message Invalid!
ERROR: 2020/02/23 13:12:18 workcli.go:396: Reply Message Invalid!
ERROR: 2020/02/23 13:12:18 workcli.go:396: Reply Message Invalid!
ERROR: 2020/02/23 13:12:18 workcli.go:396: Reply Message Invalid!
ERROR: 2020/02/23 13:12:18 workcli.go:396: Reply Message Invalid!
ERROR: 2020/02/23 13:12:18 workcli.go:396: Reply Message Invalid!
ERROR: 2020/02/23 13:12:18 workcli.go:396: Reply Message Invalid!
ERROR: 2020/02/23 13:12:18 workcli.go:396: Reply Message Invalid!
ERROR: 2020/02/23 13:12:18 workcli.go:396: Reply Message Invalid!
ERROR: 2020/02/23 13:12:18 workcli.go:396: Reply Message Invalid!
ERROR: 2020/02/23 13:12:18 workcli.go:396: Reply Message Invalid!
ERROR: 2020/02/23 13:12:18 workcli.go:396: Reply Message Invalid!
ERROR: 2020/02/23 13:12:18 workcli.go:396: Reply Message Invalid!
ERROR: 2020/02/23 13:12:18 workcli.go:396: Reply Message Invalid!
ERROR: 2020/02/23 13:12:18 workcli.go:396: Reply Message Invalid!
ERROR: 2020/02/23 13:12:18 workcli.go:396: Reply Message Invalid!
ERROR: 2020/02/23 13:12:18 workcli.go:396: Reply Message Invalid!
ERROR: 2020/02/23 13:12:18 workcli.go:396: Reply Message Invalid!
ERROR: 2020/02/23 13:12:18 workcli.go:396: Reply Message Invalid!
ERROR: 2020/02/23 13:12:18 workcli.go:396: Reply Message Invalid!
ERROR: 2020/02/23 13:12:18 workcli.go:396: Reply Message Invalid!
ERROR: 2020/02/23 13:12:18 workcli.go:396: Reply Message Invalid!
ERROR: 2020/02/23 13:12:18 workcli.go:396: Reply Message Invalid!
ERROR: 2020/02/23 13:12:18 workcli.go:396: Reply Message Invalid!
ERROR: 2020/02/23 13:12:18 workcli.go:396: Reply Message Invalid!
ERROR: 2020/02/23 13:12:18 workcli.go:396: Reply Message Invalid!
ERROR: 2020/02/23 13:12:18 workcli.go:396: Reply Message Invalid!
ERROR: 2020/02/23 13:12:18 workcli.go:396: Reply Message Invalid!
ERROR: 2020/02/23 13:12:18 workcli.go:396: Reply Message Invalid!
ERROR: 2020/02/23 13:12:18 workcli.go:396: Reply Message Invalid!
ERROR: 2020/02/23 13:12:18 workcli.go:396: Reply Message Invalid!
ERROR: 2020/02/23 13:12:18 workcli.go:396: Reply Message Invalid!
ERROR: 2020/02/23 13:12:18 workcli.go:396: Reply Message Invalid!
ERROR: 2020/02/23 13:12:18 workcli.go:396: Reply Message Invalid!
ERROR: 2020/02/23 13:12:18 workcli.go:396: Reply Message Invalid!
ERROR: 2020/02/23 13:12:18 workcli.go:396: Reply Message Invalid!
ERROR: 2020/02/23 13:12:18 workcli.go:396: Reply Message Invalid!
ERROR: 2020/02/23 13:12:18 workcli.go:396: Reply Message Invalid!
ERROR: 2020/02/23 13:12:18 workcli.go:396: Reply Message Invalid!
ERROR: 2020/02/23 13:12:18 workcli.go:396: Reply Message Invalid!
ERROR: 2020/02/23 13:12:18 workcli.go:396: Reply Message Invalid!
ERROR: 2020/02/23 13:12:18 workcli.go:396: Reply Message Invalid!
ERROR: 2020/02/23 13:12:18 workcli.go:396: Reply Message Invalid!
ERROR: 2020/02/23 13:12:18 workcli.go:396: Reply Message Invalid!
ERROR: 2020/02/23 13:12:18 workcli.go:396: Reply Message Invalid!
ERROR: 2020/02/23 13:12:18 workcli.go:396: Reply Message Invalid!
ERROR: 2020/02/23 13:12:18 workcli.go:396: Reply Message Invalid!
ERROR: 2020/02/23 13:12:18 workcli.go:396: Reply Message Invalid!
ERROR: 2020/02/23 13:12:18 workcli.go:396: Reply Message Invalid!
ERROR: 2020/02/23 13:12:18 workcli.go:396: Reply Message Invalid!
ERROR: 2020/02/23 13:12:18 workcli.go:396: Reply Message Invalid!
ERROR: 2020/02/23 13:12:18 workcli.go:396: Reply Message Invalid!
ERROR: 2020/02/23 13:12:18 workcli.go:396: Reply Message Invalid!
ERROR: 2020/02/23 13:12:18 workcli.go:396: Reply Message Invalid!
ERROR: 2020/02/23 13:12:18 workcli.go:396: Reply Message Invalid!
ERROR: 2020/02/23 13:12:18 workcli.go:396: Reply Message Invalid!
ERROR: 2020/02/23 13:12:18 workcli.go:396: Reply Message Invalid!
ERROR: 2020/02/23 13:12:18 workcli.go:396: Reply Message Invalid!
ERROR: 2020/02/23 13:12:18 workcli.go:396: Reply Message Invalid!
ERROR: 2020/02/23 13:12:18 workcli.go:396: Reply Message Invalid!
ERROR: 2020/02/23 13:12:18 workcli.go:396: Reply Message Invalid!
ERROR: 2020/02/23 13:12:18 workcli.go:396: Reply Message Invalid!
ERROR: 2020/02/23 13:12:18 workcli.go:396: Reply Message Invalid!
ERROR: 2020/02/23 13:12:18 workcli.go:396: Reply Message Invalid!
ERROR: 2020/02/23 13:12:18 workcli.go:396: Reply Message Invalid!
ERROR: 2020/02/23 13:12:18 workcli.go:396: Reply Message Invalid!
ERROR: 2020/02/23 13:12:18 workcli.go:396: Reply Message Invalid!
ERROR: 2020/02/23 13:12:18 workcli.go:396: Reply Message Invalid!
ERROR: 2020/02/23 13:12:18 workcli.go:396: Reply Message Invalid!
ERROR: 2020/02/23 13:12:18 workcli.go:396: Reply Message Invalid!
ERROR: 2020/02/23 13:12:18 workcli.go:396: Reply Message Invalid!
ERROR: 2020/02/23 13:12:18 workcli.go:396: Reply Message Invalid!
ERROR: 2020/02/23 13:12:18 workcli.go:396: Reply Message Invalid!
ERROR: 2020/02/23 13:12:18 workcli.go:396: Reply Message Invalid!
ERROR: 2020/02/23 13:12:18 workcli.go:396: Reply Message Invalid!
ERROR: 2020/02/23 13:12:18 workcli.go:396: Reply Message Invalid!
ERROR: 2020/02/23 13:12:18 workcli.go:396: Reply Message Invalid!
ERROR: 2020/02/23 13:12:18 workcli.go:396: Reply Message Invalid!
ERROR: 2020/02/23 13:12:18 workcli.go:396: Reply Message Invalid!
ERROR: 2020/02/23 13:12:18 workcli.go:396: Reply Message Invalid!
ERROR: 2020/02/23 13:12:18 workcli.go:396: Reply Message Invalid!
ERROR: 2020/02/23 13:12:18 workcli.go:396: Reply Message Invalid!
ERROR: 2020/02/23 13:12:18 workcli.go:396: Reply Message Invalid!
ERROR: 2020/02/23 13:12:18 workcli.go:396: Reply Message Invalid!
ERROR: 2020/02/23 13:12:18 workcli.go:396: Reply Message Invalid!
ERROR: 2020/02/23 13:12:18 workcli.go:396: Reply Message Invalid!
ERROR: 2020/02/23 13:12:18 workcli.go:396: Reply Message Invalid!
ERROR: 2020/02/23 13:12:18 workcli.go:396: Reply Message Invalid!
ERROR: 2020/02/23 13:12:18 workcli.go:396: Reply Message Invalid!
ERROR: 2020/02/23 13:12:18 workcli.go:396: Reply Message Invalid!
ERROR: 2020/02/23 13:12:18 workcli.go:396: Reply Message Invalid!
ERROR: 2020/02/23 13:12:18 workcli.go:396: Reply Message Invalid!
ERROR: 2020/02/23 13:12:18 workcli.go:396: Reply Message Invalid!
ERROR: 2020/02/23 13:12:18 workcli.go:396: Reply Message Invalid!
ERROR: 2020/02/23 13:12:18 workcli.go:396: Reply Message Invalid!
ERROR: 2020/02/23 13:12:18 workcli.go:396: Reply Message Invalid!
ERROR: 2020/02/23 13:12:18 workcli.go:396: Reply Message Invalid!
ERROR: 2020/02/23 13:12:18 workcli.go:396: Reply Message Invalid!
ERROR: 2020/02/23 13:12:18 workcli.go:396: Reply Message Invalid!
ERROR: 2020/02/23 13:12:18 workcli.go:396: Reply Message Invalid!
ERROR: 2020/02/23 13:12:18 workcli.go:396: Reply Message Invalid!
ERROR: 2020/02/23 13:12:18 workcli.go:396: Reply Message Invalid!
ERROR: 2020/02/23 13:12:18 workcli.go:396: Reply Message Invalid!
ERROR: 2020/02/23 13:12:18 workcli.go:396: Reply Message Invalid!
ERROR: 2020/02/23 13:12:18 workcli.go:396: Reply Message Invalid!
ERROR: 2020/02/23 13:12:18 workcli.go:396: Reply Message Invalid!
ERROR: 2020/02/23 13:12:18 workcli.go:396: Reply Message Invalid!
ERROR: 2020/02/23 13:12:18 workcli.go:396: Reply Message Invalid!
ERROR: 2020/02/23 13:12:18 workcli.go:396: Reply Message Invalid!
ERROR: 2020/02/23 13:12:18 workcli.go:396: Reply Message Invalid!
ERROR: 2020/02/23 13:12:18 workcli.go:396: Reply Message Invalid!
ERROR: 2020/02/23 13:12:18 workcli.go:396: Reply Message Invalid!
ERROR: 2020/02/23 13:12:18 workcli.go:396: Reply Message Invalid!
ERROR: 2020/02/23 13:12:18 workcli.go:396: Reply Message Invalid!
ERROR: 2020/02/23 13:12:18 workcli.go:396: Reply Message Invalid!
ERROR: 2020/02/23 13:12:18 workcli.go:396: Reply Message Invalid!
ERROR: 2020/02/23 13:12:18 workcli.go:396: Reply Message Invalid!
ERROR: 2020/02/23 13:12:18 workcli.go:396: Reply Message Invalid!
ERROR: 2020/02/23 13:12:18 workcli.go:396: Reply Message Invalid!
ERROR: 2020/02/23 13:12:18 workcli.go:396: Reply Message Invalid!
ERROR: 2020/02/23 13:12:18 workcli.go:396: Reply Message Invalid!
ERROR: 2020/02/23 13:12:18 workcli.go:396: Reply Message Invalid!
ERROR: 2020/02/23 13:12:18 workcli.go:396: Reply Message Invalid!
ERROR: 2020/02/23 13:12:18 workcli.go:396: Reply Message Invalid!
ERROR: 2020/02/23 13:12:18 workcli.go:396: Reply Message Invalid!
ERROR: 2020/02/23 13:12:18 workcli.go:396: Reply Message Invalid!
ERROR: 2020/02/23 13:12:18 workcli.go:396: Reply Message Invalid!
ERROR: 2020/02/23 13:12:18 workcli.go:396: Reply Message Invalid!
ERROR: 2020/02/23 13:12:18 workcli.go:396: Reply Message Invalid!
ERROR: 2020/02/23 13:12:18 workcli.go:396: Reply Message Invalid!
ERROR: 2020/02/23 13:12:18 workcli.go:396: Reply Message Invalid!
ERROR: 2020/02/23 13:12:18 workcli.go:396: Reply Message Invalid!
ERROR: 2020/02/23 13:12:18 workcli.go:396: Reply Message Invalid!
ERROR: 2020/02/23 13:12:18 workcli.go:396: Reply Message Invalid!
ERROR: 2020/02/23 13:12:18 workcli.go:396: Reply Message Invalid!
ERROR: 2020/02/23 13:12:18 workcli.go:396: Reply Message Invalid!
ERROR: 2020/02/23 13:12:18 workcli.go:396: Reply Message Invalid!
ERROR: 2020/02/23 13:12:18 workcli.go:396: Reply Message Invalid!
ERROR: 2020/02/23 13:12:18 workcli.go:396: Reply Message Invalid!
ERROR: 2020/02/23 13:12:18 workcli.go:396: Reply Message Invalid!
ERROR: 2020/02/23 13:12:18 workcli.go:396: Reply Message Invalid!
ERROR: 2020/02/23 13:12:18 workcli.go:396: Reply Message Invalid!
ERROR: 2020/02/23 13:12:18 workcli.go:396: Reply Message Invalid!
ERROR: 2020/02/23 13:12:18 workcli.go:396: Reply Message Invalid!
ERROR: 2020/02/23 13:12:18 workcli.go:396: Reply Message Invalid!
ERROR: 2020/02/23 13:12:18 workcli.go:396: Reply Message Invalid!
ERROR: 2020/02/23 13:12:18 workcli.go:396: Reply Message Invalid!
ERROR: 2020/02/23 13:12:18 workcli.go:396: Reply Message Invalid!
ERROR: 2020/02/23 13:12:18 workcli.go:396: Reply Message Invalid!
ERROR: 2020/02/23 13:12:18 workcli.go:396: Reply Message Invalid!
ERROR: 2020/02/23 13:12:18 workcli.go:396: Reply Message Invalid!
ERROR: 2020/02/23 13:12:18 workcli.go:396: Reply Message Invalid!
ERROR: 2020/02/23 13:12:18 workcli.go:396: Reply Message Invalid!
ERROR: 2020/02/23 13:12:18 workcli.go:396: Reply Message Invalid!
ERROR: 2020/02/23 13:12:18 workcli.go:396: Reply Message Invalid!
ERROR: 2020/02/23 13:12:18 workcli.go:396: Reply Message Invalid!
ERROR: 2020/02/23 13:12:18 workcli.go:396: Reply Message Invalid!
ERROR: 2020/02/23 13:12:18 workcli.go:396: Reply Message Invalid!
ERROR: 2020/02/23 13:12:18 workcli.go:396: Reply Message Invalid!
ERROR: 2020/02/23 13:12:18 workcli.go:396: Reply Message Invalid!
ERROR: 2020/02/23 13:12:18 workcli.go:396: Reply Message Invalid!
ERROR: 2020/02/23 13:12:18 workcli.go:396: Reply Message Invalid!
ERROR: 2020/02/23 13:12:18 workcli.go:396: Reply Message Invalid!
ERROR: 2020/02/23 13:12:18 workcli.go:396: Reply Message Invalid!
ERROR: 2020/02/23 13:12:18 workcli.go:396: Reply Message Invalid!
ERROR: 2020/02/23 13:12:18 workcli.go:396: Reply Message Invalid!
ERROR: 2020/02/23 13:12:18 workcli.go:396: Reply Message Invalid!
ERROR: 2020/02/23 13:12:18 workcli.go:396: Reply Message Invalid!
ERROR: 2020/02/23 13:12:18 workcli.go:396: Reply Message Invalid!
ERROR: 2020/02/23 13:12:18 workcli.go:396: Reply Message Invalid!
ERROR: 2020/02/23 13:12:18 workcli.go:396: Reply Message Invalid!
ERROR: 2020/02/23 13:12:18 workcli.go:396: Reply Message Invalid!
ERROR: 2020/02/23 13:12:18 workcli.go:396: Reply Message Invalid!
ERROR: 2020/02/23 13:12:18 workcli.go:396: Reply Message Invalid!
ERROR: 2020/02/23 13:12:18 workcli.go:396: Reply Message Invalid!
ERROR: 2020/02/23 13:12:18 workcli.go:396: Reply Message Invalid!
ERROR: 2020/02/23 13:12:18 workcli.go:396: Reply Message Invalid!
ERROR: 2020/02/23 13:12:18 workcli.go:396: Reply Message Invalid!
ERROR: 2020/02/23 13:12:18 workcli.go:396: Reply Message Invalid!
ERROR: 2020/02/23 13:12:18 workcli.go:396: Reply Message Invalid!
ERROR: 2020/02/23 13:12:18 workcli.go:396: Reply Message Invalid!
ERROR: 2020/02/23 13:12:18 workcli.go:396: Reply Message Invalid!
ERROR: 2020/02/23 13:12:18 workcli.go:396: Reply Message Invalid!
ERROR: 2020/02/23 13:12:18 workcli.go:396: Reply Message Invalid!
ERROR: 2020/02/23 13:12:18 workcli.go:396: Reply Message Invalid!
ERROR: 2020/02/23 13:12:18 workcli.go:396: Reply Message Invalid!
ERROR: 2020/02/23 13:12:18 workcli.go:396: Reply Message Invalid!
ERROR: 2020/02/23 13:12:18 workcli.go:396: Reply Message Invalid!
ERROR: 2020/02/23 13:12:18 workcli.go:396: Reply Message Invalid!
ERROR: 2020/02/23 13:12:18 workcli.go:396: Reply Message Invalid!
ERROR: 2020/02/23 13:12:18 workcli.go:396: Reply Message Invalid!
ERROR: 2020/02/23 13:12:18 workcli.go:396: Reply Message Invalid!
ERROR: 2020/02/23 13:12:18 workcli.go:396: Reply Message Invalid!
ERROR: 2020/02/23 13:12:18 workcli.go:396: Reply Message Invalid!
ERROR: 2020/02/23 13:12:18 workcli.go:396: Reply Message Invalid!
ERROR: 2020/02/23 13:12:18 workcli.go:396: Reply Message Invalid!
ERROR: 2020/02/23 13:12:18 workcli.go:396: Reply Message Invalid!
ERROR: 2020/02/23 13:12:18 workcli.go:396: Reply Message Invalid!
ERROR: 2020/02/23 13:12:18 workcli.go:396: Reply Message Invalid!
ERROR: 2020/02/23 13:12:18 workcli.go:396: Reply Message Invalid!
ERROR: 2020/02/23 13:12:18 workcli.go:396: Reply Message Invalid!
ERROR: 2020/02/23 13:12:18 workcli.go:396: Reply Message Invalid!
ERROR: 2020/02/23 13:12:18 workcli.go:396: Reply Message Invalid!
ERROR: 2020/02/23 13:12:18 workcli.go:396: Reply Message Invalid!
ERROR: 2020/02/23 13:12:18 workcli.go:396: Reply Message Invalid!
ERROR: 2020/02/23 13:12:18 workcli.go:396: Reply Message Invalid!
ERROR: 2020/02/23 13:12:18 workcli.go:396: Reply Message Invalid!
ERROR: 2020/02/23 13:12:18 workcli.go:396: Reply Message Invalid!
ERROR: 2020/02/23 13:12:18 workcli.go:396: Reply Message Invalid!
ERROR: 2020/02/23 13:12:18 workcli.go:396: Reply Message Invalid!
ERROR: 2020/02/23 13:12:18 workcli.go:396: Reply Message Invalid!
ERROR: 2020/02/23 13:12:18 workcli.go:396: Reply Message Invalid!
ERROR: 2020/02/23 13:12:18 workcli.go:396: Reply Message Invalid!
ERROR: 2020/02/23 13:12:18 workcli.go:396: Reply Message Invalid!
ERROR: 2020/02/23 13:12:18 workcli.go:396: Reply Message Invalid!
ERROR: 2020/02/23 13:12:18 workcli.go:396: Reply Message Invalid!
ERROR: 2020/02/23 13:12:18 workcli.go:396: Reply Message Invalid!
ERROR: 2020/02/23 13:12:18 workcli.go:396: Reply Message Invalid!
ERROR: 2020/02/23 13:12:18 workcli.go:396: Reply Message Invalid!
ERROR: 2020/02/23 13:12:18 workcli.go:396: Reply Message Invalid!
ERROR: 2020/02/23 13:12:18 workcli.go:396: Reply Message Invalid!
ERROR: 2020/02/23 13:12:18 workcli.go:396: Reply Message Invalid!
ERROR: 2020/02/23 13:12:18 workcli.go:396: Reply Message Invalid!
ERROR: 2020/02/23 13:12:18 workcli.go:396: Reply Message Invalid!
ERROR: 2020/02/23 13:12:18 workcli.go:396: Reply Message Invalid!
ERROR: 2020/02/23 13:12:18 workcli.go:396: Reply Message Invalid!
ERROR: 2020/02/23 13:12:18 workcli.go:396: Reply Message Invalid!
ERROR: 2020/02/23 13:12:18 workcli.go:396: Reply Message Invalid!
ERROR: 2020/02/23 13:12:18 workcli.go:396: Reply Message Invalid!
ERROR: 2020/02/23 13:12:18 workcli.go:396: Reply Message Invalid!
ERROR: 2020/02/23 13:12:18 workcli.go:396: Reply Message Invalid!
ERROR: 2020/02/23 13:12:18 workcli.go:396: Reply Message Invalid!
ERROR: 2020/02/23 13:12:18 workcli.go:396: Reply Message Invalid!
ERROR: 2020/02/23 13:12:18 workcli.go:396: Reply Message Invalid!
ERROR: 2020/02/23 13:12:18 workcli.go:396: Reply Message Invalid!
ERROR: 2020/02/23 13:12:18 workcli.go:396: Reply Message Invalid!
ERROR: 2020/02/23 13:12:18 workcli.go:396: Reply Message Invalid!
ERROR: 2020/02/23 13:12:18 workcli.go:396: Reply Message Invalid!
ERROR: 2020/02/23 13:12:18 workcli.go:396: Reply Message Invalid!
ERROR: 2020/02/23 13:12:18 workcli.go:396: Reply Message Invalid!
ERROR: 2020/02/23 13:12:18 workcli.go:396: Reply Message Invalid!
ERROR: 2020/02/23 13:12:18 workcli.go:396: Reply Message Invalid!
ERROR: 2020/02/23 13:12:18 workcli.go:396: Reply Message Invalid!
ERROR: 2020/02/23 13:12:18 workcli.go:396: Reply Message Invalid!
ERROR: 2020/02/23 13:12:18 workcli.go:396: Reply Message Invalid!
ERROR: 2020/02/23 13:12:18 workcli.go:396: Reply Message Invalid!
ERROR: 2020/02/23 13:12:18 workcli.go:396: Reply Message Invalid!
ERROR: 2020/02/23 13:12:18 workcli.go:396: Reply Message Invalid!
ERROR: 2020/02/23 13:12:18 workcli.go:396: Reply Message Invalid!
ERROR: 2020/02/23 13:12:18 workcli.go:396: Reply Message Invalid!
ERROR: 2020/02/23 13:12:18 workcli.go:396: Reply Message Invalid!
ERROR: 2020/02/23 13:12:18 workcli.go:396: Reply Message Invalid!
ERROR: 2020/02/23 13:12:18 workcli.go:396: Reply Message Invalid!
ERROR: 2020/02/23 13:12:18 workcli.go:396: Reply Message Invalid!
ERROR: 2020/02/23 13:12:18 workcli.go:396: Reply Message Invalid!
ERROR: 2020/02/23 13:12:18 workcli.go:396: Reply Message Invalid!
ERROR: 2020/02/23 13:12:18 workcli.go:396: Reply Message Invalid!
ERROR: 2020/02/23 13:12:18 workcli.go:396: Reply Message Invalid!
ERROR: 2020/02/23 13:12:18 workcli.go:396: Reply Message Invalid!
ERROR: 2020/02/23 13:12:18 workcli.go:396: Reply Message Invalid!
ERROR: 2020/02/23 13:12:18 workcli.go:396: Reply Message Invalid!
ERROR: 2020/02/23 13:12:18 workcli.go:396: Reply Message Invalid!
ERROR: 2020/02/23 13:12:18 workcli.go:396: Reply Message Invalid!
ERROR: 2020/02/23 13:12:18 workcli.go:396: Reply Message Invalid!
ERROR: 2020/02/23 13:12:18 workcli.go:396: Reply Message Invalid!
ERROR: 2020/02/23 13:12:18 workcli.go:396: Reply Message Invalid!
ERROR: 2020/02/23 13:12:18 workcli.go:396: Reply Message Invalid!
ERROR: 2020/02/23 13:12:18 workcli.go:396: Reply Message Invalid!
ERROR: 2020/02/23 13:12:18 workcli.go:396: Reply Message Invalid!
ERROR: 2020/02/23 13:12:18 workcli.go:396: Reply Message Invalid!
ERROR: 2020/02/23 13:12:18 workcli.go:396: Reply Message Invalid!
ERROR: 2020/02/23 13:12:18 workcli.go:396: Reply Message Invalid!
ERROR: 2020/02/23 13:12:18 workcli.go:396: Reply Message Invalid!
ERROR: 2020/02/23 13:12:18 workcli.go:396: Reply Message Invalid!
ERROR: 2020/02/23 13:12:18 workcli.go:396: Reply Message Invalid!
ERROR: 2020/02/23 13:12:18 workcli.go:396: Reply Message Invalid!
ERROR: 2020/02/23 13:12:18 workcli.go:396: Reply Message Invalid!
ERROR: 2020/02/23 13:12:18 workcli.go:396: Reply Message Invalid!
ERROR: 2020/02/23 13:12:18 workcli.go:396: Reply Message Invalid!
ERROR: 2020/02/23 13:12:18 workcli.go:396: Reply Message Invalid!
ERROR: 2020/02/23 13:12:18 workcli.go:396: Reply Message Invalid!
ERROR: 2020/02/23 13:12:18 workcli.go:396: Reply Message Invalid!
ERROR: 2020/02/23 13:12:18 workcli.go:396: Reply Message Invalid!
ERROR: 2020/02/23 13:12:18 workcli.go:396: Reply Message Invalid!
ERROR: 2020/02/23 13:12:18 workcli.go:396: Reply Message Invalid!
ERROR: 2020/02/23 13:12:18 workcli.go:396: Reply Message Invalid!
ERROR: 2020/02/23 13:12:18 workcli.go:396: Reply Message Invalid!
ERROR: 2020/02/23 13:12:18 workcli.go:396: Reply Message Invalid!
ERROR: 2020/02/23 13:12:18 workcli.go:396: Reply Message Invalid!
ERROR: 2020/02/23 13:12:18 workcli.go:396: Reply Message Invalid!
ERROR: 2020/02/23 13:12:18 workcli.go:396: Reply Message Invalid!
ERROR: 2020/02/23 13:12:18 workcli.go:396: Reply Message Invalid!
ERROR: 2020/02/23 13:12:18 workcli.go:396: Reply Message Invalid!
ERROR: 2020/02/23 13:12:18 workcli.go:396: Reply Message Invalid!
ERROR: 2020/02/23 13:12:18 workcli.go:396: Reply Message Invalid!
ERROR: 2020/02/23 13:12:18 workcli.go:396: Reply Message Invalid!
ERROR: 2020/02/23 13:12:18 workcli.go:396: Reply Message Invalid!
ERROR: 2020/02/23 13:12:18 workcli.go:396: Reply Message Invalid!
ERROR: 2020/02/23 13:12:18 workcli.go:396: Reply Message Invalid!
ERROR: 2020/02/23 13:12:18 workcli.go:396: Reply Message Invalid!
ERROR: 2020/02/23 13:12:18 workcli.go:396: Reply Message Invalid!
ERROR: 2020/02/23 13:12:18 workcli.go:396: Reply Message Invalid!
ERROR: 2020/02/23 13:12:18 workcli.go:396: Reply Message Invalid!
ERROR: 2020/02/23 13:12:18 workcli.go:396: Reply Message Invalid!
ERROR: 2020/02/23 13:12:18 workcli.go:396: Reply Message Invalid!
ERROR: 2020/02/23 13:12:18 workcli.go:396: Reply Message Invalid!
ERROR: 2020/02/23 13:12:18 workcli.go:396: Reply Message Invalid!
ERROR: 2020/02/23 13:12:18 workcli.go:396: Reply Message Invalid!
ERROR: 2020/02/23 13:12:18 workcli.go:396: Reply Message Invalid!
ERROR: 2020/02/23 13:12:18 workcli.go:396: Reply Message Invalid!
ERROR: 2020/02/23 13:12:18 workcli.go:396: Reply Message Invalid!
ERROR: 2020/02/23 13:12:18 workcli.go:396: Reply Message Invalid!
ERROR: 2020/02/23 13:12:18 workcli.go:396: Reply Message Invalid!
ERROR: 2020/02/23 13:12:18 workcli.go:396: Reply Message Invalid!
ERROR: 2020/02/23 13:12:18 workcli.go:396: Reply Message Invalid!
ERROR: 2020/02/23 13:12:18 workcli.go:396: Reply Message Invalid!
ERROR: 2020/02/23 13:12:18 workcli.go:396: Reply Message Invalid!
ERROR: 2020/02/23 13:12:18 workcli.go:396: Reply Message Invalid!
ERROR: 2020/02/23 13:12:18 workcli.go:396: Reply Message Invalid!
ERROR: 2020/02/23 13:12:18 workcli.go:396: Reply Message Invalid!
ERROR: 2020/02/23 13:12:18 workcli.go:396: Reply Message Invalid!
ERROR: 2020/02/23 13:12:18 workcli.go:396: Reply Message Invalid!
ERROR: 2020/02/23 13:12:18 workcli.go:396: Reply Message Invalid!
ERROR: 2020/02/23 13:12:18 workcli.go:396: Reply Message Invalid!
ERROR: 2020/02/23 13:12:18 workcli.go:396: Reply Message Invalid!
ERROR: 2020/02/23 13:12:18 workcli.go:396: Reply Message Invalid!
ERROR: 2020/02/23 13:12:18 workcli.go:396: Reply Message Invalid!
ERROR: 2020/02/23 13:12:18 workcli.go:396: Reply Message Invalid!
ERROR: 2020/02/23 13:12:18 workcli.go:396: Reply Message Invalid!
ERROR: 2020/02/23 13:12:18 workcli.go:396: Reply Message Invalid!
ERROR: 2020/02/23 13:12:18 workcli.go:396: Reply Message Invalid!
ERROR: 2020/02/23 13:12:18 workcli.go:396: Reply Message Invalid!
ERROR: 2020/02/23 13:12:18 workcli.go:396: Reply Message Invalid!
ERROR: 2020/02/23 13:12:18 workcli.go:396: Reply Message Invalid!
ERROR: 2020/02/23 13:12:18 workcli.go:396: Reply Message Invalid!
ERROR: 2020/02/23 13:12:18 workcli.go:396: Reply Message Invalid!
ERROR: 2020/02/23 13:12:18 workcli.go:396: Reply Message Invalid!
ERROR: 2020/02/23 13:12:18 workcli.go:396: Reply Message Invalid!
ERROR: 2020/02/23 13:12:18 workcli.go:396: Reply Message Invalid!
ERROR: 2020/02/23 13:12:18 workcli.go:396: Reply Message Invalid!
ERROR: 2020/02/23 13:12:18 workcli.go:396: Reply Message Invalid!
ERROR: 2020/02/23 13:12:18 workcli.go:396: Reply Message Invalid!
ERROR: 2020/02/23 13:12:18 workcli.go:396: Reply Message Invalid!
ERROR: 2020/02/23 13:12:18 workcli.go:396: Reply Message Invalid!
ERROR: 2020/02/23 13:12:18 workcli.go:396: Reply Message Invalid!
ERROR: 2020/02/23 13:12:18 workcli.go:396: Reply Message Invalid!
ERROR: 2020/02/23 13:12:18 workcli.go:396: Reply Message Invalid!
ERROR: 2020/02/23 13:12:18 workcli.go:396: Reply Message Invalid!
ERROR: 2020/02/23 13:12:18 workcli.go:396: Reply Message Invalid!
ERROR: 2020/02/23 13:12:18 workcli.go:396: Reply Message Invalid!
ERROR: 2020/02/23 13:12:18 workcli.go:396: Reply Message Invalid!
ERROR: 2020/02/23 13:12:18 workcli.go:396: Reply Message Invalid!
ERROR: 2020/02/23 13:12:18 workcli.go:396: Reply Message Invalid!
ERROR: 2020/02/23 13:12:18 workcli.go:396: Reply Message Invalid!
ERROR: 2020/02/23 13:12:18 workcli.go:396: Reply Message Invalid!
ERROR: 2020/02/23 13:12:18 workcli.go:396: Reply Message Invalid!
ERROR: 2020/02/23 13:12:18 workcli.go:396: Reply Message Invalid!
ERROR: 2020/02/23 13:12:18 workcli.go:396: Reply Message Invalid!
ERROR: 2020/02/23 13:12:18 workcli.go:396: Reply Message Invalid!
ERROR: 2020/02/23 13:12:18 workcli.go:396: Reply Message Invalid!
ERROR: 2020/02/23 13:12:18 workcli.go:396: Reply Message Invalid!
ERROR: 2020/02/23 13:12:18 workcli.go:396: Reply Message Invalid!
ERROR: 2020/02/23 13:12:18 workcli.go:396: Reply Message Invalid!
ERROR: 2020/02/23 13:12:18 workcli.go:396: Reply Message Invalid!
ERROR: 2020/02/23 13:12:18 workcli.go:396: Reply Message Invalid!
ERROR: 2020/02/23 13:12:18 workcli.go:396: Reply Message Invalid!
ERROR: 2020/02/23 13:12:18 workcli.go:396: Reply Message Invalid!
ERROR: 2020/02/23 13:12:18 workcli.go:396: Reply Message Invalid!
ERROR: 2020/02/23 13:12:18 workcli.go:396: Reply Message Invalid!
ERROR: 2020/02/23 13:12:18 workcli.go:396: Reply Message Invalid!
ERROR: 2020/02/23 13:12:18 workcli.go:396: Reply Message Invalid!
ERROR: 2020/02/23 13:12:18 workcli.go:396: Reply Message Invalid!
ERROR: 2020/02/23 13:12:18 workcli.go:396: Reply Message Invalid!
ERROR: 2020/02/23 13:12:18 workcli.go:396: Reply Message Invalid!
ERROR: 2020/02/23 13:12:18 workcli.go:396: Reply Message Invalid!
ERROR: 2020/02/23 13:12:18 workcli.go:396: Reply Message Invalid!
ERROR: 2020/02/23 13:12:18 workcli.go:396: Reply Message Invalid!
ERROR: 2020/02/23 13:12:18 workcli.go:396: Reply Message Invalid!
ERROR: 2020/02/23 13:12:18 workcli.go:396: Reply Message Invalid!
ERROR: 2020/02/23 13:12:18 workcli.go:396: Reply Message Invalid!
ERROR: 2020/02/23 13:12:18 workcli.go:396: Reply Message Invalid!
ERROR: 2020/02/23 13:12:18 workcli.go:396: Reply Message Invalid!
ERROR: 2020/02/23 13:12:18 workcli.go:396: Reply Message Invalid!
ERROR: 2020/02/23 13:12:18 workcli.go:396: Reply Message Invalid!
ERROR: 2020/02/23 13:12:18 workcli.go:396: Reply Message Invalid!
ERROR: 2020/02/23 13:12:18 workcli.go:396: Reply Message Invalid!
ERROR: 2020/02/23 13:12:18 workcli.go:396: Reply Message Invalid!
ERROR: 2020/02/23 13:12:18 workcli.go:396: Reply Message Invalid!
ERROR: 2020/02/23 13:12:18 workcli.go:396: Reply Message Invalid!
ERROR: 2020/02/23 13:12:18 workcli.go:396: Reply Message Invalid!
ERROR: 2020/02/23 13:12:18 workcli.go:396: Reply Message Invalid!
ERROR: 2020/02/23 13:12:18 workcli.go:396: Reply Message Invalid!
ERROR: 2020/02/23 13:12:18 workcli.go:396: Reply Message Invalid!
ERROR: 2020/02/23 13:12:18 workcli.go:396: Reply Message Invalid!
ERROR: 2020/02/23 13:12:18 workcli.go:396: Reply Message Invalid!
ERROR: 2020/02/23 13:12:18 workcli.go:396: Reply Message Invalid!
ERROR: 2020/02/23 13:12:18 workcli.go:396: Reply Message Invalid!
ERROR: 2020/02/23 13:12:18 workcli.go:396: Reply Message Invalid!
ERROR: 2020/02/23 13:12:18 workcli.go:396: Reply Message Invalid!
ERROR: 2020/02/23 13:12:18 workcli.go:396: Reply Message Invalid!
ERROR: 2020/02/23 13:12:18 workcli.go:396: Reply Message Invalid!
ERROR: 2020/02/23 13:12:18 workcli.go:396: Reply Message Invalid!
ERROR: 2020/02/23 13:12:18 workcli.go:396: Reply Message Invalid!
ERROR: 2020/02/23 13:12:18 workcli.go:396: Reply Message Invalid!
ERROR: 2020/02/23 13:12:18 workcli.go:396: Reply Message Invalid!
ERROR: 2020/02/23 13:12:18 workcli.go:396: Reply Message Invalid!
ERROR: 2020/02/23 13:12:18 workcli.go:396: Reply Message Invalid!
ERROR: 2020/02/23 13:12:18 workcli.go:396: Reply Message Invalid!
ERROR: 2020/02/23 13:12:18 workcli.go:396: Reply Message Invalid!
ERROR: 2020/02/23 13:12:18 workcli.go:396: Reply Message Invalid!
ERROR: 2020/02/23 13:12:18 workcli.go:396: Reply Message Invalid!
ERROR: 2020/02/23 13:12:18 workcli.go:396: Reply Message Invalid!
ERROR: 2020/02/23 13:12:18 workcli.go:396: Reply Message Invalid!
ERROR: 2020/02/23 13:12:18 workcli.go:396: Reply Message Invalid!
ERROR: 2020/02/23 13:12:18 workcli.go:396: Reply Message Invalid!
ERROR: 2020/02/23 13:12:18 workcli.go:396: Reply Message Invalid!
ERROR: 2020/02/23 13:12:18 workcli.go:396: Reply Message Invalid!
ERROR: 2020/02/23 13:12:18 workcli.go:396: Reply Message Invalid!
ERROR: 2020/02/23 13:12:18 workcli.go:396: Reply Message Invalid!
ERROR: 2020/02/23 13:12:18 workcli.go:396: Reply Message Invalid!
ERROR: 2020/02/23 13:12:18 workcli.go:396: Reply Message Invalid!
ERROR: 2020/02/23 13:12:18 workcli.go:396: Reply Message Invalid!
ERROR: 2020/02/23 13:12:18 workcli.go:396: Reply Message Invalid!
ERROR: 2020/02/23 13:12:18 workcli.go:396: Reply Message Invalid!
ERROR: 2020/02/23 13:12:18 workcli.go:396: Reply Message Invalid!
ERROR: 2020/02/23 13:12:18 workcli.go:396: Reply Message Invalid!
ERROR: 2020/02/23 13:12:18 workcli.go:396: Reply Message Invalid!
ERROR: 2020/02/23 13:12:18 workcli.go:396: Reply Message Invalid!
ERROR: 2020/02/23 13:12:18 workcli.go:396: Reply Message Invalid!
ERROR: 2020/02/23 13:12:18 workcli.go:396: Reply Message Invalid!
ERROR: 2020/02/23 13:12:18 workcli.go:396: Reply Message Invalid!
ERROR: 2020/02/23 13:12:18 workcli.go:396: Reply Message Invalid!
ERROR: 2020/02/23 13:12:18 workcli.go:396: Reply Message Invalid!
ERROR: 2020/02/23 13:12:18 workcli.go:396: Reply Message Invalid!
ERROR: 2020/02/23 13:12:18 workcli.go:396: Reply Message Invalid!
ERROR: 2020/02/23 13:12:18 workcli.go:396: Reply Message Invalid!
ERROR: 2020/02/23 13:12:18 workcli.go:396: Reply Message Invalid!
ERROR: 2020/02/23 13:12:18 workcli.go:396: Reply Message Invalid!
ERROR: 2020/02/23 13:12:18 workcli.go:396: Reply Message Invalid!
ERROR: 2020/02/23 13:12:18 workcli.go:396: Reply Message Invalid!
ERROR: 2020/02/23 13:12:18 workcli.go:396: Reply Message Invalid!
ERROR: 2020/02/23 13:12:18 workcli.go:396: Reply Message Invalid!
ERROR: 2020/02/23 13:12:18 workcli.go:396: Reply Message Invalid!
ERROR: 2020/02/23 13:12:18 workcli.go:396: Reply Message Invalid!
ERROR: 2020/02/23 13:12:18 workcli.go:396: Reply Message Invalid!
ERROR: 2020/02/23 13:12:18 workcli.go:396: Reply Message Invalid!
ERROR: 2020/02/23 13:12:18 workcli.go:396: Reply Message Invalid!
ERROR: 2020/02/23 13:12:18 workcli.go:396: Reply Message Invalid!
ERROR: 2020/02/23 13:12:18 workcli.go:396: Reply Message Invalid!
ERROR: 2020/02/23 13:12:18 workcli.go:396: Reply Message Invalid!
ERROR: 2020/02/23 13:12:18 workcli.go:396: Reply Message Invalid!
ERROR: 2020/02/23 13:12:18 workcli.go:396: Reply Message Invalid!
ERROR: 2020/02/23 13:12:18 workcli.go:396: Reply Message Invalid!
ERROR: 2020/02/23 13:12:18 workcli.go:396: Reply Message Invalid!
ERROR: 2020/02/23 13:12:18 workcli.go:396: Reply Message Invalid!
ERROR: 2020/02/23 13:12:18 workcli.go:396: Reply Message Invalid!
ERROR: 2020/02/23 13:12:18 workcli.go:396: Reply Message Invalid!
ERROR: 2020/02/23 13:12:18 workcli.go:396: Reply Message Invalid!
ERROR: 2020/02/23 13:12:18 workcli.go:396: Reply Message Invalid!
ERROR: 2020/02/23 13:12:18 workcli.go:396: Reply Message Invalid!
ERROR: 2020/02/23 13:12:18 workcli.go:396: Reply Message Invalid!
ERROR: 2020/02/23 13:12:18 workcli.go:396: Reply Message Invalid!
ERROR: 2020/02/23 13:12:18 workcli.go:396: Reply Message Invalid!
ERROR: 2020/02/23 13:12:18 workcli.go:396: Reply Message Invalid!
ERROR: 2020/02/23 13:12:18 workcli.go:396: Reply Message Invalid!
ERROR: 2020/02/23 13:12:18 workcli.go:396: Reply Message Invalid!
ERROR: 2020/02/23 13:12:18 workcli.go:396: Reply Message Invalid!
ERROR: 2020/02/23 13:12:18 workcli.go:396: Reply Message Invalid!
ERROR: 2020/02/23 13:12:18 workcli.go:396: Reply Message Invalid!
ERROR: 2020/02/23 13:12:18 workcli.go:396: Reply Message Invalid!
ERROR: 2020/02/23 13:12:18 workcli.go:396: Reply Message Invalid!
ERROR: 2020/02/23 13:12:18 workcli.go:396: Reply Message Invalid!
ERROR: 2020/02/23 13:12:18 workcli.go:396: Reply Message Invalid!
ERROR: 2020/02/23 13:12:18 workcli.go:396: Reply Message Invalid!
ERROR: 2020/02/23 13:12:18 workcli.go:396: Reply Message Invalid!
ERROR: 2020/02/23 13:12:18 workcli.go:396: Reply Message Invalid!
ERROR: 2020/02/23 13:12:18 workcli.go:396: Reply Message Invalid!
ERROR: 2020/02/23 13:12:18 workcli.go:396: Reply Message Invalid!
ERROR: 2020/02/23 13:12:18 workcli.go:396: Reply Message Invalid!
ERROR: 2020/02/23 13:12:18 workcli.go:396: Reply Message Invalid!
ERROR: 2020/02/23 13:12:18 workcli.go:396: Reply Message Invalid!
ERROR: 2020/02/23 13:12:18 workcli.go:396: Reply Message Invalid!
ERROR: 2020/02/23 13:12:18 workcli.go:396: Reply Message Invalid!
ERROR: 2020/02/23 13:12:18 workcli.go:396: Reply Message Invalid!
ERROR: 2020/02/23 13:12:18 workcli.go:396: Reply Message Invalid!
ERROR: 2020/02/23 13:12:18 workcli.go:396: Reply Message Invalid!
ERROR: 2020/02/23 13:12:18 workcli.go:396: Reply Message Invalid!
ERROR: 2020/02/23 13:12:18 workcli.go:396: Reply Message Invalid!
ERROR: 2020/02/23 13:12:18 workcli.go:396: Reply Message Invalid!
ERROR: 2020/02/23 13:12:18 workcli.go:396: Reply Message Invalid!
ERROR: 2020/02/23 13:12:18 workcli.go:396: Reply Message Invalid!
ERROR: 2020/02/23 13:12:18 workcli.go:396: Reply Message Invalid!
ERROR: 2020/02/23 13:12:18 workcli.go:396: Reply Message Invalid!
ERROR: 2020/02/23 13:12:18 workcli.go:396: Reply Message Invalid!
ERROR: 2020/02/23 13:12:18 workcli.go:396: Reply Message Invalid!
ERROR: 2020/02/23 13:12:18 workcli.go:396: Reply Message Invalid!
ERROR: 2020/02/23 13:12:18 workcli.go:396: Reply Message Invalid!
ERROR: 2020/02/23 13:12:18 workcli.go:396: Reply Message Invalid!
ERROR: 2020/02/23 13:12:18 workcli.go:396: Reply Message Invalid!
ERROR: 2020/02/23 13:12:18 workcli.go:396: Reply Message Invalid!
ERROR: 2020/02/23 13:12:18 workcli.go:396: Reply Message Invalid!
ERROR: 2020/02/23 13:12:18 workcli.go:396: Reply Message Invalid!
ERROR: 2020/02/23 13:12:18 workcli.go:396: Reply Message Invalid!
ERROR: 2020/02/23 13:12:18 workcli.go:396: Reply Message Invalid!
ERROR: 2020/02/23 13:12:18 workcli.go:396: Reply Message Invalid!
ERROR: 2020/02/23 13:12:18 workcli.go:396: Reply Message Invalid!
ERROR: 2020/02/23 13:12:18 workcli.go:396: Reply Message Invalid!
ERROR: 2020/02/23 13:12:18 workcli.go:396: Reply Message Invalid!
ERROR: 2020/02/23 13:12:18 workcli.go:396: Reply Message Invalid!
ERROR: 2020/02/23 13:12:18 workcli.go:396: Reply Message Invalid!
ERROR: 2020/02/23 13:12:18 workcli.go:396: Reply Message Invalid!
ERROR: 2020/02/23 13:12:18 workcli.go:396: Reply Message Invalid!
ERROR: 2020/02/23 13:12:18 workcli.go:396: Reply Message Invalid!
ERROR: 2020/02/23 13:12:18 workcli.go:396: Reply Message Invalid!
ERROR: 2020/02/23 13:12:18 workcli.go:396: Reply Message Invalid!
ERROR: 2020/02/23 13:12:18 workcli.go:396: Reply Message Invalid!
ERROR: 2020/02/23 13:12:18 workcli.go:396: Reply Message Invalid!
ERROR: 2020/02/23 13:12:18 workcli.go:396: Reply Message Invalid!
ERROR: 2020/02/23 13:12:18 workcli.go:396: Reply Message Invalid!
ERROR: 2020/02/23 13:12:18 workcli.go:396: Reply Message Invalid!
ERROR: 2020/02/23 13:12:18 workcli.go:396: Reply Message Invalid!
ERROR: 2020/02/23 13:12:18 workcli.go:396: Reply Message Invalid!
ERROR: 2020/02/23 13:12:18 workcli.go:396: Reply Message Invalid!
ERROR: 2020/02/23 13:12:18 workcli.go:396: Reply Message Invalid!
ERROR: 2020/02/23 13:12:18 workcli.go:396: Reply Message Invalid!
ERROR: 2020/02/23 13:12:18 workcli.go:396: Reply Message Invalid!
ERROR: 2020/02/23 13:12:18 workcli.go:396: Reply Message Invalid!
ERROR: 2020/02/23 13:12:18 workcli.go:396: Reply Message Invalid!
ERROR: 2020/02/23 13:12:18 workcli.go:396: Reply Message Invalid!
ERROR: 2020/02/23 13:12:18 workcli.go:396: Reply Message Invalid!
ERROR: 2020/02/23 13:12:18 workcli.go:396: Reply Message Invalid!
ERROR: 2020/02/23 13:12:18 workcli.go:396: Reply Message Invalid!
ERROR: 2020/02/23 13:12:18 workcli.go:396: Reply Message Invalid!
ERROR: 2020/02/23 13:12:18 workcli.go:396: Reply Message Invalid!
ERROR: 2020/02/23 13:12:18 workcli.go:396: Reply Message Invalid!
ERROR: 2020/02/23 13:12:18 workcli.go:396: Reply Message Invalid!
ERROR: 2020/02/23 13:12:18 workcli.go:396: Reply Message Invalid!
ERROR: 2020/02/23 13:12:18 workcli.go:396: Reply Message Invalid!
ERROR: 2020/02/23 13:12:18 workcli.go:396: Reply Message Invalid!
ERROR: 2020/02/23 13:12:18 workcli.go:396: Reply Message Invalid!
ERROR: 2020/02/23 13:12:18 workcli.go:396: Reply Message Invalid!
ERROR: 2020/02/23 13:12:18 workcli.go:396: Reply Message Invalid!
ERROR: 2020/02/23 13:12:18 workcli.go:396: Reply Message Invalid!
ERROR: 2020/02/23 13:12:18 workcli.go:396: Reply Message Invalid!
ERROR: 2020/02/23 13:12:18 workcli.go:396: Reply Message Invalid!
ERROR: 2020/02/23 13:12:18 workcli.go:396: Reply Message Invalid!
ERROR: 2020/02/23 13:12:18 workcli.go:396: Reply Message Invalid!
ERROR: 2020/02/23 13:12:18 workcli.go:396: Reply Message Invalid!
ERROR: 2020/02/23 13:12:18 workcli.go:396: Reply Message Invalid!
ERROR: 2020/02/23 13:12:18 workcli.go:396: Reply Message Invalid!
ERROR: 2020/02/23 13:12:18 workcli.go:396: Reply Message Invalid!
ERROR: 2020/02/23 13:12:18 workcli.go:396: Reply Message Invalid!
ERROR: 2020/02/23 13:12:18 workcli.go:396: Reply Message Invalid!
ERROR: 2020/02/23 13:12:18 workcli.go:396: Reply Message Invalid!
ERROR: 2020/02/23 13:12:18 workcli.go:396: Reply Message Invalid!
ERROR: 2020/02/23 13:12:18 workcli.go:396: Reply Message Invalid!
ERROR: 2020/02/23 13:12:18 workcli.go:396: Reply Message Invalid!
ERROR: 2020/02/23 13:12:18 workcli.go:396: Reply Message Invalid!
ERROR: 2020/02/23 13:12:18 workcli.go:396: Reply Message Invalid!
ERROR: 2020/02/23 13:12:18 workcli.go:396: Reply Message Invalid!
ERROR: 2020/02/23 13:12:18 workcli.go:396: Reply Message Invalid!
ERROR: 2020/02/23 13:12:18 workcli.go:396: Reply Message Invalid!
ERROR: 2020/02/23 13:12:18 workcli.go:396: Reply Message Invalid!
ERROR: 2020/02/23 13:12:18 workcli.go:396: Reply Message Invalid!
ERROR: 2020/02/23 13:12:18 workcli.go:396: Reply Message Invalid!
ERROR: 2020/02/23 13:12:18 workcli.go:396: Reply Message Invalid!
ERROR: 2020/02/23 13:12:18 workcli.go:396: Reply Message Invalid!
ERROR: 2020/02/23 13:12:18 workcli.go:396: Reply Message Invalid!
ERROR: 2020/02/23 13:12:18 workcli.go:396: Reply Message Invalid!
ERROR: 2020/02/23 13:12:18 workcli.go:396: Reply Message Invalid!
ERROR: 2020/02/23 13:12:18 workcli.go:396: Reply Message Invalid!
ERROR: 2020/02/23 13:12:18 workcli.go:396: Reply Message Invalid!
ERROR: 2020/02/23 13:12:18 workcli.go:396: Reply Message Invalid!
ERROR: 2020/02/23 13:12:18 workcli.go:396: Reply Message Invalid!
ERROR: 2020/02/23 13:12:18 workcli.go:396: Reply Message Invalid!
ERROR: 2020/02/23 13:12:18 workcli.go:396: Reply Message Invalid!
ERROR: 2020/02/23 13:12:18 workcli.go:396: Reply Message Invalid!
ERROR: 2020/02/23 13:12:18 workcli.go:396: Reply Message Invalid!
ERROR: 2020/02/23 13:12:18 workcli.go:396: Reply Message Invalid!
ERROR: 2020/02/23 13:12:18 workcli.go:396: Reply Message Invalid!
ERROR: 2020/02/23 13:12:18 workcli.go:396: Reply Message Invalid!
ERROR: 2020/02/23 13:12:18 workcli.go:396: Reply Message Invalid!
ERROR: 2020/02/23 13:12:18 workcli.go:396: Reply Message Invalid!
ERROR: 2020/02/23 13:12:18 workcli.go:396: Reply Message Invalid!
ERROR: 2020/02/23 13:12:18 workcli.go:396: Reply Message Invalid!
ERROR: 2020/02/23 13:12:18 workcli.go:396: Reply Message Invalid!
ERROR: 2020/02/23 13:12:18 workcli.go:396: Reply Message Invalid!
ERROR: 2020/02/23 13:12:18 workcli.go:396: Reply Message Invalid!
ERROR: 2020/02/23 13:12:18 workcli.go:396: Reply Message Invalid!
ERROR: 2020/02/23 13:12:18 workcli.go:396: Reply Message Invalid!
ERROR: 2020/02/23 13:12:18 workcli.go:396: Reply Message Invalid!
ERROR: 2020/02/23 13:12:18 workcli.go:396: Reply Message Invalid!
ERROR: 2020/02/23 13:12:18 workcli.go:396: Reply Message Invalid!
ERROR: 2020/02/23 13:12:18 workcli.go:396: Reply Message Invalid!
ERROR: 2020/02/23 13:12:18 workcli.go:396: Reply Message Invalid!
ERROR: 2020/02/23 13:12:18 workcli.go:396: Reply Message Invalid!
ERROR: 2020/02/23 13:12:18 workcli.go:396: Reply Message Invalid!
ERROR: 2020/02/23 13:12:18 workcli.go:396: Reply Message Invalid!
ERROR: 2020/02/23 13:12:18 workcli.go:396: Reply Message Invalid!
ERROR: 2020/02/23 13:12:18 workcli.go:396: Reply Message Invalid!
ERROR: 2020/02/23 13:12:18 workcli.go:396: Reply Message Invalid!
ERROR: 2020/02/23 13:12:18 workcli.go:396: Reply Message Invalid!
ERROR: 2020/02/23 13:12:18 workcli.go:396: Reply Message Invalid!
ERROR: 2020/02/23 13:12:18 workcli.go:396: Reply Message Invalid!
ERROR: 2020/02/23 13:12:18 workcli.go:396: Reply Message Invalid!
ERROR: 2020/02/23 13:12:18 workcli.go:396: Reply Message Invalid!
ERROR: 2020/02/23 13:12:18 workcli.go:396: Reply Message Invalid!
ERROR: 2020/02/23 13:12:18 workcli.go:396: Reply Message Invalid!
ERROR: 2020/02/23 13:12:18 workcli.go:396: Reply Message Invalid!
ERROR: 2020/02/23 13:12:18 workcli.go:396: Reply Message Invalid!
ERROR: 2020/02/23 13:12:18 workcli.go:396: Reply Message Invalid!
ERROR: 2020/02/23 13:12:18 workcli.go:396: Reply Message Invalid!
ERROR: 2020/02/23 13:12:18 workcli.go:396: Reply Message Invalid!
ERROR: 2020/02/23 13:12:18 workcli.go:396: Reply Message Invalid!
ERROR: 2020/02/23 13:12:18 workcli.go:396: Reply Message Invalid!
ERROR: 2020/02/23 13:12:18 workcli.go:396: Reply Message Invalid!
ERROR: 2020/02/23 13:12:18 workcli.go:396: Reply Message Invalid!
ERROR: 2020/02/23 13:12:18 workcli.go:396: Reply Message Invalid!
ERROR: 2020/02/23 13:12:18 workcli.go:396: Reply Message Invalid!
ERROR: 2020/02/23 13:12:18 workcli.go:396: Reply Message Invalid!
ERROR: 2020/02/23 13:12:18 workcli.go:396: Reply Message Invalid!
ERROR: 2020/02/23 13:12:18 workcli.go:396: Reply Message Invalid!
ERROR: 2020/02/23 13:12:18 workcli.go:396: Reply Message Invalid!
ERROR: 2020/02/23 13:12:18 workcli.go:396: Reply Message Invalid!
ERROR: 2020/02/23 13:12:18 workcli.go:396: Reply Message Invalid!
ERROR: 2020/02/23 13:12:18 workcli.go:396: Reply Message Invalid!
ERROR: 2020/02/23 13:12:18 workcli.go:396: Reply Message Invalid!
ERROR: 2020/02/23 13:12:18 workcli.go:396: Reply Message Invalid!
ERROR: 2020/02/23 13:12:18 workcli.go:396: Reply Message Invalid!
ERROR: 2020/02/23 13:12:18 workcli.go:396: Reply Message Invalid!
ERROR: 2020/02/23 13:12:18 workcli.go:396: Reply Message Invalid!
ERROR: 2020/02/23 13:12:18 workcli.go:396: Reply Message Invalid!
ERROR: 2020/02/23 13:12:18 workcli.go:396: Reply Message Invalid!
ERROR: 2020/02/23 13:12:18 workcli.go:396: Reply Message Invalid!
ERROR: 2020/02/23 13:12:18 workcli.go:396: Reply Message Invalid!
ERROR: 2020/02/23 13:12:18 workcli.go:396: Reply Message Invalid!
ERROR: 2020/02/23 13:12:18 workcli.go:396: Reply Message Invalid!
ERROR: 2020/02/23 13:12:18 workcli.go:396: Reply Message Invalid!
ERROR: 2020/02/23 13:12:18 workcli.go:396: Reply Message Invalid!
ERROR: 2020/02/23 13:12:18 workcli.go:396: Reply Message Invalid!
ERROR: 2020/02/23 13:12:18 workcli.go:396: Reply Message Invalid!
ERROR: 2020/02/23 13:12:18 workcli.go:396: Reply Message Invalid!
ERROR: 2020/02/23 13:12:18 workcli.go:396: Reply Message Invalid!
ERROR: 2020/02/23 13:12:18 workcli.go:396: Reply Message Invalid!
ERROR: 2020/02/23 13:12:18 workcli.go:396: Reply Message Invalid!
ERROR: 2020/02/23 13:12:18 workcli.go:396: Reply Message Invalid!
ERROR: 2020/02/23 13:12:18 workcli.go:396: Reply Message Invalid!
ERROR: 2020/02/23 13:12:18 workcli.go:396: Reply Message Invalid!
ERROR: 2020/02/23 13:12:18 workcli.go:396: Reply Message Invalid!
ERROR: 2020/02/23 13:12:18 workcli.go:396: Reply Message Invalid!
ERROR: 2020/02/23 13:12:18 workcli.go:396: Reply Message Invalid!
ERROR: 2020/02/23 13:12:18 workcli.go:396: Reply Message Invalid!
ERROR: 2020/02/23 13:12:18 workcli.go:396: Reply Message Invalid!
ERROR: 2020/02/23 13:12:18 workcli.go:396: Reply Message Invalid!
ERROR: 2020/02/23 13:12:18 workcli.go:396: Reply Message Invalid!
ERROR: 2020/02/23 13:12:18 workcli.go:396: Reply Message Invalid!
ERROR: 2020/02/23 13:12:18 workcli.go:396: Reply Message Invalid!
ERROR: 2020/02/23 13:12:18 workcli.go:396: Reply Message Invalid!
ERROR: 2020/02/23 13:12:18 workcli.go:396: Reply Message Invalid!
ERROR: 2020/02/23 13:12:18 workcli.go:396: Reply Message Invalid!
ERROR: 2020/02/23 13:12:18 workcli.go:396: Reply Message Invalid!
ERROR: 2020/02/23 13:12:18 workcli.go:396: Reply Message Invalid!
ERROR: 2020/02/23 13:12:18 workcli.go:396: Reply Message Invalid!
ERROR: 2020/02/23 13:12:18 workcli.go:396: Reply Message Invalid!
ERROR: 2020/02/23 13:12:18 workcli.go:396: Reply Message Invalid!
ERROR: 2020/02/23 13:12:18 workcli.go:396: Reply Message Invalid!
ERROR: 2020/02/23 13:12:18 workcli.go:396: Reply Message Invalid!
ERROR: 2020/02/23 13:12:18 workcli.go:396: Reply Message Invalid!
ERROR: 2020/02/23 13:12:18 workcli.go:396: Reply Message Invalid!
ERROR: 2020/02/23 13:12:18 workcli.go:396: Reply Message Invalid!
ERROR: 2020/02/23 13:12:18 workcli.go:396: Reply Message Invalid!
ERROR: 2020/02/23 13:12:18 workcli.go:396: Reply Message Invalid!
ERROR: 2020/02/23 13:12:18 workcli.go:396: Reply Message Invalid!
ERROR: 2020/02/23 13:12:18 workcli.go:396: Reply Message Invalid!
ERROR: 2020/02/23 13:12:18 workcli.go:396: Reply Message Invalid!
ERROR: 2020/02/23 13:12:18 workcli.go:396: Reply Message Invalid!
ERROR: 2020/02/23 13:12:18 workcli.go:396: Reply Message Invalid!
ERROR: 2020/02/23 13:12:18 workcli.go:396: Reply Message Invalid!
ERROR: 2020/02/23 13:12:18 workcli.go:396: Reply Message Invalid!
ERROR: 2020/02/23 13:12:18 workcli.go:396: Reply Message Invalid!
ERROR: 2020/02/23 13:12:18 workcli.go:396: Reply Message Invalid!
ERROR: 2020/02/23 13:12:18 workcli.go:396: Reply Message Invalid!
ERROR: 2020/02/23 13:12:18 workcli.go:396: Reply Message Invalid!
ERROR: 2020/02/23 13:12:18 workcli.go:396: Reply Message Invalid!
ERROR: 2020/02/23 13:12:18 workcli.go:396: Reply Message Invalid!
ERROR: 2020/02/23 13:12:18 workcli.go:396: Reply Message Invalid!
ERROR: 2020/02/23 13:12:18 workcli.go:396: Reply Message Invalid!
ERROR: 2020/02/23 13:12:18 workcli.go:396: Reply Message Invalid!
ERROR: 2020/02/23 13:12:18 workcli.go:396: Reply Message Invalid!
ERROR: 2020/02/23 13:12:18 workcli.go:396: Reply Message Invalid!
ERROR: 2020/02/23 13:12:18 workcli.go:396: Reply Message Invalid!
ERROR: 2020/02/23 13:12:18 workcli.go:396: Reply Message Invalid!
ERROR: 2020/02/23 13:12:18 workcli.go:396: Reply Message Invalid!
ERROR: 2020/02/23 13:12:18 workcli.go:396: Reply Message Invalid!
ERROR: 2020/02/23 13:12:18 workcli.go:396: Reply Message Invalid!
ERROR: 2020/02/23 13:12:18 workcli.go:396: Reply Message Invalid!
ERROR: 2020/02/23 13:12:18 workcli.go:396: Reply Message Invalid!
ERROR: 2020/02/23 13:12:18 workcli.go:396: Reply Message Invalid!
ERROR: 2020/02/23 13:12:18 workcli.go:396: Reply Message Invalid!
ERROR: 2020/02/23 13:12:18 workcli.go:396: Reply Message Invalid!
ERROR: 2020/02/23 13:12:18 workcli.go:396: Reply Message Invalid!
ERROR: 2020/02/23 13:12:18 workcli.go:396: Reply Message Invalid!
ERROR: 2020/02/23 13:12:18 workcli.go:396: Reply Message Invalid!
ERROR: 2020/02/23 13:12:18 workcli.go:396: Reply Message Invalid!
ERROR: 2020/02/23 13:12:18 workcli.go:396: Reply Message Invalid!
ERROR: 2020/02/23 13:12:18 workcli.go:396: Reply Message Invalid!
ERROR: 2020/02/23 13:12:18 workcli.go:396: Reply Message Invalid!
ERROR: 2020/02/23 13:12:18 workcli.go:396: Reply Message Invalid!
ERROR: 2020/02/23 13:12:18 workcli.go:396: Reply Message Invalid!
ERROR: 2020/02/23 13:12:18 workcli.go:396: Reply Message Invalid!
ERROR: 2020/02/23 13:12:18 workcli.go:396: Reply Message Invalid!
ERROR: 2020/02/23 13:12:18 workcli.go:396: Reply Message Invalid!
ERROR: 2020/02/23 13:12:18 workcli.go:396: Reply Message Invalid!
ERROR: 2020/02/23 13:12:18 workcli.go:396: Reply Message Invalid!
ERROR: 2020/02/23 13:12:18 workcli.go:396: Reply Message Invalid!
ERROR: 2020/02/23 13:12:18 workcli.go:396: Reply Message Invalid!
ERROR: 2020/02/23 13:12:18 workcli.go:396: Reply Message Invalid!
ERROR: 2020/02/23 13:12:18 workcli.go:396: Reply Message Invalid!
ERROR: 2020/02/23 13:12:18 workcli.go:396: Reply Message Invalid!
ERROR: 2020/02/23 13:12:18 workcli.go:396: Reply Message Invalid!
ERROR: 2020/02/23 13:12:18 workcli.go:396: Reply Message Invalid!
ERROR: 2020/02/23 13:12:18 workcli.go:396: Reply Message Invalid!
ERROR: 2020/02/23 13:12:18 workcli.go:396: Reply Message Invalid!
ERROR: 2020/02/23 13:12:18 workcli.go:396: Reply Message Invalid!
ERROR: 2020/02/23 13:12:18 workcli.go:396: Reply Message Invalid!
ERROR: 2020/02/23 13:12:18 workcli.go:396: Reply Message Invalid!
ERROR: 2020/02/23 13:12:18 workcli.go:396: Reply Message Invalid!
ERROR: 2020/02/23 13:12:18 workcli.go:396: Reply Message Invalid!
ERROR: 2020/02/23 13:12:18 workcli.go:396: Reply Message Invalid!
ERROR: 2020/02/23 13:12:18 workcli.go:396: Reply Message Invalid!
ERROR: 2020/02/23 13:12:18 workcli.go:396: Reply Message Invalid!
ERROR: 2020/02/23 13:12:18 workcli.go:396: Reply Message Invalid!
ERROR: 2020/02/23 13:12:18 workcli.go:396: Reply Message Invalid!
ERROR: 2020/02/23 13:12:18 workcli.go:396: Reply Message Invalid!
ERROR: 2020/02/23 13:12:18 workcli.go:396: Reply Message Invalid!
ERROR: 2020/02/23 13:12:18 workcli.go:396: Reply Message Invalid!
ERROR: 2020/02/23 13:12:18 workcli.go:396: Reply Message Invalid!
ERROR: 2020/02/23 13:12:18 workcli.go:396: Reply Message Invalid!
ERROR: 2020/02/23 13:12:18 workcli.go:396: Reply Message Invalid!
ERROR: 2020/02/23 13:12:18 workcli.go:396: Reply Message Invalid!
ERROR: 2020/02/23 13:12:18 workcli.go:396: Reply Message Invalid!
ERROR: 2020/02/23 13:12:18 workcli.go:396: Reply Message Invalid!
ERROR: 2020/02/23 13:12:18 workcli.go:396: Reply Message Invalid!
ERROR: 2020/02/23 13:12:18 workcli.go:396: Reply Message Invalid!
ERROR: 2020/02/23 13:12:18 workcli.go:396: Reply Message Invalid!
ERROR: 2020/02/23 13:12:18 workcli.go:396: Reply Message Invalid!
ERROR: 2020/02/23 13:12:18 workcli.go:396: Reply Message Invalid!
ERROR: 2020/02/23 13:12:18 workcli.go:396: Reply Message Invalid!
ERROR: 2020/02/23 13:12:18 workcli.go:396: Reply Message Invalid!
ERROR: 2020/02/23 13:12:18 workcli.go:396: Reply Message Invalid!
ERROR: 2020/02/23 13:12:18 workcli.go:396: Reply Message Invalid!
ERROR: 2020/02/23 13:12:18 workcli.go:396: Reply Message Invalid!
ERROR: 2020/02/23 13:12:18 workcli.go:396: Reply Message Invalid!
ERROR: 2020/02/23 13:12:18 workcli.go:396: Reply Message Invalid!
ERROR: 2020/02/23 13:12:18 workcli.go:396: Reply Message Invalid!
ERROR: 2020/02/23 13:12:18 workcli.go:396: Reply Message Invalid!
ERROR: 2020/02/23 13:12:18 workcli.go:396: Reply Message Invalid!
ERROR: 2020/02/23 13:12:18 workcli.go:396: Reply Message Invalid!
ERROR: 2020/02/23 13:12:18 workcli.go:396: Reply Message Invalid!
ERROR: 2020/02/23 13:12:18 workcli.go:396: Reply Message Invalid!
ERROR: 2020/02/23 13:12:18 workcli.go:396: Reply Message Invalid!
ERROR: 2020/02/23 13:12:18 workcli.go:396: Reply Message Invalid!
ERROR: 2020/02/23 13:12:18 workcli.go:396: Reply Message Invalid!
ERROR: 2020/02/23 13:12:18 workcli.go:396: Reply Message Invalid!
ERROR: 2020/02/23 13:12:18 workcli.go:396: Reply Message Invalid!
ERROR: 2020/02/23 13:12:18 workcli.go:396: Reply Message Invalid!
ERROR: 2020/02/23 13:12:18 workcli.go:396: Reply Message Invalid!
ERROR: 2020/02/23 13:12:18 workcli.go:396: Reply Message Invalid!
ERROR: 2020/02/23 13:12:18 workcli.go:396: Reply Message Invalid!
ERROR: 2020/02/23 13:12:18 workcli.go:396: Reply Message Invalid!
ERROR: 2020/02/23 13:12:18 workcli.go:396: Reply Message Invalid!
ERROR: 2020/02/23 13:12:18 workcli.go:396: Reply Message Invalid!
ERROR: 2020/02/23 13:12:18 workcli.go:396: Reply Message Invalid!
ERROR: 2020/02/23 13:12:18 workcli.go:396: Reply Message Invalid!
ERROR: 2020/02/23 13:12:18 workcli.go:396: Reply Message Invalid!
ERROR: 2020/02/23 13:12:18 workcli.go:396: Reply Message Invalid!
ERROR: 2020/02/23 13:12:18 workcli.go:396: Reply Message Invalid!
ERROR: 2020/02/23 13:12:18 workcli.go:396: Reply Message Invalid!
ERROR: 2020/02/23 13:12:18 workcli.go:396: Reply Message Invalid!
ERROR: 2020/02/23 13:12:18 workcli.go:396: Reply Message Invalid!
ERROR: 2020/02/23 13:12:18 workcli.go:396: Reply Message Invalid!
ERROR: 2020/02/23 13:12:18 workcli.go:396: Reply Message Invalid!
ERROR: 2020/02/23 13:12:18 workcli.go:396: Reply Message Invalid!
ERROR: 2020/02/23 13:12:18 workcli.go:396: Reply Message Invalid!
ERROR: 2020/02/23 13:12:18 workcli.go:396: Reply Message Invalid!
ERROR: 2020/02/23 13:12:18 workcli.go:396: Reply Message Invalid!
ERROR: 2020/02/23 13:12:18 workcli.go:396: Reply Message Invalid!
ERROR: 2020/02/23 13:12:18 workcli.go:396: Reply Message Invalid!
ERROR: 2020/02/23 13:12:18 workcli.go:396: Reply Message Invalid!
ERROR: 2020/02/23 13:12:18 workcli.go:396: Reply Message Invalid!
ERROR: 2020/02/23 13:12:18 workcli.go:396: Reply Message Invalid!
ERROR: 2020/02/23 13:12:18 workcli.go:396: Reply Message Invalid!
ERROR: 2020/02/23 13:12:18 workcli.go:396: Reply Message Invalid!
ERROR: 2020/02/23 13:12:18 workcli.go:396: Reply Message Invalid!
ERROR: 2020/02/23 13:12:18 workcli.go:396: Reply Message Invalid!
ERROR: 2020/02/23 13:12:18 workcli.go:396: Reply Message Invalid!
ERROR: 2020/02/23 13:12:18 workcli.go:396: Reply Message Invalid!
ERROR: 2020/02/23 13:12:18 workcli.go:396: Reply Message Invalid!
ERROR: 2020/02/23 13:12:18 workcli.go:396: Reply Message Invalid!
ERROR: 2020/02/23 13:12:18 workcli.go:396: Reply Message Invalid!
ERROR: 2020/02/23 13:12:18 workcli.go:396: Reply Message Invalid!
ERROR: 2020/02/23 13:12:18 workcli.go:396: Reply Message Invalid!
ERROR: 2020/02/23 13:12:18 workcli.go:396: Reply Message Invalid!
ERROR: 2020/02/23 13:12:18 workcli.go:396: Reply Message Invalid!
ERROR: 2020/02/23 13:12:18 workcli.go:396: Reply Message Invalid!
ERROR: 2020/02/23 13:12:18 workcli.go:396: Reply Message Invalid!
ERROR: 2020/02/23 13:12:18 workcli.go:396: Reply Message Invalid!
ERROR: 2020/02/23 13:12:18 workcli.go:396: Reply Message Invalid!
ERROR: 2020/02/23 13:12:18 workcli.go:396: Reply Message Invalid!
ERROR: 2020/02/23 13:12:18 workcli.go:396: Reply Message Invalid!
ERROR: 2020/02/23 13:12:18 workcli.go:396: Reply Message Invalid!
ERROR: 2020/02/23 13:12:18 workcli.go:396: Reply Message Invalid!
ERROR: 2020/02/23 13:12:18 workcli.go:396: Reply Message Invalid!
ERROR: 2020/02/23 13:12:18 workcli.go:396: Reply Message Invalid!
ERROR: 2020/02/23 13:12:18 workcli.go:396: Reply Message Invalid!
ERROR: 2020/02/23 13:12:18 workcli.go:396: Reply Message Invalid!
ERROR: 2020/02/23 13:12:18 workcli.go:396: Reply Message Invalid!
ERROR: 2020/02/23 13:12:18 workcli.go:396: Reply Message Invalid!
ERROR: 2020/02/23 13:12:18 workcli.go:396: Reply Message Invalid!
ERROR: 2020/02/23 13:12:18 workcli.go:396: Reply Message Invalid!
ERROR: 2020/02/23 13:12:18 workcli.go:396: Reply Message Invalid!
ERROR: 2020/02/23 13:12:18 workcli.go:396: Reply Message Invalid!
ERROR: 2020/02/23 13:12:18 workcli.go:396: Reply Message Invalid!
ERROR: 2020/02/23 13:12:18 workcli.go:396: Reply Message Invalid!
ERROR: 2020/02/23 13:12:18 workcli.go:396: Reply Message Invalid!
ERROR: 2020/02/23 13:12:18 workcli.go:396: Reply Message Invalid!
ERROR: 2020/02/23 13:12:18 workcli.go:396: Reply Message Invalid!
ERROR: 2020/02/23 13:12:18 workcli.go:396: Reply Message Invalid!
ERROR: 2020/02/23 13:12:18 workcli.go:396: Reply Message Invalid!
ERROR: 2020/02/23 13:12:18 workcli.go:396: Reply Message Invalid!
ERROR: 2020/02/23 13:12:18 workcli.go:396: Reply Message Invalid!
ERROR: 2020/02/23 13:12:18 workcli.go:396: Reply Message Invalid!
ERROR: 2020/02/23 13:12:18 workcli.go:396: Reply Message Invalid!
ERROR: 2020/02/23 13:12:18 workcli.go:396: Reply Message Invalid!
ERROR: 2020/02/23 13:12:18 workcli.go:396: Reply Message Invalid!
ERROR: 2020/02/23 13:12:18 workcli.go:396: Reply Message Invalid!
ERROR: 2020/02/23 13:12:18 workcli.go:396: Reply Message Invalid!
ERROR: 2020/02/23 13:12:18 workcli.go:396: Reply Message Invalid!
ERROR: 2020/02/23 13:12:18 workcli.go:396: Reply Message Invalid!
ERROR: 2020/02/23 13:12:18 workcli.go:396: Reply Message Invalid!
ERROR: 2020/02/23 13:12:18 workcli.go:396: Reply Message Invalid!
ERROR: 2020/02/23 13:12:18 workcli.go:396: Reply Message Invalid!
ERROR: 2020/02/23 13:12:18 workcli.go:396: Reply Message Invalid!
ERROR: 2020/02/23 13:12:18 workcli.go:396: Reply Message Invalid!
ERROR: 2020/02/23 13:12:18 workcli.go:396: Reply Message Invalid!
ERROR: 2020/02/23 13:12:18 workcli.go:396: Reply Message Invalid!
ERROR: 2020/02/23 13:12:18 workcli.go:396: Reply Message Invalid!
ERROR: 2020/02/23 13:12:18 workcli.go:396: Reply Message Invalid!
ERROR: 2020/02/23 13:12:18 workcli.go:396: Reply Message Invalid!
ERROR: 2020/02/23 13:12:18 workcli.go:396: Reply Message Invalid!
ERROR: 2020/02/23 13:12:18 workcli.go:396: Reply Message Invalid!
ERROR: 2020/02/23 13:12:18 workcli.go:396: Reply Message Invalid!
ERROR: 2020/02/23 13:12:18 workcli.go:396: Reply Message Invalid!
ERROR: 2020/02/23 13:12:18 workcli.go:396: Reply Message Invalid!
ERROR: 2020/02/23 13:12:18 workcli.go:396: Reply Message Invalid!
ERROR: 2020/02/23 13:12:18 workcli.go:396: Reply Message Invalid!
ERROR: 2020/02/23 13:12:18 workcli.go:396: Reply Message Invalid!
ERROR: 2020/02/23 13:12:18 workcli.go:396: Reply Message Invalid!
ERROR: 2020/02/23 13:12:18 workcli.go:396: Reply Message Invalid!
ERROR: 2020/02/23 13:12:18 workcli.go:396: Reply Message Invalid!
ERROR: 2020/02/23 13:12:18 workcli.go:396: Reply Message Invalid!
ERROR: 2020/02/23 13:12:18 workcli.go:396: Reply Message Invalid!
ERROR: 2020/02/23 13:12:18 workcli.go:396: Reply Message Invalid!
ERROR: 2020/02/23 13:12:18 workcli.go:396: Reply Message Invalid!
ERROR: 2020/02/23 13:12:18 workcli.go:396: Reply Message Invalid!
ERROR: 2020/02/23 13:12:18 workcli.go:396: Reply Message Invalid!
ERROR: 2020/02/23 13:12:18 workcli.go:396: Reply Message Invalid!
ERROR: 2020/02/23 13:12:18 workcli.go:396: Reply Message Invalid!
ERROR: 2020/02/23 13:12:18 workcli.go:396: Reply Message Invalid!
ERROR: 2020/02/23 13:12:18 workcli.go:396: Reply Message Invalid!
ERROR: 2020/02/23 13:12:18 workcli.go:396: Reply Message Invalid!
ERROR: 2020/02/23 13:12:18 workcli.go:396: Reply Message Invalid!
ERROR: 2020/02/23 13:12:18 workcli.go:396: Reply Message Invalid!
ERROR: 2020/02/23 13:12:18 workcli.go:396: Reply Message Invalid!
ERROR: 2020/02/23 13:12:18 workcli.go:396: Reply Message Invalid!
ERROR: 2020/02/23 13:12:18 workcli.go:396: Reply Message Invalid!
ERROR: 2020/02/23 13:12:18 workcli.go:396: Reply Message Invalid!
ERROR: 2020/02/23 13:12:18 workcli.go:396: Reply Message Invalid!
ERROR: 2020/02/23 13:12:18 workcli.go:396: Reply Message Invalid!
ERROR: 2020/02/23 13:12:18 workcli.go:396: Reply Message Invalid!
ERROR: 2020/02/23 13:12:18 workcli.go:396: Reply Message Invalid!
ERROR: 2020/02/23 13:12:18 workcli.go:396: Reply Message Invalid!
ERROR: 2020/02/23 13:12:18 workcli.go:396: Reply Message Invalid!
ERROR: 2020/02/23 13:12:18 workcli.go:396: Reply Message Invalid!
ERROR: 2020/02/23 13:12:18 workcli.go:396: Reply Message Invalid!
ERROR: 2020/02/23 13:12:18 workcli.go:396: Reply Message Invalid!
ERROR: 2020/02/23 13:12:18 workcli.go:396: Reply Message Invalid!
ERROR: 2020/02/23 13:12:18 workcli.go:396: Reply Message Invalid!
ERROR: 2020/02/23 13:12:18 workcli.go:396: Reply Message Invalid!
ERROR: 2020/02/23 13:12:18 workcli.go:396: Reply Message Invalid!
ERROR: 2020/02/23 13:12:18 workcli.go:396: Reply Message Invalid!
ERROR: 2020/02/23 13:12:18 workcli.go:396: Reply Message Invalid!
ERROR: 2020/02/23 13:12:18 workcli.go:396: Reply Message Invalid!
ERROR: 2020/02/23 13:12:18 workcli.go:396: Reply Message Invalid!
ERROR: 2020/02/23 13:12:18 workcli.go:396: Reply Message Invalid!
ERROR: 2020/02/23 13:12:18 workcli.go:396: Reply Message Invalid!
ERROR: 2020/02/23 13:12:18 workcli.go:396: Reply Message Invalid!
ERROR: 2020/02/23 13:12:18 workcli.go:396: Reply Message Invalid!
ERROR: 2020/02/23 13:12:18 workcli.go:396: Reply Message Invalid!
ERROR: 2020/02/23 13:12:18 workcli.go:396: Reply Message Invalid!
ERROR: 2020/02/23 13:12:18 workcli.go:396: Reply Message Invalid!
ERROR: 2020/02/23 13:12:18 workcli.go:396: Reply Message Invalid!
ERROR: 2020/02/23 13:12:18 workcli.go:396: Reply Message Invalid!
ERROR: 2020/02/23 13:12:18 workcli.go:396: Reply Message Invalid!
ERROR: 2020/02/23 13:12:18 workcli.go:396: Reply Message Invalid!
ERROR: 2020/02/23 13:12:18 workcli.go:396: Reply Message Invalid!
ERROR: 2020/02/23 13:12:18 workcli.go:396: Reply Message Invalid!
ERROR: 2020/02/23 13:12:18 workcli.go:396: Reply Message Invalid!
ERROR: 2020/02/23 13:12:18 workcli.go:396: Reply Message Invalid!
ERROR: 2020/02/23 13:12:18 workcli.go:396: Reply Message Invalid!
ERROR: 2020/02/23 13:12:18 workcli.go:396: Reply Message Invalid!
ERROR: 2020/02/23 13:12:18 workcli.go:396: Reply Message Invalid!
ERROR: 2020/02/23 13:12:18 workcli.go:396: Reply Message Invalid!
ERROR: 2020/02/23 13:12:18 workcli.go:396: Reply Message Invalid!
ERROR: 2020/02/23 13:12:18 workcli.go:396: Reply Message Invalid!
ERROR: 2020/02/23 13:12:18 workcli.go:396: Reply Message Invalid!
ERROR: 2020/02/23 13:12:18 workcli.go:396: Reply Message Invalid!
ERROR: 2020/02/23 13:12:18 workcli.go:396: Reply Message Invalid!
ERROR: 2020/02/23 13:12:18 workcli.go:396: Reply Message Invalid!
ERROR: 2020/02/23 13:12:18 workcli.go:396: Reply Message Invalid!
ERROR: 2020/02/23 13:12:18 workcli.go:396: Reply Message Invalid!
ERROR: 2020/02/23 13:12:18 workcli.go:396: Reply Message Invalid!
ERROR: 2020/02/23 13:12:18 workcli.go:396: Reply Message Invalid!
ERROR: 2020/02/23 13:12:18 workcli.go:396: Reply Message Invalid!
ERROR: 2020/02/23 13:12:18 workcli.go:396: Reply Message Invalid!
ERROR: 2020/02/23 13:12:18 workcli.go:396: Reply Message Invalid!
ERROR: 2020/02/23 13:12:18 workcli.go:396: Reply Message Invalid!
ERROR: 2020/02/23 13:12:18 workcli.go:396: Reply Message Invalid!
ERROR: 2020/02/23 13:12:18 workcli.go:396: Reply Message Invalid!
ERROR: 2020/02/23 13:12:18 workcli.go:396: Reply Message Invalid!
ERROR: 2020/02/23 13:12:18 workcli.go:396: Reply Message Invalid!
ERROR: 2020/02/23 13:12:18 workcli.go:396: Reply Message Invalid!
ERROR: 2020/02/23 13:12:18 workcli.go:396: Reply Message Invalid!
ERROR: 2020/02/23 13:12:18 workcli.go:396: Reply Message Invalid!
ERROR: 2020/02/23 13:12:18 workcli.go:396: Reply Message Invalid!
ERROR: 2020/02/23 13:12:18 workcli.go:396: Reply Message Invalid!
ERROR: 2020/02/23 13:12:18 workcli.go:396: Reply Message Invalid!
ERROR: 2020/02/23 13:12:18 workcli.go:396: Reply Message Invalid!
ERROR: 2020/02/23 13:12:18 workcli.go:396: Reply Message Invalid!
ERROR: 2020/02/23 13:12:18 workcli.go:396: Reply Message Invalid!
ERROR: 2020/02/23 13:12:18 workcli.go:396: Reply Message Invalid!
ERROR: 2020/02/23 13:12:18 workcli.go:396: Reply Message Invalid!
ERROR: 2020/02/23 13:12:18 workcli.go:396: Reply Message Invalid!
ERROR: 2020/02/23 13:12:18 workcli.go:396: Reply Message Invalid!
ERROR: 2020/02/23 13:12:18 workcli.go:396: Reply Message Invalid!
ERROR: 2020/02/23 13:12:18 workcli.go:396: Reply Message Invalid!
ERROR: 2020/02/23 13:12:18 workcli.go:396: Reply Message Invalid!
ERROR: 2020/02/23 13:12:18 workcli.go:396: Reply Message Invalid!
ERROR: 2020/02/23 13:12:18 workcli.go:396: Reply Message Invalid!
ERROR: 2020/02/23 13:12:18 workcli.go:396: Reply Message Invalid!
ERROR: 2020/02/23 13:12:18 workcli.go:396: Reply Message Invalid!
ERROR: 2020/02/23 13:12:18 workcli.go:396: Reply Message Invalid!
ERROR: 2020/02/23 13:12:18 workcli.go:396: Reply Message Invalid!
ERROR: 2020/02/23 13:12:18 workcli.go:396: Reply Message Invalid!
ERROR: 2020/02/23 13:12:18 workcli.go:396: Reply Message Invalid!
ERROR: 2020/02/23 13:12:18 workcli.go:396: Reply Message Invalid!
ERROR: 2020/02/23 13:12:18 workcli.go:396: Reply Message Invalid!
ERROR: 2020/02/23 13:12:18 workcli.go:396: Reply Message Invalid!
ERROR: 2020/02/23 13:12:18 workcli.go:396: Reply Message Invalid!
ERROR: 2020/02/23 13:12:18 workcli.go:396: Reply Message Invalid!
ERROR: 2020/02/23 13:12:18 workcli.go:396: Reply Message Invalid!
ERROR: 2020/02/23 13:12:18 workcli.go:396: Reply Message Invalid!
ERROR: 2020/02/23 13:12:18 workcli.go:396: Reply Message Invalid!
ERROR: 2020/02/23 13:12:18 workcli.go:396: Reply Message Invalid!
ERROR: 2020/02/23 13:12:18 workcli.go:396: Reply Message Invalid!
ERROR: 2020/02/23 13:12:18 workcli.go:396: Reply Message Invalid!
ERROR: 2020/02/23 13:12:18 workcli.go:396: Reply Message Invalid!
ERROR: 2020/02/23 13:12:18 workcli.go:396: Reply Message Invalid!
ERROR: 2020/02/23 13:12:18 workcli.go:396: Reply Message Invalid!
ERROR: 2020/02/23 13:12:18 workcli.go:396: Reply Message Invalid!
ERROR: 2020/02/23 13:12:18 workcli.go:396: Reply Message Invalid!
ERROR: 2020/02/23 13:12:18 workcli.go:396: Reply Message Invalid!
ERROR: 2020/02/23 13:12:18 workcli.go:396: Reply Message Invalid!
ERROR: 2020/02/23 13:12:18 workcli.go:396: Reply Message Invalid!
ERROR: 2020/02/23 13:12:18 workcli.go:396: Reply Message Invalid!
ERROR: 2020/02/23 13:12:18 workcli.go:396: Reply Message Invalid!
ERROR: 2020/02/23 13:12:18 workcli.go:396: Reply Message Invalid!
ERROR: 2020/02/23 13:12:18 workcli.go:396: Reply Message Invalid!
ERROR: 2020/02/23 13:12:18 workcli.go:396: Reply Message Invalid!
ERROR: 2020/02/23 13:12:18 workcli.go:396: Reply Message Invalid!
ERROR: 2020/02/23 13:12:18 workcli.go:396: Reply Message Invalid!
ERROR: 2020/02/23 13:12:18 workcli.go:396: Reply Message Invalid!
ERROR: 2020/02/23 13:12:18 workcli.go:396: Reply Message Invalid!
ERROR: 2020/02/23 13:12:18 workcli.go:396: Reply Message Invalid!
ERROR: 2020/02/23 13:12:18 workcli.go:396: Reply Message Invalid!
ERROR: 2020/02/23 13:12:18 workcli.go:396: Reply Message Invalid!
ERROR: 2020/02/23 13:12:18 workcli.go:396: Reply Message Invalid!
ERROR: 2020/02/23 13:12:18 workcli.go:396: Reply Message Invalid!
ERROR: 2020/02/23 13:12:18 workcli.go:396: Reply Message Invalid!
ERROR: 2020/02/23 13:12:18 workcli.go:396: Reply Message Invalid!
ERROR: 2020/02/23 13:12:18 workcli.go:396: Reply Message Invalid!
ERROR: 2020/02/23 13:12:18 workcli.go:396: Reply Message Invalid!
ERROR: 2020/02/23 13:12:18 workcli.go:396: Reply Message Invalid!
ERROR: 2020/02/23 13:12:18 workcli.go:396: Reply Message Invalid!
ERROR: 2020/02/23 13:12:18 workcli.go:396: Reply Message Invalid!
ERROR: 2020/02/23 13:12:18 workcli.go:396: Reply Message Invalid!
ERROR: 2020/02/23 13:12:18 workcli.go:396: Reply Message Invalid!
ERROR: 2020/02/23 13:12:18 workcli.go:396: Reply Message Invalid!
ERROR: 2020/02/23 13:12:18 workcli.go:396: Reply Message Invalid!
ERROR: 2020/02/23 13:12:18 workcli.go:396: Reply Message Invalid!
ERROR: 2020/02/23 13:12:18 workcli.go:396: Reply Message Invalid!
ERROR: 2020/02/23 13:12:18 workcli.go:396: Reply Message Invalid!
ERROR: 2020/02/23 13:12:18 workcli.go:396: Reply Message Invalid!
ERROR: 2020/02/23 13:12:18 workcli.go:396: Reply Message Invalid!
ERROR: 2020/02/23 13:12:18 workcli.go:396: Reply Message Invalid!
ERROR: 2020/02/23 13:12:18 workcli.go:396: Reply Message Invalid!
ERROR: 2020/02/23 13:12:18 workcli.go:396: Reply Message Invalid!
ERROR: 2020/02/23 13:12:18 workcli.go:396: Reply Message Invalid!
ERROR: 2020/02/23 13:12:18 workcli.go:396: Reply Message Invalid!
ERROR: 2020/02/23 13:12:18 workcli.go:396: Reply Message Invalid!
ERROR: 2020/02/23 13:12:18 workcli.go:396: Reply Message Invalid!
ERROR: 2020/02/23 13:12:18 workcli.go:396: Reply Message Invalid!
ERROR: 2020/02/23 13:12:18 workcli.go:396: Reply Message Invalid!
ERROR: 2020/02/23 13:12:18 workcli.go:396: Reply Message Invalid!
ERROR: 2020/02/23 13:12:18 workcli.go:396: Reply Message Invalid!
ERROR: 2020/02/23 13:12:18 workcli.go:396: Reply Message Invalid!
ERROR: 2020/02/23 13:12:18 workcli.go:396: Reply Message Invalid!
ERROR: 2020/02/23 13:12:18 workcli.go:396: Reply Message Invalid!
ERROR: 2020/02/23 13:12:18 workcli.go:396: Reply Message Invalid!
ERROR: 2020/02/23 13:12:18 workcli.go:396: Reply Message Invalid!
ERROR: 2020/02/23 13:12:18 workcli.go:396: Reply Message Invalid!
ERROR: 2020/02/23 13:12:18 workcli.go:396: Reply Message Invalid!
ERROR: 2020/02/23 13:12:18 workcli.go:396: Reply Message Invalid!
ERROR: 2020/02/23 13:12:18 workcli.go:396: Reply Message Invalid!
ERROR: 2020/02/23 13:12:18 workcli.go:396: Reply Message Invalid!
ERROR: 2020/02/23 13:12:18 workcli.go:396: Reply Message Invalid!
ERROR: 2020/02/23 13:12:18 workcli.go:396: Reply Message Invalid!
ERROR: 2020/02/23 13:12:18 workcli.go:396: Reply Message Invalid!
ERROR: 2020/02/23 13:12:18 workcli.go:396: Reply Message Invalid!
ERROR: 2020/02/23 13:12:18 workcli.go:396: Reply Message Invalid!
ERROR: 2020/02/23 13:12:18 workcli.go:396: Reply Message Invalid!
ERROR: 2020/02/23 13:12:18 workcli.go:396: Reply Message Invalid!
ERROR: 2020/02/23 13:12:18 workcli.go:396: Reply Message Invalid!
ERROR: 2020/02/23 13:12:18 workcli.go:396: Reply Message Invalid!
ERROR: 2020/02/23 13:12:18 workcli.go:396: Reply Message Invalid!
ERROR: 2020/02/23 13:12:18 workcli.go:396: Reply Message Invalid!
ERROR: 2020/02/23 13:12:18 workcli.go:396: Reply Message Invalid!
ERROR: 2020/02/23 13:12:18 workcli.go:396: Reply Message Invalid!
ERROR: 2020/02/23 13:12:18 workcli.go:396: Reply Message Invalid!
ERROR: 2020/02/23 13:12:18 workcli.go:396: Reply Message Invalid!
ERROR: 2020/02/23 13:12:18 workcli.go:396: Reply Message Invalid!
ERROR: 2020/02/23 13:12:18 workcli.go:396: Reply Message Invalid!
ERROR: 2020/02/23 13:12:18 workcli.go:396: Reply Message Invalid!
ERROR: 2020/02/23 13:12:18 workcli.go:396: Reply Message Invalid!
ERROR: 2020/02/23 13:12:18 workcli.go:396: Reply Message Invalid!
ERROR: 2020/02/23 13:12:18 workcli.go:396: Reply Message Invalid!
ERROR: 2020/02/23 13:12:18 workcli.go:396: Reply Message Invalid!
ERROR: 2020/02/23 13:12:18 workcli.go:396: Reply Message Invalid!
ERROR: 2020/02/23 13:12:18 workcli.go:396: Reply Message Invalid!
ERROR: 2020/02/23 13:12:18 workcli.go:396: Reply Message Invalid!
ERROR: 2020/02/23 13:12:18 workcli.go:396: Reply Message Invalid!
ERROR: 2020/02/23 13:12:18 workcli.go:396: Reply Message Invalid!
ERROR: 2020/02/23 13:12:18 workcli.go:396: Reply Message Invalid!
ERROR: 2020/02/23 13:12:18 workcli.go:396: Reply Message Invalid!
ERROR: 2020/02/23 13:12:18 workcli.go:396: Reply Message Invalid!
ERROR: 2020/02/23 13:12:18 workcli.go:396: Reply Message Invalid!
ERROR: 2020/02/23 13:12:18 workcli.go:396: Reply Message Invalid!
ERROR: 2020/02/23 13:12:18 workcli.go:396: Reply Message Invalid!
ERROR: 2020/02/23 13:12:18 workcli.go:396: Reply Message Invalid!
ERROR: 2020/02/23 13:12:18 workcli.go:396: Reply Message Invalid!
ERROR: 2020/02/23 13:12:18 workcli.go:396: Reply Message Invalid!
ERROR: 2020/02/23 13:12:18 workcli.go:396: Reply Message Invalid!
ERROR: 2020/02/23 13:12:18 workcli.go:396: Reply Message Invalid!
ERROR: 2020/02/23 13:12:18 workcli.go:396: Reply Message Invalid!
ERROR: 2020/02/23 13:12:18 workcli.go:396: Reply Message Invalid!
ERROR: 2020/02/23 13:12:18 workcli.go:396: Reply Message Invalid!
ERROR: 2020/02/23 13:12:18 workcli.go:396: Reply Message Invalid!
ERROR: 2020/02/23 13:12:18 workcli.go:396: Reply Message Invalid!
ERROR: 2020/02/23 13:12:18 workcli.go:396: Reply Message Invalid!
ERROR: 2020/02/23 13:12:18 workcli.go:396: Reply Message Invalid!
ERROR: 2020/02/23 13:12:18 workcli.go:396: Reply Message Invalid!
ERROR: 2020/02/23 13:12:18 workcli.go:396: Reply Message Invalid!
ERROR: 2020/02/23 13:12:18 workcli.go:396: Reply Message Invalid!
ERROR: 2020/02/23 13:12:18 workcli.go:396: Reply Message Invalid!
ERROR: 2020/02/23 13:12:18 workcli.go:396: Reply Message Invalid!
ERROR: 2020/02/23 13:12:18 workcli.go:396: Reply Message Invalid!
ERROR: 2020/02/23 13:12:18 workcli.go:396: Reply Message Invalid!
ERROR: 2020/02/23 13:12:18 workcli.go:396: Reply Message Invalid!
ERROR: 2020/02/23 13:12:18 workcli.go:396: Reply Message Invalid!
ERROR: 2020/02/23 13:12:18 workcli.go:396: Reply Message Invalid!
ERROR: 2020/02/23 13:12:18 workcli.go:396: Reply Message Invalid!
ERROR: 2020/02/23 13:12:18 workcli.go:396: Reply Message Invalid!
ERROR: 2020/02/23 13:12:18 workcli.go:396: Reply Message Invalid!
ERROR: 2020/02/23 13:12:18 workcli.go:396: Reply Message Invalid!
ERROR: 2020/02/23 13:12:18 workcli.go:396: Reply Message Invalid!
ERROR: 2020/02/23 13:12:18 workcli.go:396: Reply Message Invalid!
ERROR: 2020/02/23 13:12:18 workcli.go:396: Reply Message Invalid!
ERROR: 2020/02/23 13:12:18 workcli.go:396: Reply Message Invalid!
ERROR: 2020/02/23 13:12:18 workcli.go:396: Reply Message Invalid!
ERROR: 2020/02/23 13:12:18 workcli.go:396: Reply Message Invalid!
ERROR: 2020/02/23 13:12:18 workcli.go:396: Reply Message Invalid!
ERROR: 2020/02/23 13:12:18 workcli.go:396: Reply Message Invalid!
ERROR: 2020/02/23 13:12:18 workcli.go:396: Reply Message Invalid!
ERROR: 2020/02/23 13:12:18 workcli.go:396: Reply Message Invalid!
ERROR: 2020/02/23 13:12:18 workcli.go:396: Reply Message Invalid!
ERROR: 2020/02/23 13:12:18 workcli.go:396: Reply Message Invalid!
ERROR: 2020/02/23 13:12:18 workcli.go:396: Reply Message Invalid!
ERROR: 2020/02/23 13:12:18 workcli.go:396: Reply Message Invalid!
ERROR: 2020/02/23 13:12:18 workcli.go:396: Reply Message Invalid!
ERROR: 2020/02/23 13:12:18 workcli.go:396: Reply Message Invalid!
ERROR: 2020/02/23 13:12:18 workcli.go:396: Reply Message Invalid!
ERROR: 2020/02/23 13:12:18 workcli.go:396: Reply Message Invalid!
ERROR: 2020/02/23 13:12:18 workcli.go:396: Reply Message Invalid!
ERROR: 2020/02/23 13:12:18 workcli.go:396: Reply Message Invalid!
ERROR: 2020/02/23 13:12:18 workcli.go:396: Reply Message Invalid!
ERROR: 2020/02/23 13:12:18 workcli.go:396: Reply Message Invalid!
ERROR: 2020/02/23 13:12:18 workcli.go:396: Reply Message Invalid!
ERROR: 2020/02/23 13:12:18 workcli.go:396: Reply Message Invalid!
ERROR: 2020/02/23 13:12:18 workcli.go:396: Reply Message Invalid!
ERROR: 2020/02/23 13:12:18 workcli.go:396: Reply Message Invalid!
ERROR: 2020/02/23 13:12:18 workcli.go:396: Reply Message Invalid!
ERROR: 2020/02/23 13:12:18 workcli.go:396: Reply Message Invalid!
ERROR: 2020/02/23 13:12:18 workcli.go:396: Reply Message Invalid!
ERROR: 2020/02/23 13:12:18 workcli.go:396: Reply Message Invalid!
ERROR: 2020/02/23 13:12:18 workcli.go:396: Reply Message Invalid!
ERROR: 2020/02/23 13:12:18 workcli.go:396: Reply Message Invalid!
ERROR: 2020/02/23 13:12:18 workcli.go:396: Reply Message Invalid!
ERROR: 2020/02/23 13:12:18 workcli.go:396: Reply Message Invalid!
ERROR: 2020/02/23 13:12:18 workcli.go:396: Reply Message Invalid!
ERROR: 2020/02/23 13:12:18 workcli.go:396: Reply Message Invalid!
ERROR: 2020/02/23 13:12:18 workcli.go:396: Reply Message Invalid!
ERROR: 2020/02/23 13:12:18 workcli.go:396: Reply Message Invalid!
ERROR: 2020/02/23 13:12:18 workcli.go:396: Reply Message Invalid!
ERROR: 2020/02/23 13:12:18 workcli.go:396: Reply Message Invalid!
ERROR: 2020/02/23 13:12:18 workcli.go:396: Reply Message Invalid!
ERROR: 2020/02/23 13:12:18 workcli.go:396: Reply Message Invalid!
ERROR: 2020/02/23 13:12:18 workcli.go:396: Reply Message Invalid!
ERROR: 2020/02/23 13:12:18 workcli.go:396: Reply Message Invalid!
ERROR: 2020/02/23 13:12:18 workcli.go:396: Reply Message Invalid!
ERROR: 2020/02/23 13:12:18 workcli.go:396: Reply Message Invalid!
ERROR: 2020/02/23 13:12:18 workcli.go:396: Reply Message Invalid!
ERROR: 2020/02/23 13:12:18 workcli.go:396: Reply Message Invalid!
ERROR: 2020/02/23 13:12:18 workcli.go:396: Reply Message Invalid!
ERROR: 2020/02/23 13:12:18 workcli.go:396: Reply Message Invalid!
ERROR: 2020/02/23 13:12:18 workcli.go:396: Reply Message Invalid!
ERROR: 2020/02/23 13:12:18 workcli.go:396: Reply Message Invalid!
ERROR: 2020/02/23 13:12:18 workcli.go:396: Reply Message Invalid!
ERROR: 2020/02/23 13:12:18 workcli.go:396: Reply Message Invalid!
ERROR: 2020/02/23 13:12:18 workcli.go:396: Reply Message Invalid!
ERROR: 2020/02/23 13:12:18 workcli.go:396: Reply Message Invalid!
ERROR: 2020/02/23 13:12:18 workcli.go:396: Reply Message Invalid!
ERROR: 2020/02/23 13:12:18 workcli.go:396: Reply Message Invalid!
ERROR: 2020/02/23 13:12:18 workcli.go:396: Reply Message Invalid!
ERROR: 2020/02/23 13:12:18 workcli.go:396: Reply Message Invalid!
ERROR: 2020/02/23 13:12:18 workcli.go:396: Reply Message Invalid!
ERROR: 2020/02/23 13:12:18 workcli.go:396: Reply Message Invalid!
ERROR: 2020/02/23 13:12:18 workcli.go:396: Reply Message Invalid!
ERROR: 2020/02/23 13:12:18 workcli.go:396: Reply Message Invalid!
ERROR: 2020/02/23 13:12:18 workcli.go:396: Reply Message Invalid!
ERROR: 2020/02/23 13:12:18 workcli.go:396: Reply Message Invalid!
ERROR: 2020/02/23 13:12:18 workcli.go:396: Reply Message Invalid!
ERROR: 2020/02/23 13:12:18 workcli.go:396: Reply Message Invalid!
ERROR: 2020/02/23 13:12:18 workcli.go:396: Reply Message Invalid!
ERROR: 2020/02/23 13:12:18 workcli.go:396: Reply Message Invalid!
ERROR: 2020/02/23 13:12:18 workcli.go:396: Reply Message Invalid!
ERROR: 2020/02/23 13:12:18 workcli.go:396: Reply Message Invalid!
ERROR: 2020/02/23 13:12:18 workcli.go:396: Reply Message Invalid!
ERROR: 2020/02/23 13:12:18 workcli.go:396: Reply Message Invalid!
ERROR: 2020/02/23 13:12:18 workcli.go:396: Reply Message Invalid!
ERROR: 2020/02/23 13:12:18 workcli.go:396: Reply Message Invalid!
ERROR: 2020/02/23 13:12:18 workcli.go:396: Reply Message Invalid!
ERROR: 2020/02/23 13:12:18 workcli.go:396: Reply Message Invalid!
ERROR: 2020/02/23 13:12:18 workcli.go:396: Reply Message Invalid!
ERROR: 2020/02/23 13:12:18 workcli.go:396: Reply Message Invalid!
ERROR: 2020/02/23 13:12:18 workcli.go:396: Reply Message Invalid!
ERROR: 2020/02/23 13:12:18 workcli.go:396: Reply Message Invalid!
ERROR: 2020/02/23 13:12:18 workcli.go:396: Reply Message Invalid!
ERROR: 2020/02/23 13:12:18 workcli.go:396: Reply Message Invalid!
ERROR: 2020/02/23 13:12:18 workcli.go:396: Reply Message Invalid!
ERROR: 2020/02/23 13:12:18 workcli.go:396: Reply Message Invalid!
ERROR: 2020/02/23 13:12:18 workcli.go:396: Reply Message Invalid!
ERROR: 2020/02/23 13:12:18 workcli.go:396: Reply Message Invalid!
ERROR: 2020/02/23 13:12:18 workcli.go:396: Reply Message Invalid!
ERROR: 2020/02/23 13:12:18 workcli.go:396: Reply Message Invalid!
ERROR: 2020/02/23 13:12:18 workcli.go:396: Reply Message Invalid!
ERROR: 2020/02/23 13:12:18 workcli.go:396: Reply Message Invalid!
ERROR: 2020/02/23 13:12:18 workcli.go:396: Reply Message Invalid!
ERROR: 2020/02/23 13:12:18 workcli.go:396: Reply Message Invalid!
ERROR: 2020/02/23 13:12:18 workcli.go:396: Reply Message Invalid!
ERROR: 2020/02/23 13:12:18 workcli.go:396: Reply Message Invalid!
ERROR: 2020/02/23 13:12:18 workcli.go:396: Reply Message Invalid!
ERROR: 2020/02/23 13:12:18 workcli.go:396: Reply Message Invalid!
ERROR: 2020/02/23 13:12:18 workcli.go:396: Reply Message Invalid!
ERROR: 2020/02/23 13:12:18 workcli.go:396: Reply Message Invalid!
ERROR: 2020/02/23 13:12:18 workcli.go:396: Reply Message Invalid!
ERROR: 2020/02/23 13:12:18 workcli.go:396: Reply Message Invalid!
ERROR: 2020/02/23 13:12:18 workcli.go:396: Reply Message Invalid!
ERROR: 2020/02/23 13:12:18 workcli.go:396: Reply Message Invalid!
ERROR: 2020/02/23 13:12:18 workcli.go:396: Reply Message Invalid!
ERROR: 2020/02/23 13:12:18 workcli.go:396: Reply Message Invalid!
ERROR: 2020/02/23 13:12:18 workcli.go:396: Reply Message Invalid!
ERROR: 2020/02/23 13:12:18 workcli.go:396: Reply Message Invalid!
ERROR: 2020/02/23 13:12:18 workcli.go:396: Reply Message Invalid!
ERROR: 2020/02/23 13:12:18 workcli.go:396: Reply Message Invalid!
ERROR: 2020/02/23 13:12:18 workcli.go:396: Reply Message Invalid!
ERROR: 2020/02/23 13:12:18 workcli.go:396: Reply Message Invalid!
ERROR: 2020/02/23 13:12:18 workcli.go:396: Reply Message Invalid!
ERROR: 2020/02/23 13:12:18 workcli.go:396: Reply Message Invalid!
ERROR: 2020/02/23 13:12:18 workcli.go:396: Reply Message Invalid!
ERROR: 2020/02/23 13:12:18 workcli.go:396: Reply Message Invalid!
ERROR: 2020/02/23 13:12:18 workcli.go:396: Reply Message Invalid!
ERROR: 2020/02/23 13:12:18 workcli.go:396: Reply Message Invalid!
ERROR: 2020/02/23 13:12:18 workcli.go:396: Reply Message Invalid!
ERROR: 2020/02/23 13:12:18 workcli.go:396: Reply Message Invalid!
ERROR: 2020/02/23 13:12:18 workcli.go:396: Reply Message Invalid!
ERROR: 2020/02/23 13:12:18 workcli.go:396: Reply Message Invalid!
ERROR: 2020/02/23 13:12:18 workcli.go:396: Reply Message Invalid!
ERROR: 2020/02/23 13:12:18 workcli.go:396: Reply Message Invalid!
ERROR: 2020/02/23 13:12:18 workcli.go:396: Reply Message Invalid!
ERROR: 2020/02/23 13:12:18 workcli.go:396: Reply Message Invalid!
ERROR: 2020/02/23 13:12:18 workcli.go:396: Reply Message Invalid!
ERROR: 2020/02/23 13:12:18 workcli.go:396: Reply Message Invalid!
ERROR: 2020/02/23 13:12:18 workcli.go:396: Reply Message Invalid!
ERROR: 2020/02/23 13:12:18 workcli.go:396: Reply Message Invalid!
ERROR: 2020/02/23 13:12:18 workcli.go:396: Reply Message Invalid!
ERROR: 2020/02/23 13:12:18 workcli.go:396: Reply Message Invalid!
ERROR: 2020/02/23 13:12:18 workcli.go:396: Reply Message Invalid!
ERROR: 2020/02/23 13:12:18 workcli.go:396: Reply Message Invalid!
ERROR: 2020/02/23 13:12:18 workcli.go:396: Reply Message Invalid!
ERROR: 2020/02/23 13:12:18 workcli.go:396: Reply Message Invalid!
ERROR: 2020/02/23 13:12:18 workcli.go:396: Reply Message Invalid!
ERROR: 2020/02/23 13:12:18 workcli.go:396: Reply Message Invalid!
ERROR: 2020/02/23 13:12:18 workcli.go:396: Reply Message Invalid!
ERROR: 2020/02/23 13:12:18 workcli.go:396: Reply Message Invalid!
ERROR: 2020/02/23 13:12:18 workcli.go:396: Reply Message Invalid!
ERROR: 2020/02/23 13:12:18 workcli.go:396: Reply Message Invalid!
ERROR: 2020/02/23 13:12:18 workcli.go:396: Reply Message Invalid!
ERROR: 2020/02/23 13:12:18 workcli.go:396: Reply Message Invalid!
ERROR: 2020/02/23 13:12:18 workcli.go:396: Reply Message Invalid!
ERROR: 2020/02/23 13:12:18 workcli.go:396: Reply Message Invalid!
ERROR: 2020/02/23 13:12:18 workcli.go:396: Reply Message Invalid!
ERROR: 2020/02/23 13:12:18 workcli.go:396: Reply Message Invalid!
ERROR: 2020/02/23 13:12:18 workcli.go:396: Reply Message Invalid!
ERROR: 2020/02/23 13:12:18 workcli.go:396: Reply Message Invalid!
ERROR: 2020/02/23 13:12:18 workcli.go:396: Reply Message Invalid!
ERROR: 2020/02/23 13:12:18 workcli.go:396: Reply Message Invalid!
ERROR: 2020/02/23 13:12:18 workcli.go:396: Reply Message Invalid!
ERROR: 2020/02/23 13:12:18 workcli.go:396: Reply Message Invalid!
ERROR: 2020/02/23 13:12:18 workcli.go:396: Reply Message Invalid!
ERROR: 2020/02/23 13:12:18 workcli.go:396: Reply Message Invalid!
ERROR: 2020/02/23 13:12:18 workcli.go:396: Reply Message Invalid!
ERROR: 2020/02/23 13:12:18 workcli.go:396: Reply Message Invalid!
ERROR: 2020/02/23 13:12:18 workcli.go:396: Reply Message Invalid!
ERROR: 2020/02/23 13:12:18 workcli.go:396: Reply Message Invalid!
ERROR: 2020/02/23 13:12:18 workcli.go:396: Reply Message Invalid!
ERROR: 2020/02/23 13:12:18 workcli.go:396: Reply Message Invalid!
ERROR: 2020/02/23 13:12:18 workcli.go:396: Reply Message Invalid!
ERROR: 2020/02/23 13:12:18 workcli.go:396: Reply Message Invalid!
ERROR: 2020/02/23 13:12:18 workcli.go:396: Reply Message Invalid!
ERROR: 2020/02/23 13:12:18 workcli.go:396: Reply Message Invalid!
ERROR: 2020/02/23 13:12:18 workcli.go:396: Reply Message Invalid!
ERROR: 2020/02/23 13:12:18 workcli.go:396: Reply Message Invalid!
ERROR: 2020/02/23 13:12:18 workcli.go:396: Reply Message Invalid!
ERROR: 2020/02/23 13:12:18 workcli.go:396: Reply Message Invalid!
ERROR: 2020/02/23 13:12:18 workcli.go:396: Reply Message Invalid!
ERROR: 2020/02/23 13:12:18 workcli.go:396: Reply Message Invalid!
ERROR: 2020/02/23 13:12:18 workcli.go:396: Reply Message Invalid!
ERROR: 2020/02/23 13:12:18 workcli.go:396: Reply Message Invalid!
ERROR: 2020/02/23 13:12:18 workcli.go:396: Reply Message Invalid!
ERROR: 2020/02/23 13:12:18 workcli.go:396: Reply Message Invalid!
ERROR: 2020/02/23 13:12:18 workcli.go:396: Reply Message Invalid!
ERROR: 2020/02/23 13:12:18 workcli.go:396: Reply Message Invalid!
ERROR: 2020/02/23 13:12:18 workcli.go:396: Reply Message Invalid!
ERROR: 2020/02/23 13:12:18 workcli.go:396: Reply Message Invalid!
ERROR: 2020/02/23 13:12:18 workcli.go:396: Reply Message Invalid!
ERROR: 2020/02/23 13:12:18 workcli.go:396: Reply Message Invalid!
ERROR: 2020/02/23 13:12:18 workcli.go:396: Reply Message Invalid!
ERROR: 2020/02/23 13:12:18 workcli.go:396: Reply Message Invalid!
ERROR: 2020/02/23 13:12:18 workcli.go:396: Reply Message Invalid!
ERROR: 2020/02/23 13:12:18 workcli.go:396: Reply Message Invalid!
ERROR: 2020/02/23 13:12:18 workcli.go:396: Reply Message Invalid!
ERROR: 2020/02/23 13:12:18 workcli.go:396: Reply Message Invalid!
ERROR: 2020/02/23 13:12:18 workcli.go:396: Reply Message Invalid!
ERROR: 2020/02/23 13:12:18 workcli.go:396: Reply Message Invalid!
ERROR: 2020/02/23 13:12:18 workcli.go:396: Reply Message Invalid!
ERROR: 2020/02/23 13:12:18 workcli.go:396: Reply Message Invalid!
ERROR: 2020/02/23 13:12:18 workcli.go:396: Reply Message Invalid!
ERROR: 2020/02/23 13:12:18 workcli.go:396: Reply Message Invalid!
ERROR: 2020/02/23 13:12:18 workcli.go:396: Reply Message Invalid!
ERROR: 2020/02/23 13:12:18 workcli.go:396: Reply Message Invalid!
ERROR: 2020/02/23 13:12:18 workcli.go:396: Reply Message Invalid!
ERROR: 2020/02/23 13:12:18 workcli.go:396: Reply Message Invalid!
ERROR: 2020/02/23 13:12:18 workcli.go:396: Reply Message Invalid!
ERROR: 2020/02/23 13:12:18 workcli.go:396: Reply Message Invalid!
ERROR: 2020/02/23 13:12:18 workcli.go:396: Reply Message Invalid!
ERROR: 2020/02/23 13:12:18 workcli.go:396: Reply Message Invalid!
ERROR: 2020/02/23 13:12:18 workcli.go:396: Reply Message Invalid!
ERROR: 2020/02/23 13:12:18 workcli.go:396: Reply Message Invalid!
ERROR: 2020/02/23 13:12:18 workcli.go:396: Reply Message Invalid!
ERROR: 2020/02/23 13:12:18 workcli.go:396: Reply Message Invalid!
ERROR: 2020/02/23 13:12:18 workcli.go:396: Reply Message Invalid!
ERROR: 2020/02/23 13:12:18 workcli.go:396: Reply Message Invalid!
ERROR: 2020/02/23 13:12:18 workcli.go:396: Reply Message Invalid!
ERROR: 2020/02/23 13:12:18 workcli.go:396: Reply Message Invalid!
ERROR: 2020/02/23 13:12:18 workcli.go:396: Reply Message Invalid!
ERROR: 2020/02/23 13:12:18 workcli.go:396: Reply Message Invalid!
ERROR: 2020/02/23 13:12:18 workcli.go:396: Reply Message Invalid!
ERROR: 2020/02/23 13:12:18 workcli.go:396: Reply Message Invalid!
ERROR: 2020/02/23 13:12:18 workcli.go:396: Reply Message Invalid!
ERROR: 2020/02/23 13:12:18 workcli.go:396: Reply Message Invalid!
ERROR: 2020/02/23 13:12:18 workcli.go:396: Reply Message Invalid!
ERROR: 2020/02/23 13:12:18 workcli.go:396: Reply Message Invalid!
ERROR: 2020/02/23 13:12:18 workcli.go:396: Reply Message Invalid!
ERROR: 2020/02/23 13:12:18 workcli.go:396: Reply Message Invalid!
ERROR: 2020/02/23 13:12:18 workcli.go:396: Reply Message Invalid!
ERROR: 2020/02/23 13:12:18 workcli.go:396: Reply Message Invalid!
ERROR: 2020/02/23 13:12:18 workcli.go:396: Reply Message Invalid!
ERROR: 2020/02/23 13:12:18 workcli.go:396: Reply Message Invalid!
ERROR: 2020/02/23 13:12:18 workcli.go:396: Reply Message Invalid!
ERROR: 2020/02/23 13:12:18 workcli.go:396: Reply Message Invalid!
ERROR: 2020/02/23 13:12:18 workcli.go:396: Reply Message Invalid!
ERROR: 2020/02/23 13:12:18 workcli.go:396: Reply Message Invalid!
ERROR: 2020/02/23 13:12:18 workcli.go:396: Reply Message Invalid!
ERROR: 2020/02/23 13:12:18 workcli.go:396: Reply Message Invalid!
ERROR: 2020/02/23 13:12:18 workcli.go:396: Reply Message Invalid!
ERROR: 2020/02/23 13:12:18 workcli.go:396: Reply Message Invalid!
ERROR: 2020/02/23 13:12:18 workcli.go:396: Reply Message Invalid!
ERROR: 2020/02/23 13:12:18 workcli.go:396: Reply Message Invalid!
ERROR: 2020/02/23 13:12:18 workcli.go:396: Reply Message Invalid!
ERROR: 2020/02/23 13:12:18 workcli.go:396: Reply Message Invalid!
ERROR: 2020/02/23 13:12:18 workcli.go:396: Reply Message Invalid!
ERROR: 2020/02/23 13:12:18 workcli.go:396: Reply Message Invalid!
ERROR: 2020/02/23 13:12:18 workcli.go:396: Reply Message Invalid!
ERROR: 2020/02/23 13:12:18 workcli.go:396: Reply Message Invalid!
ERROR: 2020/02/23 13:12:18 workcli.go:396: Reply Message Invalid!
ERROR: 2020/02/23 13:12:18 workcli.go:396: Reply Message Invalid!
ERROR: 2020/02/23 13:12:18 workcli.go:396: Reply Message Invalid!
ERROR: 2020/02/23 13:12:18 workcli.go:396: Reply Message Invalid!
ERROR: 2020/02/23 13:12:18 workcli.go:396: Reply Message Invalid!
ERROR: 2020/02/23 13:12:18 workcli.go:396: Reply Message Invalid!
ERROR: 2020/02/23 13:12:18 workcli.go:396: Reply Message Invalid!
ERROR: 2020/02/23 13:12:18 workcli.go:396: Reply Message Invalid!
ERROR: 2020/02/23 13:12:18 workcli.go:396: Reply Message Invalid!
ERROR: 2020/02/23 13:12:18 workcli.go:396: Reply Message Invalid!
ERROR: 2020/02/23 13:12:18 workcli.go:396: Reply Message Invalid!
ERROR: 2020/02/23 13:12:18 workcli.go:396: Reply Message Invalid!
ERROR: 2020/02/23 13:12:18 workcli.go:396: Reply Message Invalid!
ERROR: 2020/02/23 13:12:18 workcli.go:396: Reply Message Invalid!
ERROR: 2020/02/23 13:12:18 workcli.go:396: Reply Message Invalid!
ERROR: 2020/02/23 13:12:18 workcli.go:396: Reply Message Invalid!
ERROR: 2020/02/23 13:12:18 workcli.go:396: Reply Message Invalid!
ERROR: 2020/02/23 13:12:18 workcli.go:396: Reply Message Invalid!
ERROR: 2020/02/23 13:12:18 workcli.go:396: Reply Message Invalid!
ERROR: 2020/02/23 13:12:18 workcli.go:396: Reply Message Invalid!
ERROR: 2020/02/23 13:12:18 workcli.go:396: Reply Message Invalid!
ERROR: 2020/02/23 13:12:18 workcli.go:396: Reply Message Invalid!
ERROR: 2020/02/23 13:12:18 workcli.go:396: Reply Message Invalid!
ERROR: 2020/02/23 13:12:18 workcli.go:396: Reply Message Invalid!
ERROR: 2020/02/23 13:12:18 workcli.go:396: Reply Message Invalid!
ERROR: 2020/02/23 13:12:18 workcli.go:396: Reply Message Invalid!
ERROR: 2020/02/23 13:12:18 workcli.go:396: Reply Message Invalid!
ERROR: 2020/02/23 13:12:18 workcli.go:396: Reply Message Invalid!
ERROR: 2020/02/23 13:12:18 workcli.go:396: Reply Message Invalid!
ERROR: 2020/02/23 13:12:18 workcli.go:396: Reply Message Invalid!
ERROR: 2020/02/23 13:12:18 workcli.go:396: Reply Message Invalid!
ERROR: 2020/02/23 13:12:18 workcli.go:396: Reply Message Invalid!
ERROR: 2020/02/23 13:12:18 workcli.go:396: Reply Message Invalid!
ERROR: 2020/02/23 13:12:18 workcli.go:396: Reply Message Invalid!
ERROR: 2020/02/23 13:12:18 workcli.go:396: Reply Message Invalid!
ERROR: 2020/02/23 13:12:18 workcli.go:396: Reply Message Invalid!
ERROR: 2020/02/23 13:12:18 workcli.go:396: Reply Message Invalid!
ERROR: 2020/02/23 13:12:18 workcli.go:396: Reply Message Invalid!
ERROR: 2020/02/23 13:12:18 workcli.go:396: Reply Message Invalid!
ERROR: 2020/02/23 13:12:18 workcli.go:396: Reply Message Invalid!
ERROR: 2020/02/23 13:12:18 workcli.go:396: Reply Message Invalid!
ERROR: 2020/02/23 13:12:18 workcli.go:396: Reply Message Invalid!
ERROR: 2020/02/23 13:12:18 workcli.go:396: Reply Message Invalid!
ERROR: 2020/02/23 13:12:18 workcli.go:396: Reply Message Invalid!
ERROR: 2020/02/23 13:12:18 workcli.go:396: Reply Message Invalid!
ERROR: 2020/02/23 13:12:18 workcli.go:396: Reply Message Invalid!
ERROR: 2020/02/23 13:12:18 workcli.go:396: Reply Message Invalid!
ERROR: 2020/02/23 13:12:18 workcli.go:396: Reply Message Invalid!
ERROR: 2020/02/23 13:12:18 workcli.go:396: Reply Message Invalid!
ERROR: 2020/02/23 13:12:18 workcli.go:396: Reply Message Invalid!
ERROR: 2020/02/23 13:12:18 workcli.go:396: Reply Message Invalid!
ERROR: 2020/02/23 13:12:18 workcli.go:396: Reply Message Invalid!
ERROR: 2020/02/23 13:12:18 workcli.go:396: Reply Message Invalid!
ERROR: 2020/02/23 13:12:18 workcli.go:396: Reply Message Invalid!
ERROR: 2020/02/23 13:12:18 workcli.go:396: Reply Message Invalid!
ERROR: 2020/02/23 13:12:18 workcli.go:396: Reply Message Invalid!
ERROR: 2020/02/23 13:12:18 workcli.go:396: Reply Message Invalid!
ERROR: 2020/02/23 13:12:18 workcli.go:396: Reply Message Invalid!
ERROR: 2020/02/23 13:12:18 workcli.go:396: Reply Message Invalid!
ERROR: 2020/02/23 13:12:18 workcli.go:396: Reply Message Invalid!
ERROR: 2020/02/23 13:12:18 workcli.go:396: Reply Message Invalid!
ERROR: 2020/02/23 13:12:18 workcli.go:396: Reply Message Invalid!
ERROR: 2020/02/23 13:12:18 workcli.go:396: Reply Message Invalid!
ERROR: 2020/02/23 13:12:18 workcli.go:396: Reply Message Invalid!
ERROR: 2020/02/23 13:12:18 workcli.go:396: Reply Message Invalid!
ERROR: 2020/02/23 13:12:18 workcli.go:396: Reply Message Invalid!
ERROR: 2020/02/23 13:12:18 workcli.go:396: Reply Message Invalid!
ERROR: 2020/02/23 13:12:18 workcli.go:396: Reply Message Invalid!
ERROR: 2020/02/23 13:12:18 workcli.go:396: Reply Message Invalid!
ERROR: 2020/02/23 13:12:18 workcli.go:396: Reply Message Invalid!
ERROR: 2020/02/23 13:12:18 workcli.go:396: Reply Message Invalid!
ERROR: 2020/02/23 13:12:18 workcli.go:396: Reply Message Invalid!
ERROR: 2020/02/23 13:12:18 workcli.go:396: Reply Message Invalid!
ERROR: 2020/02/23 13:12:18 workcli.go:396: Reply Message Invalid!
ERROR: 2020/02/23 13:12:19 workcli.go:396: Reply Message Invalid!
ERROR: 2020/02/23 13:12:19 workcli.go:396: Reply Message Invalid!
ERROR: 2020/02/23 13:12:19 workcli.go:396: Reply Message Invalid!
ERROR: 2020/02/23 13:12:19 workcli.go:396: Reply Message Invalid!
ERROR: 2020/02/23 13:12:19 workcli.go:396: Reply Message Invalid!
ERROR: 2020/02/23 13:12:19 workcli.go:396: Reply Message Invalid!
ERROR: 2020/02/23 13:12:19 workcli.go:396: Reply Message Invalid!
ERROR: 2020/02/23 13:12:19 workcli.go:396: Reply Message Invalid!
ERROR: 2020/02/23 13:12:19 workcli.go:396: Reply Message Invalid!
ERROR: 2020/02/23 13:12:19 workcli.go:396: Reply Message Invalid!
ERROR: 2020/02/23 13:12:19 workcli.go:396: Reply Message Invalid!
ERROR: 2020/02/23 13:12:19 workcli.go:396: Reply Message Invalid!
ERROR: 2020/02/23 13:12:19 workcli.go:396: Reply Message Invalid!
ERROR: 2020/02/23 13:12:19 workcli.go:396: Reply Message Invalid!
ERROR: 2020/02/23 13:12:19 workcli.go:396: Reply Message Invalid!
ERROR: 2020/02/23 13:12:19 workcli.go:396: Reply Message Invalid!
ERROR: 2020/02/23 13:12:19 workcli.go:396: Reply Message Invalid!
ERROR: 2020/02/23 13:12:19 workcli.go:396: Reply Message Invalid!
ERROR: 2020/02/23 13:12:19 workcli.go:396: Reply Message Invalid!
ERROR: 2020/02/23 13:12:19 workcli.go:396: Reply Message Invalid!
ERROR: 2020/02/23 13:12:19 workcli.go:396: Reply Message Invalid!
ERROR: 2020/02/23 13:12:19 workcli.go:396: Reply Message Invalid!
ERROR: 2020/02/23 13:12:19 workcli.go:396: Reply Message Invalid!
ERROR: 2020/02/23 13:12:19 workcli.go:396: Reply Message Invalid!
ERROR: 2020/02/23 13:12:19 workcli.go:396: Reply Message Invalid!
ERROR: 2020/02/23 13:12:19 workcli.go:396: Reply Message Invalid!
ERROR: 2020/02/23 13:12:19 workcli.go:396: Reply Message Invalid!
ERROR: 2020/02/23 13:12:19 workcli.go:396: Reply Message Invalid!
ERROR: 2020/02/23 13:12:19 workcli.go:396: Reply Message Invalid!
ERROR: 2020/02/23 13:12:19 workcli.go:396: Reply Message Invalid!
ERROR: 2020/02/23 13:12:19 workcli.go:396: Reply Message Invalid!
ERROR: 2020/02/23 13:12:19 workcli.go:396: Reply Message Invalid!
ERROR: 2020/02/23 13:12:19 workcli.go:396: Reply Message Invalid!
ERROR: 2020/02/23 13:12:19 workcli.go:396: Reply Message Invalid!
ERROR: 2020/02/23 13:12:19 workcli.go:396: Reply Message Invalid!
ERROR: 2020/02/23 13:12:19 workcli.go:396: Reply Message Invalid!
ERROR: 2020/02/23 13:12:19 workcli.go:396: Reply Message Invalid!
ERROR: 2020/02/23 13:12:19 workcli.go:396: Reply Message Invalid!
ERROR: 2020/02/23 13:12:19 workcli.go:396: Reply Message Invalid!
ERROR: 2020/02/23 13:12:19 workcli.go:396: Reply Message Invalid!
ERROR: 2020/02/23 13:12:19 workcli.go:396: Reply Message Invalid!
ERROR: 2020/02/23 13:12:19 workcli.go:396: Reply Message Invalid!
ERROR: 2020/02/23 13:12:19 workcli.go:396: Reply Message Invalid!
ERROR: 2020/02/23 13:12:19 workcli.go:396: Reply Message Invalid!
ERROR: 2020/02/23 13:12:19 workcli.go:396: Reply Message Invalid!
ERROR: 2020/02/23 13:12:19 workcli.go:396: Reply Message Invalid!
ERROR: 2020/02/23 13:12:19 workcli.go:396: Reply Message Invalid!
ERROR: 2020/02/23 13:12:19 workcli.go:396: Reply Message Invalid!
ERROR: 2020/02/23 13:12:19 workcli.go:396: Reply Message Invalid!
ERROR: 2020/02/23 13:12:19 workcli.go:396: Reply Message Invalid!
ERROR: 2020/02/23 13:12:19 workcli.go:396: Reply Message Invalid!
ERROR: 2020/02/23 13:12:19 workcli.go:396: Reply Message Invalid!
ERROR: 2020/02/23 13:12:19 workcli.go:396: Reply Message Invalid!
ERROR: 2020/02/23 13:12:19 workcli.go:396: Reply Message Invalid!
ERROR: 2020/02/23 13:12:19 workcli.go:396: Reply Message Invalid!
ERROR: 2020/02/23 13:12:19 workcli.go:396: Reply Message Invalid!
ERROR: 2020/02/23 13:12:19 workcli.go:396: Reply Message Invalid!
ERROR: 2020/02/23 13:12:19 workcli.go:396: Reply Message Invalid!
ERROR: 2020/02/23 13:12:19 workcli.go:396: Reply Message Invalid!
ERROR: 2020/02/23 13:12:19 workcli.go:396: Reply Message Invalid!
ERROR: 2020/02/23 13:12:19 workcli.go:396: Reply Message Invalid!
ERROR: 2020/02/23 13:12:19 workcli.go:396: Reply Message Invalid!
ERROR: 2020/02/23 13:12:19 workcli.go:396: Reply Message Invalid!
ERROR: 2020/02/23 13:12:19 workcli.go:396: Reply Message Invalid!
ERROR: 2020/02/23 13:12:19 workcli.go:396: Reply Message Invalid!
ERROR: 2020/02/23 13:12:19 workcli.go:396: Reply Message Invalid!
ERROR: 2020/02/23 13:12:19 workcli.go:396: Reply Message Invalid!
ERROR: 2020/02/23 13:12:19 workcli.go:396: Reply Message Invalid!
ERROR: 2020/02/23 13:12:19 workcli.go:396: Reply Message Invalid!
ERROR: 2020/02/23 13:12:19 workcli.go:396: Reply Message Invalid!
ERROR: 2020/02/23 13:12:19 workcli.go:396: Reply Message Invalid!
ERROR: 2020/02/23 13:12:19 workcli.go:396: Reply Message Invalid!
ERROR: 2020/02/23 13:12:19 workcli.go:396: Reply Message Invalid!
ERROR: 2020/02/23 13:12:19 workcli.go:396: Reply Message Invalid!
ERROR: 2020/02/23 13:12:19 workcli.go:396: Reply Message Invalid!
ERROR: 2020/02/23 13:12:19 workcli.go:396: Reply Message Invalid!
ERROR: 2020/02/23 13:12:19 workcli.go:396: Reply Message Invalid!
ERROR: 2020/02/23 13:12:19 workcli.go:396: Reply Message Invalid!
ERROR: 2020/02/23 13:12:19 workcli.go:396: Reply Message Invalid!
ERROR: 2020/02/23 13:12:19 workcli.go:396: Reply Message Invalid!
ERROR: 2020/02/23 13:12:19 workcli.go:396: Reply Message Invalid!
ERROR: 2020/02/23 13:12:19 workcli.go:396: Reply Message Invalid!
ERROR: 2020/02/23 13:12:19 workcli.go:396: Reply Message Invalid!
ERROR: 2020/02/23 13:12:19 workcli.go:396: Reply Message Invalid!
ERROR: 2020/02/23 13:12:19 workcli.go:396: Reply Message Invalid!
ERROR: 2020/02/23 13:12:19 workcli.go:396: Reply Message Invalid!
ERROR: 2020/02/23 13:12:19 workcli.go:396: Reply Message Invalid!
ERROR: 2020/02/23 13:12:19 workcli.go:396: Reply Message Invalid!
ERROR: 2020/02/23 13:12:19 workcli.go:396: Reply Message Invalid!
ERROR: 2020/02/23 13:12:19 workcli.go:396: Reply Message Invalid!
ERROR: 2020/02/23 13:12:19 workcli.go:396: Reply Message Invalid!
ERROR: 2020/02/23 13:12:19 workcli.go:396: Reply Message Invalid!
ERROR: 2020/02/23 13:12:19 workcli.go:396: Reply Message Invalid!
ERROR: 2020/02/23 13:12:19 workcli.go:396: Reply Message Invalid!
ERROR: 2020/02/23 13:12:19 workcli.go:396: Reply Message Invalid!
ERROR: 2020/02/23 13:12:19 workcli.go:396: Reply Message Invalid!
ERROR: 2020/02/23 13:12:19 workcli.go:396: Reply Message Invalid!
ERROR: 2020/02/23 13:12:19 workcli.go:396: Reply Message Invalid!
ERROR: 2020/02/23 13:12:19 workcli.go:396: Reply Message Invalid!
ERROR: 2020/02/23 13:12:19 workcli.go:396: Reply Message Invalid!
ERROR: 2020/02/23 13:12:19 workcli.go:396: Reply Message Invalid!
ERROR: 2020/02/23 13:12:19 workcli.go:396: Reply Message Invalid!
ERROR: 2020/02/23 13:12:19 workcli.go:396: Reply Message Invalid!
ERROR: 2020/02/23 13:12:19 workcli.go:396: Reply Message Invalid!
ERROR: 2020/02/23 13:12:19 workcli.go:396: Reply Message Invalid!
ERROR: 2020/02/23 13:12:19 workcli.go:396: Reply Message Invalid!
ERROR: 2020/02/23 13:12:19 workcli.go:396: Reply Message Invalid!
ERROR: 2020/02/23 13:12:19 workcli.go:396: Reply Message Invalid!
ERROR: 2020/02/23 13:12:19 workcli.go:396: Reply Message Invalid!
ERROR: 2020/02/23 13:12:19 workcli.go:396: Reply Message Invalid!
ERROR: 2020/02/23 13:12:19 workcli.go:396: Reply Message Invalid!
ERROR: 2020/02/23 13:12:19 workcli.go:396: Reply Message Invalid!
ERROR: 2020/02/23 13:12:19 workcli.go:396: Reply Message Invalid!
ERROR: 2020/02/23 13:12:19 workcli.go:396: Reply Message Invalid!
ERROR: 2020/02/23 13:12:19 workcli.go:396: Reply Message Invalid!
ERROR: 2020/02/23 13:12:19 workcli.go:396: Reply Message Invalid!
ERROR: 2020/02/23 13:12:19 workcli.go:396: Reply Message Invalid!
ERROR: 2020/02/23 13:12:19 workcli.go:396: Reply Message Invalid!
ERROR: 2020/02/23 13:12:19 workcli.go:396: Reply Message Invalid!
ERROR: 2020/02/23 13:12:19 workcli.go:396: Reply Message Invalid!
ERROR: 2020/02/23 13:12:19 workcli.go:396: Reply Message Invalid!
ERROR: 2020/02/23 13:12:19 workcli.go:396: Reply Message Invalid!
ERROR: 2020/02/23 13:12:19 workcli.go:396: Reply Message Invalid!
ERROR: 2020/02/23 13:12:19 workcli.go:396: Reply Message Invalid!
ERROR: 2020/02/23 13:12:19 workcli.go:396: Reply Message Invalid!
ERROR: 2020/02/23 13:12:19 workcli.go:396: Reply Message Invalid!
ERROR: 2020/02/23 13:12:19 workcli.go:396: Reply Message Invalid!
ERROR: 2020/02/23 13:12:19 workcli.go:396: Reply Message Invalid!
ERROR: 2020/02/23 13:12:19 workcli.go:396: Reply Message Invalid!
ERROR: 2020/02/23 13:12:19 workcli.go:396: Reply Message Invalid!
ERROR: 2020/02/23 13:12:19 workcli.go:396: Reply Message Invalid!
ERROR: 2020/02/23 13:12:19 workcli.go:396: Reply Message Invalid!
ERROR: 2020/02/23 13:12:19 workcli.go:396: Reply Message Invalid!
ERROR: 2020/02/23 13:12:19 workcli.go:396: Reply Message Invalid!
ERROR: 2020/02/23 13:12:19 workcli.go:396: Reply Message Invalid!
ERROR: 2020/02/23 13:12:19 workcli.go:396: Reply Message Invalid!
ERROR: 2020/02/23 13:12:19 workcli.go:396: Reply Message Invalid!
ERROR: 2020/02/23 13:12:19 workcli.go:396: Reply Message Invalid!
ERROR: 2020/02/23 13:12:19 workcli.go:396: Reply Message Invalid!
ERROR: 2020/02/23 13:12:19 workcli.go:396: Reply Message Invalid!
ERROR: 2020/02/23 13:12:19 workcli.go:396: Reply Message Invalid!
ERROR: 2020/02/23 13:12:19 workcli.go:396: Reply Message Invalid!
ERROR: 2020/02/23 13:12:19 workcli.go:396: Reply Message Invalid!
ERROR: 2020/02/23 13:12:19 workcli.go:396: Reply Message Invalid!
ERROR: 2020/02/23 13:12:19 workcli.go:396: Reply Message Invalid!
ERROR: 2020/02/23 13:12:19 workcli.go:396: Reply Message Invalid!
ERROR: 2020/02/23 13:12:19 workcli.go:396: Reply Message Invalid!
ERROR: 2020/02/23 13:12:19 workcli.go:396: Reply Message Invalid!
ERROR: 2020/02/23 13:12:19 workcli.go:396: Reply Message Invalid!
ERROR: 2020/02/23 13:12:19 workcli.go:396: Reply Message Invalid!
ERROR: 2020/02/23 13:12:19 workcli.go:396: Reply Message Invalid!
ERROR: 2020/02/23 13:12:19 workcli.go:396: Reply Message Invalid!
ERROR: 2020/02/23 13:12:19 workcli.go:396: Reply Message Invalid!
ERROR: 2020/02/23 13:12:19 workcli.go:396: Reply Message Invalid!
ERROR: 2020/02/23 13:12:19 workcli.go:396: Reply Message Invalid!
ERROR: 2020/02/23 13:12:19 workcli.go:396: Reply Message Invalid!
ERROR: 2020/02/23 13:12:19 workcli.go:396: Reply Message Invalid!
ERROR: 2020/02/23 13:12:19 workcli.go:396: Reply Message Invalid!
ERROR: 2020/02/23 13:12:19 workcli.go:396: Reply Message Invalid!
ERROR: 2020/02/23 13:12:19 workcli.go:396: Reply Message Invalid!
ERROR: 2020/02/23 13:12:19 workcli.go:396: Reply Message Invalid!
ERROR: 2020/02/23 13:12:19 workcli.go:396: Reply Message Invalid!
ERROR: 2020/02/23 13:12:19 workcli.go:396: Reply Message Invalid!
ERROR: 2020/02/23 13:12:19 workcli.go:396: Reply Message Invalid!
ERROR: 2020/02/23 13:12:19 workcli.go:396: Reply Message Invalid!
ERROR: 2020/02/23 13:12:19 workcli.go:396: Reply Message Invalid!
ERROR: 2020/02/23 13:12:19 workcli.go:396: Reply Message Invalid!
ERROR: 2020/02/23 13:12:19 workcli.go:396: Reply Message Invalid!
ERROR: 2020/02/23 13:12:19 workcli.go:396: Reply Message Invalid!
ERROR: 2020/02/23 13:12:19 workcli.go:396: Reply Message Invalid!
ERROR: 2020/02/23 13:12:19 workcli.go:396: Reply Message Invalid!
ERROR: 2020/02/23 13:12:19 workcli.go:396: Reply Message Invalid!
ERROR: 2020/02/23 13:12:19 workcli.go:396: Reply Message Invalid!
ERROR: 2020/02/23 13:12:19 workcli.go:396: Reply Message Invalid!
ERROR: 2020/02/23 13:12:19 workcli.go:396: Reply Message Invalid!
ERROR: 2020/02/23 13:12:19 workcli.go:396: Reply Message Invalid!
ERROR: 2020/02/23 13:12:19 workcli.go:396: Reply Message Invalid!
ERROR: 2020/02/23 13:12:19 workcli.go:396: Reply Message Invalid!
ERROR: 2020/02/23 13:12:19 workcli.go:396: Reply Message Invalid!
ERROR: 2020/02/23 13:12:19 workcli.go:396: Reply Message Invalid!
ERROR: 2020/02/23 13:12:19 workcli.go:396: Reply Message Invalid!
ERROR: 2020/02/23 13:12:19 workcli.go:396: Reply Message Invalid!
ERROR: 2020/02/23 13:12:19 workcli.go:396: Reply Message Invalid!
ERROR: 2020/02/23 13:12:19 workcli.go:396: Reply Message Invalid!
ERROR: 2020/02/23 13:12:19 workcli.go:396: Reply Message Invalid!
ERROR: 2020/02/23 13:12:19 workcli.go:396: Reply Message Invalid!
ERROR: 2020/02/23 13:12:19 workcli.go:396: Reply Message Invalid!
ERROR: 2020/02/23 13:12:19 workcli.go:396: Reply Message Invalid!
ERROR: 2020/02/23 13:12:19 workcli.go:396: Reply Message Invalid!
ERROR: 2020/02/23 13:12:19 workcli.go:396: Reply Message Invalid!
ERROR: 2020/02/23 13:12:19 workcli.go:396: Reply Message Invalid!
ERROR: 2020/02/23 13:12:19 workcli.go:396: Reply Message Invalid!
ERROR: 2020/02/23 13:12:19 workcli.go:396: Reply Message Invalid!
ERROR: 2020/02/23 13:12:19 workcli.go:396: Reply Message Invalid!
ERROR: 2020/02/23 13:12:19 workcli.go:396: Reply Message Invalid!
ERROR: 2020/02/23 13:12:19 workcli.go:396: Reply Message Invalid!
ERROR: 2020/02/23 13:12:19 workcli.go:396: Reply Message Invalid!
ERROR: 2020/02/23 13:12:19 workcli.go:396: Reply Message Invalid!
ERROR: 2020/02/23 13:12:19 workcli.go:396: Reply Message Invalid!
ERROR: 2020/02/23 13:12:19 workcli.go:396: Reply Message Invalid!
ERROR: 2020/02/23 13:12:19 workcli.go:396: Reply Message Invalid!
ERROR: 2020/02/23 13:12:19 workcli.go:396: Reply Message Invalid!
ERROR: 2020/02/23 13:12:19 workcli.go:396: Reply Message Invalid!
ERROR: 2020/02/23 13:12:19 workcli.go:396: Reply Message Invalid!
ERROR: 2020/02/23 13:12:19 workcli.go:396: Reply Message Invalid!
ERROR: 2020/02/23 13:12:19 workcli.go:396: Reply Message Invalid!
ERROR: 2020/02/23 13:12:19 workcli.go:396: Reply Message Invalid!
ERROR: 2020/02/23 13:12:19 workcli.go:396: Reply Message Invalid!
ERROR: 2020/02/23 13:12:19 workcli.go:396: Reply Message Invalid!
ERROR: 2020/02/23 13:12:19 workcli.go:396: Reply Message Invalid!
ERROR: 2020/02/23 13:12:19 workcli.go:396: Reply Message Invalid!
ERROR: 2020/02/23 13:12:19 workcli.go:396: Reply Message Invalid!
ERROR: 2020/02/23 13:12:19 workcli.go:396: Reply Message Invalid!
ERROR: 2020/02/23 13:12:19 workcli.go:396: Reply Message Invalid!
ERROR: 2020/02/23 13:12:19 workcli.go:396: Reply Message Invalid!
ERROR: 2020/02/23 13:12:19 workcli.go:396: Reply Message Invalid!
ERROR: 2020/02/23 13:12:19 workcli.go:396: Reply Message Invalid!
ERROR: 2020/02/23 13:12:19 workcli.go:396: Reply Message Invalid!
ERROR: 2020/02/23 13:12:19 workcli.go:396: Reply Message Invalid!
ERROR: 2020/02/23 13:12:19 workcli.go:396: Reply Message Invalid!
ERROR: 2020/02/23 13:12:19 workcli.go:396: Reply Message Invalid!
ERROR: 2020/02/23 13:12:19 workcli.go:396: Reply Message Invalid!
ERROR: 2020/02/23 13:12:19 workcli.go:396: Reply Message Invalid!
ERROR: 2020/02/23 13:12:19 workcli.go:396: Reply Message Invalid!
ERROR: 2020/02/23 13:12:19 workcli.go:396: Reply Message Invalid!
ERROR: 2020/02/23 13:12:19 workcli.go:396: Reply Message Invalid!
ERROR: 2020/02/23 13:12:19 workcli.go:396: Reply Message Invalid!
ERROR: 2020/02/23 13:12:19 workcli.go:396: Reply Message Invalid!
ERROR: 2020/02/23 13:12:19 workcli.go:396: Reply Message Invalid!
ERROR: 2020/02/23 13:12:19 workcli.go:396: Reply Message Invalid!
ERROR: 2020/02/23 13:12:19 workcli.go:396: Reply Message Invalid!
ERROR: 2020/02/23 13:12:19 workcli.go:396: Reply Message Invalid!
ERROR: 2020/02/23 13:12:19 workcli.go:396: Reply Message Invalid!
ERROR: 2020/02/23 13:12:19 workcli.go:396: Reply Message Invalid!
ERROR: 2020/02/23 13:12:19 workcli.go:396: Reply Message Invalid!
ERROR: 2020/02/23 13:12:19 workcli.go:396: Reply Message Invalid!
ERROR: 2020/02/23 13:12:19 workcli.go:396: Reply Message Invalid!
ERROR: 2020/02/23 13:12:19 workcli.go:396: Reply Message Invalid!
ERROR: 2020/02/23 13:12:19 workcli.go:396: Reply Message Invalid!
ERROR: 2020/02/23 13:12:19 workcli.go:396: Reply Message Invalid!
ERROR: 2020/02/23 13:12:19 workcli.go:396: Reply Message Invalid!
ERROR: 2020/02/23 13:12:19 workcli.go:396: Reply Message Invalid!
ERROR: 2020/02/23 13:12:19 workcli.go:396: Reply Message Invalid!
ERROR: 2020/02/23 13:12:19 workcli.go:396: Reply Message Invalid!
ERROR: 2020/02/23 13:12:19 workcli.go:396: Reply Message Invalid!
ERROR: 2020/02/23 13:12:19 workcli.go:396: Reply Message Invalid!
ERROR: 2020/02/23 13:12:19 workcli.go:396: Reply Message Invalid!
ERROR: 2020/02/23 13:12:19 workcli.go:396: Reply Message Invalid!
ERROR: 2020/02/23 13:12:19 workcli.go:396: Reply Message Invalid!
ERROR: 2020/02/23 13:12:19 workcli.go:396: Reply Message Invalid!
ERROR: 2020/02/23 13:12:19 workcli.go:396: Reply Message Invalid!
ERROR: 2020/02/23 13:12:19 workcli.go:396: Reply Message Invalid!
ERROR: 2020/02/23 13:12:19 workcli.go:396: Reply Message Invalid!
ERROR: 2020/02/23 13:12:19 workcli.go:396: Reply Message Invalid!
ERROR: 2020/02/23 13:12:19 workcli.go:396: Reply Message Invalid!
ERROR: 2020/02/23 13:12:19 workcli.go:396: Reply Message Invalid!
ERROR: 2020/02/23 13:12:19 workcli.go:396: Reply Message Invalid!
ERROR: 2020/02/23 13:12:19 workcli.go:396: Reply Message Invalid!
ERROR: 2020/02/23 13:12:19 workcli.go:396: Reply Message Invalid!
ERROR: 2020/02/23 13:12:19 workcli.go:396: Reply Message Invalid!
ERROR: 2020/02/23 13:12:19 workcli.go:396: Reply Message Invalid!
ERROR: 2020/02/23 13:12:19 workcli.go:396: Reply Message Invalid!
ERROR: 2020/02/23 13:12:19 workcli.go:396: Reply Message Invalid!
ERROR: 2020/02/23 13:12:19 workcli.go:396: Reply Message Invalid!
ERROR: 2020/02/23 13:12:19 workcli.go:396: Reply Message Invalid!
ERROR: 2020/02/23 13:12:19 workcli.go:396: Reply Message Invalid!
ERROR: 2020/02/23 13:12:19 workcli.go:396: Reply Message Invalid!
ERROR: 2020/02/23 13:12:19 workcli.go:396: Reply Message Invalid!
ERROR: 2020/02/23 13:12:19 workcli.go:396: Reply Message Invalid!
ERROR: 2020/02/23 13:12:19 workcli.go:396: Reply Message Invalid!
ERROR: 2020/02/23 13:12:19 workcli.go:396: Reply Message Invalid!
ERROR: 2020/02/23 13:12:19 workcli.go:396: Reply Message Invalid!
ERROR: 2020/02/23 13:12:19 workcli.go:396: Reply Message Invalid!
ERROR: 2020/02/23 13:12:19 workcli.go:396: Reply Message Invalid!
ERROR: 2020/02/23 13:12:19 workcli.go:396: Reply Message Invalid!
ERROR: 2020/02/23 13:12:19 workcli.go:396: Reply Message Invalid!
ERROR: 2020/02/23 13:12:19 workcli.go:396: Reply Message Invalid!
ERROR: 2020/02/23 13:12:19 workcli.go:396: Reply Message Invalid!
ERROR: 2020/02/23 13:12:19 workcli.go:396: Reply Message Invalid!
ERROR: 2020/02/23 13:12:19 workcli.go:396: Reply Message Invalid!
ERROR: 2020/02/23 13:12:19 workcli.go:396: Reply Message Invalid!
ERROR: 2020/02/23 13:12:19 workcli.go:396: Reply Message Invalid!
ERROR: 2020/02/23 13:12:19 workcli.go:396: Reply Message Invalid!
ERROR: 2020/02/23 13:12:19 workcli.go:396: Reply Message Invalid!
ERROR: 2020/02/23 13:12:19 workcli.go:396: Reply Message Invalid!
ERROR: 2020/02/23 13:12:19 workcli.go:396: Reply Message Invalid!
ERROR: 2020/02/23 13:12:19 workcli.go:396: Reply Message Invalid!
ERROR: 2020/02/23 13:12:19 workcli.go:396: Reply Message Invalid!
ERROR: 2020/02/23 13:12:19 workcli.go:396: Reply Message Invalid!
ERROR: 2020/02/23 13:12:19 workcli.go:396: Reply Message Invalid!
ERROR: 2020/02/23 13:12:19 workcli.go:396: Reply Message Invalid!
ERROR: 2020/02/23 13:12:19 workcli.go:396: Reply Message Invalid!
ERROR: 2020/02/23 13:12:19 workcli.go:396: Reply Message Invalid!
ERROR: 2020/02/23 13:12:19 workcli.go:396: Reply Message Invalid!
ERROR: 2020/02/23 13:12:19 workcli.go:396: Reply Message Invalid!
ERROR: 2020/02/23 13:12:19 workcli.go:396: Reply Message Invalid!
ERROR: 2020/02/23 13:12:19 workcli.go:396: Reply Message Invalid!
ERROR: 2020/02/23 13:12:19 workcli.go:396: Reply Message Invalid!
ERROR: 2020/02/23 13:12:19 workcli.go:396: Reply Message Invalid!
ERROR: 2020/02/23 13:12:19 workcli.go:396: Reply Message Invalid!
ERROR: 2020/02/23 13:12:19 workcli.go:396: Reply Message Invalid!
ERROR: 2020/02/23 13:12:19 workcli.go:396: Reply Message Invalid!
ERROR: 2020/02/23 13:12:19 workcli.go:396: Reply Message Invalid!
ERROR: 2020/02/23 13:12:19 workcli.go:396: Reply Message Invalid!
ERROR: 2020/02/23 13:12:19 workcli.go:396: Reply Message Invalid!
ERROR: 2020/02/23 13:12:19 workcli.go:396: Reply Message Invalid!
ERROR: 2020/02/23 13:12:19 workcli.go:396: Reply Message Invalid!
ERROR: 2020/02/23 13:12:19 workcli.go:396: Reply Message Invalid!
ERROR: 2020/02/23 13:12:19 workcli.go:396: Reply Message Invalid!
ERROR: 2020/02/23 13:12:19 workcli.go:396: Reply Message Invalid!
ERROR: 2020/02/23 13:12:19 workcli.go:396: Reply Message Invalid!
ERROR: 2020/02/23 13:12:19 workcli.go:396: Reply Message Invalid!
ERROR: 2020/02/23 13:12:19 workcli.go:396: Reply Message Invalid!
ERROR: 2020/02/23 13:12:19 workcli.go:396: Reply Message Invalid!
ERROR: 2020/02/23 13:12:19 workcli.go:396: Reply Message Invalid!
ERROR: 2020/02/23 13:12:19 workcli.go:396: Reply Message Invalid!
ERROR: 2020/02/23 13:12:19 workcli.go:396: Reply Message Invalid!
ERROR: 2020/02/23 13:12:19 workcli.go:396: Reply Message Invalid!
ERROR: 2020/02/23 13:12:19 workcli.go:396: Reply Message Invalid!
ERROR: 2020/02/23 13:12:19 workcli.go:396: Reply Message Invalid!
ERROR: 2020/02/23 13:12:19 workcli.go:396: Reply Message Invalid!
ERROR: 2020/02/23 13:12:19 workcli.go:396: Reply Message Invalid!
ERROR: 2020/02/23 13:12:19 workcli.go:396: Reply Message Invalid!
ERROR: 2020/02/23 13:12:19 workcli.go:396: Reply Message Invalid!
ERROR: 2020/02/23 13:12:19 workcli.go:396: Reply Message Invalid!
ERROR: 2020/02/23 13:12:19 workcli.go:396: Reply Message Invalid!
ERROR: 2020/02/23 13:12:19 workcli.go:396: Reply Message Invalid!
ERROR: 2020/02/23 13:12:19 workcli.go:396: Reply Message Invalid!
ERROR: 2020/02/23 13:12:19 workcli.go:396: Reply Message Invalid!
ERROR: 2020/02/23 13:12:19 workcli.go:396: Reply Message Invalid!
ERROR: 2020/02/23 13:12:19 workcli.go:396: Reply Message Invalid!
ERROR: 2020/02/23 13:12:19 workcli.go:396: Reply Message Invalid!
ERROR: 2020/02/23 13:12:19 workcli.go:396: Reply Message Invalid!
ERROR: 2020/02/23 13:12:19 workcli.go:396: Reply Message Invalid!
ERROR: 2020/02/23 13:12:19 workcli.go:396: Reply Message Invalid!
ERROR: 2020/02/23 13:12:19 workcli.go:396: Reply Message Invalid!
ERROR: 2020/02/23 13:12:19 workcli.go:396: Reply Message Invalid!
ERROR: 2020/02/23 13:12:19 workcli.go:396: Reply Message Invalid!
ERROR: 2020/02/23 13:12:19 workcli.go:396: Reply Message Invalid!
ERROR: 2020/02/23 13:12:19 workcli.go:396: Reply Message Invalid!
ERROR: 2020/02/23 13:12:19 workcli.go:396: Reply Message Invalid!
ERROR: 2020/02/23 13:12:19 workcli.go:396: Reply Message Invalid!
ERROR: 2020/02/23 13:12:19 workcli.go:396: Reply Message Invalid!
ERROR: 2020/02/23 13:12:19 workcli.go:396: Reply Message Invalid!
ERROR: 2020/02/23 13:12:19 workcli.go:396: Reply Message Invalid!
ERROR: 2020/02/23 13:12:19 workcli.go:396: Reply Message Invalid!
ERROR: 2020/02/23 13:12:19 workcli.go:396: Reply Message Invalid!
ERROR: 2020/02/23 13:12:19 workcli.go:396: Reply Message Invalid!
ERROR: 2020/02/23 13:12:19 workcli.go:396: Reply Message Invalid!
ERROR: 2020/02/23 13:12:19 workcli.go:396: Reply Message Invalid!
ERROR: 2020/02/23 13:12:19 workcli.go:396: Reply Message Invalid!
ERROR: 2020/02/23 13:12:19 workcli.go:396: Reply Message Invalid!
ERROR: 2020/02/23 13:12:19 workcli.go:396: Reply Message Invalid!
ERROR: 2020/02/23 13:12:19 workcli.go:396: Reply Message Invalid!
ERROR: 2020/02/23 13:12:19 workcli.go:396: Reply Message Invalid!
ERROR: 2020/02/23 13:12:19 workcli.go:396: Reply Message Invalid!
ERROR: 2020/02/23 13:12:19 workcli.go:396: Reply Message Invalid!
ERROR: 2020/02/23 13:12:19 workcli.go:396: Reply Message Invalid!
ERROR: 2020/02/23 13:12:19 workcli.go:396: Reply Message Invalid!
ERROR: 2020/02/23 13:12:19 workcli.go:396: Reply Message Invalid!
ERROR: 2020/02/23 13:12:19 workcli.go:396: Reply Message Invalid!
ERROR: 2020/02/23 13:12:19 workcli.go:396: Reply Message Invalid!
ERROR: 2020/02/23 13:12:19 workcli.go:396: Reply Message Invalid!
ERROR: 2020/02/23 13:12:19 workcli.go:396: Reply Message Invalid!
ERROR: 2020/02/23 13:12:19 workcli.go:396: Reply Message Invalid!
ERROR: 2020/02/23 13:12:19 workcli.go:396: Reply Message Invalid!
ERROR: 2020/02/23 13:12:19 workcli.go:396: Reply Message Invalid!
ERROR: 2020/02/23 13:12:19 workcli.go:396: Reply Message Invalid!
ERROR: 2020/02/23 13:12:19 workcli.go:396: Reply Message Invalid!
ERROR: 2020/02/23 13:12:19 workcli.go:396: Reply Message Invalid!
ERROR: 2020/02/23 13:12:19 workcli.go:396: Reply Message Invalid!
ERROR: 2020/02/23 13:12:19 workcli.go:396: Reply Message Invalid!
ERROR: 2020/02/23 13:12:19 workcli.go:396: Reply Message Invalid!
ERROR: 2020/02/23 13:12:19 workcli.go:396: Reply Message Invalid!
ERROR: 2020/02/23 13:12:19 workcli.go:396: Reply Message Invalid!
ERROR: 2020/02/23 13:12:19 workcli.go:396: Reply Message Invalid!
ERROR: 2020/02/23 13:12:19 workcli.go:396: Reply Message Invalid!
ERROR: 2020/02/23 13:12:19 workcli.go:396: Reply Message Invalid!
ERROR: 2020/02/23 13:12:19 workcli.go:396: Reply Message Invalid!
ERROR: 2020/02/23 13:12:19 workcli.go:396: Reply Message Invalid!
ERROR: 2020/02/23 13:12:19 workcli.go:396: Reply Message Invalid!
ERROR: 2020/02/23 13:12:19 workcli.go:396: Reply Message Invalid!
ERROR: 2020/02/23 13:12:19 workcli.go:396: Reply Message Invalid!
ERROR: 2020/02/23 13:12:19 workcli.go:396: Reply Message Invalid!
ERROR: 2020/02/23 13:12:19 workcli.go:396: Reply Message Invalid!
ERROR: 2020/02/23 13:12:19 workcli.go:396: Reply Message Invalid!
ERROR: 2020/02/23 13:12:19 workcli.go:396: Reply Message Invalid!
ERROR: 2020/02/23 13:12:19 workcli.go:396: Reply Message Invalid!
ERROR: 2020/02/23 13:12:19 workcli.go:396: Reply Message Invalid!
ERROR: 2020/02/23 13:12:19 workcli.go:396: Reply Message Invalid!
ERROR: 2020/02/23 13:12:19 workcli.go:396: Reply Message Invalid!
ERROR: 2020/02/23 13:12:19 workcli.go:396: Reply Message Invalid!
ERROR: 2020/02/23 13:12:19 workcli.go:396: Reply Message Invalid!
ERROR: 2020/02/23 13:12:19 workcli.go:396: Reply Message Invalid!
ERROR: 2020/02/23 13:12:19 workcli.go:396: Reply Message Invalid!
ERROR: 2020/02/23 13:12:19 workcli.go:396: Reply Message Invalid!
ERROR: 2020/02/23 13:12:19 workcli.go:396: Reply Message Invalid!
ERROR: 2020/02/23 13:12:19 workcli.go:396: Reply Message Invalid!
ERROR: 2020/02/23 13:12:19 workcli.go:396: Reply Message Invalid!
ERROR: 2020/02/23 13:12:19 workcli.go:396: Reply Message Invalid!
ERROR: 2020/02/23 13:12:19 workcli.go:396: Reply Message Invalid!
ERROR: 2020/02/23 13:12:19 workcli.go:396: Reply Message Invalid!
ERROR: 2020/02/23 13:12:19 workcli.go:396: Reply Message Invalid!
ERROR: 2020/02/23 13:12:19 workcli.go:396: Reply Message Invalid!
ERROR: 2020/02/23 13:12:19 workcli.go:396: Reply Message Invalid!
ERROR: 2020/02/23 13:12:19 workcli.go:396: Reply Message Invalid!
ERROR: 2020/02/23 13:12:19 workcli.go:396: Reply Message Invalid!
ERROR: 2020/02/23 13:12:19 workcli.go:396: Reply Message Invalid!
ERROR: 2020/02/23 13:12:19 workcli.go:396: Reply Message Invalid!
ERROR: 2020/02/23 13:12:19 workcli.go:396: Reply Message Invalid!
ERROR: 2020/02/23 13:12:19 workcli.go:396: Reply Message Invalid!
ERROR: 2020/02/23 13:12:19 workcli.go:396: Reply Message Invalid!
ERROR: 2020/02/23 13:12:19 workcli.go:396: Reply Message Invalid!
ERROR: 2020/02/23 13:12:19 workcli.go:396: Reply Message Invalid!
ERROR: 2020/02/23 13:12:19 workcli.go:396: Reply Message Invalid!
ERROR: 2020/02/23 13:12:19 workcli.go:396: Reply Message Invalid!
ERROR: 2020/02/23 13:12:19 workcli.go:396: Reply Message Invalid!
ERROR: 2020/02/23 13:12:19 workcli.go:396: Reply Message Invalid!
ERROR: 2020/02/23 13:12:19 workcli.go:396: Reply Message Invalid!
ERROR: 2020/02/23 13:12:19 workcli.go:396: Reply Message Invalid!
ERROR: 2020/02/23 13:12:19 workcli.go:396: Reply Message Invalid!
ERROR: 2020/02/23 13:12:19 workcli.go:396: Reply Message Invalid!
ERROR: 2020/02/23 13:12:19 workcli.go:396: Reply Message Invalid!
ERROR: 2020/02/23 13:12:19 workcli.go:396: Reply Message Invalid!
ERROR: 2020/02/23 13:12:19 workcli.go:396: Reply Message Invalid!
ERROR: 2020/02/23 13:12:19 workcli.go:396: Reply Message Invalid!
ERROR: 2020/02/23 13:12:19 workcli.go:396: Reply Message Invalid!
ERROR: 2020/02/23 13:12:19 workcli.go:396: Reply Message Invalid!
ERROR: 2020/02/23 13:12:19 workcli.go:396: Reply Message Invalid!
ERROR: 2020/02/23 13:12:19 workcli.go:396: Reply Message Invalid!
ERROR: 2020/02/23 13:12:19 workcli.go:396: Reply Message Invalid!
ERROR: 2020/02/23 13:12:19 workcli.go:396: Reply Message Invalid!
ERROR: 2020/02/23 13:12:19 workcli.go:396: Reply Message Invalid!
ERROR: 2020/02/23 13:12:19 workcli.go:396: Reply Message Invalid!
ERROR: 2020/02/23 13:12:19 workcli.go:396: Reply Message Invalid!
ERROR: 2020/02/23 13:12:19 workcli.go:396: Reply Message Invalid!
ERROR: 2020/02/23 13:12:19 workcli.go:396: Reply Message Invalid!
ERROR: 2020/02/23 13:12:19 workcli.go:396: Reply Message Invalid!
ERROR: 2020/02/23 13:12:19 workcli.go:396: Reply Message Invalid!
ERROR: 2020/02/23 13:12:19 workcli.go:396: Reply Message Invalid!
ERROR: 2020/02/23 13:12:19 workcli.go:396: Reply Message Invalid!
ERROR: 2020/02/23 13:12:19 workcli.go:396: Reply Message Invalid!
ERROR: 2020/02/23 13:12:19 workcli.go:396: Reply Message Invalid!
ERROR: 2020/02/23 13:12:19 workcli.go:396: Reply Message Invalid!
ERROR: 2020/02/23 13:12:19 workcli.go:396: Reply Message Invalid!
ERROR: 2020/02/23 13:12:19 workcli.go:396: Reply Message Invalid!
ERROR: 2020/02/23 13:12:19 workcli.go:396: Reply Message Invalid!
ERROR: 2020/02/23 13:12:19 workcli.go:396: Reply Message Invalid!
ERROR: 2020/02/23 13:12:19 workcli.go:396: Reply Message Invalid!
ERROR: 2020/02/23 13:12:19 workcli.go:396: Reply Message Invalid!
ERROR: 2020/02/23 13:12:19 workcli.go:396: Reply Message Invalid!
ERROR: 2020/02/23 13:12:19 workcli.go:396: Reply Message Invalid!
ERROR: 2020/02/23 13:12:19 workcli.go:396: Reply Message Invalid!
ERROR: 2020/02/23 13:12:19 workcli.go:396: Reply Message Invalid!
ERROR: 2020/02/23 13:12:19 workcli.go:396: Reply Message Invalid!
ERROR: 2020/02/23 13:12:19 workcli.go:396: Reply Message Invalid!
ERROR: 2020/02/23 13:12:19 workcli.go:396: Reply Message Invalid!
ERROR: 2020/02/23 13:12:19 workcli.go:396: Reply Message Invalid!
ERROR: 2020/02/23 13:12:19 workcli.go:396: Reply Message Invalid!
ERROR: 2020/02/23 13:12:19 workcli.go:396: Reply Message Invalid!
ERROR: 2020/02/23 13:12:19 workcli.go:396: Reply Message Invalid!
ERROR: 2020/02/23 13:12:19 workcli.go:396: Reply Message Invalid!
ERROR: 2020/02/23 13:12:19 workcli.go:396: Reply Message Invalid!
ERROR: 2020/02/23 13:12:19 workcli.go:396: Reply Message Invalid!
ERROR: 2020/02/23 13:12:19 workcli.go:396: Reply Message Invalid!
ERROR: 2020/02/23 13:12:19 workcli.go:396: Reply Message Invalid!
ERROR: 2020/02/23 13:12:19 workcli.go:396: Reply Message Invalid!
ERROR: 2020/02/23 13:12:19 workcli.go:396: Reply Message Invalid!
ERROR: 2020/02/23 13:12:19 workcli.go:396: Reply Message Invalid!
ERROR: 2020/02/23 13:12:19 workcli.go:396: Reply Message Invalid!
ERROR: 2020/02/23 13:12:19 workcli.go:396: Reply Message Invalid!
ERROR: 2020/02/23 13:12:19 workcli.go:396: Reply Message Invalid!
ERROR: 2020/02/23 13:12:19 workcli.go:396: Reply Message Invalid!
ERROR: 2020/02/23 13:12:19 workcli.go:396: Reply Message Invalid!
ERROR: 2020/02/23 13:12:19 workcli.go:396: Reply Message Invalid!
ERROR: 2020/02/23 13:12:19 workcli.go:396: Reply Message Invalid!
ERROR: 2020/02/23 13:12:19 workcli.go:396: Reply Message Invalid!
ERROR: 2020/02/23 13:12:19 workcli.go:396: Reply Message Invalid!
ERROR: 2020/02/23 13:12:19 workcli.go:396: Reply Message Invalid!
ERROR: 2020/02/23 13:12:19 workcli.go:396: Reply Message Invalid!
ERROR: 2020/02/23 13:12:19 workcli.go:396: Reply Message Invalid!
ERROR: 2020/02/23 13:12:19 workcli.go:396: Reply Message Invalid!
ERROR: 2020/02/23 13:12:19 workcli.go:396: Reply Message Invalid!
ERROR: 2020/02/23 13:12:19 workcli.go:396: Reply Message Invalid!
ERROR: 2020/02/23 13:12:19 workcli.go:396: Reply Message Invalid!
ERROR: 2020/02/23 13:12:19 workcli.go:396: Reply Message Invalid!
ERROR: 2020/02/23 13:12:19 workcli.go:396: Reply Message Invalid!
ERROR: 2020/02/23 13:12:19 workcli.go:396: Reply Message Invalid!
ERROR: 2020/02/23 13:12:19 workcli.go:396: Reply Message Invalid!
ERROR: 2020/02/23 13:12:19 workcli.go:396: Reply Message Invalid!
ERROR: 2020/02/23 13:12:19 workcli.go:396: Reply Message Invalid!
ERROR: 2020/02/23 13:12:19 workcli.go:396: Reply Message Invalid!
ERROR: 2020/02/23 13:12:19 workcli.go:396: Reply Message Invalid!
ERROR: 2020/02/23 13:12:19 workcli.go:396: Reply Message Invalid!
ERROR: 2020/02/23 13:12:19 workcli.go:396: Reply Message Invalid!
ERROR: 2020/02/23 13:12:19 workcli.go:396: Reply Message Invalid!
ERROR: 2020/02/23 13:12:19 workcli.go:396: Reply Message Invalid!
ERROR: 2020/02/23 13:12:19 workcli.go:396: Reply Message Invalid!
ERROR: 2020/02/23 13:12:19 workcli.go:396: Reply Message Invalid!
ERROR: 2020/02/23 13:12:19 workcli.go:396: Reply Message Invalid!
ERROR: 2020/02/23 13:12:19 workcli.go:396: Reply Message Invalid!
ERROR: 2020/02/23 13:12:19 workcli.go:396: Reply Message Invalid!
ERROR: 2020/02/23 13:12:19 workcli.go:396: Reply Message Invalid!
ERROR: 2020/02/23 13:12:19 workcli.go:396: Reply Message Invalid!
ERROR: 2020/02/23 13:12:19 workcli.go:396: Reply Message Invalid!
ERROR: 2020/02/23 13:12:19 workcli.go:396: Reply Message Invalid!
ERROR: 2020/02/23 13:12:19 workcli.go:396: Reply Message Invalid!
ERROR: 2020/02/23 13:12:19 workcli.go:396: Reply Message Invalid!
ERROR: 2020/02/23 13:12:19 workcli.go:396: Reply Message Invalid!
ERROR: 2020/02/23 13:12:19 workcli.go:396: Reply Message Invalid!
ERROR: 2020/02/23 13:12:19 workcli.go:396: Reply Message Invalid!
ERROR: 2020/02/23 13:12:19 workcli.go:396: Reply Message Invalid!
ERROR: 2020/02/23 13:12:19 workcli.go:396: Reply Message Invalid!
ERROR: 2020/02/23 13:12:19 workcli.go:396: Reply Message Invalid!
ERROR: 2020/02/23 13:12:19 workcli.go:396: Reply Message Invalid!
ERROR: 2020/02/23 13:12:19 workcli.go:396: Reply Message Invalid!
ERROR: 2020/02/23 13:12:19 workcli.go:396: Reply Message Invalid!
ERROR: 2020/02/23 13:12:19 workcli.go:396: Reply Message Invalid!
ERROR: 2020/02/23 13:12:19 workcli.go:396: Reply Message Invalid!
ERROR: 2020/02/23 13:12:19 workcli.go:396: Reply Message Invalid!
ERROR: 2020/02/23 13:12:19 workcli.go:396: Reply Message Invalid!
ERROR: 2020/02/23 13:12:19 workcli.go:396: Reply Message Invalid!
ERROR: 2020/02/23 13:12:19 workcli.go:396: Reply Message Invalid!
ERROR: 2020/02/23 13:12:19 workcli.go:396: Reply Message Invalid!
ERROR: 2020/02/23 13:12:19 workcli.go:396: Reply Message Invalid!
ERROR: 2020/02/23 13:12:19 workcli.go:396: Reply Message Invalid!
ERROR: 2020/02/23 13:12:19 workcli.go:396: Reply Message Invalid!
ERROR: 2020/02/23 13:12:19 workcli.go:396: Reply Message Invalid!
ERROR: 2020/02/23 13:12:19 workcli.go:396: Reply Message Invalid!
ERROR: 2020/02/23 13:12:19 workcli.go:396: Reply Message Invalid!
ERROR: 2020/02/23 13:12:19 workcli.go:396: Reply Message Invalid!
ERROR: 2020/02/23 13:12:19 workcli.go:396: Reply Message Invalid!
ERROR: 2020/02/23 13:12:19 workcli.go:396: Reply Message Invalid!
ERROR: 2020/02/23 13:12:19 workcli.go:396: Reply Message Invalid!
ERROR: 2020/02/23 13:12:19 workcli.go:396: Reply Message Invalid!
ERROR: 2020/02/23 13:12:19 workcli.go:396: Reply Message Invalid!
ERROR: 2020/02/23 13:12:19 workcli.go:396: Reply Message Invalid!
ERROR: 2020/02/23 13:12:19 workcli.go:396: Reply Message Invalid!
ERROR: 2020/02/23 13:12:19 workcli.go:396: Reply Message Invalid!
ERROR: 2020/02/23 13:12:19 workcli.go:396: Reply Message Invalid!
ERROR: 2020/02/23 13:12:19 workcli.go:396: Reply Message Invalid!
ERROR: 2020/02/23 13:12:19 workcli.go:396: Reply Message Invalid!
ERROR: 2020/02/23 13:12:19 workcli.go:396: Reply Message Invalid!
ERROR: 2020/02/23 13:12:19 workcli.go:396: Reply Message Invalid!
ERROR: 2020/02/23 13:12:19 workcli.go:396: Reply Message Invalid!
ERROR: 2020/02/23 13:12:19 workcli.go:396: Reply Message Invalid!
ERROR: 2020/02/23 13:12:19 workcli.go:396: Reply Message Invalid!
ERROR: 2020/02/23 13:12:19 workcli.go:396: Reply Message Invalid!
ERROR: 2020/02/23 13:12:19 workcli.go:396: Reply Message Invalid!
ERROR: 2020/02/23 13:12:19 workcli.go:396: Reply Message Invalid!
ERROR: 2020/02/23 13:12:19 workcli.go:396: Reply Message Invalid!
ERROR: 2020/02/23 13:12:19 workcli.go:396: Reply Message Invalid!
ERROR: 2020/02/23 13:12:19 workcli.go:396: Reply Message Invalid!
ERROR: 2020/02/23 13:12:19 workcli.go:396: Reply Message Invalid!
ERROR: 2020/02/23 13:12:19 workcli.go:396: Reply Message Invalid!
ERROR: 2020/02/23 13:12:19 workcli.go:396: Reply Message Invalid!
ERROR: 2020/02/23 13:12:19 workcli.go:396: Reply Message Invalid!
ERROR: 2020/02/23 13:12:19 workcli.go:396: Reply Message Invalid!
ERROR: 2020/02/23 13:12:19 workcli.go:396: Reply Message Invalid!
ERROR: 2020/02/23 13:12:19 workcli.go:396: Reply Message Invalid!
ERROR: 2020/02/23 13:12:19 workcli.go:396: Reply Message Invalid!
ERROR: 2020/02/23 13:12:19 workcli.go:396: Reply Message Invalid!
ERROR: 2020/02/23 13:12:19 workcli.go:396: Reply Message Invalid!
ERROR: 2020/02/23 13:12:19 workcli.go:396: Reply Message Invalid!
ERROR: 2020/02/23 13:12:19 workcli.go:396: Reply Message Invalid!
ERROR: 2020/02/23 13:12:19 workcli.go:396: Reply Message Invalid!
ERROR: 2020/02/23 13:12:19 workcli.go:396: Reply Message Invalid!
ERROR: 2020/02/23 13:12:19 workcli.go:396: Reply Message Invalid!
ERROR: 2020/02/23 13:12:19 workcli.go:396: Reply Message Invalid!
ERROR: 2020/02/23 13:12:19 workcli.go:396: Reply Message Invalid!
ERROR: 2020/02/23 13:12:19 workcli.go:396: Reply Message Invalid!
ERROR: 2020/02/23 13:12:19 workcli.go:396: Reply Message Invalid!
ERROR: 2020/02/23 13:12:19 workcli.go:396: Reply Message Invalid!
ERROR: 2020/02/23 13:12:19 workcli.go:396: Reply Message Invalid!
ERROR: 2020/02/23 13:12:19 workcli.go:396: Reply Message Invalid!
ERROR: 2020/02/23 13:12:19 workcli.go:396: Reply Message Invalid!
ERROR: 2020/02/23 13:12:19 workcli.go:396: Reply Message Invalid!
ERROR: 2020/02/23 13:12:19 workcli.go:396: Reply Message Invalid!
ERROR: 2020/02/23 13:12:19 workcli.go:396: Reply Message Invalid!
ERROR: 2020/02/23 13:12:19 workcli.go:396: Reply Message Invalid!
ERROR: 2020/02/23 13:12:19 workcli.go:396: Reply Message Invalid!
ERROR: 2020/02/23 13:12:19 workcli.go:396: Reply Message Invalid!
ERROR: 2020/02/23 13:12:19 workcli.go:396: Reply Message Invalid!
ERROR: 2020/02/23 13:12:19 workcli.go:396: Reply Message Invalid!
ERROR: 2020/02/23 13:12:19 workcli.go:396: Reply Message Invalid!
ERROR: 2020/02/23 13:12:19 workcli.go:396: Reply Message Invalid!
ERROR: 2020/02/23 13:12:19 workcli.go:396: Reply Message Invalid!
ERROR: 2020/02/23 13:12:19 workcli.go:396: Reply Message Invalid!
ERROR: 2020/02/23 13:12:19 workcli.go:396: Reply Message Invalid!
ERROR: 2020/02/23 13:12:19 workcli.go:396: Reply Message Invalid!
ERROR: 2020/02/23 13:12:19 workcli.go:396: Reply Message Invalid!
ERROR: 2020/02/23 13:12:19 workcli.go:396: Reply Message Invalid!
ERROR: 2020/02/23 13:12:19 workcli.go:396: Reply Message Invalid!
ERROR: 2020/02/23 13:12:19 workcli.go:396: Reply Message Invalid!
ERROR: 2020/02/23 13:12:19 workcli.go:396: Reply Message Invalid!
ERROR: 2020/02/23 13:12:19 workcli.go:396: Reply Message Invalid!
ERROR: 2020/02/23 13:12:19 workcli.go:396: Reply Message Invalid!
ERROR: 2020/02/23 13:12:19 workcli.go:396: Reply Message Invalid!
ERROR: 2020/02/23 13:12:19 workcli.go:396: Reply Message Invalid!
ERROR: 2020/02/23 13:12:19 workcli.go:396: Reply Message Invalid!
ERROR: 2020/02/23 13:12:19 workcli.go:396: Reply Message Invalid!
ERROR: 2020/02/23 13:12:19 workcli.go:396: Reply Message Invalid!
ERROR: 2020/02/23 13:12:19 workcli.go:396: Reply Message Invalid!
ERROR: 2020/02/23 13:12:19 workcli.go:396: Reply Message Invalid!
ERROR: 2020/02/23 13:12:19 workcli.go:396: Reply Message Invalid!
ERROR: 2020/02/23 13:12:19 workcli.go:396: Reply Message Invalid!
ERROR: 2020/02/23 13:12:19 workcli.go:396: Reply Message Invalid!
ERROR: 2020/02/23 13:12:19 workcli.go:396: Reply Message Invalid!
ERROR: 2020/02/23 13:12:19 workcli.go:396: Reply Message Invalid!
ERROR: 2020/02/23 13:12:19 workcli.go:396: Reply Message Invalid!
ERROR: 2020/02/23 13:12:19 workcli.go:396: Reply Message Invalid!
ERROR: 2020/02/23 13:12:19 workcli.go:396: Reply Message Invalid!
ERROR: 2020/02/23 13:12:19 workcli.go:396: Reply Message Invalid!
ERROR: 2020/02/23 13:12:19 workcli.go:396: Reply Message Invalid!
ERROR: 2020/02/23 13:12:19 workcli.go:396: Reply Message Invalid!
ERROR: 2020/02/23 13:12:19 workcli.go:396: Reply Message Invalid!
ERROR: 2020/02/23 13:12:19 workcli.go:396: Reply Message Invalid!
ERROR: 2020/02/23 13:12:19 workcli.go:396: Reply Message Invalid!
ERROR: 2020/02/23 13:12:19 workcli.go:396: Reply Message Invalid!
ERROR: 2020/02/23 13:12:19 workcli.go:396: Reply Message Invalid!
ERROR: 2020/02/23 13:12:19 workcli.go:396: Reply Message Invalid!
ERROR: 2020/02/23 13:12:19 workcli.go:396: Reply Message Invalid!
ERROR: 2020/02/23 13:12:19 workcli.go:396: Reply Message Invalid!
ERROR: 2020/02/23 13:12:19 workcli.go:396: Reply Message Invalid!
ERROR: 2020/02/23 13:12:19 workcli.go:396: Reply Message Invalid!
ERROR: 2020/02/23 13:12:19 workcli.go:396: Reply Message Invalid!
ERROR: 2020/02/23 13:12:19 workcli.go:396: Reply Message Invalid!
ERROR: 2020/02/23 13:12:19 workcli.go:396: Reply Message Invalid!
ERROR: 2020/02/23 13:12:19 workcli.go:396: Reply Message Invalid!
ERROR: 2020/02/23 13:12:19 workcli.go:396: Reply Message Invalid!
ERROR: 2020/02/23 13:12:19 workcli.go:396: Reply Message Invalid!
ERROR: 2020/02/23 13:12:19 workcli.go:396: Reply Message Invalid!
ERROR: 2020/02/23 13:12:19 workcli.go:396: Reply Message Invalid!
ERROR: 2020/02/23 13:12:19 workcli.go:396: Reply Message Invalid!
ERROR: 2020/02/23 13:12:19 workcli.go:396: Reply Message Invalid!
ERROR: 2020/02/23 13:12:19 workcli.go:396: Reply Message Invalid!
ERROR: 2020/02/23 13:12:19 workcli.go:396: Reply Message Invalid!
ERROR: 2020/02/23 13:12:19 workcli.go:396: Reply Message Invalid!
ERROR: 2020/02/23 13:12:19 workcli.go:396: Reply Message Invalid!
ERROR: 2020/02/23 13:12:19 workcli.go:396: Reply Message Invalid!
ERROR: 2020/02/23 13:12:19 workcli.go:396: Reply Message Invalid!
ERROR: 2020/02/23 13:12:19 workcli.go:396: Reply Message Invalid!
ERROR: 2020/02/23 13:12:19 workcli.go:396: Reply Message Invalid!
ERROR: 2020/02/23 13:12:19 workcli.go:396: Reply Message Invalid!
ERROR: 2020/02/23 13:12:19 workcli.go:396: Reply Message Invalid!
ERROR: 2020/02/23 13:12:19 workcli.go:396: Reply Message Invalid!
ERROR: 2020/02/23 13:12:19 workcli.go:396: Reply Message Invalid!
ERROR: 2020/02/23 13:12:19 workcli.go:396: Reply Message Invalid!
ERROR: 2020/02/23 13:12:19 workcli.go:396: Reply Message Invalid!
ERROR: 2020/02/23 13:12:19 workcli.go:396: Reply Message Invalid!
ERROR: 2020/02/23 13:12:19 workcli.go:396: Reply Message Invalid!
ERROR: 2020/02/23 13:12:19 workcli.go:396: Reply Message Invalid!
ERROR: 2020/02/23 13:12:19 workcli.go:396: Reply Message Invalid!
ERROR: 2020/02/23 13:12:19 workcli.go:396: Reply Message Invalid!
ERROR: 2020/02/23 13:12:19 workcli.go:396: Reply Message Invalid!
ERROR: 2020/02/23 13:12:19 workcli.go:396: Reply Message Invalid!
ERROR: 2020/02/23 13:12:19 workcli.go:396: Reply Message Invalid!
ERROR: 2020/02/23 13:12:19 workcli.go:396: Reply Message Invalid!
ERROR: 2020/02/23 13:12:19 workcli.go:396: Reply Message Invalid!
ERROR: 2020/02/23 13:12:19 workcli.go:396: Reply Message Invalid!
ERROR: 2020/02/23 13:12:19 workcli.go:396: Reply Message Invalid!
ERROR: 2020/02/23 13:12:19 workcli.go:396: Reply Message Invalid!
ERROR: 2020/02/23 13:12:19 workcli.go:396: Reply Message Invalid!
ERROR: 2020/02/23 13:12:19 workcli.go:396: Reply Message Invalid!
ERROR: 2020/02/23 13:12:19 workcli.go:396: Reply Message Invalid!
ERROR: 2020/02/23 13:12:19 workcli.go:396: Reply Message Invalid!
ERROR: 2020/02/23 13:12:19 workcli.go:396: Reply Message Invalid!
ERROR: 2020/02/23 13:12:19 workcli.go:396: Reply Message Invalid!
ERROR: 2020/02/23 13:12:19 workcli.go:396: Reply Message Invalid!
ERROR: 2020/02/23 13:12:19 workcli.go:396: Reply Message Invalid!
ERROR: 2020/02/23 13:12:19 workcli.go:396: Reply Message Invalid!
ERROR: 2020/02/23 13:12:19 workcli.go:396: Reply Message Invalid!
ERROR: 2020/02/23 13:12:19 workcli.go:396: Reply Message Invalid!
ERROR: 2020/02/23 13:12:19 workcli.go:396: Reply Message Invalid!
ERROR: 2020/02/23 13:12:19 workcli.go:396: Reply Message Invalid!
ERROR: 2020/02/23 13:12:19 workcli.go:396: Reply Message Invalid!
ERROR: 2020/02/23 13:12:19 workcli.go:396: Reply Message Invalid!
ERROR: 2020/02/23 13:12:19 workcli.go:396: Reply Message Invalid!
ERROR: 2020/02/23 13:12:19 workcli.go:396: Reply Message Invalid!
ERROR: 2020/02/23 13:12:19 workcli.go:396: Reply Message Invalid!
ERROR: 2020/02/23 13:12:19 workcli.go:396: Reply Message Invalid!
ERROR: 2020/02/23 13:12:19 workcli.go:396: Reply Message Invalid!
ERROR: 2020/02/23 13:12:19 workcli.go:396: Reply Message Invalid!
ERROR: 2020/02/23 13:12:19 workcli.go:396: Reply Message Invalid!
ERROR: 2020/02/23 13:12:19 workcli.go:396: Reply Message Invalid!
ERROR: 2020/02/23 13:12:19 workcli.go:396: Reply Message Invalid!
ERROR: 2020/02/23 13:12:19 workcli.go:396: Reply Message Invalid!
ERROR: 2020/02/23 13:12:19 workcli.go:396: Reply Message Invalid!
ERROR: 2020/02/23 13:12:19 workcli.go:396: Reply Message Invalid!
ERROR: 2020/02/23 13:12:19 workcli.go:396: Reply Message Invalid!
ERROR: 2020/02/23 13:12:19 workcli.go:396: Reply Message Invalid!
ERROR: 2020/02/23 13:12:19 workcli.go:396: Reply Message Invalid!
ERROR: 2020/02/23 13:12:19 workcli.go:396: Reply Message Invalid!
ERROR: 2020/02/23 13:12:19 workcli.go:396: Reply Message Invalid!
ERROR: 2020/02/23 13:12:19 workcli.go:396: Reply Message Invalid!
ERROR: 2020/02/23 13:12:19 workcli.go:396: Reply Message Invalid!
ERROR: 2020/02/23 13:12:19 workcli.go:396: Reply Message Invalid!
ERROR: 2020/02/23 13:12:19 workcli.go:396: Reply Message Invalid!
ERROR: 2020/02/23 13:12:19 workcli.go:396: Reply Message Invalid!
ERROR: 2020/02/23 13:12:19 workcli.go:396: Reply Message Invalid!
ERROR: 2020/02/23 13:12:19 workcli.go:396: Reply Message Invalid!
ERROR: 2020/02/23 13:12:19 workcli.go:396: Reply Message Invalid!
ERROR: 2020/02/23 13:12:19 workcli.go:396: Reply Message Invalid!
ERROR: 2020/02/23 13:12:19 workcli.go:396: Reply Message Invalid!
ERROR: 2020/02/23 13:12:19 workcli.go:396: Reply Message Invalid!
ERROR: 2020/02/23 13:12:19 workcli.go:396: Reply Message Invalid!
ERROR: 2020/02/23 13:12:19 workcli.go:396: Reply Message Invalid!
ERROR: 2020/02/23 13:12:19 workcli.go:396: Reply Message Invalid!
ERROR: 2020/02/23 13:12:19 workcli.go:396: Reply Message Invalid!
ERROR: 2020/02/23 13:12:19 workcli.go:396: Reply Message Invalid!
ERROR: 2020/02/23 13:12:19 workcli.go:396: Reply Message Invalid!
ERROR: 2020/02/23 13:12:19 workcli.go:396: Reply Message Invalid!
ERROR: 2020/02/23 13:12:19 workcli.go:396: Reply Message Invalid!
ERROR: 2020/02/23 13:12:19 workcli.go:396: Reply Message Invalid!
ERROR: 2020/02/23 13:12:19 workcli.go:396: Reply Message Invalid!
ERROR: 2020/02/23 13:12:19 workcli.go:396: Reply Message Invalid!
ERROR: 2020/02/23 13:12:19 workcli.go:396: Reply Message Invalid!
ERROR: 2020/02/23 13:12:19 workcli.go:396: Reply Message Invalid!
ERROR: 2020/02/23 13:12:19 workcli.go:396: Reply Message Invalid!
ERROR: 2020/02/23 13:12:19 workcli.go:396: Reply Message Invalid!
ERROR: 2020/02/23 13:12:19 workcli.go:396: Reply Message Invalid!
ERROR: 2020/02/23 13:12:19 workcli.go:396: Reply Message Invalid!
ERROR: 2020/02/23 13:12:55 workcli.go:397: Task Beyond what you have 2 Max you can own 2
ERROR: 2020/02/23 13:12:56 workcli.go:397: Task Beyond what you have 2 Max you can own 2
ERROR: 2020/02/23 13:12:57 workcli.go:397: Task Beyond what you have 2 Max you can own 2
ERROR: 2020/02/23 13:12:58 workcli.go:397: Task Beyond what you have 2 Max you can own 2
ERROR: 2020/02/23 13:12:59 workcli.go:397: Task Beyond what you have 2 Max you can own 2
ERROR: 2020/02/23 13:13:00 workcli.go:397: Task Beyond what you have 2 Max you can own 2
ERROR: 2020/02/23 13:13:01 workcli.go:397: Task Beyond what you have 2 Max you can own 2
ERROR: 2020/02/23 13:13:02 workcli.go:397: Task Beyond what you have 2 Max you can own 2
ERROR: 2020/02/23 13:13:03 workcli.go:397: Task Beyond what you have 2 Max you can own 2
ERROR: 2020/02/23 13:13:04 workcli.go:397: Task Beyond what you have 2 Max you can own 2
ERROR: 2020/02/23 13:13:05 workcli.go:397: Task Beyond what you have 2 Max you can own 2
ERROR: 2020/02/23 13:13:06 workcli.go:397: Task Beyond what you have 2 Max you can own 2
ERROR: 2020/02/23 13:13:07 workcli.go:397: Task Beyond what you have 2 Max you can own 2
ERROR: 2020/02/23 13:13:08 workcli.go:397: Task Beyond what you have 2 Max you can own 2
ERROR: 2020/02/23 13:13:09 workcli.go:397: Task Beyond what you have 2 Max you can own 2
ERROR: 2020/02/23 13:13:10 workcli.go:397: Task Beyond what you have 2 Max you can own 2
ERROR: 2020/02/23 13:13:11 workcli.go:397: Task Beyond what you have 2 Max you can own 2
ERROR: 2020/02/23 13:19:38 workcli.go:398: Task Beyond what you have not finished 0 Max you can own 2

ERROR: 2020/02/23 13:19:39 workcli.go:398: Task Beyond what you have not finished 0 Max you can own 2

ERROR: 2020/02/23 13:19:40 workcli.go:398: Task Beyond what you have not finished 0 Max you can own 2

ERROR: 2020/02/23 13:19:41 workcli.go:398: Task Beyond what you have not finished 0 Max you can own 2

ERROR: 2020/02/23 13:19:42 workcli.go:398: Task Beyond what you have not finished 0 Max you can own 2

ERROR: 2020/02/23 13:19:43 workcli.go:398: Task Beyond what you have not finished 0 Max you can own 2

ERROR: 2020/02/23 13:19:44 workcli.go:398: Task Beyond what you have not finished 0 Max you can own 2

ERROR: 2020/02/23 13:19:45 workcli.go:398: Task Beyond what you have not finished 0 Max you can own 2

ERROR: 2020/02/23 13:19:46 workcli.go:398: Task Beyond what you have not finished 0 Max you can own 2

ERROR: 2020/02/23 13:19:47 workcli.go:398: Task Beyond what you have not finished 0 Max you can own 2

ERROR: 2020/02/23 13:19:48 workcli.go:398: Task Beyond what you have not finished 0 Max you can own 2

ERROR: 2020/02/23 13:19:49 workcli.go:398: Task Beyond what you have not finished 0 Max you can own 2

ERROR: 2020/02/23 13:19:50 workcli.go:398: Task Beyond what you have not finished 0 Max you can own 2

ERROR: 2020/02/23 13:19:51 workcli.go:398: Task Beyond what you have not finished 0 Max you can own 2

ERROR: 2020/02/23 13:19:52 workcli.go:398: Task Beyond what you have not finished 0 Max you can own 2

ERROR: 2020/02/23 13:19:53 workcli.go:398: Task Beyond what you have not finished 0 Max you can own 2

ERROR: 2020/02/23 13:19:54 workcli.go:398: Task Beyond what you have not finished 0 Max you can own 2

ERROR: 2020/02/23 13:19:55 workcli.go:398: Task Beyond what you have not finished 0 Max you can own 2

ERROR: 2020/02/23 13:19:56 workcli.go:398: Task Beyond what you have not finished 0 Max you can own 2

ERROR: 2020/02/23 13:19:57 workcli.go:398: Task Beyond what you have not finished 0 Max you can own 2

ERROR: 2020/02/23 13:19:58 workcli.go:398: Task Beyond what you have not finished 0 Max you can own 2

ERROR: 2020/02/23 13:19:59 workcli.go:398: Task Beyond what you have not finished 0 Max you can own 2

ERROR: 2020/02/23 13:20:00 workcli.go:398: Task Beyond what you have not finished 0 Max you can own 2

ERROR: 2020/02/23 13:20:01 workcli.go:398: Task Beyond what you have not finished 0 Max you can own 2

ERROR: 2020/02/23 13:20:02 workcli.go:398: Task Beyond what you have not finished 0 Max you can own 2

ERROR: 2020/02/23 13:20:03 workcli.go:398: Task Beyond what you have not finished 0 Max you can own 2

ERROR: 2020/02/23 17:29:06 master.go:102: Status 1 Can't Invert To Status 2
ERROR: 2020/02/23 17:29:06 master.go:102: Status 1 Can't Invert To Status 2
ERROR: 2020/02/23 17:29:06 master.go:102: Status 1 Can't Invert To Status 4
ERROR: 2020/02/23 17:29:06 master.go:102: Status 1 Can't Invert To Status 4
ERROR: 2020/02/23 17:29:07 master.go:102: Status 1 Can't Invert To Status 7
ERROR: 2020/02/23 17:29:07 master.go:102: Status 1 Can't Invert To Status 7
ERROR: 2020/02/23 17:29:09 workcli.go:419: Task Beyond what you have not finished 2 Max you can own 2

ERROR: 2020/02/23 17:29:10 workcli.go:419: Task Beyond what you have not finished 2 Max you can own 2

ERROR: 2020/02/23 17:29:11 workcli.go:419: Task Beyond what you have not finished 2 Max you can own 2

ERROR: 2020/02/23 17:29:12 workcli.go:419: Task Beyond what you have not finished 2 Max you can own 2

ERROR: 2020/02/23 17:29:13 workcli.go:419: Task Beyond what you have not finished 2 Max you can own 2

ERROR: 2020/02/23 17:29:14 workcli.go:419: Task Beyond what you have not finished 2 Max you can own 2

ERROR: 2020/02/23 17:29:15 workcli.go:419: Task Beyond what you have not finished 2 Max you can own 2

ERROR: 2020/02/23 17:29:16 workcli.go:419: Task Beyond what you have not finished 2 Max you can own 2

ERROR: 2020/02/23 17:29:17 workcli.go:419: Task Beyond what you have not finished 2 Max you can own 2

ERROR: 2020/02/23 17:29:18 workcli.go:419: Task Beyond what you have not finished 2 Max you can own 2

ERROR: 2020/02/23 17:29:19 workcli.go:419: Task Beyond what you have not finished 2 Max you can own 2

ERROR: 2020/02/23 17:29:20 workcli.go:419: Task Beyond what you have not finished 2 Max you can own 2

ERROR: 2020/02/23 17:29:21 workcli.go:419: Task Beyond what you have not finished 2 Max you can own 2

ERROR: 2020/02/23 17:29:22 workcli.go:419: Task Beyond what you have not finished 2 Max you can own 2

ERROR: 2020/02/23 17:29:23 workcli.go:419: Task Beyond what you have not finished 2 Max you can own 2

ERROR: 2020/02/23 17:29:24 workcli.go:419: Task Beyond what you have not finished 2 Max you can own 2

ERROR: 2020/02/23 17:29:25 workcli.go:419: Task Beyond what you have not finished 2 Max you can own 2

ERROR: 2020/02/23 17:29:26 workcli.go:419: Task Beyond what you have not finished 2 Max you can own 2

ERROR: 2020/02/23 17:29:27 workcli.go:419: Task Beyond what you have not finished 2 Max you can own 2

ERROR: 2020/02/23 17:29:28 workcli.go:419: Task Beyond what you have not finished 2 Max you can own 2

ERROR: 2020/02/23 17:29:29 workcli.go:419: Task Beyond what you have not finished 2 Max you can own 2

ERROR: 2020/02/23 17:29:30 workcli.go:419: Task Beyond what you have not finished 2 Max you can own 2

ERROR: 2020/02/23 17:29:31 workcli.go:419: Task Beyond what you have not finished 2 Max you can own 2

ERROR: 2020/02/23 17:29:32 workcli.go:419: Task Beyond what you have not finished 2 Max you can own 2

ERROR: 2020/02/23 17:29:33 workcli.go:419: Task Beyond what you have not finished 2 Max you can own 2

ERROR: 2020/02/23 17:29:34 workcli.go:419: Task Beyond what you have not finished 2 Max you can own 2

ERROR: 2020/02/23 17:29:35 workcli.go:419: Task Beyond what you have not finished 2 Max you can own 2

ERROR: 2020/02/23 17:29:36 workcli.go:419: Task Beyond what you have not finished 2 Max you can own 2

ERROR: 2020/02/23 17:29:37 workcli.go:419: Task Beyond what you have not finished 2 Max you can own 2

ERROR: 2020/02/23 17:29:38 workcli.go:419: Task Beyond what you have not finished 2 Max you can own 2

ERROR: 2020/02/23 17:29:39 workcli.go:419: Task Beyond what you have not finished 2 Max you can own 2

ERROR: 2020/02/23 17:58:17 master.go:100: Status 1 Can't Invert To Status 2
ERROR: 2020/02/23 17:58:17 master.go:100: Status 1 Can't Invert To Status 2
ERROR: 2020/02/23 17:58:17 master.go:100: Status 1 Can't Invert To Status 4
ERROR: 2020/02/23 17:58:17 master.go:100: Status 1 Can't Invert To Status 4
ERROR: 2020/02/23 17:58:18 master.go:100: Status 1 Can't Invert To Status 7
ERROR: 2020/02/23 17:58:18 master.go:100: Status 1 Can't Invert To Status 7
ERROR: 2020/02/23 17:58:20 workcli.go:419: Task Beyond what you have not finished 2 Max you can own 2

ERROR: 2020/02/23 17:58:21 workcli.go:419: Task Beyond what you have not finished 2 Max you can own 2

ERROR: 2020/02/23 17:58:22 workcli.go:419: Task Beyond what you have not finished 2 Max you can own 2

ERROR: 2020/02/23 17:58:23 workcli.go:419: Task Beyond what you have not finished 2 Max you can own 2

ERROR: 2020/02/23 17:59:44 master.go:100: Status 1 Can't Invert To Status 2
ERROR: 2020/02/23 17:59:44 master.go:100: Status 1 Can't Invert To Status 2
ERROR: 2020/02/23 17:59:44 master.go:100: Status 1 Can't Invert To Status 4
ERROR: 2020/02/23 17:59:44 master.go:100: Status 1 Can't Invert To Status 4
ERROR: 2020/02/23 17:59:44 master.go:100: Status 1 Can't Invert To Status 7
ERROR: 2020/02/23 17:59:45 master.go:100: Status 1 Can't Invert To Status 7
ERROR: 2020/02/23 17:59:47 workcli.go:419: Task Beyond what you have not finished 2 Max you can own 2

ERROR: 2020/02/23 17:59:48 workcli.go:419: Task Beyond what you have not finished 2 Max you can own 2

ERROR: 2020/02/23 17:59:49 workcli.go:419: Task Beyond what you have not finished 2 Max you can own 2

ERROR: 2020/02/23 18:00:48 master.go:102: Status 1 Can't Invert To Status 2
ERROR: 2020/02/23 18:00:48 master.go:102: Status 1 Can't Invert To Status 2
ERROR: 2020/02/23 18:00:48 master.go:102: Status 1 Can't Invert To Status 4
ERROR: 2020/02/23 18:00:48 master.go:102: Status 1 Can't Invert To Status 4
ERROR: 2020/02/23 18:00:48 master.go:102: Status 1 Can't Invert To Status 7
ERROR: 2020/02/23 18:00:49 master.go:102: Status 1 Can't Invert To Status 7
ERROR: 2020/02/23 18:00:51 workcli.go:419: Task Beyond what you have not finished 2 Max you can own 2

ERROR: 2020/02/23 18:00:52 workcli.go:419: Task Beyond what you have not finished 2 Max you can own 2

ERROR: 2020/02/23 18:00:53 workcli.go:419: Task Beyond what you have not finished 2 Max you can own 2

ERROR: 2020/02/23 18:00:54 workcli.go:419: Task Beyond what you have not finished 2 Max you can own 2

ERROR: 2020/02/23 18:00:55 workcli.go:419: Task Beyond what you have not finished 2 Max you can own 2

ERROR: 2020/02/23 18:00:56 workcli.go:419: Task Beyond what you have not finished 2 Max you can own 2

ERROR: 2020/02/23 18:00:57 workcli.go:419: Task Beyond what you have not finished 2 Max you can own 2

ERROR: 2020/02/23 18:00:58 workcli.go:419: Task Beyond what you have not finished 2 Max you can own 2

ERROR: 2020/02/23 18:00:59 workcli.go:419: Task Beyond what you have not finished 2 Max you can own 2

ERROR: 2020/02/23 18:01:00 workcli.go:419: Task Beyond what you have not finished 2 Max you can own 2

ERROR: 2020/02/23 18:01:01 workcli.go:419: Task Beyond what you have not finished 2 Max you can own 2

ERROR: 2020/02/23 18:01:02 workcli.go:419: Task Beyond what you have not finished 2 Max you can own 2

ERROR: 2020/02/23 18:01:03 workcli.go:419: Task Beyond what you have not finished 2 Max you can own 2

ERROR: 2020/02/23 18:01:04 workcli.go:419: Task Beyond what you have not finished 2 Max you can own 2

ERROR: 2020/02/23 18:01:05 workcli.go:419: Task Beyond what you have not finished 2 Max you can own 2

ERROR: 2020/02/23 18:01:06 workcli.go:419: Task Beyond what you have not finished 2 Max you can own 2

ERROR: 2020/02/23 18:01:07 workcli.go:419: Task Beyond what you have not finished 2 Max you can own 2

ERROR: 2020/02/23 18:01:08 workcli.go:419: Task Beyond what you have not finished 2 Max you can own 2

ERROR: 2020/02/23 18:01:09 workcli.go:419: Task Beyond what you have not finished 2 Max you can own 2

ERROR: 2020/02/23 18:01:10 workcli.go:419: Task Beyond what you have not finished 2 Max you can own 2

ERROR: 2020/02/23 18:01:11 workcli.go:419: Task Beyond what you have not finished 2 Max you can own 2

ERROR: 2020/02/23 18:01:12 workcli.go:419: Task Beyond what you have not finished 2 Max you can own 2

ERROR: 2020/02/23 18:01:13 workcli.go:419: Task Beyond what you have not finished 2 Max you can own 2

ERROR: 2020/02/23 18:01:14 workcli.go:419: Task Beyond what you have not finished 2 Max you can own 2

ERROR: 2020/02/23 18:01:15 workcli.go:419: Task Beyond what you have not finished 2 Max you can own 2

ERROR: 2020/02/23 18:01:16 workcli.go:419: Task Beyond what you have not finished 2 Max you can own 2

ERROR: 2020/02/23 18:01:17 workcli.go:419: Task Beyond what you have not finished 2 Max you can own 2

ERROR: 2020/02/23 18:01:18 workcli.go:419: Task Beyond what you have not finished 2 Max you can own 2

ERROR: 2020/02/23 18:01:19 workcli.go:419: Task Beyond what you have not finished 2 Max you can own 2

ERROR: 2020/02/23 18:01:20 workcli.go:419: Task Beyond what you have not finished 2 Max you can own 2

ERROR: 2020/02/23 18:01:21 workcli.go:419: Task Beyond what you have not finished 2 Max you can own 2

ERROR: 2020/02/23 18:01:22 workcli.go:419: Task Beyond what you have not finished 2 Max you can own 2

ERROR: 2020/02/23 18:01:23 workcli.go:419: Task Beyond what you have not finished 2 Max you can own 2

ERROR: 2020/02/23 18:01:24 workcli.go:419: Task Beyond what you have not finished 2 Max you can own 2

ERROR: 2020/02/23 18:01:25 workcli.go:419: Task Beyond what you have not finished 2 Max you can own 2

ERROR: 2020/02/23 18:01:26 workcli.go:419: Task Beyond what you have not finished 2 Max you can own 2

ERROR: 2020/02/23 18:01:27 workcli.go:419: Task Beyond what you have not finished 2 Max you can own 2

ERROR: 2020/02/23 18:01:28 workcli.go:419: Task Beyond what you have not finished 2 Max you can own 2

ERROR: 2020/02/23 18:01:29 workcli.go:419: Task Beyond what you have not finished 2 Max you can own 2

ERROR: 2020/02/23 18:01:30 workcli.go:419: Task Beyond what you have not finished 2 Max you can own 2

ERROR: 2020/02/23 18:01:31 workcli.go:419: Task Beyond what you have not finished 2 Max you can own 2

ERROR: 2020/02/23 18:01:32 workcli.go:419: Task Beyond what you have not finished 2 Max you can own 2

ERROR: 2020/02/23 18:01:33 workcli.go:419: Task Beyond what you have not finished 2 Max you can own 2

ERROR: 2020/02/23 18:01:34 workcli.go:419: Task Beyond what you have not finished 2 Max you can own 2

ERROR: 2020/02/23 18:01:35 workcli.go:419: Task Beyond what you have not finished 2 Max you can own 2

ERROR: 2020/02/23 18:01:36 workcli.go:419: Task Beyond what you have not finished 2 Max you can own 2

ERROR: 2020/02/23 18:01:37 workcli.go:419: Task Beyond what you have not finished 2 Max you can own 2

ERROR: 2020/02/23 18:01:38 workcli.go:419: Task Beyond what you have not finished 2 Max you can own 2

ERROR: 2020/02/23 18:01:39 workcli.go:419: Task Beyond what you have not finished 0 Max you can own 2

ERROR: 2020/02/23 18:01:40 workcli.go:419: Task Beyond what you have not finished 0 Max you can own 2

ERROR: 2020/02/23 18:01:41 workcli.go:419: Task Beyond what you have not finished 0 Max you can own 2

ERROR: 2020/02/23 18:01:42 workcli.go:419: Task Beyond what you have not finished 0 Max you can own 2

ERROR: 2020/02/23 18:01:43 workcli.go:419: Task Beyond what you have not finished 0 Max you can own 2

ERROR: 2020/02/23 18:01:44 workcli.go:419: Task Beyond what you have not finished 0 Max you can own 2

ERROR: 2020/02/23 18:01:45 workcli.go:419: Task Beyond what you have not finished 0 Max you can own 2

ERROR: 2020/02/23 18:01:46 workcli.go:419: Task Beyond what you have not finished 0 Max you can own 2

ERROR: 2020/02/23 18:01:47 workcli.go:419: Task Beyond what you have not finished 0 Max you can own 2

ERROR: 2020/02/23 18:01:48 workcli.go:419: Task Beyond what you have not finished 0 Max you can own 2

ERROR: 2020/02/23 18:01:49 workcli.go:419: Task Beyond what you have not finished 0 Max you can own 2

ERROR: 2020/02/23 18:01:50 workcli.go:419: Task Beyond what you have not finished 0 Max you can own 2

ERROR: 2020/02/23 18:01:51 workcli.go:419: Task Beyond what you have not finished 0 Max you can own 2

ERROR: 2020/02/23 18:01:52 workcli.go:419: Task Beyond what you have not finished 0 Max you can own 2

ERROR: 2020/02/23 18:01:53 workcli.go:419: Task Beyond what you have not finished 0 Max you can own 2

ERROR: 2020/02/23 18:01:54 workcli.go:419: Task Beyond what you have not finished 0 Max you can own 2

ERROR: 2020/02/23 18:01:55 workcli.go:419: Task Beyond what you have not finished 0 Max you can own 2

ERROR: 2020/02/23 18:01:56 workcli.go:419: Task Beyond what you have not finished 0 Max you can own 2

ERROR: 2020/02/23 18:01:57 workcli.go:419: Task Beyond what you have not finished 0 Max you can own 2

ERROR: 2020/02/23 18:01:58 workcli.go:419: Task Beyond what you have not finished 0 Max you can own 2

ERROR: 2020/02/23 18:01:59 workcli.go:419: Task Beyond what you have not finished 0 Max you can own 2

ERROR: 2020/02/23 18:02:00 workcli.go:419: Task Beyond what you have not finished 0 Max you can own 2

ERROR: 2020/02/23 18:02:01 workcli.go:419: Task Beyond what you have not finished 0 Max you can own 2

ERROR: 2020/02/23 18:02:02 workcli.go:419: Task Beyond what you have not finished 0 Max you can own 2

ERROR: 2020/02/23 18:02:03 workcli.go:419: Task Beyond what you have not finished 0 Max you can own 2

ERROR: 2020/02/23 18:18:03 workcli.go:419: Confirm Retrytimes Outtimes !
ERROR: 2020/02/23 18:18:04 master.go:102: Status 1 Can't Invert To Status 2
ERROR: 2020/02/23 18:19:55 workcli.go:419: Reply Message Invalid!
ERROR: 2020/02/23 18:41:05 master.go:122: Status 1 Can't Invert To Status 5
ERROR: 2020/02/23 18:45:46 master.go:125: Status TASKTYPE_SENDING Can't Invert To Status TASKTYPE_PROCESS
ERROR: 2020/02/23 18:46:32 master.go:126: Status TASKTYPE_PROCESS Can't Invert To Status TASKTYPE_END
ERROR: 2020/02/23 18:46:32 master.go:126: Status TASKTYPE_PROCESS Can't Invert To Status TASKTYPE_END
ERROR: 2020/02/23 18:46:34 workcli.go:419: Task Beyond what you have not finished 2 Max you can own 2

ERROR: 2020/02/23 18:46:35 workcli.go:419: Task Beyond what you have not finished 2 Max you can own 2

ERROR: 2020/02/23 18:46:36 workcli.go:419: Task Beyond what you have not finished 2 Max you can own 2

ERROR: 2020/02/23 18:46:37 workcli.go:419: Task Beyond what you have not finished 2 Max you can own 2

ERROR: 2020/02/23 18:46:38 workcli.go:419: Task Beyond what you have not finished 2 Max you can own 2

ERROR: 2020/02/23 18:46:39 workcli.go:419: Task Beyond what you have not finished 2 Max you can own 2

ERROR: 2020/02/23 18:46:40 workcli.go:419: Task Beyond what you have not finished 2 Max you can own 2

ERROR: 2020/02/23 18:46:41 workcli.go:419: Task Beyond what you have not finished 2 Max you can own 2

ERROR: 2020/02/23 18:46:42 workcli.go:419: Task Beyond what you have not finished 2 Max you can own 2

ERROR: 2020/02/23 18:46:43 workcli.go:419: Task Beyond what you have not finished 2 Max you can own 2

ERROR: 2020/02/23 18:46:45 workcli.go:419: Task Beyond what you have not finished 2 Max you can own 2

ERROR: 2020/02/23 18:46:46 workcli.go:419: Task Beyond what you have not finished 2 Max you can own 2

ERROR: 2020/02/23 18:46:47 workcli.go:419: Task Beyond what you have not finished 2 Max you can own 2

ERROR: 2020/02/23 18:46:48 workcli.go:419: Task Beyond what you have not finished 2 Max you can own 2

ERROR: 2020/02/23 18:46:49 workcli.go:419: Task Beyond what you have not finished 2 Max you can own 2

ERROR: 2020/02/23 18:46:50 workcli.go:419: Task Beyond what you have not finished 2 Max you can own 2

ERROR: 2020/02/23 18:46:51 workcli.go:419: Task Beyond what you have not finished 2 Max you can own 2

ERROR: 2020/02/23 18:46:52 workcli.go:419: Task Beyond what you have not finished 2 Max you can own 2

ERROR: 2020/02/23 18:46:53 workcli.go:419: Task Beyond what you have not finished 2 Max you can own 2

ERROR: 2020/02/23 18:46:54 workcli.go:419: Task Beyond what you have not finished 2 Max you can own 2

ERROR: 2020/02/23 18:46:55 workcli.go:419: Task Beyond what you have not finished 2 Max you can own 2

ERROR: 2020/02/23 18:46:56 workcli.go:419: Task Beyond what you have not finished 2 Max you can own 2

ERROR: 2020/02/23 18:46:57 workcli.go:419: Task Beyond what you have not finished 2 Max you can own 2

ERROR: 2020/02/23 18:46:58 workcli.go:419: Task Beyond what you have not finished 2 Max you can own 2

ERROR: 2020/02/23 18:46:59 workcli.go:419: Task Beyond what you have not finished 2 Max you can own 2

ERROR: 2020/02/23 18:47:00 workcli.go:419: Task Beyond what you have not finished 2 Max you can own 2

ERROR: 2020/02/23 18:47:01 workcli.go:419: Task Beyond what you have not finished 2 Max you can own 2

ERROR: 2020/02/23 18:47:02 workcli.go:419: Task Beyond what you have not finished 2 Max you can own 2

ERROR: 2020/02/23 18:47:03 workcli.go:419: Task Beyond what you have not finished 2 Max you can own 2

ERROR: 2020/02/23 18:47:04 workcli.go:419: Task Beyond what you have not finished 2 Max you can own 2

ERROR: 2020/02/23 18:47:05 workcli.go:419: Task Beyond what you have not finished 2 Max you can own 2

ERROR: 2020/02/23 18:47:06 workcli.go:419: Task Beyond what you have not finished 2 Max you can own 2

ERROR: 2020/02/23 18:47:07 workcli.go:419: Task Beyond what you have not finished 2 Max you can own 2

ERROR: 2020/02/23 18:47:08 workcli.go:419: Task Beyond what you have not finished 2 Max you can own 2

ERROR: 2020/02/23 18:47:09 workcli.go:419: Task Beyond what you have not finished 2 Max you can own 2

ERROR: 2020/02/23 18:47:10 workcli.go:419: Task Beyond what you have not finished 2 Max you can own 2

ERROR: 2020/02/23 18:47:11 workcli.go:419: Task Beyond what you have not finished 2 Max you can own 2

ERROR: 2020/02/23 18:47:12 workcli.go:419: Task Beyond what you have not finished 2 Max you can own 2

ERROR: 2020/02/23 18:47:13 workcli.go:419: Task Beyond what you have not finished 2 Max you can own 2

ERROR: 2020/02/23 18:47:14 workcli.go:419: Task Beyond what you have not finished 2 Max you can own 2

ERROR: 2020/02/23 18:47:15 workcli.go:419: Task Beyond what you have not finished 2 Max you can own 2

ERROR: 2020/02/23 18:47:16 workcli.go:419: Task Beyond what you have not finished 2 Max you can own 2

ERROR: 2020/02/23 18:47:17 workcli.go:419: Task Beyond what you have not finished 2 Max you can own 2

ERROR: 2020/02/23 18:47:18 workcli.go:419: Task Beyond what you have not finished 2 Max you can own 2

ERROR: 2020/02/23 18:47:19 workcli.go:419: Task Beyond what you have not finished 2 Max you can own 2

ERROR: 2020/02/23 18:47:20 workcli.go:419: Task Beyond what you have not finished 2 Max you can own 2

ERROR: 2020/02/23 18:47:21 workcli.go:419: Task Beyond what you have not finished 2 Max you can own 2

ERROR: 2020/02/23 18:47:22 workcli.go:419: Task Beyond what you have not finished 2 Max you can own 2

ERROR: 2020/02/23 18:47:23 workcli.go:419: Task Beyond what you have not finished 0 Max you can own 2

ERROR: 2020/02/23 18:47:24 workcli.go:419: Task Beyond what you have not finished 0 Max you can own 2

ERROR: 2020/02/23 18:47:25 workcli.go:419: Task Beyond what you have not finished 0 Max you can own 2

ERROR: 2020/02/23 18:47:26 workcli.go:419: Task Beyond what you have not finished 0 Max you can own 2

ERROR: 2020/02/23 18:47:27 workcli.go:419: Task Beyond what you have not finished 0 Max you can own 2

ERROR: 2020/02/23 18:47:28 workcli.go:419: Task Beyond what you have not finished 0 Max you can own 2

ERROR: 2020/02/23 18:47:29 workcli.go:419: Task Beyond what you have not finished 0 Max you can own 2

ERROR: 2020/02/23 18:47:30 workcli.go:419: Task Beyond what you have not finished 0 Max you can own 2

ERROR: 2020/02/23 18:47:31 workcli.go:419: Task Beyond what you have not finished 0 Max you can own 2

ERROR: 2020/02/23 18:47:32 workcli.go:419: Task Beyond what you have not finished 0 Max you can own 2

ERROR: 2020/02/23 18:47:33 workcli.go:419: Task Beyond what you have not finished 0 Max you can own 2

ERROR: 2020/02/23 18:47:34 workcli.go:419: Task Beyond what you have not finished 0 Max you can own 2

ERROR: 2020/02/23 18:47:35 workcli.go:419: Task Beyond what you have not finished 0 Max you can own 2

ERROR: 2020/02/23 18:47:36 workcli.go:419: Task Beyond what you have not finished 0 Max you can own 2

ERROR: 2020/02/23 18:47:37 workcli.go:419: Task Beyond what you have not finished 0 Max you can own 2

ERROR: 2020/02/23 18:47:38 workcli.go:419: Task Beyond what you have not finished 0 Max you can own 2

ERROR: 2020/02/23 18:47:39 workcli.go:419: Task Beyond what you have not finished 0 Max you can own 2

ERROR: 2020/02/23 18:47:40 workcli.go:419: Task Beyond what you have not finished 0 Max you can own 2

ERROR: 2020/02/23 18:47:41 workcli.go:419: Task Beyond what you have not finished 0 Max you can own 2

ERROR: 2020/02/23 18:47:42 workcli.go:419: Task Beyond what you have not finished 0 Max you can own 2

ERROR: 2020/02/23 18:47:43 workcli.go:419: Task Beyond what you have not finished 0 Max you can own 2

ERROR: 2020/02/23 18:47:44 workcli.go:419: Task Beyond what you have not finished 0 Max you can own 2

ERROR: 2020/02/23 18:47:45 workcli.go:419: Task Beyond what you have not finished 0 Max you can own 2

ERROR: 2020/02/23 18:47:46 workcli.go:419: Task Beyond what you have not finished 0 Max you can own 2

ERROR: 2020/02/23 18:47:47 workcli.go:419: Task Beyond what you have not finished 0 Max you can own 2

ERROR: 2020/02/23 18:47:48 workcli.go:419: Task Beyond what you have not finished 0 Max you can own 2

ERROR: 2020/02/23 18:47:49 workcli.go:419: Task Beyond what you have not finished 0 Max you can own 2

ERROR: 2020/02/23 18:47:50 workcli.go:419: Task Beyond what you have not finished 0 Max you can own 2

ERROR: 2020/02/23 18:47:51 workcli.go:419: Task Beyond what you have not finished 0 Max you can own 2

ERROR: 2020/02/23 18:47:52 workcli.go:419: Task Beyond what you have not finished 0 Max you can own 2

ERROR: 2020/02/23 18:47:53 workcli.go:419: Task Beyond what you have not finished 0 Max you can own 2

ERROR: 2020/02/23 18:47:54 workcli.go:419: Task Beyond what you have not finished 0 Max you can own 2

ERROR: 2020/02/23 18:47:55 workcli.go:419: Task Beyond what you have not finished 0 Max you can own 2

ERROR: 2020/02/23 18:47:56 workcli.go:419: Task Beyond what you have not finished 0 Max you can own 2

ERROR: 2020/02/23 18:47:57 workcli.go:419: Task Beyond what you have not finished 0 Max you can own 2

ERROR: 2020/02/23 18:47:58 workcli.go:419: Task Beyond what you have not finished 0 Max you can own 2

ERROR: 2020/02/23 18:47:59 workcli.go:419: Task Beyond what you have not finished 0 Max you can own 2

ERROR: 2020/02/23 18:48:00 workcli.go:419: Task Beyond what you have not finished 0 Max you can own 2

ERROR: 2020/02/23 18:48:01 workcli.go:419: Task Beyond what you have not finished 0 Max you can own 2

ERROR: 2020/02/23 18:48:02 workcli.go:419: Task Beyond what you have not finished 0 Max you can own 2

ERROR: 2020/02/23 18:48:03 workcli.go:419: Task Beyond what you have not finished 0 Max you can own 2

ERROR: 2020/02/23 18:48:04 workcli.go:419: Task Beyond what you have not finished 0 Max you can own 2

ERROR: 2020/02/23 18:48:05 workcli.go:419: Task Beyond what you have not finished 0 Max you can own 2

ERROR: 2020/02/23 18:48:06 workcli.go:419: Task Beyond what you have not finished 0 Max you can own 2

ERROR: 2020/02/23 18:48:07 workcli.go:419: Task Beyond what you have not finished 0 Max you can own 2

ERROR: 2020/02/23 18:48:08 workcli.go:419: Task Beyond what you have not finished 0 Max you can own 2

ERROR: 2020/02/23 18:48:09 workcli.go:419: Task Beyond what you have not finished 0 Max you can own 2

ERROR: 2020/02/23 18:48:10 workcli.go:419: Task Beyond what you have not finished 0 Max you can own 2

ERROR: 2020/02/23 18:48:11 workcli.go:419: Task Beyond what you have not finished 0 Max you can own 2

ERROR: 2020/02/23 18:48:12 workcli.go:419: Task Beyond what you have not finished 0 Max you can own 2

ERROR: 2020/02/23 18:48:13 workcli.go:419: Task Beyond what you have not finished 0 Max you can own 2

ERROR: 2020/02/23 18:48:14 workcli.go:419: Task Beyond what you have not finished 0 Max you can own 2

ERROR: 2020/02/23 18:48:35 master.go:126: Status TASKTYPE_PROCESS Can't Invert To Status TASKTYPE_Finished
ERROR: 2020/02/23 18:48:35 master.go:126: Status TASKTYPE_PROCESS Can't Invert To Status TASKTYPE_Finished
ERROR: 2020/02/23 18:48:37 workcli.go:419: Task Beyond what you have not finished 2 Max you can own 2

ERROR: 2020/02/23 18:48:38 workcli.go:419: Task Beyond what you have not finished 2 Max you can own 2

ERROR: 2020/02/23 18:48:39 workcli.go:419: Task Beyond what you have not finished 2 Max you can own 2

ERROR: 2020/02/23 18:48:40 workcli.go:419: Task Beyond what you have not finished 2 Max you can own 2

ERROR: 2020/02/23 18:48:41 workcli.go:419: Task Beyond what you have not finished 2 Max you can own 2

ERROR: 2020/02/23 18:48:42 workcli.go:419: Task Beyond what you have not finished 2 Max you can own 2

ERROR: 2020/02/23 18:48:43 workcli.go:419: Task Beyond what you have not finished 2 Max you can own 2

ERROR: 2020/02/23 18:48:44 workcli.go:419: Task Beyond what you have not finished 2 Max you can own 2

ERROR: 2020/02/23 18:48:45 workcli.go:419: Task Beyond what you have not finished 2 Max you can own 2

ERROR: 2020/02/23 18:48:47 workcli.go:419: Task Beyond what you have not finished 2 Max you can own 2

ERROR: 2020/02/23 18:48:48 workcli.go:419: Task Beyond what you have not finished 2 Max you can own 2

ERROR: 2020/02/23 18:48:49 workcli.go:419: Task Beyond what you have not finished 2 Max you can own 2

ERROR: 2020/02/23 18:48:50 workcli.go:419: Task Beyond what you have not finished 2 Max you can own 2

ERROR: 2020/02/23 18:48:51 workcli.go:419: Task Beyond what you have not finished 2 Max you can own 2

ERROR: 2020/02/23 18:48:52 workcli.go:419: Task Beyond what you have not finished 2 Max you can own 2

ERROR: 2020/02/23 18:48:53 workcli.go:419: Task Beyond what you have not finished 2 Max you can own 2

ERROR: 2020/02/23 18:48:54 workcli.go:419: Task Beyond what you have not finished 2 Max you can own 2

ERROR: 2020/02/23 18:48:55 workcli.go:419: Task Beyond what you have not finished 2 Max you can own 2

ERROR: 2020/02/23 18:48:56 workcli.go:419: Task Beyond what you have not finished 2 Max you can own 2

ERROR: 2020/02/23 18:48:57 workcli.go:419: Task Beyond what you have not finished 2 Max you can own 2

ERROR: 2020/02/23 18:48:58 workcli.go:419: Task Beyond what you have not finished 2 Max you can own 2

ERROR: 2020/02/23 18:48:59 workcli.go:419: Task Beyond what you have not finished 2 Max you can own 2

ERROR: 2020/02/23 18:49:00 workcli.go:419: Task Beyond what you have not finished 2 Max you can own 2

ERROR: 2020/02/23 18:49:01 workcli.go:419: Task Beyond what you have not finished 2 Max you can own 2

ERROR: 2020/02/23 18:49:02 workcli.go:419: Task Beyond what you have not finished 2 Max you can own 2

ERROR: 2020/02/23 18:49:03 workcli.go:419: Task Beyond what you have not finished 2 Max you can own 2

ERROR: 2020/02/23 18:49:04 workcli.go:419: Task Beyond what you have not finished 2 Max you can own 2

ERROR: 2020/02/23 18:49:05 workcli.go:419: Task Beyond what you have not finished 2 Max you can own 2

ERROR: 2020/02/23 18:49:06 workcli.go:419: Task Beyond what you have not finished 2 Max you can own 2

ERROR: 2020/02/23 18:49:07 workcli.go:419: Task Beyond what you have not finished 2 Max you can own 2

ERROR: 2020/02/23 18:49:08 workcli.go:419: Task Beyond what you have not finished 2 Max you can own 2

ERROR: 2020/02/23 18:49:09 workcli.go:419: Task Beyond what you have not finished 2 Max you can own 2

ERROR: 2020/02/23 18:49:10 workcli.go:419: Task Beyond what you have not finished 2 Max you can own 2

ERROR: 2020/02/23 18:49:11 workcli.go:419: Task Beyond what you have not finished 2 Max you can own 2

ERROR: 2020/02/23 18:49:12 workcli.go:419: Task Beyond what you have not finished 2 Max you can own 2

ERROR: 2020/02/23 18:49:13 workcli.go:419: Task Beyond what you have not finished 2 Max you can own 2

ERROR: 2020/02/23 18:49:14 workcli.go:419: Task Beyond what you have not finished 2 Max you can own 2

ERROR: 2020/02/23 18:49:15 workcli.go:419: Task Beyond what you have not finished 2 Max you can own 2

ERROR: 2020/02/23 18:50:55 workcli.go:419: Confirm Retrytimes Outtimes !
ERROR: 2020/02/23 18:51:18 workcli.go:419: Task Beyond what you have not finished 0 Max you can own 2

ERROR: 2020/02/23 18:51:19 workcli.go:419: Task Beyond what you have not finished 0 Max you can own 2

ERROR: 2020/02/23 18:51:20 workcli.go:419: Task Beyond what you have not finished 0 Max you can own 2

ERROR: 2020/02/23 18:51:21 workcli.go:419: Task Beyond what you have not finished 0 Max you can own 2

ERROR: 2020/02/23 18:51:22 workcli.go:419: Task Beyond what you have not finished 0 Max you can own 2

ERROR: 2020/02/23 18:51:23 workcli.go:419: Task Beyond what you have not finished 0 Max you can own 2

ERROR: 2020/02/23 18:51:24 workcli.go:419: Task Beyond what you have not finished 0 Max you can own 2

ERROR: 2020/02/23 18:51:25 workcli.go:419: Task Beyond what you have not finished 0 Max you can own 2

ERROR: 2020/02/23 18:51:26 workcli.go:419: Task Beyond what you have not finished 0 Max you can own 2

ERROR: 2020/02/23 18:51:34 workcli.go:419: Task Beyond what you have not finished 0 Max you can own 2

ERROR: 2020/02/23 18:51:35 workcli.go:419: Task Beyond what you have not finished 0 Max you can own 2

ERROR: 2020/02/23 18:51:36 workcli.go:419: Task Beyond what you have not finished 0 Max you can own 2

ERROR: 2020/02/23 18:51:37 workcli.go:419: Task Beyond what you have not finished 0 Max you can own 2

ERROR: 2020/02/23 18:51:38 workcli.go:419: Task Beyond what you have not finished 0 Max you can own 2

ERROR: 2020/02/23 18:51:39 workcli.go:419: Task Beyond what you have not finished 0 Max you can own 2

ERROR: 2020/02/23 18:51:40 workcli.go:419: Task Beyond what you have not finished 0 Max you can own 2

ERROR: 2020/02/23 18:51:41 workcli.go:419: Task Beyond what you have not finished 0 Max you can own 2

ERROR: 2020/02/23 18:51:42 workcli.go:419: Task Beyond what you have not finished 0 Max you can own 2

ERROR: 2020/02/23 18:51:43 workcli.go:419: Task Beyond what you have not finished 0 Max you can own 2

ERROR: 2020/02/23 18:51:44 workcli.go:419: Task Beyond what you have not finished 0 Max you can own 2

ERROR: 2020/02/23 18:51:45 workcli.go:419: Task Beyond what you have not finished 0 Max you can own 2

ERROR: 2020/02/23 18:51:46 workcli.go:419: Task Beyond what you have not finished 0 Max you can own 2

ERROR: 2020/02/23 18:51:47 workcli.go:419: Task Beyond what you have not finished 0 Max you can own 2

ERROR: 2020/02/23 18:51:48 workcli.go:419: Task Beyond what you have not finished 0 Max you can own 2

ERROR: 2020/02/23 18:51:49 workcli.go:419: Task Beyond what you have not finished 0 Max you can own 2

ERROR: 2020/02/23 18:51:50 workcli.go:419: Task Beyond what you have not finished 0 Max you can own 2

ERROR: 2020/02/23 18:51:51 workcli.go:419: Task Beyond what you have not finished 0 Max you can own 2

ERROR: 2020/02/23 18:51:52 workcli.go:419: Task Beyond what you have not finished 0 Max you can own 2

ERROR: 2020/02/23 18:51:53 workcli.go:419: Task Beyond what you have not finished 0 Max you can own 2

ERROR: 2020/02/23 18:51:54 workcli.go:419: Task Beyond what you have not finished 0 Max you can own 2

ERROR: 2020/02/23 18:51:55 workcli.go:419: Task Beyond what you have not finished 0 Max you can own 2

ERROR: 2020/02/23 18:51:56 workcli.go:419: Task Beyond what you have not finished 0 Max you can own 2

ERROR: 2020/02/23 18:51:57 workcli.go:419: Task Beyond what you have not finished 0 Max you can own 2

ERROR: 2020/02/23 18:51:58 workcli.go:419: Task Beyond what you have not finished 0 Max you can own 2

ERROR: 2020/02/23 18:51:59 workcli.go:419: Task Beyond what you have not finished 0 Max you can own 2

ERROR: 2020/02/23 18:52:00 workcli.go:419: Task Beyond what you have not finished 0 Max you can own 2

ERROR: 2020/02/23 18:52:01 workcli.go:419: Task Beyond what you have not finished 0 Max you can own 2

ERROR: 2020/02/23 18:52:02 workcli.go:419: Task Beyond what you have not finished 0 Max you can own 2

ERROR: 2020/02/23 18:52:03 workcli.go:419: Task Beyond what you have not finished 0 Max you can own 2

ERROR: 2020/02/23 18:52:04 workcli.go:419: Task Beyond what you have not finished 0 Max you can own 2

ERROR: 2020/02/23 18:52:05 workcli.go:419: Task Beyond what you have not finished 0 Max you can own 2

ERROR: 2020/02/23 18:52:06 workcli.go:419: Task Beyond what you have not finished 0 Max you can own 2

ERROR: 2020/02/23 18:52:07 workcli.go:419: Task Beyond what you have not finished 0 Max you can own 2

ERROR: 2020/02/23 18:52:08 workcli.go:419: Task Beyond what you have not finished 0 Max you can own 2

ERROR: 2020/02/23 18:52:09 workcli.go:419: Task Beyond what you have not finished 0 Max you can own 2

ERROR: 2020/02/23 18:52:10 workcli.go:419: Task Beyond what you have not finished 0 Max you can own 2

ERROR: 2020/02/23 18:52:11 workcli.go:419: Task Beyond what you have not finished 0 Max you can own 2

ERROR: 2020/02/23 18:52:12 workcli.go:419: Task Beyond what you have not finished 0 Max you can own 2

ERROR: 2020/02/23 18:52:13 workcli.go:419: Task Beyond what you have not finished 0 Max you can own 2

ERROR: 2020/02/23 18:52:14 workcli.go:419: Task Beyond what you have not finished 0 Max you can own 2

ERROR: 2020/02/23 18:52:15 workcli.go:419: Task Beyond what you have not finished 0 Max you can own 2

ERROR: 2020/02/23 18:52:16 workcli.go:419: Task Beyond what you have not finished 0 Max you can own 2

ERROR: 2020/02/23 18:52:17 workcli.go:419: Task Beyond what you have not finished 0 Max you can own 2

ERROR: 2020/02/23 18:52:18 workcli.go:419: Task Beyond what you have not finished 0 Max you can own 2

ERROR: 2020/02/23 18:52:19 workcli.go:419: Task Beyond what you have not finished 0 Max you can own 2

ERROR: 2020/02/23 18:52:20 workcli.go:419: Task Beyond what you have not finished 0 Max you can own 2

ERROR: 2020/02/23 18:52:21 workcli.go:419: Task Beyond what you have not finished 0 Max you can own 2

ERROR: 2020/02/23 18:52:22 workcli.go:419: Task Beyond what you have not finished 0 Max you can own 2

ERROR: 2020/02/23 18:52:23 workcli.go:419: Task Beyond what you have not finished 0 Max you can own 2

ERROR: 2020/02/23 18:52:24 workcli.go:419: Task Beyond what you have not finished 0 Max you can own 2

ERROR: 2020/02/23 18:52:25 workcli.go:419: Task Beyond what you have not finished 0 Max you can own 2

ERROR: 2020/02/23 18:52:26 workcli.go:419: Task Beyond what you have not finished 0 Max you can own 2

ERROR: 2020/02/23 18:52:27 workcli.go:419: Task Beyond what you have not finished 0 Max you can own 2

ERROR: 2020/02/23 18:52:28 workcli.go:419: Task Beyond what you have not finished 0 Max you can own 2

ERROR: 2020/02/23 18:52:29 workcli.go:419: Task Beyond what you have not finished 0 Max you can own 2

ERROR: 2020/02/23 18:52:30 workcli.go:419: Task Beyond what you have not finished 0 Max you can own 2

ERROR: 2020/02/23 18:52:31 workcli.go:419: Task Beyond what you have not finished 0 Max you can own 2

ERROR: 2020/02/23 18:52:32 workcli.go:419: Task Beyond what you have not finished 0 Max you can own 2

ERROR: 2020/02/23 18:52:33 workcli.go:419: Task Beyond what you have not finished 0 Max you can own 2

ERROR: 2020/02/23 18:52:34 workcli.go:419: Task Beyond what you have not finished 0 Max you can own 2

ERROR: 2020/02/23 18:52:35 workcli.go:419: Task Beyond what you have not finished 0 Max you can own 2

ERROR: 2020/02/23 18:52:36 workcli.go:419: Task Beyond what you have not finished 0 Max you can own 2

ERROR: 2020/02/23 18:52:37 workcli.go:419: Task Beyond what you have not finished 0 Max you can own 2

ERROR: 2020/02/23 18:52:38 workcli.go:419: Task Beyond what you have not finished 0 Max you can own 2

ERROR: 2020/02/23 18:52:39 workcli.go:419: Task Beyond what you have not finished 0 Max you can own 2

ERROR: 2020/02/23 18:52:40 workcli.go:419: Task Beyond what you have not finished 0 Max you can own 2

ERROR: 2020/02/23 18:52:41 workcli.go:419: Task Beyond what you have not finished 0 Max you can own 2

ERROR: 2020/02/23 18:52:42 workcli.go:419: Task Beyond what you have not finished 0 Max you can own 2

ERROR: 2020/02/23 18:52:43 workcli.go:419: Task Beyond what you have not finished 0 Max you can own 2

ERROR: 2020/02/23 18:52:44 workcli.go:419: Task Beyond what you have not finished 0 Max you can own 2

ERROR: 2020/02/23 18:52:45 workcli.go:419: Task Beyond what you have not finished 0 Max you can own 2

ERROR: 2020/02/23 18:52:46 workcli.go:419: Task Beyond what you have not finished 0 Max you can own 2

ERROR: 2020/02/23 18:52:47 workcli.go:419: Task Beyond what you have not finished 0 Max you can own 2

ERROR: 2020/02/23 18:52:48 workcli.go:419: Task Beyond what you have not finished 0 Max you can own 2

ERROR: 2020/02/23 18:52:49 workcli.go:419: Task Beyond what you have not finished 0 Max you can own 2

ERROR: 2020/02/23 18:52:50 workcli.go:419: Task Beyond what you have not finished 0 Max you can own 2

ERROR: 2020/02/23 18:52:51 workcli.go:419: Task Beyond what you have not finished 0 Max you can own 2

ERROR: 2020/02/23 18:52:52 workcli.go:419: Task Beyond what you have not finished 0 Max you can own 2

ERROR: 2020/02/23 18:52:53 workcli.go:419: Task Beyond what you have not finished 0 Max you can own 2

ERROR: 2020/02/23 18:52:54 workcli.go:419: Task Beyond what you have not finished 0 Max you can own 2

ERROR: 2020/02/23 18:52:55 workcli.go:419: Task Beyond what you have not finished 0 Max you can own 2

ERROR: 2020/02/23 18:52:56 workcli.go:419: Task Beyond what you have not finished 0 Max you can own 2

ERROR: 2020/02/23 18:52:57 workcli.go:419: Task Beyond what you have not finished 0 Max you can own 2

ERROR: 2020/02/23 18:52:58 workcli.go:419: Task Beyond what you have not finished 0 Max you can own 2

ERROR: 2020/02/23 18:52:59 workcli.go:419: Task Beyond what you have not finished 0 Max you can own 2

ERROR: 2020/02/23 18:53:00 workcli.go:419: Task Beyond what you have not finished 0 Max you can own 2

ERROR: 2020/02/23 18:53:01 workcli.go:419: Task Beyond what you have not finished 0 Max you can own 2

ERROR: 2020/02/23 18:53:02 workcli.go:419: Task Beyond what you have not finished 0 Max you can own 2

ERROR: 2020/02/23 18:53:03 workcli.go:419: Task Beyond what you have not finished 0 Max you can own 2

ERROR: 2020/02/23 18:53:04 workcli.go:419: Task Beyond what you have not finished 0 Max you can own 2

ERROR: 2020/02/23 18:53:05 workcli.go:419: Task Beyond what you have not finished 0 Max you can own 2

ERROR: 2020/02/23 18:53:06 workcli.go:419: Task Beyond what you have not finished 0 Max you can own 2

ERROR: 2020/02/23 18:53:07 workcli.go:419: Task Beyond what you have not finished 0 Max you can own 2

ERROR: 2020/02/23 18:53:08 workcli.go:419: Task Beyond what you have not finished 0 Max you can own 2

ERROR: 2020/02/23 18:53:09 workcli.go:419: Task Beyond what you have not finished 0 Max you can own 2

ERROR: 2020/02/23 18:53:10 workcli.go:419: Task Beyond what you have not finished 0 Max you can own 2

ERROR: 2020/02/23 18:53:11 workcli.go:419: Task Beyond what you have not finished 0 Max you can own 2

ERROR: 2020/02/23 18:53:12 workcli.go:419: Task Beyond what you have not finished 0 Max you can own 2

ERROR: 2020/02/23 18:53:13 workcli.go:419: Task Beyond what you have not finished 0 Max you can own 2

ERROR: 2020/02/23 18:53:14 workcli.go:419: Task Beyond what you have not finished 0 Max you can own 2

ERROR: 2020/02/23 18:53:15 workcli.go:419: Task Beyond what you have not finished 0 Max you can own 2

ERROR: 2020/02/23 18:53:16 workcli.go:419: Task Beyond what you have not finished 0 Max you can own 2

ERROR: 2020/02/23 18:53:17 workcli.go:419: Task Beyond what you have not finished 0 Max you can own 2

ERROR: 2020/02/23 18:53:18 workcli.go:419: Task Beyond what you have not finished 0 Max you can own 2

ERROR: 2020/02/23 18:53:19 workcli.go:419: Task Beyond what you have not finished 0 Max you can own 2

ERROR: 2020/02/23 18:53:20 workcli.go:419: Task Beyond what you have not finished 0 Max you can own 2

ERROR: 2020/02/23 18:53:21 workcli.go:419: Task Beyond what you have not finished 0 Max you can own 2

ERROR: 2020/02/23 18:53:22 workcli.go:419: Task Beyond what you have not finished 0 Max you can own 2

ERROR: 2020/02/23 18:53:23 workcli.go:419: Task Beyond what you have not finished 0 Max you can own 2

ERROR: 2020/02/23 18:53:24 workcli.go:419: Task Beyond what you have not finished 0 Max you can own 2

ERROR: 2020/02/23 18:53:25 workcli.go:419: Task Beyond what you have not finished 0 Max you can own 2

ERROR: 2020/02/23 18:53:26 workcli.go:419: Task Beyond what you have not finished 0 Max you can own 2

ERROR: 2020/02/23 18:53:28 workcli.go:419: Task Beyond what you have not finished 0 Max you can own 2

ERROR: 2020/02/23 18:53:29 workcli.go:419: Task Beyond what you have not finished 0 Max you can own 2

ERROR: 2020/02/23 18:53:30 workcli.go:419: Task Beyond what you have not finished 0 Max you can own 2

ERROR: 2020/02/23 18:53:31 workcli.go:419: Task Beyond what you have not finished 0 Max you can own 2

ERROR: 2020/02/23 18:53:32 workcli.go:419: Task Beyond what you have not finished 0 Max you can own 2

ERROR: 2020/02/23 18:53:33 workcli.go:419: Task Beyond what you have not finished 0 Max you can own 2

ERROR: 2020/02/23 18:53:34 workcli.go:419: Task Beyond what you have not finished 0 Max you can own 2

ERROR: 2020/02/23 18:53:35 workcli.go:419: Task Beyond what you have not finished 0 Max you can own 2

ERROR: 2020/02/23 18:53:36 workcli.go:419: Task Beyond what you have not finished 0 Max you can own 2

ERROR: 2020/02/23 18:53:37 workcli.go:419: Task Beyond what you have not finished 0 Max you can own 2

ERROR: 2020/02/23 18:53:38 workcli.go:419: Task Beyond what you have not finished 0 Max you can own 2

ERROR: 2020/02/23 18:53:39 workcli.go:419: Task Beyond what you have not finished 0 Max you can own 2

ERROR: 2020/02/23 18:53:40 workcli.go:419: Task Beyond what you have not finished 0 Max you can own 2

ERROR: 2020/02/23 18:53:41 workcli.go:419: Task Beyond what you have not finished 0 Max you can own 2

ERROR: 2020/02/23 18:53:42 workcli.go:419: Task Beyond what you have not finished 0 Max you can own 2

ERROR: 2020/02/23 18:53:43 workcli.go:419: Task Beyond what you have not finished 0 Max you can own 2

ERROR: 2020/02/23 18:53:44 workcli.go:419: Task Beyond what you have not finished 0 Max you can own 2

ERROR: 2020/02/23 18:53:45 workcli.go:419: Task Beyond what you have not finished 0 Max you can own 2

ERROR: 2020/02/23 18:53:46 workcli.go:419: Task Beyond what you have not finished 0 Max you can own 2

ERROR: 2020/02/23 18:53:47 workcli.go:419: Task Beyond what you have not finished 0 Max you can own 2

ERROR: 2020/02/23 18:53:48 workcli.go:419: Task Beyond what you have not finished 0 Max you can own 2

ERROR: 2020/02/23 18:53:49 workcli.go:419: Task Beyond what you have not finished 0 Max you can own 2

ERROR: 2020/02/23 18:53:50 workcli.go:419: Task Beyond what you have not finished 0 Max you can own 2

ERROR: 2020/02/23 18:53:51 workcli.go:419: Task Beyond what you have not finished 0 Max you can own 2

ERROR: 2020/02/23 18:53:52 workcli.go:419: Task Beyond what you have not finished 0 Max you can own 2

ERROR: 2020/02/23 18:53:53 workcli.go:419: Task Beyond what you have not finished 0 Max you can own 2

ERROR: 2020/02/23 18:53:54 workcli.go:419: Task Beyond what you have not finished 0 Max you can own 2

ERROR: 2020/02/23 18:53:55 workcli.go:419: Task Beyond what you have not finished 0 Max you can own 2

ERROR: 2020/02/23 18:53:56 workcli.go:419: Task Beyond what you have not finished 0 Max you can own 2

ERROR: 2020/02/23 18:53:57 workcli.go:419: Task Beyond what you have not finished 0 Max you can own 2

ERROR: 2020/02/23 18:53:58 workcli.go:419: Task Beyond what you have not finished 0 Max you can own 2

ERROR: 2020/02/23 18:53:59 workcli.go:419: Task Beyond what you have not finished 0 Max you can own 2

ERROR: 2020/02/23 18:54:00 workcli.go:419: Task Beyond what you have not finished 0 Max you can own 2

ERROR: 2020/02/23 18:54:01 workcli.go:419: Task Beyond what you have not finished 0 Max you can own 2

ERROR: 2020/02/23 18:54:02 workcli.go:419: Task Beyond what you have not finished 0 Max you can own 2

ERROR: 2020/02/23 18:54:03 workcli.go:419: Task Beyond what you have not finished 0 Max you can own 2

ERROR: 2020/02/23 18:54:04 workcli.go:419: Task Beyond what you have not finished 0 Max you can own 2

ERROR: 2020/02/23 18:54:05 workcli.go:419: Task Beyond what you have not finished 0 Max you can own 2

ERROR: 2020/02/23 18:54:06 workcli.go:419: Task Beyond what you have not finished 0 Max you can own 2

ERROR: 2020/02/23 18:54:07 workcli.go:419: Task Beyond what you have not finished 0 Max you can own 2

ERROR: 2020/02/23 18:54:08 workcli.go:419: Task Beyond what you have not finished 0 Max you can own 2

ERROR: 2020/02/23 18:54:09 workcli.go:419: Task Beyond what you have not finished 0 Max you can own 2

ERROR: 2020/02/23 18:54:10 workcli.go:419: Task Beyond what you have not finished 0 Max you can own 2

ERROR: 2020/02/23 18:54:24 master.go:126: Status TASKTYPE_PROCESS Can't Invert To Status TASKTYPE_Finished
ERROR: 2020/02/23 18:54:24 master.go:126: Status TASKTYPE_PROCESS Can't Invert To Status TASKTYPE_Finished
ERROR: 2020/02/23 18:55:38 master.go:127: Status TASKTYPE_PROCESS Can't Invert To Status TASKTYPE_Finished
ERROR: 2020/02/23 18:55:39 master.go:127: Status TASKTYPE_PROCESS Can't Invert To Status TASKTYPE_Finished
ERROR: 2020/02/23 18:55:41 workcli.go:419: Task Beyond what you have not finished 2 Max you can own 2

ERROR: 2020/02/23 18:55:42 workcli.go:419: Task Beyond what you have not finished 2 Max you can own 2

ERROR: 2020/02/23 18:55:43 workcli.go:419: Task Beyond what you have not finished 2 Max you can own 2

ERROR: 2020/02/23 18:55:44 workcli.go:419: Task Beyond what you have not finished 2 Max you can own 2

ERROR: 2020/02/23 18:55:45 workcli.go:419: Task Beyond what you have not finished 2 Max you can own 2

ERROR: 2020/02/23 18:55:46 workcli.go:419: Task Beyond what you have not finished 2 Max you can own 2

ERROR: 2020/02/23 18:55:47 workcli.go:419: Task Beyond what you have not finished 2 Max you can own 2

ERROR: 2020/02/23 18:55:48 workcli.go:419: Task Beyond what you have not finished 2 Max you can own 2

ERROR: 2020/02/23 18:55:49 workcli.go:419: Task Beyond what you have not finished 2 Max you can own 2

ERROR: 2020/02/23 18:55:50 workcli.go:419: Task Beyond what you have not finished 2 Max you can own 2

ERROR: 2020/02/23 18:55:51 workcli.go:419: Task Beyond what you have not finished 2 Max you can own 2

ERROR: 2020/02/23 18:55:52 workcli.go:419: Task Beyond what you have not finished 2 Max you can own 2

ERROR: 2020/02/23 18:55:53 workcli.go:419: Task Beyond what you have not finished 2 Max you can own 2

ERROR: 2020/02/23 18:55:54 workcli.go:419: Task Beyond what you have not finished 2 Max you can own 2

ERROR: 2020/02/23 18:55:55 workcli.go:419: Task Beyond what you have not finished 2 Max you can own 2

ERROR: 2020/02/23 18:55:56 workcli.go:419: Task Beyond what you have not finished 2 Max you can own 2

ERROR: 2020/02/23 18:55:57 workcli.go:419: Task Beyond what you have not finished 2 Max you can own 2

ERROR: 2020/02/23 18:55:58 workcli.go:419: Task Beyond what you have not finished 2 Max you can own 2

ERROR: 2020/02/23 18:55:59 workcli.go:419: Task Beyond what you have not finished 2 Max you can own 2

ERROR: 2020/02/23 18:56:00 workcli.go:419: Task Beyond what you have not finished 2 Max you can own 2

ERROR: 2020/02/23 18:56:01 workcli.go:419: Task Beyond what you have not finished 2 Max you can own 2

ERROR: 2020/02/23 18:56:02 workcli.go:419: Task Beyond what you have not finished 2 Max you can own 2

ERROR: 2020/02/23 18:56:03 workcli.go:419: Task Beyond what you have not finished 2 Max you can own 2

ERROR: 2020/02/23 18:56:04 workcli.go:419: Task Beyond what you have not finished 2 Max you can own 2

ERROR: 2020/02/23 18:56:05 workcli.go:419: Task Beyond what you have not finished 2 Max you can own 2

ERROR: 2020/02/23 18:56:06 workcli.go:419: Task Beyond what you have not finished 2 Max you can own 2

ERROR: 2020/02/23 18:56:07 workcli.go:419: Task Beyond what you have not finished 2 Max you can own 2

ERROR: 2020/02/23 18:56:08 workcli.go:419: Task Beyond what you have not finished 2 Max you can own 2

ERROR: 2020/02/23 18:56:09 workcli.go:419: Task Beyond what you have not finished 2 Max you can own 2

ERROR: 2020/02/23 18:56:10 workcli.go:419: Task Beyond what you have not finished 2 Max you can own 2

ERROR: 2020/02/23 18:56:11 workcli.go:419: Task Beyond what you have not finished 2 Max you can own 2

ERROR: 2020/02/23 18:56:12 workcli.go:419: Task Beyond what you have not finished 2 Max you can own 2

ERROR: 2020/02/23 18:56:13 workcli.go:419: Task Beyond what you have not finished 2 Max you can own 2

ERROR: 2020/02/23 18:56:14 workcli.go:419: Task Beyond what you have not finished 2 Max you can own 2

ERROR: 2020/02/23 18:56:15 workcli.go:419: Task Beyond what you have not finished 2 Max you can own 2

ERROR: 2020/02/23 18:56:16 workcli.go:419: Task Beyond what you have not finished 2 Max you can own 2

ERROR: 2020/02/23 18:56:17 workcli.go:419: Task Beyond what you have not finished 2 Max you can own 2

ERROR: 2020/02/23 18:56:18 workcli.go:419: Task Beyond what you have not finished 2 Max you can own 2

ERROR: 2020/02/23 18:56:19 workcli.go:419: Task Beyond what you have not finished 2 Max you can own 2

ERROR: 2020/02/23 18:56:20 workcli.go:419: Task Beyond what you have not finished 2 Max you can own 2

ERROR: 2020/02/23 18:56:21 workcli.go:419: Task Beyond what you have not finished 2 Max you can own 2

ERROR: 2020/02/23 18:56:22 workcli.go:419: Task Beyond what you have not finished 2 Max you can own 2

ERROR: 2020/02/23 19:00:50 master.go:127: Status TASKTYPE_PROCESS Can't Invert To Status TASKTYPE_Finished
ERROR: 2020/02/23 19:00:51 master.go:127: Status TASKTYPE_PROCESS Can't Invert To Status TASKTYPE_Finished
ERROR: 2020/02/23 19:01:40 master.go:127: Status TASKTYPE_PROCESS Can't Invert To Status TASKTYPE_Finished
ERROR: 2020/02/23 19:01:40 master.go:127: Status TASKTYPE_PROCESS Can't Invert To Status TASKTYPE_Finished
ERROR: 2020/02/23 19:01:42 workcli.go:419: Task Beyond what you have not finished 2 Max you can own 2

ERROR: 2020/02/23 19:01:43 workcli.go:419: Task Beyond what you have not finished 2 Max you can own 2

ERROR: 2020/02/23 19:01:44 workcli.go:419: Task Beyond what you have not finished 2 Max you can own 2

ERROR: 2020/02/23 19:01:45 workcli.go:419: Task Beyond what you have not finished 2 Max you can own 2

ERROR: 2020/02/23 19:01:46 workcli.go:419: Task Beyond what you have not finished 2 Max you can own 2

ERROR: 2020/02/23 19:01:47 workcli.go:419: Task Beyond what you have not finished 2 Max you can own 2

ERROR: 2020/02/23 19:01:48 workcli.go:419: Task Beyond what you have not finished 2 Max you can own 2

ERROR: 2020/02/23 19:02:38 workcli.go:419: Task Beyond what you have not finished 2 Max you can own 2

ERROR: 2020/02/23 19:02:39 workcli.go:419: Task Beyond what you have not finished 2 Max you can own 2

ERROR: 2020/02/23 19:02:40 workcli.go:419: Task Beyond what you have not finished 2 Max you can own 2

ERROR: 2020/02/23 19:02:41 workcli.go:419: Task Beyond what you have not finished 2 Max you can own 2

ERROR: 2020/02/23 19:06:10 workcli.go:421: Task Beyond what you have not finished 2 Max you can own 2

ERROR: 2020/02/23 19:06:11 workcli.go:421: Task Beyond what you have not finished 2 Max you can own 2

ERROR: 2020/02/23 19:06:13 workcli.go:421: Task Beyond what you have not finished 2 Max you can own 2

ERROR: 2020/02/23 19:06:14 workcli.go:421: Task Beyond what you have not finished 2 Max you can own 2

ERROR: 2020/02/23 19:06:15 workcli.go:421: Task Beyond what you have not finished 2 Max you can own 2

ERROR: 2020/02/23 19:06:16 workcli.go:421: Task Beyond what you have not finished 2 Max you can own 2

ERROR: 2020/02/23 19:06:17 workcli.go:421: Task Beyond what you have not finished 2 Max you can own 2

ERROR: 2020/02/23 19:06:18 workcli.go:421: Task Beyond what you have not finished 2 Max you can own 2

ERROR: 2020/02/23 19:06:19 workcli.go:421: Task Beyond what you have not finished 2 Max you can own 2

ERROR: 2020/02/23 19:06:20 workcli.go:421: Task Beyond what you have not finished 2 Max you can own 2

ERROR: 2020/02/23 19:06:21 workcli.go:421: Task Beyond what you have not finished 2 Max you can own 2

ERROR: 2020/02/23 19:06:22 workcli.go:421: Task Beyond what you have not finished 2 Max you can own 2

ERROR: 2020/02/23 19:06:23 workcli.go:421: Task Beyond what you have not finished 2 Max you can own 2

ERROR: 2020/02/23 19:06:24 workcli.go:421: Task Beyond what you have not finished 2 Max you can own 2

ERROR: 2020/02/23 19:06:25 workcli.go:421: Task Beyond what you have not finished 2 Max you can own 2

ERROR: 2020/02/23 19:06:26 workcli.go:421: Task Beyond what you have not finished 2 Max you can own 2

ERROR: 2020/02/23 19:06:27 workcli.go:421: Task Beyond what you have not finished 2 Max you can own 2

ERROR: 2020/02/23 19:06:28 workcli.go:421: Task Beyond what you have not finished 2 Max you can own 2

ERROR: 2020/02/23 19:06:29 workcli.go:421: Task Beyond what you have not finished 2 Max you can own 2

ERROR: 2020/02/23 19:06:30 workcli.go:421: Task Beyond what you have not finished 2 Max you can own 2

ERROR: 2020/02/23 19:06:31 workcli.go:421: Task Beyond what you have not finished 2 Max you can own 2

ERROR: 2020/02/23 19:06:32 workcli.go:421: Task Beyond what you have not finished 2 Max you can own 2

ERROR: 2020/02/23 19:06:33 workcli.go:421: Task Beyond what you have not finished 2 Max you can own 2

ERROR: 2020/02/23 19:06:34 workcli.go:421: Task Beyond what you have not finished 2 Max you can own 2

ERROR: 2020/02/23 19:06:35 workcli.go:421: Task Beyond what you have not finished 2 Max you can own 2

ERROR: 2020/02/23 19:06:36 workcli.go:421: Task Beyond what you have not finished 2 Max you can own 2

ERROR: 2020/02/23 19:06:37 workcli.go:421: Task Beyond what you have not finished 2 Max you can own 2

ERROR: 2020/02/23 19:06:38 workcli.go:421: Task Beyond what you have not finished 2 Max you can own 2

ERROR: 2020/02/23 19:06:39 workcli.go:421: Task Beyond what you have not finished 2 Max you can own 2

ERROR: 2020/02/23 19:06:40 workcli.go:421: Task Beyond what you have not finished 2 Max you can own 2

ERROR: 2020/02/23 19:06:41 workcli.go:421: Task Beyond what you have not finished 2 Max you can own 2

ERROR: 2020/02/23 19:06:42 workcli.go:421: Task Beyond what you have not finished 2 Max you can own 2

ERROR: 2020/02/23 19:06:43 workcli.go:421: Task Beyond what you have not finished 2 Max you can own 2

ERROR: 2020/02/23 19:06:44 workcli.go:421: Task Beyond what you have not finished 2 Max you can own 2

ERROR: 2020/02/23 19:06:45 workcli.go:421: Task Beyond what you have not finished 2 Max you can own 2

ERROR: 2020/02/23 19:06:46 workcli.go:421: Task Beyond what you have not finished 2 Max you can own 2

ERROR: 2020/02/23 19:06:47 workcli.go:421: Task Beyond what you have not finished 2 Max you can own 2

ERROR: 2020/02/23 19:06:48 workcli.go:421: Task Beyond what you have not finished 2 Max you can own 2

ERROR: 2020/02/23 19:06:49 workcli.go:421: Task Beyond what you have not finished 2 Max you can own 2

ERROR: 2020/02/23 19:06:50 workcli.go:421: Task Beyond what you have not finished 2 Max you can own 2

ERROR: 2020/02/23 19:06:51 workcli.go:421: Task Beyond what you have not finished 2 Max you can own 2

ERROR: 2020/02/23 19:06:52 workcli.go:421: Task Beyond what you have not finished 2 Max you can own 2

ERROR: 2020/02/23 19:06:53 workcli.go:421: Task Beyond what you have not finished 2 Max you can own 2

ERROR: 2020/02/23 19:06:54 workcli.go:421: Task Beyond what you have not finished 2 Max you can own 2

ERROR: 2020/02/23 19:06:55 workcli.go:421: Task Beyond what you have not finished 2 Max you can own 2

ERROR: 2020/02/23 19:06:56 workcli.go:421: Task Beyond what you have not finished 2 Max you can own 2

ERROR: 2020/02/23 19:06:57 workcli.go:421: Task Beyond what you have not finished 2 Max you can own 2

ERROR: 2020/02/23 19:06:58 workcli.go:421: Task Beyond what you have not finished 2 Max you can own 2

ERROR: 2020/02/23 19:06:59 workcli.go:421: Task Beyond what you have not finished 0 Max you can own 2

ERROR: 2020/02/23 19:07:00 workcli.go:421: Task Beyond what you have not finished 0 Max you can own 2

ERROR: 2020/02/23 19:07:01 workcli.go:421: Task Beyond what you have not finished 0 Max you can own 2

ERROR: 2020/02/23 19:07:02 workcli.go:421: Task Beyond what you have not finished 0 Max you can own 2

ERROR: 2020/02/23 19:07:03 workcli.go:421: Task Beyond what you have not finished 0 Max you can own 2

ERROR: 2020/02/23 19:07:04 workcli.go:421: Task Beyond what you have not finished 0 Max you can own 2

ERROR: 2020/02/23 19:07:05 workcli.go:421: Task Beyond what you have not finished 0 Max you can own 2

ERROR: 2020/02/23 19:07:06 workcli.go:421: Task Beyond what you have not finished 0 Max you can own 2

ERROR: 2020/02/23 19:07:07 workcli.go:421: Task Beyond what you have not finished 0 Max you can own 2

ERROR: 2020/02/23 19:07:08 workcli.go:421: Task Beyond what you have not finished 0 Max you can own 2

ERROR: 2020/02/23 19:07:09 workcli.go:421: Task Beyond what you have not finished 0 Max you can own 2

ERROR: 2020/02/23 19:07:10 workcli.go:421: Task Beyond what you have not finished 0 Max you can own 2

ERROR: 2020/02/23 19:13:38 workcli.go:421: Task Beyond what you have not finished 2 Max you can own 2

ERROR: 2020/02/23 19:13:39 workcli.go:421: Task Beyond what you have not finished 2 Max you can own 2

ERROR: 2020/02/23 19:13:40 workcli.go:421: Task Beyond what you have not finished 2 Max you can own 2

ERROR: 2020/02/23 19:13:41 workcli.go:421: Task Beyond what you have not finished 2 Max you can own 2

ERROR: 2020/02/23 19:13:42 workcli.go:421: Task Beyond what you have not finished 2 Max you can own 2

ERROR: 2020/02/23 19:13:43 workcli.go:421: Task Beyond what you have not finished 2 Max you can own 2

ERROR: 2020/02/23 19:13:44 workcli.go:421: Task Beyond what you have not finished 2 Max you can own 2

ERROR: 2020/02/23 19:13:45 workcli.go:421: Task Beyond what you have not finished 2 Max you can own 2

ERROR: 2020/02/23 19:13:46 workcli.go:421: Task Beyond what you have not finished 2 Max you can own 2

ERROR: 2020/02/23 19:17:13 workcli.go:421: Task Beyond what you have not finished 0 Max you can own 2

ERROR: 2020/02/23 19:17:14 workcli.go:421: Task Beyond what you have not finished 0 Max you can own 2

ERROR: 2020/02/23 19:17:15 workcli.go:421: Task Beyond what you have not finished 0 Max you can own 2

ERROR: 2020/02/23 19:17:16 workcli.go:421: Task Beyond what you have not finished 0 Max you can own 2

ERROR: 2020/02/23 19:17:17 workcli.go:421: Task Beyond what you have not finished 0 Max you can own 2

ERROR: 2020/02/23 19:17:18 workcli.go:421: Task Beyond what you have not finished 0 Max you can own 2

ERROR: 2020/02/23 19:17:19 workcli.go:421: Task Beyond what you have not finished 0 Max you can own 2

ERROR: 2020/02/23 19:17:20 workcli.go:421: Task Beyond what you have not finished 0 Max you can own 2

ERROR: 2020/02/23 19:17:21 workcli.go:421: Task Beyond what you have not finished 0 Max you can own 2

ERROR: 2020/02/23 19:17:22 workcli.go:421: Task Beyond what you have not finished 0 Max you can own 2

ERROR: 2020/02/23 19:17:23 workcli.go:421: Task Beyond what you have not finished 0 Max you can own 2

ERROR: 2020/02/23 19:17:24 workcli.go:421: Task Beyond what you have not finished 0 Max you can own 2

ERROR: 2020/02/23 19:17:25 workcli.go:421: Task Beyond what you have not finished 0 Max you can own 2

ERROR: 2020/02/23 19:17:26 workcli.go:421: Task Beyond what you have not finished 0 Max you can own 2

ERROR: 2020/02/23 19:17:27 workcli.go:421: Task Beyond what you have not finished 0 Max you can own 2

ERROR: 2020/02/23 19:17:28 workcli.go:421: Task Beyond what you have not finished 0 Max you can own 2

ERROR: 2020/02/23 19:17:30 workcli.go:421: Task Beyond what you have not finished 0 Max you can own 2

ERROR: 2020/02/23 19:17:31 workcli.go:421: Task Beyond what you have not finished 0 Max you can own 2

ERROR: 2020/02/23 19:17:32 workcli.go:421: Task Beyond what you have not finished 0 Max you can own 2

ERROR: 2020/02/23 19:17:33 workcli.go:421: Task Beyond what you have not finished 0 Max you can own 2

ERROR: 2020/02/23 19:17:34 workcli.go:421: Task Beyond what you have not finished 0 Max you can own 2

ERROR: 2020/02/23 19:17:35 workcli.go:421: Task Beyond what you have not finished 0 Max you can own 2

ERROR: 2020/02/23 19:17:36 workcli.go:421: Task Beyond what you have not finished 0 Max you can own 2

ERROR: 2020/02/23 19:17:37 workcli.go:421: Task Beyond what you have not finished 0 Max you can own 2

ERROR: 2020/02/23 19:17:38 workcli.go:421: Task Beyond what you have not finished 0 Max you can own 2

ERROR: 2020/02/23 19:17:39 workcli.go:421: Task Beyond what you have not finished 0 Max you can own 2

ERROR: 2020/02/23 19:17:40 workcli.go:421: Task Beyond what you have not finished 0 Max you can own 2

ERROR: 2020/02/23 19:17:41 workcli.go:421: Task Beyond what you have not finished 0 Max you can own 2

ERROR: 2020/02/23 19:17:42 workcli.go:421: Task Beyond what you have not finished 0 Max you can own 2

ERROR: 2020/02/23 19:17:43 workcli.go:421: Task Beyond what you have not finished 0 Max you can own 2

ERROR: 2020/02/23 19:17:44 workcli.go:421: Task Beyond what you have not finished 0 Max you can own 2

ERROR: 2020/02/23 19:17:45 workcli.go:421: Task Beyond what you have not finished 0 Max you can own 2

ERROR: 2020/02/23 19:17:46 workcli.go:421: Task Beyond what you have not finished 0 Max you can own 2

ERROR: 2020/02/23 19:17:47 workcli.go:421: Task Beyond what you have not finished 0 Max you can own 2

ERROR: 2020/02/23 19:17:48 workcli.go:421: Task Beyond what you have not finished 0 Max you can own 2

ERROR: 2020/02/23 19:17:49 workcli.go:421: Task Beyond what you have not finished 0 Max you can own 2

ERROR: 2020/02/23 19:17:50 workcli.go:421: Task Beyond what you have not finished 0 Max you can own 2

ERROR: 2020/02/23 19:17:51 workcli.go:421: Task Beyond what you have not finished 0 Max you can own 2

ERROR: 2020/02/23 19:17:52 workcli.go:421: Task Beyond what you have not finished 0 Max you can own 2

ERROR: 2020/02/23 19:17:53 workcli.go:421: Task Beyond what you have not finished 0 Max you can own 2

ERROR: 2020/02/23 19:17:54 workcli.go:421: Task Beyond what you have not finished 0 Max you can own 2

ERROR: 2020/02/23 19:17:55 workcli.go:421: Task Beyond what you have not finished 0 Max you can own 2

ERROR: 2020/02/23 19:17:56 workcli.go:421: Task Beyond what you have not finished 0 Max you can own 2

ERROR: 2020/02/23 19:17:57 workcli.go:421: Task Beyond what you have not finished 0 Max you can own 2

ERROR: 2020/02/23 19:17:58 workcli.go:421: Task Beyond what you have not finished 0 Max you can own 2

ERROR: 2020/02/23 19:17:59 workcli.go:421: Task Beyond what you have not finished 0 Max you can own 2

ERROR: 2020/02/23 19:18:00 workcli.go:421: Task Beyond what you have not finished 0 Max you can own 2

ERROR: 2020/02/23 19:18:01 workcli.go:421: Task Beyond what you have not finished 0 Max you can own 2

ERROR: 2020/02/23 19:18:02 workcli.go:421: Task Beyond what you have not finished 0 Max you can own 2

ERROR: 2020/02/23 19:18:03 workcli.go:421: Task Beyond what you have not finished 0 Max you can own 2

ERROR: 2020/02/23 19:18:04 workcli.go:421: Task Beyond what you have not finished 0 Max you can own 2

ERROR: 2020/02/23 19:18:05 workcli.go:421: Task Beyond what you have not finished 0 Max you can own 2

ERROR: 2020/02/23 19:18:06 workcli.go:421: Task Beyond what you have not finished 0 Max you can own 2

ERROR: 2020/02/23 19:18:07 workcli.go:421: Task Beyond what you have not finished 0 Max you can own 2

ERROR: 2020/02/23 19:18:08 workcli.go:421: Task Beyond what you have not finished 0 Max you can own 2

ERROR: 2020/02/23 19:18:09 workcli.go:421: Task Beyond what you have not finished 0 Max you can own 2

ERROR: 2020/02/23 19:18:10 workcli.go:421: Task Beyond what you have not finished 0 Max you can own 2

ERROR: 2020/02/23 19:18:11 workcli.go:421: Task Beyond what you have not finished 0 Max you can own 2

ERROR: 2020/02/23 19:18:12 workcli.go:421: Task Beyond what you have not finished 0 Max you can own 2

ERROR: 2020/02/23 19:18:13 workcli.go:421: Task Beyond what you have not finished 0 Max you can own 2

ERROR: 2020/02/23 19:18:14 workcli.go:421: Task Beyond what you have not finished 0 Max you can own 2

ERROR: 2020/02/23 19:18:15 workcli.go:421: Task Beyond what you have not finished 0 Max you can own 2

ERROR: 2020/02/23 19:18:16 workcli.go:421: Task Beyond what you have not finished 0 Max you can own 2

ERROR: 2020/02/23 19:18:17 workcli.go:421: Task Beyond what you have not finished 0 Max you can own 2

ERROR: 2020/02/23 19:18:18 workcli.go:421: Task Beyond what you have not finished 0 Max you can own 2

ERROR: 2020/02/23 19:18:19 workcli.go:421: Task Beyond what you have not finished 0 Max you can own 2

ERROR: 2020/02/23 19:18:20 workcli.go:421: Task Beyond what you have not finished 0 Max you can own 2

ERROR: 2020/02/23 19:18:21 workcli.go:421: Task Beyond what you have not finished 0 Max you can own 2

ERROR: 2020/02/23 19:18:22 workcli.go:421: Task Beyond what you have not finished 0 Max you can own 2

ERROR: 2020/02/23 19:18:23 workcli.go:421: Task Beyond what you have not finished 0 Max you can own 2

ERROR: 2020/02/23 19:18:24 workcli.go:421: Task Beyond what you have not finished 0 Max you can own 2

ERROR: 2020/02/23 19:18:25 workcli.go:421: Task Beyond what you have not finished 0 Max you can own 2

ERROR: 2020/02/23 19:18:26 workcli.go:421: Task Beyond what you have not finished 0 Max you can own 2

ERROR: 2020/02/23 19:18:27 workcli.go:421: Task Beyond what you have not finished 0 Max you can own 2

ERROR: 2020/02/23 19:18:28 workcli.go:421: Task Beyond what you have not finished 0 Max you can own 2

ERROR: 2020/02/23 19:18:29 workcli.go:421: Task Beyond what you have not finished 0 Max you can own 2

ERROR: 2020/02/23 19:18:30 workcli.go:421: Task Beyond what you have not finished 0 Max you can own 2

ERROR: 2020/02/23 19:18:31 workcli.go:421: Task Beyond what you have not finished 0 Max you can own 2

ERROR: 2020/02/23 19:18:32 workcli.go:421: Task Beyond what you have not finished 0 Max you can own 2

ERROR: 2020/02/23 19:18:33 workcli.go:421: Task Beyond what you have not finished 0 Max you can own 2

ERROR: 2020/02/23 19:18:34 workcli.go:421: Task Beyond what you have not finished 0 Max you can own 2

ERROR: 2020/02/23 19:18:35 workcli.go:421: Task Beyond what you have not finished 0 Max you can own 2

ERROR: 2020/02/23 19:18:36 workcli.go:421: Task Beyond what you have not finished 0 Max you can own 2

ERROR: 2020/02/23 19:18:37 workcli.go:421: Task Beyond what you have not finished 0 Max you can own 2

ERROR: 2020/02/23 19:18:38 workcli.go:421: Task Beyond what you have not finished 0 Max you can own 2

ERROR: 2020/02/23 19:18:39 workcli.go:421: Task Beyond what you have not finished 0 Max you can own 2

ERROR: 2020/02/23 19:18:40 workcli.go:421: Task Beyond what you have not finished 0 Max you can own 2

ERROR: 2020/02/23 19:18:41 workcli.go:421: Task Beyond what you have not finished 0 Max you can own 2

ERROR: 2020/02/23 19:18:42 workcli.go:421: Task Beyond what you have not finished 0 Max you can own 2

ERROR: 2020/02/23 19:18:43 workcli.go:421: Task Beyond what you have not finished 0 Max you can own 2

ERROR: 2020/02/23 19:18:44 workcli.go:421: Task Beyond what you have not finished 0 Max you can own 2

ERROR: 2020/02/23 19:18:45 workcli.go:421: Task Beyond what you have not finished 0 Max you can own 2

ERROR: 2020/02/23 19:18:46 workcli.go:421: Task Beyond what you have not finished 0 Max you can own 2

ERROR: 2020/02/23 19:18:47 workcli.go:421: Task Beyond what you have not finished 0 Max you can own 2

ERROR: 2020/02/23 19:18:48 workcli.go:421: Task Beyond what you have not finished 0 Max you can own 2

ERROR: 2020/02/23 19:18:49 workcli.go:421: Task Beyond what you have not finished 0 Max you can own 2

ERROR: 2020/02/23 19:18:50 workcli.go:421: Task Beyond what you have not finished 0 Max you can own 2

ERROR: 2020/02/23 19:18:51 workcli.go:421: Task Beyond what you have not finished 0 Max you can own 2

ERROR: 2020/02/23 19:18:52 workcli.go:421: Task Beyond what you have not finished 0 Max you can own 2

ERROR: 2020/02/23 19:18:53 workcli.go:421: Task Beyond what you have not finished 0 Max you can own 2

ERROR: 2020/02/23 19:18:54 workcli.go:421: Task Beyond what you have not finished 0 Max you can own 2

ERROR: 2020/02/23 19:18:55 workcli.go:421: Task Beyond what you have not finished 0 Max you can own 2

ERROR: 2020/02/23 19:18:56 workcli.go:421: Task Beyond what you have not finished 0 Max you can own 2

ERROR: 2020/02/23 19:18:57 workcli.go:421: Task Beyond what you have not finished 0 Max you can own 2

ERROR: 2020/02/23 19:18:58 workcli.go:421: Task Beyond what you have not finished 0 Max you can own 2

ERROR: 2020/02/23 19:18:59 workcli.go:421: Task Beyond what you have not finished 0 Max you can own 2

ERROR: 2020/02/23 19:19:00 workcli.go:421: Task Beyond what you have not finished 0 Max you can own 2

ERROR: 2020/02/23 19:19:01 workcli.go:421: Task Beyond what you have not finished 0 Max you can own 2

ERROR: 2020/02/23 19:19:02 workcli.go:421: Task Beyond what you have not finished 0 Max you can own 2

ERROR: 2020/02/23 19:19:03 workcli.go:421: Task Beyond what you have not finished 0 Max you can own 2

ERROR: 2020/02/23 19:19:04 workcli.go:421: Task Beyond what you have not finished 0 Max you can own 2

ERROR: 2020/02/23 19:19:05 workcli.go:421: Task Beyond what you have not finished 0 Max you can own 2

ERROR: 2020/02/23 19:19:06 workcli.go:421: Task Beyond what you have not finished 0 Max you can own 2

ERROR: 2020/02/23 19:19:07 workcli.go:421: Task Beyond what you have not finished 0 Max you can own 2

ERROR: 2020/02/23 19:19:08 workcli.go:421: Task Beyond what you have not finished 0 Max you can own 2

ERROR: 2020/02/23 19:19:09 workcli.go:421: Task Beyond what you have not finished 0 Max you can own 2

ERROR: 2020/02/23 19:19:10 workcli.go:421: Task Beyond what you have not finished 0 Max you can own 2

ERROR: 2020/02/23 19:19:11 workcli.go:421: Task Beyond what you have not finished 0 Max you can own 2

ERROR: 2020/02/23 19:19:12 workcli.go:421: Task Beyond what you have not finished 0 Max you can own 2

ERROR: 2020/02/23 19:19:13 workcli.go:421: Task Beyond what you have not finished 0 Max you can own 2

ERROR: 2020/02/23 19:19:14 workcli.go:421: Task Beyond what you have not finished 0 Max you can own 2

ERROR: 2020/02/23 19:19:15 workcli.go:421: Task Beyond what you have not finished 0 Max you can own 2

ERROR: 2020/02/23 19:19:16 workcli.go:421: Task Beyond what you have not finished 0 Max you can own 2

ERROR: 2020/02/23 19:19:17 workcli.go:421: Task Beyond what you have not finished 0 Max you can own 2

ERROR: 2020/02/23 19:19:18 workcli.go:421: Task Beyond what you have not finished 0 Max you can own 2

ERROR: 2020/02/23 19:19:19 workcli.go:421: Task Beyond what you have not finished 0 Max you can own 2

ERROR: 2020/02/23 19:19:20 workcli.go:421: Task Beyond what you have not finished 0 Max you can own 2

ERROR: 2020/02/23 19:19:21 workcli.go:421: Task Beyond what you have not finished 0 Max you can own 2

ERROR: 2020/02/23 19:19:22 workcli.go:421: Task Beyond what you have not finished 0 Max you can own 2

ERROR: 2020/02/23 19:19:23 workcli.go:421: Task Beyond what you have not finished 0 Max you can own 2

ERROR: 2020/02/23 19:19:24 workcli.go:421: Task Beyond what you have not finished 0 Max you can own 2

ERROR: 2020/02/23 19:19:25 workcli.go:421: Task Beyond what you have not finished 0 Max you can own 2

ERROR: 2020/02/23 19:19:26 workcli.go:421: Task Beyond what you have not finished 0 Max you can own 2

ERROR: 2020/02/23 19:19:27 workcli.go:421: Task Beyond what you have not finished 0 Max you can own 2

ERROR: 2020/02/23 19:19:28 workcli.go:421: Task Beyond what you have not finished 0 Max you can own 2

ERROR: 2020/02/23 19:19:29 workcli.go:421: Task Beyond what you have not finished 0 Max you can own 2

ERROR: 2020/02/23 19:19:30 workcli.go:421: Task Beyond what you have not finished 0 Max you can own 2

ERROR: 2020/02/23 19:19:31 workcli.go:421: Task Beyond what you have not finished 0 Max you can own 2

ERROR: 2020/02/23 19:19:32 workcli.go:421: Task Beyond what you have not finished 0 Max you can own 2

ERROR: 2020/02/23 19:19:33 workcli.go:421: Task Beyond what you have not finished 0 Max you can own 2

ERROR: 2020/02/23 19:19:34 workcli.go:421: Task Beyond what you have not finished 0 Max you can own 2

ERROR: 2020/02/23 19:19:35 workcli.go:421: Task Beyond what you have not finished 0 Max you can own 2

ERROR: 2020/02/23 19:19:36 workcli.go:421: Task Beyond what you have not finished 0 Max you can own 2

ERROR: 2020/02/23 19:19:37 workcli.go:421: Task Beyond what you have not finished 0 Max you can own 2

ERROR: 2020/02/23 19:19:38 workcli.go:421: Task Beyond what you have not finished 0 Max you can own 2

ERROR: 2020/02/23 19:19:39 workcli.go:421: Task Beyond what you have not finished 0 Max you can own 2

ERROR: 2020/02/23 19:19:40 workcli.go:421: Task Beyond what you have not finished 0 Max you can own 2

ERROR: 2020/02/23 19:19:41 workcli.go:421: Task Beyond what you have not finished 0 Max you can own 2

ERROR: 2020/02/23 19:19:42 workcli.go:421: Task Beyond what you have not finished 0 Max you can own 2

ERROR: 2020/02/23 19:19:43 workcli.go:421: Task Beyond what you have not finished 0 Max you can own 2

ERROR: 2020/02/23 19:19:44 workcli.go:421: Task Beyond what you have not finished 0 Max you can own 2

ERROR: 2020/02/23 19:19:45 workcli.go:421: Task Beyond what you have not finished 0 Max you can own 2

ERROR: 2020/02/23 19:19:46 workcli.go:421: Task Beyond what you have not finished 0 Max you can own 2

ERROR: 2020/02/23 19:19:47 workcli.go:421: Task Beyond what you have not finished 0 Max you can own 2

ERROR: 2020/02/23 19:19:48 workcli.go:421: Task Beyond what you have not finished 0 Max you can own 2

ERROR: 2020/02/23 19:19:49 workcli.go:421: Task Beyond what you have not finished 0 Max you can own 2

ERROR: 2020/02/23 19:19:50 workcli.go:421: Task Beyond what you have not finished 0 Max you can own 2

ERROR: 2020/02/23 19:19:51 workcli.go:421: Task Beyond what you have not finished 0 Max you can own 2

ERROR: 2020/02/23 19:19:52 workcli.go:421: Task Beyond what you have not finished 0 Max you can own 2

ERROR: 2020/02/23 19:19:53 workcli.go:421: Task Beyond what you have not finished 0 Max you can own 2

ERROR: 2020/02/23 19:19:54 workcli.go:421: Task Beyond what you have not finished 0 Max you can own 2

ERROR: 2020/02/23 19:19:55 workcli.go:421: Task Beyond what you have not finished 0 Max you can own 2

ERROR: 2020/02/23 19:19:56 workcli.go:421: Task Beyond what you have not finished 0 Max you can own 2

ERROR: 2020/02/23 19:19:57 workcli.go:421: Task Beyond what you have not finished 0 Max you can own 2

ERROR: 2020/02/23 19:19:58 workcli.go:421: Task Beyond what you have not finished 0 Max you can own 2

ERROR: 2020/02/23 19:19:59 workcli.go:421: Task Beyond what you have not finished 0 Max you can own 2

ERROR: 2020/02/23 19:20:00 workcli.go:421: Task Beyond what you have not finished 0 Max you can own 2

ERROR: 2020/02/23 19:20:01 workcli.go:421: Task Beyond what you have not finished 0 Max you can own 2

ERROR: 2020/02/23 19:20:02 workcli.go:421: Task Beyond what you have not finished 0 Max you can own 2

ERROR: 2020/02/23 19:20:03 workcli.go:421: Task Beyond what you have not finished 0 Max you can own 2

ERROR: 2020/02/23 19:20:04 workcli.go:421: Task Beyond what you have not finished 0 Max you can own 2

ERROR: 2020/02/23 19:20:05 workcli.go:421: Task Beyond what you have not finished 0 Max you can own 2

ERROR: 2020/02/23 19:20:06 workcli.go:421: Task Beyond what you have not finished 0 Max you can own 2

ERROR: 2020/02/23 19:20:07 workcli.go:421: Task Beyond what you have not finished 0 Max you can own 2

ERROR: 2020/02/23 19:20:08 workcli.go:421: Task Beyond what you have not finished 0 Max you can own 2

ERROR: 2020/02/23 19:20:09 workcli.go:421: Task Beyond what you have not finished 0 Max you can own 2

ERROR: 2020/02/23 19:20:10 workcli.go:421: Task Beyond what you have not finished 0 Max you can own 2

ERROR: 2020/02/23 19:20:11 workcli.go:421: Task Beyond what you have not finished 0 Max you can own 2

ERROR: 2020/02/23 19:20:12 workcli.go:421: Task Beyond what you have not finished 0 Max you can own 2

ERROR: 2020/02/23 19:20:13 workcli.go:421: Task Beyond what you have not finished 0 Max you can own 2

ERROR: 2020/02/23 19:20:14 workcli.go:421: Task Beyond what you have not finished 0 Max you can own 2

ERROR: 2020/02/23 19:20:15 workcli.go:421: Task Beyond what you have not finished 0 Max you can own 2

ERROR: 2020/02/23 19:20:16 workcli.go:421: Task Beyond what you have not finished 0 Max you can own 2

ERROR: 2020/02/23 19:20:17 workcli.go:421: Task Beyond what you have not finished 0 Max you can own 2

ERROR: 2020/02/23 19:20:18 workcli.go:421: Task Beyond what you have not finished 0 Max you can own 2

ERROR: 2020/02/23 19:20:19 workcli.go:421: Task Beyond what you have not finished 0 Max you can own 2

ERROR: 2020/02/23 19:20:20 workcli.go:421: Task Beyond what you have not finished 0 Max you can own 2

ERROR: 2020/02/23 19:20:21 workcli.go:421: Task Beyond what you have not finished 0 Max you can own 2

ERROR: 2020/02/23 19:20:22 workcli.go:421: Task Beyond what you have not finished 0 Max you can own 2

ERROR: 2020/02/23 19:20:23 workcli.go:421: Task Beyond what you have not finished 0 Max you can own 2

ERROR: 2020/02/23 19:20:24 workcli.go:421: Task Beyond what you have not finished 0 Max you can own 2

ERROR: 2020/02/23 19:20:25 workcli.go:421: Task Beyond what you have not finished 0 Max you can own 2

ERROR: 2020/02/23 19:20:26 workcli.go:421: Task Beyond what you have not finished 0 Max you can own 2

ERROR: 2020/02/23 19:20:27 workcli.go:421: Task Beyond what you have not finished 0 Max you can own 2

ERROR: 2020/02/23 19:20:28 workcli.go:421: Task Beyond what you have not finished 0 Max you can own 2

ERROR: 2020/02/23 19:20:29 workcli.go:421: Task Beyond what you have not finished 0 Max you can own 2

ERROR: 2020/02/23 19:20:30 workcli.go:421: Task Beyond what you have not finished 0 Max you can own 2

ERROR: 2020/02/23 19:20:31 workcli.go:421: Task Beyond what you have not finished 0 Max you can own 2

ERROR: 2020/02/23 19:20:32 workcli.go:421: Task Beyond what you have not finished 0 Max you can own 2

ERROR: 2020/02/23 19:20:33 workcli.go:421: Task Beyond what you have not finished 0 Max you can own 2

ERROR: 2020/02/23 19:20:34 workcli.go:421: Task Beyond what you have not finished 0 Max you can own 2

ERROR: 2020/02/23 19:20:35 workcli.go:421: Task Beyond what you have not finished 0 Max you can own 2

ERROR: 2020/02/23 19:20:36 workcli.go:421: Task Beyond what you have not finished 0 Max you can own 2

ERROR: 2020/02/23 19:20:37 workcli.go:421: Task Beyond what you have not finished 0 Max you can own 2

ERROR: 2020/02/23 19:20:38 workcli.go:421: Task Beyond what you have not finished 0 Max you can own 2

ERROR: 2020/02/23 19:20:39 workcli.go:421: Task Beyond what you have not finished 0 Max you can own 2

ERROR: 2020/02/23 19:20:40 workcli.go:421: Task Beyond what you have not finished 0 Max you can own 2

ERROR: 2020/02/23 19:20:41 workcli.go:421: Task Beyond what you have not finished 0 Max you can own 2

ERROR: 2020/02/23 19:20:42 workcli.go:421: Task Beyond what you have not finished 0 Max you can own 2

ERROR: 2020/02/23 19:20:43 workcli.go:421: Task Beyond what you have not finished 0 Max you can own 2

ERROR: 2020/02/23 19:20:44 workcli.go:421: Task Beyond what you have not finished 0 Max you can own 2

ERROR: 2020/02/23 19:20:45 workcli.go:421: Task Beyond what you have not finished 0 Max you can own 2

ERROR: 2020/02/23 19:20:46 workcli.go:421: Task Beyond what you have not finished 0 Max you can own 2

ERROR: 2020/02/23 19:20:47 workcli.go:421: Task Beyond what you have not finished 0 Max you can own 2

ERROR: 2020/02/23 19:20:48 workcli.go:421: Task Beyond what you have not finished 0 Max you can own 2

ERROR: 2020/02/23 19:20:49 workcli.go:421: Task Beyond what you have not finished 0 Max you can own 2

ERROR: 2020/02/23 19:20:50 workcli.go:421: Task Beyond what you have not finished 0 Max you can own 2

ERROR: 2020/02/23 19:20:51 workcli.go:421: Task Beyond what you have not finished 0 Max you can own 2

ERROR: 2020/02/23 19:20:52 workcli.go:421: Task Beyond what you have not finished 0 Max you can own 2

ERROR: 2020/02/23 19:20:53 workcli.go:421: Task Beyond what you have not finished 0 Max you can own 2

ERROR: 2020/02/23 19:20:54 workcli.go:421: Task Beyond what you have not finished 0 Max you can own 2

ERROR: 2020/02/23 19:20:55 workcli.go:421: Task Beyond what you have not finished 0 Max you can own 2

ERROR: 2020/02/23 19:20:56 workcli.go:421: Task Beyond what you have not finished 0 Max you can own 2

ERROR: 2020/02/23 19:20:57 workcli.go:421: Task Beyond what you have not finished 0 Max you can own 2

ERROR: 2020/02/23 19:20:58 workcli.go:421: Task Beyond what you have not finished 0 Max you can own 2

ERROR: 2020/02/23 19:20:59 workcli.go:421: Task Beyond what you have not finished 0 Max you can own 2

ERROR: 2020/02/23 19:21:00 workcli.go:421: Task Beyond what you have not finished 0 Max you can own 2

ERROR: 2020/02/23 19:21:01 workcli.go:421: Task Beyond what you have not finished 0 Max you can own 2

ERROR: 2020/02/23 19:21:02 workcli.go:421: Task Beyond what you have not finished 0 Max you can own 2

ERROR: 2020/02/23 19:21:03 workcli.go:421: Task Beyond what you have not finished 0 Max you can own 2

ERROR: 2020/02/23 19:21:04 workcli.go:421: Task Beyond what you have not finished 0 Max you can own 2

ERROR: 2020/02/23 19:21:05 workcli.go:421: Task Beyond what you have not finished 0 Max you can own 2

ERROR: 2020/02/23 19:21:06 workcli.go:421: Task Beyond what you have not finished 0 Max you can own 2

ERROR: 2020/02/23 19:21:07 workcli.go:421: Task Beyond what you have not finished 0 Max you can own 2

ERROR: 2020/02/23 19:21:08 workcli.go:421: Task Beyond what you have not finished 0 Max you can own 2

ERROR: 2020/02/23 19:21:09 workcli.go:421: Task Beyond what you have not finished 0 Max you can own 2

ERROR: 2020/02/23 19:21:10 workcli.go:421: Task Beyond what you have not finished 0 Max you can own 2

ERROR: 2020/02/23 19:21:11 workcli.go:421: Task Beyond what you have not finished 0 Max you can own 2

ERROR: 2020/02/23 19:21:12 workcli.go:421: Task Beyond what you have not finished 0 Max you can own 2

ERROR: 2020/02/23 19:21:13 workcli.go:421: Task Beyond what you have not finished 0 Max you can own 2

ERROR: 2020/02/23 19:21:15 workcli.go:421: Task Beyond what you have not finished 0 Max you can own 2

ERROR: 2020/02/23 19:21:16 workcli.go:421: Task Beyond what you have not finished 0 Max you can own 2

ERROR: 2020/02/23 19:21:17 workcli.go:421: Task Beyond what you have not finished 0 Max you can own 2

ERROR: 2020/02/23 19:21:18 workcli.go:421: Task Beyond what you have not finished 0 Max you can own 2

ERROR: 2020/02/23 19:21:19 workcli.go:421: Task Beyond what you have not finished 0 Max you can own 2

ERROR: 2020/02/23 19:21:20 workcli.go:421: Task Beyond what you have not finished 0 Max you can own 2

ERROR: 2020/02/23 19:21:21 workcli.go:421: Task Beyond what you have not finished 0 Max you can own 2

ERROR: 2020/02/23 19:21:22 workcli.go:421: Task Beyond what you have not finished 0 Max you can own 2

ERROR: 2020/02/23 19:21:23 workcli.go:421: Task Beyond what you have not finished 0 Max you can own 2

ERROR: 2020/02/23 19:21:24 workcli.go:421: Task Beyond what you have not finished 0 Max you can own 2

ERROR: 2020/02/23 19:21:25 workcli.go:421: Task Beyond what you have not finished 0 Max you can own 2

ERROR: 2020/02/23 19:21:26 workcli.go:421: Task Beyond what you have not finished 0 Max you can own 2

ERROR: 2020/02/23 19:21:27 workcli.go:421: Task Beyond what you have not finished 0 Max you can own 2

ERROR: 2020/02/23 19:21:28 workcli.go:421: Task Beyond what you have not finished 0 Max you can own 2

ERROR: 2020/02/23 19:21:29 workcli.go:421: Task Beyond what you have not finished 0 Max you can own 2

ERROR: 2020/02/23 19:21:30 workcli.go:421: Task Beyond what you have not finished 0 Max you can own 2

ERROR: 2020/02/23 19:21:31 workcli.go:421: Task Beyond what you have not finished 0 Max you can own 2

ERROR: 2020/02/23 19:21:32 workcli.go:421: Task Beyond what you have not finished 0 Max you can own 2

ERROR: 2020/02/23 19:21:33 workcli.go:421: Task Beyond what you have not finished 0 Max you can own 2

ERROR: 2020/02/23 19:21:34 workcli.go:421: Task Beyond what you have not finished 0 Max you can own 2

ERROR: 2020/02/23 19:21:35 workcli.go:421: Task Beyond what you have not finished 0 Max you can own 2

ERROR: 2020/02/23 19:21:36 workcli.go:421: Task Beyond what you have not finished 0 Max you can own 2

ERROR: 2020/02/23 19:21:37 workcli.go:421: Task Beyond what you have not finished 0 Max you can own 2

ERROR: 2020/02/23 19:21:38 workcli.go:421: Task Beyond what you have not finished 0 Max you can own 2

ERROR: 2020/02/23 19:21:39 workcli.go:421: Task Beyond what you have not finished 0 Max you can own 2

ERROR: 2020/02/23 19:21:40 workcli.go:421: Task Beyond what you have not finished 0 Max you can own 2

ERROR: 2020/02/23 19:21:41 workcli.go:421: Task Beyond what you have not finished 0 Max you can own 2

ERROR: 2020/02/23 19:21:42 workcli.go:421: Task Beyond what you have not finished 0 Max you can own 2

ERROR: 2020/02/23 19:21:43 workcli.go:421: Task Beyond what you have not finished 0 Max you can own 2

ERROR: 2020/02/23 19:21:44 workcli.go:421: Task Beyond what you have not finished 0 Max you can own 2

ERROR: 2020/02/23 19:21:45 workcli.go:421: Task Beyond what you have not finished 0 Max you can own 2

ERROR: 2020/02/23 19:21:46 workcli.go:421: Task Beyond what you have not finished 0 Max you can own 2

ERROR: 2020/02/23 19:21:47 workcli.go:421: Task Beyond what you have not finished 0 Max you can own 2

ERROR: 2020/02/23 19:21:48 workcli.go:421: Task Beyond what you have not finished 0 Max you can own 2

ERROR: 2020/02/23 19:21:49 workcli.go:421: Task Beyond what you have not finished 0 Max you can own 2

ERROR: 2020/02/23 19:21:50 workcli.go:421: Task Beyond what you have not finished 0 Max you can own 2

ERROR: 2020/02/23 19:21:51 workcli.go:421: Task Beyond what you have not finished 0 Max you can own 2

ERROR: 2020/02/23 19:21:52 workcli.go:421: Task Beyond what you have not finished 0 Max you can own 2

ERROR: 2020/02/23 19:21:53 workcli.go:421: Task Beyond what you have not finished 0 Max you can own 2

ERROR: 2020/02/23 19:21:54 workcli.go:421: Task Beyond what you have not finished 0 Max you can own 2

ERROR: 2020/02/23 19:21:55 workcli.go:421: Task Beyond what you have not finished 0 Max you can own 2

ERROR: 2020/02/23 19:21:56 workcli.go:421: Task Beyond what you have not finished 0 Max you can own 2

ERROR: 2020/02/23 19:21:57 workcli.go:421: Task Beyond what you have not finished 0 Max you can own 2

ERROR: 2020/02/23 19:21:58 workcli.go:421: Task Beyond what you have not finished 0 Max you can own 2

ERROR: 2020/02/23 19:21:59 workcli.go:421: Task Beyond what you have not finished 0 Max you can own 2

ERROR: 2020/02/23 19:22:00 workcli.go:421: Task Beyond what you have not finished 0 Max you can own 2

ERROR: 2020/02/23 19:22:01 workcli.go:421: Task Beyond what you have not finished 0 Max you can own 2

ERROR: 2020/02/23 19:22:02 workcli.go:421: Task Beyond what you have not finished 0 Max you can own 2

ERROR: 2020/02/23 19:22:03 workcli.go:421: Task Beyond what you have not finished 0 Max you can own 2

ERROR: 2020/02/23 19:22:04 workcli.go:421: Task Beyond what you have not finished 0 Max you can own 2

ERROR: 2020/02/23 19:22:05 workcli.go:421: Task Beyond what you have not finished 0 Max you can own 2

ERROR: 2020/02/23 19:22:06 workcli.go:421: Task Beyond what you have not finished 0 Max you can own 2

ERROR: 2020/02/23 19:22:07 workcli.go:421: Task Beyond what you have not finished 0 Max you can own 2

ERROR: 2020/02/23 19:22:08 workcli.go:421: Task Beyond what you have not finished 0 Max you can own 2

ERROR: 2020/02/23 19:22:09 workcli.go:421: Task Beyond what you have not finished 0 Max you can own 2

ERROR: 2020/02/23 19:22:10 workcli.go:421: Task Beyond what you have not finished 0 Max you can own 2

ERROR: 2020/02/23 19:22:11 workcli.go:421: Task Beyond what you have not finished 0 Max you can own 2

ERROR: 2020/02/23 19:22:12 workcli.go:421: Task Beyond what you have not finished 0 Max you can own 2

ERROR: 2020/02/23 19:22:13 workcli.go:421: Task Beyond what you have not finished 0 Max you can own 2

ERROR: 2020/02/23 19:22:14 workcli.go:421: Task Beyond what you have not finished 0 Max you can own 2

ERROR: 2020/02/23 19:22:15 workcli.go:421: Task Beyond what you have not finished 0 Max you can own 2

ERROR: 2020/02/23 19:22:16 workcli.go:421: Task Beyond what you have not finished 0 Max you can own 2

ERROR: 2020/02/23 19:22:17 workcli.go:421: Task Beyond what you have not finished 0 Max you can own 2

ERROR: 2020/02/23 19:22:18 workcli.go:421: Task Beyond what you have not finished 0 Max you can own 2

ERROR: 2020/02/23 19:22:19 workcli.go:421: Task Beyond what you have not finished 0 Max you can own 2

ERROR: 2020/02/23 19:22:20 workcli.go:421: Task Beyond what you have not finished 0 Max you can own 2

ERROR: 2020/02/23 19:22:21 workcli.go:421: Task Beyond what you have not finished 0 Max you can own 2

ERROR: 2020/02/23 19:22:22 workcli.go:421: Task Beyond what you have not finished 0 Max you can own 2

ERROR: 2020/02/23 19:22:23 workcli.go:421: Task Beyond what you have not finished 0 Max you can own 2

ERROR: 2020/02/23 19:22:24 workcli.go:421: Task Beyond what you have not finished 0 Max you can own 2

ERROR: 2020/02/23 19:22:25 workcli.go:421: Task Beyond what you have not finished 0 Max you can own 2

ERROR: 2020/02/23 19:22:26 workcli.go:421: Task Beyond what you have not finished 0 Max you can own 2

ERROR: 2020/02/23 19:22:27 workcli.go:421: Task Beyond what you have not finished 0 Max you can own 2

ERROR: 2020/02/23 19:22:28 workcli.go:421: Task Beyond what you have not finished 0 Max you can own 2

ERROR: 2020/02/23 19:22:29 workcli.go:421: Task Beyond what you have not finished 0 Max you can own 2

ERROR: 2020/02/23 19:22:30 workcli.go:421: Task Beyond what you have not finished 0 Max you can own 2

ERROR: 2020/02/23 19:22:31 workcli.go:421: Task Beyond what you have not finished 0 Max you can own 2

ERROR: 2020/02/23 19:22:32 workcli.go:421: Task Beyond what you have not finished 0 Max you can own 2

ERROR: 2020/02/23 19:22:33 workcli.go:421: Task Beyond what you have not finished 0 Max you can own 2

ERROR: 2020/02/23 19:22:34 workcli.go:421: Task Beyond what you have not finished 0 Max you can own 2

ERROR: 2020/02/23 19:22:35 workcli.go:421: Task Beyond what you have not finished 0 Max you can own 2

ERROR: 2020/02/23 19:22:36 workcli.go:421: Task Beyond what you have not finished 0 Max you can own 2

ERROR: 2020/02/23 19:22:37 workcli.go:421: Task Beyond what you have not finished 0 Max you can own 2

ERROR: 2020/02/23 19:22:38 workcli.go:421: Task Beyond what you have not finished 0 Max you can own 2

ERROR: 2020/02/23 19:22:39 workcli.go:421: Task Beyond what you have not finished 0 Max you can own 2

ERROR: 2020/02/23 19:22:40 workcli.go:421: Task Beyond what you have not finished 0 Max you can own 2

ERROR: 2020/02/23 19:22:41 workcli.go:421: Task Beyond what you have not finished 0 Max you can own 2

ERROR: 2020/02/23 19:22:42 workcli.go:421: Task Beyond what you have not finished 0 Max you can own 2

ERROR: 2020/02/23 19:22:43 workcli.go:421: Task Beyond what you have not finished 0 Max you can own 2

ERROR: 2020/02/23 19:22:44 workcli.go:421: Task Beyond what you have not finished 0 Max you can own 2

ERROR: 2020/02/23 19:22:45 workcli.go:421: Task Beyond what you have not finished 0 Max you can own 2

ERROR: 2020/02/23 19:22:46 workcli.go:421: Task Beyond what you have not finished 0 Max you can own 2

ERROR: 2020/02/23 19:22:47 workcli.go:421: Task Beyond what you have not finished 0 Max you can own 2

ERROR: 2020/02/23 19:22:48 workcli.go:421: Task Beyond what you have not finished 0 Max you can own 2

ERROR: 2020/02/23 19:22:49 workcli.go:421: Task Beyond what you have not finished 0 Max you can own 2

ERROR: 2020/02/23 19:22:50 workcli.go:421: Task Beyond what you have not finished 0 Max you can own 2

ERROR: 2020/02/23 19:22:51 workcli.go:421: Task Beyond what you have not finished 0 Max you can own 2

ERROR: 2020/02/23 19:22:52 workcli.go:421: Task Beyond what you have not finished 0 Max you can own 2

ERROR: 2020/02/23 19:23:59 workcli.go:420: Task Beyond what you have not finished 2 Max you can own 2

ERROR: 2020/02/23 19:24:00 workcli.go:420: Task Beyond what you have not finished 2 Max you can own 2

ERROR: 2020/02/23 19:24:01 workcli.go:420: Task Beyond what you have not finished 2 Max you can own 2

ERROR: 2020/02/23 19:24:04 workcli.go:420: Task Beyond what you have not finished 2 Max you can own 2

ERROR: 2020/02/23 19:24:06 master.go:127: Status TASKTYPE_Finished Can't Invert To Status TASKTYPE_COMMITED
ERROR: 2020/02/23 19:25:30 workcli.go:420: Task Beyond what you have not finished 2 Max you can own 2

ERROR: 2020/02/23 19:25:31 workcli.go:420: Task Beyond what you have not finished 2 Max you can own 2

ERROR: 2020/02/23 19:25:32 workcli.go:420: Task Beyond what you have not finished 2 Max you can own 2

ERROR: 2020/02/23 19:25:33 workcli.go:420: Task Beyond what you have not finished 2 Max you can own 2

ERROR: 2020/02/23 19:25:34 workcli.go:420: Task Beyond what you have not finished 2 Max you can own 2

ERROR: 2020/02/23 19:25:35 workcli.go:420: Task Beyond what you have not finished 2 Max you can own 2

ERROR: 2020/02/23 19:25:36 workcli.go:420: Task Beyond what you have not finished 2 Max you can own 2

ERROR: 2020/02/23 19:25:39 workcli.go:420: Task Beyond what you have not finished 2 Max you can own 2

ERROR: 2020/02/23 19:28:30 workcli.go:422: Task Beyond what you have not finished 2 Max you can own 2

ERROR: 2020/02/23 19:28:31 workcli.go:422: Task Beyond what you have not finished 2 Max you can own 2

ERROR: 2020/02/23 19:28:32 workcli.go:422: Task Beyond what you have not finished 2 Max you can own 2

ERROR: 2020/02/23 19:28:33 workcli.go:422: Task Beyond what you have not finished 2 Max you can own 2

ERROR: 2020/02/23 19:28:34 workcli.go:422: Task Beyond what you have not finished 2 Max you can own 2

ERROR: 2020/02/23 19:28:35 workcli.go:422: Task Beyond what you have not finished 2 Max you can own 2

ERROR: 2020/02/23 19:28:36 workcli.go:422: Task Beyond what you have not finished 2 Max you can own 2

ERROR: 2020/02/23 19:28:38 workcli.go:422: Task Beyond what you have not finished 2 Max you can own 2

ERROR: 2020/02/23 19:28:39 master.go:130: Status TASKTYPE_COMMITED Can't Invert To Status TASKTYPE_COMMITED
ERROR: 2020/02/23 19:28:39 master.go:130: Status TASKTYPE_COMMITED Can't Invert To Status TASKTYPE_COMMITED
ERROR: 2020/02/23 19:28:39 master.go:130: Status TASKTYPE_COMMITED Can't Invert To Status TASKTYPE_COMMITED
ERROR: 2020/02/23 19:28:39 master.go:130: Status TASKTYPE_COMMITED Can't Invert To Status TASKTYPE_COMMITED
ERROR: 2020/02/23 19:28:39 master.go:130: Status TASKTYPE_COMMITED Can't Invert To Status TASKTYPE_COMMITED
ERROR: 2020/02/23 19:28:39 master.go:130: Status TASKTYPE_COMMITED Can't Invert To Status TASKTYPE_COMMITED
ERROR: 2020/02/23 19:28:39 master.go:130: Status TASKTYPE_COMMITED Can't Invert To Status TASKTYPE_COMMITED
ERROR: 2020/02/23 19:28:39 master.go:130: Status TASKTYPE_COMMITED Can't Invert To Status TASKTYPE_COMMITED
ERROR: 2020/02/23 19:28:39 master.go:130: Status TASKTYPE_DELIVERED Can't Invert To Status TASKTYPE_END
ERROR: 2020/02/23 19:28:39 master.go:130: Status TASKTYPE_DELIVERED Can't Invert To Status TASKTYPE_END
ERROR: 2020/02/23 19:28:40 workcli.go:422: Task Beyond what you have not finished 0 Max you can own 2

ERROR: 2020/02/23 19:28:41 workcli.go:422: Task Beyond what you have not finished 0 Max you can own 2

ERROR: 2020/02/23 19:28:42 workcli.go:422: Task Beyond what you have not finished 0 Max you can own 2

ERROR: 2020/02/23 19:28:43 workcli.go:422: Task Beyond what you have not finished 0 Max you can own 2

ERROR: 2020/02/23 19:28:44 workcli.go:422: Task Beyond what you have not finished 0 Max you can own 2

ERROR: 2020/02/23 19:28:45 workcli.go:422: Task Beyond what you have not finished 0 Max you can own 2

ERROR: 2020/02/23 19:28:46 workcli.go:422: Task Beyond what you have not finished 0 Max you can own 2

ERROR: 2020/02/23 19:28:47 workcli.go:422: Task Beyond what you have not finished 0 Max you can own 2

ERROR: 2020/02/23 19:28:48 workcli.go:422: Task Beyond what you have not finished 0 Max you can own 2

ERROR: 2020/02/23 19:28:49 workcli.go:422: Task Beyond what you have not finished 0 Max you can own 2

ERROR: 2020/02/23 19:28:50 workcli.go:422: Task Beyond what you have not finished 0 Max you can own 2

ERROR: 2020/02/23 19:28:51 workcli.go:422: Task Beyond what you have not finished 0 Max you can own 2

ERROR: 2020/02/23 19:28:52 workcli.go:422: Task Beyond what you have not finished 0 Max you can own 2

ERROR: 2020/02/23 19:28:53 workcli.go:422: Task Beyond what you have not finished 0 Max you can own 2

ERROR: 2020/02/23 19:28:54 workcli.go:422: Task Beyond what you have not finished 0 Max you can own 2

ERROR: 2020/02/23 19:28:55 workcli.go:422: Task Beyond what you have not finished 0 Max you can own 2

ERROR: 2020/02/23 19:28:56 workcli.go:422: Task Beyond what you have not finished 0 Max you can own 2

ERROR: 2020/02/23 19:28:57 workcli.go:422: Task Beyond what you have not finished 0 Max you can own 2

ERROR: 2020/02/23 19:28:58 workcli.go:422: Task Beyond what you have not finished 0 Max you can own 2

ERROR: 2020/02/23 19:28:59 workcli.go:422: Task Beyond what you have not finished 0 Max you can own 2

ERROR: 2020/02/23 19:29:00 workcli.go:422: Task Beyond what you have not finished 0 Max you can own 2

ERROR: 2020/02/23 19:29:01 workcli.go:422: Task Beyond what you have not finished 0 Max you can own 2

ERROR: 2020/02/23 19:29:02 workcli.go:422: Task Beyond what you have not finished 0 Max you can own 2

ERROR: 2020/02/23 19:29:03 workcli.go:422: Task Beyond what you have not finished 0 Max you can own 2

ERROR: 2020/02/23 19:29:04 workcli.go:422: Task Beyond what you have not finished 0 Max you can own 2

ERROR: 2020/02/23 19:29:05 workcli.go:422: Task Beyond what you have not finished 0 Max you can own 2

ERROR: 2020/02/23 19:29:06 workcli.go:422: Task Beyond what you have not finished 0 Max you can own 2

ERROR: 2020/02/23 19:29:07 workcli.go:422: Task Beyond what you have not finished 0 Max you can own 2

ERROR: 2020/02/23 19:29:08 workcli.go:422: Task Beyond what you have not finished 0 Max you can own 2

ERROR: 2020/02/23 19:29:09 workcli.go:422: Task Beyond what you have not finished 0 Max you can own 2

ERROR: 2020/02/23 19:29:10 workcli.go:422: Task Beyond what you have not finished 0 Max you can own 2

ERROR: 2020/02/23 19:29:11 workcli.go:422: Task Beyond what you have not finished 0 Max you can own 2

ERROR: 2020/02/23 19:29:12 workcli.go:422: Task Beyond what you have not finished 0 Max you can own 2

ERROR: 2020/02/23 19:29:13 workcli.go:422: Task Beyond what you have not finished 0 Max you can own 2

ERROR: 2020/02/23 19:29:14 workcli.go:422: Task Beyond what you have not finished 0 Max you can own 2

ERROR: 2020/02/23 19:29:15 workcli.go:422: Task Beyond what you have not finished 0 Max you can own 2

ERROR: 2020/02/23 19:29:16 workcli.go:422: Task Beyond what you have not finished 0 Max you can own 2

ERROR: 2020/02/23 19:29:17 workcli.go:422: Task Beyond what you have not finished 0 Max you can own 2

ERROR: 2020/02/23 19:29:18 workcli.go:422: Task Beyond what you have not finished 0 Max you can own 2

ERROR: 2020/02/23 19:29:19 workcli.go:422: Task Beyond what you have not finished 0 Max you can own 2

ERROR: 2020/02/23 19:29:20 workcli.go:422: Task Beyond what you have not finished 0 Max you can own 2

ERROR: 2020/02/23 19:29:21 workcli.go:422: Task Beyond what you have not finished 0 Max you can own 2

ERROR: 2020/02/23 19:29:22 workcli.go:422: Task Beyond what you have not finished 0 Max you can own 2

ERROR: 2020/02/23 19:29:23 workcli.go:422: Task Beyond what you have not finished 0 Max you can own 2

ERROR: 2020/02/23 19:29:24 workcli.go:422: Task Beyond what you have not finished 0 Max you can own 2

ERROR: 2020/02/23 19:29:25 workcli.go:422: Task Beyond what you have not finished 0 Max you can own 2

ERROR: 2020/02/23 19:29:26 workcli.go:422: Task Beyond what you have not finished 0 Max you can own 2

ERROR: 2020/02/23 19:29:27 workcli.go:422: Task Beyond what you have not finished 0 Max you can own 2

ERROR: 2020/02/23 19:29:28 workcli.go:422: Task Beyond what you have not finished 0 Max you can own 2

ERROR: 2020/02/23 19:29:29 workcli.go:422: Task Beyond what you have not finished 0 Max you can own 2

ERROR: 2020/02/23 19:29:30 workcli.go:422: Task Beyond what you have not finished 0 Max you can own 2

ERROR: 2020/02/23 19:29:31 workcli.go:422: Task Beyond what you have not finished 0 Max you can own 2

ERROR: 2020/02/23 19:29:32 workcli.go:422: Task Beyond what you have not finished 0 Max you can own 2

ERROR: 2020/02/23 19:29:33 workcli.go:422: Task Beyond what you have not finished 0 Max you can own 2

ERROR: 2020/02/23 19:29:34 workcli.go:422: Task Beyond what you have not finished 0 Max you can own 2

ERROR: 2020/02/23 19:29:35 workcli.go:422: Task Beyond what you have not finished 0 Max you can own 2

ERROR: 2020/02/23 19:29:36 workcli.go:422: Task Beyond what you have not finished 0 Max you can own 2

ERROR: 2020/02/23 19:29:37 workcli.go:422: Task Beyond what you have not finished 0 Max you can own 2

ERROR: 2020/02/23 19:29:38 workcli.go:422: Task Beyond what you have not finished 0 Max you can own 2

ERROR: 2020/02/23 19:29:39 workcli.go:422: Task Beyond what you have not finished 0 Max you can own 2

ERROR: 2020/02/23 19:29:40 workcli.go:422: Task Beyond what you have not finished 0 Max you can own 2

ERROR: 2020/02/23 19:29:41 workcli.go:422: Task Beyond what you have not finished 0 Max you can own 2

ERROR: 2020/02/23 19:29:42 workcli.go:422: Task Beyond what you have not finished 0 Max you can own 2

ERROR: 2020/02/23 19:29:43 workcli.go:422: Task Beyond what you have not finished 0 Max you can own 2

ERROR: 2020/02/23 19:29:44 workcli.go:422: Task Beyond what you have not finished 0 Max you can own 2

ERROR: 2020/02/23 19:29:45 workcli.go:422: Task Beyond what you have not finished 0 Max you can own 2

ERROR: 2020/02/23 19:29:46 workcli.go:422: Task Beyond what you have not finished 0 Max you can own 2

ERROR: 2020/02/23 19:29:47 workcli.go:422: Task Beyond what you have not finished 0 Max you can own 2

ERROR: 2020/02/23 19:29:48 workcli.go:422: Task Beyond what you have not finished 0 Max you can own 2

ERROR: 2020/02/23 19:29:49 workcli.go:422: Task Beyond what you have not finished 0 Max you can own 2

ERROR: 2020/02/23 19:29:50 workcli.go:422: Task Beyond what you have not finished 0 Max you can own 2

ERROR: 2020/02/23 19:29:51 workcli.go:422: Task Beyond what you have not finished 0 Max you can own 2

ERROR: 2020/02/23 19:29:52 workcli.go:422: Task Beyond what you have not finished 0 Max you can own 2

ERROR: 2020/02/23 19:29:53 workcli.go:422: Task Beyond what you have not finished 0 Max you can own 2

ERROR: 2020/02/23 19:29:54 workcli.go:422: Task Beyond what you have not finished 0 Max you can own 2

ERROR: 2020/02/23 19:29:55 workcli.go:422: Task Beyond what you have not finished 0 Max you can own 2

ERROR: 2020/02/23 19:29:56 workcli.go:422: Task Beyond what you have not finished 0 Max you can own 2

ERROR: 2020/02/23 19:29:57 workcli.go:422: Task Beyond what you have not finished 0 Max you can own 2

ERROR: 2020/02/23 19:29:58 workcli.go:422: Task Beyond what you have not finished 0 Max you can own 2

ERROR: 2020/02/23 19:29:59 workcli.go:422: Task Beyond what you have not finished 0 Max you can own 2

ERROR: 2020/02/23 19:30:00 workcli.go:422: Task Beyond what you have not finished 0 Max you can own 2

ERROR: 2020/02/23 19:30:01 workcli.go:422: Task Beyond what you have not finished 0 Max you can own 2

ERROR: 2020/02/23 19:30:02 workcli.go:422: Task Beyond what you have not finished 0 Max you can own 2

ERROR: 2020/02/23 19:30:03 workcli.go:422: Task Beyond what you have not finished 0 Max you can own 2

ERROR: 2020/02/23 19:30:04 workcli.go:422: Task Beyond what you have not finished 0 Max you can own 2

ERROR: 2020/02/23 19:30:05 workcli.go:422: Task Beyond what you have not finished 0 Max you can own 2

ERROR: 2020/02/23 19:30:06 workcli.go:422: Task Beyond what you have not finished 0 Max you can own 2

ERROR: 2020/02/23 19:30:07 workcli.go:422: Task Beyond what you have not finished 0 Max you can own 2

ERROR: 2020/02/23 19:30:08 workcli.go:422: Task Beyond what you have not finished 0 Max you can own 2

ERROR: 2020/02/23 19:30:09 workcli.go:422: Task Beyond what you have not finished 0 Max you can own 2

ERROR: 2020/02/23 19:30:10 workcli.go:422: Task Beyond what you have not finished 0 Max you can own 2

ERROR: 2020/02/23 19:30:11 workcli.go:422: Task Beyond what you have not finished 0 Max you can own 2

ERROR: 2020/02/23 19:30:12 workcli.go:422: Task Beyond what you have not finished 0 Max you can own 2

ERROR: 2020/02/23 19:30:13 workcli.go:422: Task Beyond what you have not finished 0 Max you can own 2

ERROR: 2020/02/23 19:30:14 workcli.go:422: Task Beyond what you have not finished 0 Max you can own 2

ERROR: 2020/02/23 19:30:15 workcli.go:422: Task Beyond what you have not finished 0 Max you can own 2

ERROR: 2020/02/23 19:30:17 workcli.go:422: Task Beyond what you have not finished 0 Max you can own 2

ERROR: 2020/02/23 19:30:18 workcli.go:422: Task Beyond what you have not finished 0 Max you can own 2

ERROR: 2020/02/23 19:30:19 workcli.go:422: Task Beyond what you have not finished 0 Max you can own 2

ERROR: 2020/02/23 19:30:20 workcli.go:422: Task Beyond what you have not finished 0 Max you can own 2

ERROR: 2020/02/23 19:30:21 workcli.go:422: Task Beyond what you have not finished 0 Max you can own 2

ERROR: 2020/02/23 19:30:22 workcli.go:422: Task Beyond what you have not finished 0 Max you can own 2

ERROR: 2020/02/23 19:30:23 workcli.go:422: Task Beyond what you have not finished 0 Max you can own 2

ERROR: 2020/02/23 19:30:24 workcli.go:422: Task Beyond what you have not finished 0 Max you can own 2

ERROR: 2020/02/23 19:30:25 workcli.go:422: Task Beyond what you have not finished 0 Max you can own 2

ERROR: 2020/02/23 19:30:26 workcli.go:422: Task Beyond what you have not finished 0 Max you can own 2

ERROR: 2020/02/23 19:30:27 workcli.go:422: Task Beyond what you have not finished 0 Max you can own 2

ERROR: 2020/02/23 19:30:28 workcli.go:422: Task Beyond what you have not finished 0 Max you can own 2

ERROR: 2020/02/23 19:30:29 workcli.go:422: Task Beyond what you have not finished 0 Max you can own 2

ERROR: 2020/02/23 19:30:30 workcli.go:422: Task Beyond what you have not finished 0 Max you can own 2

ERROR: 2020/02/23 19:30:31 workcli.go:422: Task Beyond what you have not finished 0 Max you can own 2

ERROR: 2020/02/23 19:30:32 workcli.go:422: Task Beyond what you have not finished 0 Max you can own 2

ERROR: 2020/02/23 19:30:33 workcli.go:422: Task Beyond what you have not finished 0 Max you can own 2

ERROR: 2020/02/23 19:30:34 workcli.go:422: Task Beyond what you have not finished 0 Max you can own 2

ERROR: 2020/02/23 19:30:35 workcli.go:422: Task Beyond what you have not finished 0 Max you can own 2

ERROR: 2020/02/23 19:30:36 workcli.go:422: Task Beyond what you have not finished 0 Max you can own 2

ERROR: 2020/02/23 19:30:37 workcli.go:422: Task Beyond what you have not finished 0 Max you can own 2

ERROR: 2020/02/23 19:30:38 workcli.go:422: Task Beyond what you have not finished 0 Max you can own 2

ERROR: 2020/02/23 19:30:39 workcli.go:422: Task Beyond what you have not finished 0 Max you can own 2

ERROR: 2020/02/23 19:30:40 workcli.go:422: Task Beyond what you have not finished 0 Max you can own 2

ERROR: 2020/02/23 19:30:41 workcli.go:422: Task Beyond what you have not finished 0 Max you can own 2

ERROR: 2020/02/23 19:30:42 workcli.go:422: Task Beyond what you have not finished 0 Max you can own 2

ERROR: 2020/02/23 19:30:43 workcli.go:422: Task Beyond what you have not finished 0 Max you can own 2

ERROR: 2020/02/23 19:30:44 workcli.go:422: Task Beyond what you have not finished 0 Max you can own 2

ERROR: 2020/02/23 19:30:45 workcli.go:422: Task Beyond what you have not finished 0 Max you can own 2

ERROR: 2020/02/23 19:30:46 workcli.go:422: Task Beyond what you have not finished 0 Max you can own 2

ERROR: 2020/02/23 19:30:47 workcli.go:422: Task Beyond what you have not finished 0 Max you can own 2

ERROR: 2020/02/23 19:30:48 workcli.go:422: Task Beyond what you have not finished 0 Max you can own 2

ERROR: 2020/02/23 19:30:49 workcli.go:422: Task Beyond what you have not finished 0 Max you can own 2

ERROR: 2020/02/23 19:30:50 workcli.go:422: Task Beyond what you have not finished 0 Max you can own 2

ERROR: 2020/02/23 19:30:51 workcli.go:422: Task Beyond what you have not finished 0 Max you can own 2

ERROR: 2020/02/23 19:30:52 workcli.go:422: Task Beyond what you have not finished 0 Max you can own 2

ERROR: 2020/02/23 19:30:53 workcli.go:422: Task Beyond what you have not finished 0 Max you can own 2

ERROR: 2020/02/23 19:30:54 workcli.go:422: Task Beyond what you have not finished 0 Max you can own 2

ERROR: 2020/02/23 19:30:55 workcli.go:422: Task Beyond what you have not finished 0 Max you can own 2

ERROR: 2020/02/23 19:30:56 workcli.go:422: Task Beyond what you have not finished 0 Max you can own 2

ERROR: 2020/02/23 19:30:57 workcli.go:422: Task Beyond what you have not finished 0 Max you can own 2

ERROR: 2020/02/23 19:30:58 workcli.go:422: Task Beyond what you have not finished 0 Max you can own 2

ERROR: 2020/02/23 19:30:59 workcli.go:422: Task Beyond what you have not finished 0 Max you can own 2

ERROR: 2020/02/23 19:31:00 workcli.go:422: Task Beyond what you have not finished 0 Max you can own 2

ERROR: 2020/02/23 19:31:01 workcli.go:422: Task Beyond what you have not finished 0 Max you can own 2

ERROR: 2020/02/23 19:31:02 workcli.go:422: Task Beyond what you have not finished 0 Max you can own 2

ERROR: 2020/02/23 19:31:03 workcli.go:422: Task Beyond what you have not finished 0 Max you can own 2

ERROR: 2020/02/23 19:31:04 workcli.go:422: Task Beyond what you have not finished 0 Max you can own 2

ERROR: 2020/02/23 19:31:05 workcli.go:422: Task Beyond what you have not finished 0 Max you can own 2

ERROR: 2020/02/23 19:31:32 workcli.go:421: Task Beyond what you have not finished 2 Max you can own 2

ERROR: 2020/02/23 19:31:33 workcli.go:421: Task Beyond what you have not finished 2 Max you can own 2

ERROR: 2020/02/23 19:31:34 workcli.go:421: Task Beyond what you have not finished 2 Max you can own 2

ERROR: 2020/02/23 19:31:35 workcli.go:421: Task Beyond what you have not finished 2 Max you can own 2

ERROR: 2020/02/23 19:31:36 workcli.go:421: Task Beyond what you have not finished 2 Max you can own 2

ERROR: 2020/02/23 19:31:37 workcli.go:421: Task Beyond what you have not finished 2 Max you can own 2

ERROR: 2020/02/23 19:31:38 workcli.go:421: Task Beyond what you have not finished 2 Max you can own 2

ERROR: 2020/02/23 19:31:43 workcli.go:421: Task Beyond what you have not finished 2 Max you can own 2

ERROR: 2020/02/23 19:32:45 master.go:130: Status TASKTYPE_COMMITED Can't Invert To Status TASKTYPE_COMMITED
ERROR: 2020/02/23 19:32:45 master.go:130: Status TASKTYPE_COMMITED Can't Invert To Status TASKTYPE_COMMITED
ERROR: 2020/02/23 19:32:45 master.go:130: Status TASKTYPE_COMMITED Can't Invert To Status TASKTYPE_COMMITED
ERROR: 2020/02/23 19:32:45 master.go:130: Status TASKTYPE_COMMITED Can't Invert To Status TASKTYPE_COMMITED
ERROR: 2020/02/23 19:32:45 master.go:130: Status TASKTYPE_COMMITED Can't Invert To Status TASKTYPE_COMMITED
ERROR: 2020/02/23 19:32:45 master.go:130: Status TASKTYPE_COMMITED Can't Invert To Status TASKTYPE_COMMITED
ERROR: 2020/02/23 19:32:45 master.go:130: Status TASKTYPE_COMMITED Can't Invert To Status TASKTYPE_COMMITED
ERROR: 2020/02/23 19:34:18 workcli.go:421: Task Beyond what you have not finished 0 Max you can own 2

ERROR: 2020/02/23 19:36:06 workcli.go:421: Task Beyond what you have not finished 0 Max you can own 2

ERROR: 2020/02/23 19:36:07 workcli.go:421: Task Beyond what you have not finished 0 Max you can own 2

ERROR: 2020/02/23 19:36:08 workcli.go:421: Task Beyond what you have not finished 0 Max you can own 2

ERROR: 2020/02/23 19:36:09 workcli.go:421: Task Beyond what you have not finished 0 Max you can own 2

ERROR: 2020/02/23 19:36:10 workcli.go:421: Task Beyond what you have not finished 0 Max you can own 2

ERROR: 2020/02/23 19:36:25 workcli.go:421: Task Beyond what you have not finished 0 Max you can own 2

ERROR: 2020/02/23 19:36:43 workcli.go:421: Task Beyond what you have not finished 0 Max you can own 2

ERROR: 2020/02/23 19:36:44 workcli.go:421: Task Beyond what you have not finished 0 Max you can own 2

ERROR: 2020/02/23 19:36:45 workcli.go:421: Task Beyond what you have not finished 0 Max you can own 2

ERROR: 2020/02/23 19:36:46 workcli.go:421: Task Beyond what you have not finished 0 Max you can own 2

ERROR: 2020/02/23 19:36:47 workcli.go:421: Task Beyond what you have not finished 0 Max you can own 2

ERROR: 2020/02/23 19:36:48 workcli.go:421: Task Beyond what you have not finished 0 Max you can own 2

ERROR: 2020/02/23 19:36:49 workcli.go:421: Task Beyond what you have not finished 0 Max you can own 2

ERROR: 2020/02/23 19:36:50 workcli.go:421: Task Beyond what you have not finished 0 Max you can own 2

ERROR: 2020/02/23 19:40:05 workcli.go:421: Task Beyond what you have not finished 2 Max you can own 2

ERROR: 2020/02/23 19:40:06 workcli.go:421: Task Beyond what you have not finished 2 Max you can own 2

ERROR: 2020/02/23 19:40:07 workcli.go:421: Task Beyond what you have not finished 2 Max you can own 2

ERROR: 2020/02/23 19:40:08 workcli.go:421: Task Beyond what you have not finished 2 Max you can own 2

ERROR: 2020/02/23 19:40:09 workcli.go:421: Task Beyond what you have not finished 2 Max you can own 2

ERROR: 2020/02/23 19:40:10 workcli.go:421: Task Beyond what you have not finished 2 Max you can own 2

ERROR: 2020/02/23 19:40:11 workcli.go:421: Task Beyond what you have not finished 2 Max you can own 2

ERROR: 2020/02/23 19:40:12 master.go:130: Status TASKTYPE_COMMITED Can't Invert To Status TASKTYPE_COMMITED
ERROR: 2020/02/23 19:40:12 master.go:130: Status TASKTYPE_COMMITED Can't Invert To Status TASKTYPE_COMMITED
ERROR: 2020/02/23 19:40:12 master.go:130: Status TASKTYPE_COMMITED Can't Invert To Status TASKTYPE_COMMITED
ERROR: 2020/02/23 19:40:12 master.go:130: Status TASKTYPE_COMMITED Can't Invert To Status TASKTYPE_COMMITED
ERROR: 2020/02/23 19:40:12 master.go:130: Status TASKTYPE_COMMITED Can't Invert To Status TASKTYPE_COMMITED
ERROR: 2020/02/23 19:40:12 master.go:130: Status TASKTYPE_COMMITED Can't Invert To Status TASKTYPE_COMMITED
ERROR: 2020/02/23 19:40:12 workcli.go:421: Task Beyond what you have not finished 2 Max you can own 2

ERROR: 2020/02/23 19:40:34 master.go:130: Status TASKTYPE_DELIVERED Can't Invert To Status TASKTYPE_END
ERROR: 2020/02/23 19:41:40 workcli.go:421: Reply Message Invalid!
ERROR: 2020/02/23 19:42:00 workcli.go:421: Task Beyond what you have not finished 2 Max you can own 2

ERROR: 2020/02/23 19:42:01 workcli.go:421: Task Beyond what you have not finished 2 Max you can own 2

ERROR: 2020/02/23 19:42:02 workcli.go:421: Task Beyond what you have not finished 2 Max you can own 2

ERROR: 2020/02/23 19:42:03 workcli.go:421: Task Beyond what you have not finished 2 Max you can own 2

ERROR: 2020/02/23 19:42:04 workcli.go:421: Task Beyond what you have not finished 2 Max you can own 2

ERROR: 2020/02/23 19:42:05 workcli.go:421: Task Beyond what you have not finished 2 Max you can own 2

ERROR: 2020/02/23 19:42:06 workcli.go:421: Task Beyond what you have not finished 2 Max you can own 2

ERROR: 2020/02/23 19:42:07 master.go:131: Status TASKTYPE_COMMITED Can't Invert To Status TASKTYPE_COMMITED
ERROR: 2020/02/23 19:42:07 master.go:131: Status TASKTYPE_COMMITED Can't Invert To Status TASKTYPE_COMMITED
ERROR: 2020/02/23 19:42:07 master.go:131: Status TASKTYPE_COMMITED Can't Invert To Status TASKTYPE_COMMITED
ERROR: 2020/02/23 19:42:07 master.go:131: Status TASKTYPE_COMMITED Can't Invert To Status TASKTYPE_COMMITED
ERROR: 2020/02/23 19:42:07 master.go:131: Status TASKTYPE_COMMITED Can't Invert To Status TASKTYPE_COMMITED
ERROR: 2020/02/23 19:42:07 master.go:131: Status TASKTYPE_COMMITED Can't Invert To Status TASKTYPE_COMMITED
ERROR: 2020/02/23 19:42:07 workcli.go:421: Task Beyond what you have not finished 2 Max you can own 2

ERROR: 2020/02/23 19:42:27 workcli.go:421: Task Beyond what you have not finished 0 Max you can own 2

ERROR: 2020/02/23 19:42:28 workcli.go:421: Task Beyond what you have not finished 0 Max you can own 2

ERROR: 2020/02/23 19:42:29 workcli.go:421: Task Beyond what you have not finished 0 Max you can own 2

ERROR: 2020/02/23 19:42:30 workcli.go:421: Task Beyond what you have not finished 0 Max you can own 2

ERROR: 2020/02/23 19:42:31 workcli.go:421: Task Beyond what you have not finished 0 Max you can own 2

ERROR: 2020/02/23 19:42:32 workcli.go:421: Task Beyond what you have not finished 0 Max you can own 2

ERROR: 2020/02/23 19:42:33 workcli.go:421: Task Beyond what you have not finished 0 Max you can own 2

ERROR: 2020/02/23 19:42:34 workcli.go:421: Task Beyond what you have not finished 0 Max you can own 2

ERROR: 2020/02/23 19:42:35 workcli.go:421: Task Beyond what you have not finished 0 Max you can own 2

ERROR: 2020/02/23 19:42:36 workcli.go:421: Task Beyond what you have not finished 0 Max you can own 2

ERROR: 2020/02/23 19:42:37 workcli.go:421: Task Beyond what you have not finished 0 Max you can own 2

ERROR: 2020/02/23 19:42:38 workcli.go:421: Task Beyond what you have not finished 0 Max you can own 2

ERROR: 2020/02/23 19:42:39 workcli.go:421: Task Beyond what you have not finished 0 Max you can own 2

ERROR: 2020/02/23 19:42:40 workcli.go:421: Task Beyond what you have not finished 0 Max you can own 2

ERROR: 2020/02/23 19:42:41 workcli.go:421: Task Beyond what you have not finished 0 Max you can own 2

ERROR: 2020/02/23 19:42:42 workcli.go:421: Task Beyond what you have not finished 0 Max you can own 2

ERROR: 2020/02/23 19:42:43 workcli.go:421: Task Beyond what you have not finished 0 Max you can own 2

ERROR: 2020/02/23 19:42:44 workcli.go:421: Task Beyond what you have not finished 0 Max you can own 2

ERROR: 2020/02/23 19:42:45 workcli.go:421: Task Beyond what you have not finished 0 Max you can own 2

ERROR: 2020/02/23 19:42:46 workcli.go:421: Task Beyond what you have not finished 0 Max you can own 2

ERROR: 2020/02/23 19:42:47 workcli.go:421: Task Beyond what you have not finished 0 Max you can own 2

ERROR: 2020/02/23 19:42:48 workcli.go:421: Task Beyond what you have not finished 0 Max you can own 2

ERROR: 2020/02/23 19:42:49 workcli.go:421: Task Beyond what you have not finished 0 Max you can own 2

ERROR: 2020/02/23 19:42:50 workcli.go:421: Task Beyond what you have not finished 0 Max you can own 2

ERROR: 2020/02/23 19:42:51 workcli.go:421: Task Beyond what you have not finished 0 Max you can own 2

ERROR: 2020/02/23 19:42:52 workcli.go:421: Task Beyond what you have not finished 0 Max you can own 2

ERROR: 2020/02/23 19:42:53 workcli.go:421: Task Beyond what you have not finished 0 Max you can own 2

ERROR: 2020/02/23 19:42:54 workcli.go:421: Task Beyond what you have not finished 0 Max you can own 2

ERROR: 2020/02/23 19:42:55 workcli.go:421: Task Beyond what you have not finished 0 Max you can own 2

ERROR: 2020/02/23 19:42:56 workcli.go:421: Task Beyond what you have not finished 0 Max you can own 2

ERROR: 2020/02/23 19:42:57 workcli.go:421: Task Beyond what you have not finished 0 Max you can own 2

ERROR: 2020/02/23 19:42:58 workcli.go:421: Task Beyond what you have not finished 0 Max you can own 2

ERROR: 2020/02/23 19:42:59 workcli.go:421: Task Beyond what you have not finished 0 Max you can own 2

ERROR: 2020/02/23 19:43:00 workcli.go:421: Task Beyond what you have not finished 0 Max you can own 2

ERROR: 2020/02/23 19:43:01 workcli.go:421: Task Beyond what you have not finished 0 Max you can own 2

ERROR: 2020/02/23 19:43:02 workcli.go:421: Task Beyond what you have not finished 0 Max you can own 2

ERROR: 2020/02/23 19:43:03 workcli.go:421: Task Beyond what you have not finished 0 Max you can own 2

ERROR: 2020/02/23 19:43:04 workcli.go:421: Task Beyond what you have not finished 0 Max you can own 2

ERROR: 2020/02/23 19:43:05 workcli.go:421: Task Beyond what you have not finished 0 Max you can own 2

ERROR: 2020/02/23 19:43:06 workcli.go:421: Task Beyond what you have not finished 0 Max you can own 2

ERROR: 2020/02/23 19:43:07 workcli.go:421: Task Beyond what you have not finished 0 Max you can own 2

ERROR: 2020/02/23 19:43:08 workcli.go:421: Task Beyond what you have not finished 0 Max you can own 2

ERROR: 2020/02/23 19:43:09 workcli.go:421: Task Beyond what you have not finished 0 Max you can own 2

ERROR: 2020/02/23 19:43:10 workcli.go:421: Task Beyond what you have not finished 0 Max you can own 2

ERROR: 2020/02/23 19:43:11 workcli.go:421: Task Beyond what you have not finished 0 Max you can own 2

ERROR: 2020/02/23 19:43:12 workcli.go:421: Task Beyond what you have not finished 0 Max you can own 2

ERROR: 2020/02/23 19:43:13 workcli.go:421: Task Beyond what you have not finished 0 Max you can own 2

ERROR: 2020/02/23 19:43:14 workcli.go:421: Task Beyond what you have not finished 0 Max you can own 2

ERROR: 2020/02/23 19:43:15 workcli.go:421: Task Beyond what you have not finished 0 Max you can own 2

ERROR: 2020/02/23 19:43:16 workcli.go:421: Task Beyond what you have not finished 0 Max you can own 2

ERROR: 2020/02/23 19:43:17 workcli.go:421: Task Beyond what you have not finished 0 Max you can own 2

ERROR: 2020/02/23 19:43:18 workcli.go:421: Task Beyond what you have not finished 0 Max you can own 2

ERROR: 2020/02/23 19:43:19 workcli.go:421: Task Beyond what you have not finished 0 Max you can own 2

ERROR: 2020/02/23 19:43:20 workcli.go:421: Task Beyond what you have not finished 0 Max you can own 2

ERROR: 2020/02/23 19:43:21 workcli.go:421: Task Beyond what you have not finished 0 Max you can own 2

ERROR: 2020/02/23 19:43:22 workcli.go:421: Task Beyond what you have not finished 0 Max you can own 2

ERROR: 2020/02/23 19:43:23 workcli.go:421: Task Beyond what you have not finished 0 Max you can own 2

ERROR: 2020/02/23 19:43:24 workcli.go:421: Task Beyond what you have not finished 0 Max you can own 2

ERROR: 2020/02/23 19:43:25 workcli.go:421: Task Beyond what you have not finished 0 Max you can own 2

ERROR: 2020/02/23 19:43:26 workcli.go:421: Task Beyond what you have not finished 0 Max you can own 2

ERROR: 2020/02/23 19:43:27 workcli.go:421: Task Beyond what you have not finished 0 Max you can own 2

ERROR: 2020/02/23 19:46:52 workcli.go:421: Reply Message Invalid!
ERROR: 2020/02/23 19:49:22 workcli.go:421: Task Beyond what you have not finished 2 Max you can own 2

ERROR: 2020/02/23 19:49:23 workcli.go:421: Task Beyond what you have not finished 2 Max you can own 2

ERROR: 2020/02/23 19:49:24 workcli.go:421: Task Beyond what you have not finished 2 Max you can own 2

ERROR: 2020/02/23 19:49:25 workcli.go:421: Task Beyond what you have not finished 2 Max you can own 2

ERROR: 2020/02/23 19:49:26 workcli.go:421: Task Beyond what you have not finished 2 Max you can own 2

ERROR: 2020/02/23 19:49:27 workcli.go:421: Task Beyond what you have not finished 2 Max you can own 2

ERROR: 2020/02/23 19:49:28 workcli.go:421: Task Beyond what you have not finished 2 Max you can own 2

ERROR: 2020/02/23 19:49:29 master.go:131: Status TASKTYPE_COMMITED Can't Invert To Status TASKTYPE_COMMITED
ERROR: 2020/02/23 19:49:29 master.go:131: Status TASKTYPE_COMMITED Can't Invert To Status TASKTYPE_COMMITED
ERROR: 2020/02/23 19:49:29 master.go:131: Status TASKTYPE_COMMITED Can't Invert To Status TASKTYPE_COMMITED
ERROR: 2020/02/23 19:49:29 master.go:131: Status TASKTYPE_COMMITED Can't Invert To Status TASKTYPE_COMMITED
ERROR: 2020/02/23 19:49:29 master.go:131: Status TASKTYPE_COMMITED Can't Invert To Status TASKTYPE_COMMITED
ERROR: 2020/02/23 19:49:29 master.go:131: Status TASKTYPE_COMMITED Can't Invert To Status TASKTYPE_COMMITED
ERROR: 2020/02/23 19:49:29 workcli.go:421: Task Beyond what you have not finished 2 Max you can own 2

ERROR: 2020/02/23 19:49:30 workcli.go:421: Task Beyond what you have not finished 0 Max you can own 2

ERROR: 2020/02/23 19:49:31 workcli.go:421: Task Beyond what you have not finished 0 Max you can own 2

ERROR: 2020/02/23 19:49:32 workcli.go:421: Task Beyond what you have not finished 0 Max you can own 2

ERROR: 2020/02/23 19:49:33 workcli.go:421: Task Beyond what you have not finished 0 Max you can own 2

ERROR: 2020/02/23 19:49:34 workcli.go:421: Task Beyond what you have not finished 0 Max you can own 2

ERROR: 2020/02/23 19:49:35 workcli.go:421: Task Beyond what you have not finished 0 Max you can own 2

ERROR: 2020/02/23 19:49:36 workcli.go:421: Task Beyond what you have not finished 0 Max you can own 2

ERROR: 2020/02/23 19:49:37 workcli.go:421: Task Beyond what you have not finished 0 Max you can own 2

ERROR: 2020/02/23 19:49:38 workcli.go:421: Task Beyond what you have not finished 0 Max you can own 2

ERROR: 2020/02/23 19:49:39 workcli.go:421: Task Beyond what you have not finished 0 Max you can own 2

ERROR: 2020/02/23 19:49:40 workcli.go:421: Task Beyond what you have not finished 0 Max you can own 2

ERROR: 2020/02/23 19:49:41 workcli.go:421: Task Beyond what you have not finished 0 Max you can own 2

ERROR: 2020/02/23 19:49:42 workcli.go:421: Task Beyond what you have not finished 0 Max you can own 2

ERROR: 2020/02/23 19:49:43 workcli.go:421: Task Beyond what you have not finished 0 Max you can own 2

ERROR: 2020/02/23 19:49:44 workcli.go:421: Task Beyond what you have not finished 0 Max you can own 2

ERROR: 2020/02/23 19:49:45 workcli.go:421: Task Beyond what you have not finished 0 Max you can own 2

ERROR: 2020/02/23 19:49:46 workcli.go:421: Task Beyond what you have not finished 0 Max you can own 2

ERROR: 2020/02/23 19:49:47 workcli.go:421: Task Beyond what you have not finished 0 Max you can own 2

ERROR: 2020/02/23 19:49:48 workcli.go:421: Task Beyond what you have not finished 0 Max you can own 2

ERROR: 2020/02/23 19:49:49 workcli.go:421: Task Beyond what you have not finished 0 Max you can own 2

ERROR: 2020/02/23 19:49:50 workcli.go:421: Task Beyond what you have not finished 0 Max you can own 2

ERROR: 2020/02/23 19:49:51 workcli.go:421: Task Beyond what you have not finished 0 Max you can own 2

ERROR: 2020/02/23 19:49:52 workcli.go:421: Task Beyond what you have not finished 0 Max you can own 2

ERROR: 2020/02/23 19:49:53 workcli.go:421: Task Beyond what you have not finished 0 Max you can own 2

ERROR: 2020/02/23 19:52:21 workcli.go:421: Task Beyond what you have not finished 2 Max you can own 2

ERROR: 2020/02/23 19:52:22 workcli.go:421: Task Beyond what you have not finished 2 Max you can own 2

ERROR: 2020/02/23 19:52:23 workcli.go:421: Task Beyond what you have not finished 2 Max you can own 2

ERROR: 2020/02/23 19:52:24 workcli.go:421: Task Beyond what you have not finished 2 Max you can own 2

ERROR: 2020/02/23 19:52:25 workcli.go:421: Task Beyond what you have not finished 2 Max you can own 2

ERROR: 2020/02/23 19:52:26 workcli.go:421: Task Beyond what you have not finished 2 Max you can own 2

ERROR: 2020/02/23 19:52:27 workcli.go:421: Task Beyond what you have not finished 2 Max you can own 2

ERROR: 2020/02/23 19:52:28 master.go:131: Status TASKTYPE_COMMITED Can't Invert To Status TASKTYPE_COMMITED
ERROR: 2020/02/23 19:52:28 master.go:131: Status TASKTYPE_COMMITED Can't Invert To Status TASKTYPE_COMMITED
ERROR: 2020/02/23 19:52:28 master.go:131: Status TASKTYPE_COMMITED Can't Invert To Status TASKTYPE_COMMITED
ERROR: 2020/02/23 19:52:28 master.go:131: Status TASKTYPE_COMMITED Can't Invert To Status TASKTYPE_COMMITED
ERROR: 2020/02/23 19:52:28 master.go:131: Status TASKTYPE_COMMITED Can't Invert To Status TASKTYPE_COMMITED
ERROR: 2020/02/23 19:52:28 master.go:131: Status TASKTYPE_COMMITED Can't Invert To Status TASKTYPE_COMMITED
ERROR: 2020/02/23 19:52:28 workcli.go:421: Task Beyond what you have not finished 2 Max you can own 2

ERROR: 2020/02/23 19:52:39 workcli.go:421: Task Beyond what you have not finished 0 Max you can own 2

ERROR: 2020/02/23 19:52:40 workcli.go:421: Task Beyond what you have not finished 0 Max you can own 2

ERROR: 2020/02/23 19:52:41 workcli.go:421: Task Beyond what you have not finished 0 Max you can own 2

ERROR: 2020/02/23 19:52:42 workcli.go:421: Task Beyond what you have not finished 0 Max you can own 2

ERROR: 2020/02/23 19:52:43 workcli.go:421: Task Beyond what you have not finished 0 Max you can own 2

ERROR: 2020/02/23 19:52:44 workcli.go:421: Task Beyond what you have not finished 0 Max you can own 2

ERROR: 2020/02/23 19:52:45 workcli.go:421: Task Beyond what you have not finished 0 Max you can own 2

ERROR: 2020/02/23 19:52:46 workcli.go:421: Task Beyond what you have not finished 0 Max you can own 2

ERROR: 2020/02/23 19:52:47 workcli.go:421: Task Beyond what you have not finished 0 Max you can own 2

ERROR: 2020/02/23 19:52:48 workcli.go:421: Task Beyond what you have not finished 0 Max you can own 2

ERROR: 2020/02/23 19:52:49 workcli.go:421: Task Beyond what you have not finished 0 Max you can own 2

ERROR: 2020/02/23 19:52:50 workcli.go:421: Task Beyond what you have not finished 0 Max you can own 2

ERROR: 2020/02/23 19:52:51 workcli.go:421: Task Beyond what you have not finished 0 Max you can own 2

ERROR: 2020/02/23 19:52:52 workcli.go:421: Task Beyond what you have not finished 0 Max you can own 2

ERROR: 2020/02/23 19:52:53 workcli.go:421: Task Beyond what you have not finished 0 Max you can own 2

ERROR: 2020/02/23 19:52:54 workcli.go:421: Task Beyond what you have not finished 0 Max you can own 2

ERROR: 2020/02/23 19:52:55 workcli.go:421: Task Beyond what you have not finished 0 Max you can own 2

ERROR: 2020/02/23 19:52:56 workcli.go:421: Task Beyond what you have not finished 0 Max you can own 2

ERROR: 2020/02/23 19:54:44 workcli.go:421: Task Beyond what you have not finished 2 Max you can own 2

ERROR: 2020/02/23 19:54:45 workcli.go:421: Task Beyond what you have not finished 2 Max you can own 2

ERROR: 2020/02/23 19:54:46 workcli.go:421: Task Beyond what you have not finished 2 Max you can own 2

ERROR: 2020/02/23 19:54:47 workcli.go:421: Task Beyond what you have not finished 2 Max you can own 2

ERROR: 2020/02/23 19:54:48 workcli.go:421: Task Beyond what you have not finished 2 Max you can own 2

ERROR: 2020/02/23 19:54:49 workcli.go:421: Task Beyond what you have not finished 2 Max you can own 2

ERROR: 2020/02/23 19:54:50 workcli.go:421: Task Beyond what you have not finished 2 Max you can own 2

ERROR: 2020/02/23 19:54:51 master.go:131: Status TASKTYPE_COMMITED Can't Invert To Status TASKTYPE_COMMITED
ERROR: 2020/02/23 19:54:51 master.go:131: Status TASKTYPE_COMMITED Can't Invert To Status TASKTYPE_COMMITED
ERROR: 2020/02/23 19:54:51 master.go:131: Status TASKTYPE_COMMITED Can't Invert To Status TASKTYPE_COMMITED
ERROR: 2020/02/23 19:54:51 master.go:131: Status TASKTYPE_COMMITED Can't Invert To Status TASKTYPE_COMMITED
ERROR: 2020/02/23 19:54:51 master.go:131: Status TASKTYPE_COMMITED Can't Invert To Status TASKTYPE_COMMITED
ERROR: 2020/02/23 19:54:51 master.go:131: Status TASKTYPE_COMMITED Can't Invert To Status TASKTYPE_COMMITED
ERROR: 2020/02/23 19:54:51 workcli.go:421: Task Beyond what you have not finished 2 Max you can own 2

ERROR: 2020/02/23 19:54:52 workcli.go:421: Task Beyond what you have not finished 0 Max you can own 2

ERROR: 2020/02/23 19:54:53 workcli.go:421: Task Beyond what you have not finished 0 Max you can own 2

ERROR: 2020/02/23 19:54:54 workcli.go:421: Task Beyond what you have not finished 0 Max you can own 2

ERROR: 2020/02/23 19:54:55 workcli.go:421: Task Beyond what you have not finished 0 Max you can own 2

ERROR: 2020/02/23 19:54:56 workcli.go:421: Task Beyond what you have not finished 0 Max you can own 2

ERROR: 2020/02/23 19:54:57 workcli.go:421: Task Beyond what you have not finished 0 Max you can own 2

ERROR: 2020/02/23 19:54:58 workcli.go:421: Task Beyond what you have not finished 0 Max you can own 2

ERROR: 2020/02/23 19:54:59 workcli.go:421: Task Beyond what you have not finished 0 Max you can own 2

ERROR: 2020/02/23 19:55:00 workcli.go:421: Task Beyond what you have not finished 0 Max you can own 2

ERROR: 2020/02/23 19:55:01 workcli.go:421: Task Beyond what you have not finished 0 Max you can own 2

ERROR: 2020/02/23 19:55:02 workcli.go:421: Task Beyond what you have not finished 0 Max you can own 2

ERROR: 2020/02/23 19:55:03 workcli.go:421: Task Beyond what you have not finished 0 Max you can own 2

ERROR: 2020/02/23 19:55:04 workcli.go:421: Task Beyond what you have not finished 0 Max you can own 2

ERROR: 2020/02/23 19:55:05 workcli.go:421: Task Beyond what you have not finished 0 Max you can own 2

ERROR: 2020/02/23 19:55:06 workcli.go:421: Task Beyond what you have not finished 0 Max you can own 2

ERROR: 2020/02/23 19:55:07 workcli.go:421: Task Beyond what you have not finished 0 Max you can own 2

ERROR: 2020/02/23 19:56:01 master.go:131: Status TASKTYPE_SENDING Can't Invert To Status TASKTYPE_UNCONFIRM
ERROR: 2020/02/23 19:56:01 master.go:131: Status TASKTYPE_SENDING Can't Invert To Status TASKTYPE_UNCONFIRM
ERROR: 2020/02/23 19:56:01 master.go:131: Status TASKTYPE_SENDING Can't Invert To Status TASKTYPE_Finished
ERROR: 2020/02/23 19:56:46 master.go:131: Status TASKTYPE_SENDING Can't Invert To Status TASKTYPE_UNCONFIRM
ERROR: 2020/02/23 19:56:46 master.go:131: Status TASKTYPE_SENDING Can't Invert To Status TASKTYPE_UNCONFIRM
ERROR: 2020/02/23 19:56:46 master.go:131: Status TASKTYPE_SENDING Can't Invert To Status TASKTYPE_Finished
ERROR: 2020/02/23 19:56:59 master.go:131: Status TASKTYPE_SENDING Can't Invert To Status TASKTYPE_UNCONFIRM
ERROR: 2020/02/23 19:56:59 master.go:131: Status TASKTYPE_SENDING Can't Invert To Status TASKTYPE_UNCONFIRM
ERROR: 2020/02/23 19:57:00 master.go:131: Status TASKTYPE_SENDING Can't Invert To Status TASKTYPE_Finished
ERROR: 2020/02/23 20:02:40 master.go:131: Status TASKTYPE_SENDING Can't Invert To Status TASKTYPE_UNCONFIRM
ERROR: 2020/02/23 20:02:40 master.go:131: Status TASKTYPE_SENDING Can't Invert To Status TASKTYPE_UNCONFIRM
ERROR: 2020/02/23 20:02:41 master.go:131: Status TASKTYPE_SENDING Can't Invert To Status TASKTYPE_Finished
ERROR: 2020/02/23 20:04:16 master.go:131: Status TASKTYPE_SENDING Can't Invert To Status TASKTYPE_UNCONFIRM
ERROR: 2020/02/23 20:04:16 master.go:131: Status TASKTYPE_SENDING Can't Invert To Status TASKTYPE_UNCONFIRM
ERROR: 2020/02/23 20:04:16 master.go:131: Status TASKTYPE_SENDING Can't Invert To Status TASKTYPE_Finished
ERROR: 2020/02/23 20:06:12 master.go:131: Status TASKTYPE_SENDING Can't Invert To Status TASKTYPE_UNCONFIRM
ERROR: 2020/02/23 20:06:12 master.go:131: Status TASKTYPE_SENDING Can't Invert To Status TASKTYPE_UNCONFIRM
ERROR: 2020/02/23 20:06:12 master.go:131: Status TASKTYPE_SENDING Can't Invert To Status TASKTYPE_Finished
ERROR: 2020/02/23 20:06:27 master.go:131: Status TASKTYPE_SENDING Can't Invert To Status TASKTYPE_UNCONFIRM
ERROR: 2020/02/23 20:06:27 master.go:131: Status TASKTYPE_SENDING Can't Invert To Status TASKTYPE_UNCONFIRM
ERROR: 2020/02/23 20:06:28 master.go:131: Status TASKTYPE_SENDING Can't Invert To Status TASKTYPE_Finished
ERROR: 2020/02/23 20:11:31 master.go:131: Status TASKTYPE_SENDING Can't Invert To Status TASKTYPE_UNCONFIRM
ERROR: 2020/02/23 20:11:31 master.go:131: Status TASKTYPE_SENDING Can't Invert To Status TASKTYPE_UNCONFIRM
ERROR: 2020/02/23 20:11:31 master.go:131: Status TASKTYPE_SENDING Can't Invert To Status TASKTYPE_Finished
